[LM] Starting migration server on port 8010 in background...
[LM] Migration server started (1785699992559.873291 ms).
[LM/Checkpoint] Server waiting for connection on port 8010...
[WASM] Config: 256 MB | 64.00 MB/s | 4000 Syscalls/s (Type: 2, Modifying: 256 bytes)
[WASM] Initializing physical memory backing...
[WASM] Entering execution loop (using bypass)...
[WASM] Tick 200 | Integrity: OK
[WASM] Tick 400 | Integrity: OK
[WASM] Tick 600 | Integrity: OK
[WASM] Tick 800 | Integrity: OK
[LM/Checkpoint] Client connected. Initiating Post-Copy (1785699997763.180176 ms)...
[LM/Checkpoint] Halting execution for state extraction...
[LM/Checkpoint] Sync all to frame at opcode=c7 (next=37)
[LM/Checkpoint] Sync of stack, shadow stack and linear memory took 0.014404 ms (at 1785699997763.277100 ms)
[LM/Checkpoint] Total of 4096 memory pages
[LM/Checkpoint] Capturing the UDP state took 0.001000 ms (fd: 0, port: 0)
[LM/Checkpoint] Execution state transferred in 1.203125 ms. Target is resuming.
[LM/Checkpoint] Entering background page server mode (at 1785699997764.385498 ms)...
[LM/Checkpoint] Received LM_EOF_COMPLETE_CLIENT. Transmitted 2371 pages in 12846.878418 ms (at 1785700010611.266846 ms).
[LM/Checkpoint] Migration server shutting down (at 1785700010611.302979 ms)...
[LM/Checkpoint] Total session duration: 12848.125488 ms
[LM/Checkpoint] Closed migration connections!
