[LM] Starting migration server on port 8010 in background...
[LM] Migration server started (1785699950579.307617 ms).
[LM] Server waiting for connection on port 8010...
[WASM] Config: 256 MB | 64.00 MB/s | 4000 Syscalls/s (Type: 2, Modifying: 256 bytes)
[WASM] Initializing physical memory backing...
[WASM] Entering execution loop (using bypass)...
[WASM] Tick 200 | Integrity: OK
[WASM] Tick 400 | Integrity: OK
[WASM] Tick 600 | Integrity: OK
[WASM] Tick 800 | Integrity: OK
[LM] Client connected. Migration is initiated (1785699955752.792236 ms)...
[LM/Checkpoint] Server waiting for membrane connection on port 8011...
[LM/Checkpoint] Membrane channel connected on port 8011
[LM/Checkpoint] Sync all to frame at opcode=10 (next=41)
CHECK: frame 0x55564621c320, frame->ip 65
[LM/Checkpoint] Memory snapshot captured after 5.278809 ms
[LM/Checkpoint] Phase 1.1: Sending state metadata...
[LM/Checkpoint] Memory metadata transmitted after 0.034668 ms
[LM/Checkpoint] Phase 1.2: Sending initial bulk memory (256 MB)...
[LM/Checkpoint] Main interpreter thread halted for 0.056000 ms
[LM/Checkpoint] Batched 20 events in 5520 bytes
[LM/Checkpoint] Batched 1 events in 124 bytes
[LM/Checkpoint] Batched 5 events in 1380 bytes
[WASM] Tick 1000 | Integrity: OK
[LM/Checkpoint] Batched 20 events in 5520 bytes
[LM/Checkpoint] Batched 1 events in 124 bytes
[LM/Checkpoint] Batched 20 events in 5520 bytes
[LM/Checkpoint] Batched 17 events in 4692 bytes
[LM/Checkpoint] Linear memory transmitted after 2331.068359 ms
[LM/Checkpoint] Wrote stack and shadow stack frames to stream (frame count: 7, frame offset: 1464)
[LM/Checkpoint] Frames transmitted after 0.018799 ms
[LM/Checkpoint] Capturing the UDP state took 0.003000 ms (fd: 0, port: 0)
[LM/Checkpoint] Initial full linear memory handover duration 666.789000 ms
[LM/Checkpoint] Flushing 0 bytes of buffered membrane events...
[LM/Checkpoint] Received 0xEOF_RECONSTRUCT, halting execution for final handover (1785699958130.018066 ms)...
[LM/Checkpoint] Migration server completed its tasks
[LM/Checkpoint] Initial membrane chunk transmitted after 33.471924 ms
[LM/Checkpoint] Trying to converge membrane replay log...
[WASM] Tick 1200 | Integrity: OK
[LM/Checkpoint] Batched 1 events in 124 bytes
[LM/Checkpoint] Batched 20 events in 5520 bytes
[LM/Checkpoint] Converged naturally! Lag: 245 events (490.554688 ms).
[LM/Checkpoint] Migration client completed its tasks
[LM/Checkpoint] Transmitted 9115 membrane events
[LM/Checkpoint] Migration completed in 2871.097900 ms
[LM/Checkpoint] Live migration completed at 1785699958638.401367 ms.
[LM/Checkpoint] Closing migration connections...
[LM/Checkpoint] Closed all migration connections!
