[LM] Starting migration server on port 8010 in background...
[LM] Server waiting for connection on port 8010...
[WASM] Config: 256 MB | 64.00 MB/s | 10000 Syscalls/s (Type: 2, Modifying: 256 bytes)
[WASM] Initializing physical memory backing...
[WASM] Entering execution loop (using bypass)...
[WASM] Tick 200 | Integrity: OK
[WASM] Tick 400 | Integrity: OK
[WASM] Tick 600 | Integrity: OK
[WASM] Tick 800 | Integrity: OK
[WASM] Tick 1000 | Integrity: OK
[LM] Client connected. Migration is initiated (1785700500035.174805 ms)...
[LM] Phase 1: Sending initial bulk memory (256 MB)...
[WASM] Tick 1200 | Integrity: OK
[WASM] Tick 1400 | Integrity: OK
[LM] Initial pre-copy of bulk memory completed. Took 2304.615967 ms
[LM] Phase 1.5: Starting incremental pre-copy...
[WASM] Tick 1600 | Integrity: OK
[LM] Number of dirty cards transmitted: 230085
[LM] Pre-copy Iteration 1: Sent 117803520 bytes.
[LM] Number of dirty cards transmitted: 105388
[LM] Pre-copy Iteration 2: Sent 53958656 bytes.
[LM] Number of dirty cards transmitted: 48503
[LM] Pre-copy Iteration 3: Sent 24833536 bytes.
[LM] Number of dirty cards transmitted: 22943
[LM] Pre-copy Iteration 4: Sent 11746816 bytes.
[LM] Number of dirty cards transmitted: 11148
[LM] Pre-copy Iteration 5: Sent 5707776 bytes.
[LM] Pre-copy threshold reached. Moving to final handover.
[LM] Incremental pre-copy completed. Took 1846.602295 ms
[LM] Bulk + Precopy duration 1405.188000 ms
[LM] Received 0xEOF_RECONSTRUCT, halting execution for final handover...
[LM/Checkpoint] Migration triggered! Dumping state...
[LM/Checkpoint] State synced to frame structures.
[LM] Phase 2: Sending final dirty pages and context...
[LM] Number of dirty cards transmitted: 7870
[LM] Send final dirty pages took 12.304000 ms
[LM] Checkpoint dirty state took 0.071000 ms
[LM/Checkpoint] Live migration completed at 1785700504238.948486 ms. Migration took 4203.773682 ms
[LM/Checkpoint] Took 12.510000 ms to checkpoint application
