[LM] Starting migration server on port 8010 in background...
[LM] Server waiting for connection on port 8010...
[WASM] Config: 256 MB | 64.00 MB/s | 21000 Syscalls/s (Type: 2, Modifying: 256 bytes)
[WASM] Initializing physical memory backing...
[WASM] Entering execution loop (using bypass)...
[WASM] Tick 200 | Integrity: OK
[WASM] Tick 400 | Integrity: OK
[WASM] Tick 600 | Integrity: OK
[LM] Client connected. Migration is initiated (1785701591105.011230 ms)...
[LM] Phase 1: Sending initial bulk memory (256 MB)...
[WASM] Tick 800 | Integrity: OK
[WASM] Tick 1000 | Integrity: OK
[LM] Initial pre-copy of bulk memory completed. Took 2310.007568 ms
[LM] Phase 1.5: Starting incremental pre-copy...
[LM] Number of dirty cards transmitted: 227941
[LM] Pre-copy Iteration 1: Sent 116705792 bytes.
[WASM] Tick 1200 | Integrity: OK
[LM] Number of dirty cards transmitted: 108795
[LM] Pre-copy Iteration 2: Sent 55703040 bytes.
[LM] Number of dirty cards transmitted: 58990
[LM] Pre-copy Iteration 3: Sent 30202880 bytes.
[LM] Number of dirty cards transmitted: 30808
[LM] Pre-copy Iteration 4: Sent 15773696 bytes.
[LM] Number of dirty cards transmitted: 15734
[LM] Pre-copy Iteration 5: Sent 8055808 bytes.
[LM] Pre-copy threshold reached. Moving to final handover.
[LM] Incremental pre-copy completed. Took 2107.199951 ms
[LM] Bulk + Precopy duration 1652.312000 ms
[LM] Received 0xEOF_RECONSTRUCT, halting execution for final handover...
[LM/Checkpoint] Migration triggered! Dumping state...
[LM/Checkpoint] State synced to frame structures.
[LM] Phase 2: Sending final dirty pages and context...
[LM] Number of dirty cards transmitted: 11803
[LM] Send final dirty pages took 13.881000 ms
[LM] Checkpoint dirty state took 0.060000 ms
[LM/Checkpoint] Live migration completed at 1785701595591.885254 ms. Migration took 4486.874023 ms
[LM/Checkpoint] Took 14.063000 ms to checkpoint application
