[LM] Starting migration server on port 8010 in background...
[LM] Server waiting for connection on port 8010...
[WASM] Config: 256 MB | 64.00 MB/s | 28000 Syscalls/s (Type: 2, Modifying: 256 bytes)
[WASM] Initializing physical memory backing...
[WASM] Entering execution loop (using bypass)...
[WASM] Tick 200 | Integrity: OK
[WASM] Tick 400 | Integrity: OK
[WASM] Tick 600 | Integrity: OK
[LM] Client connected. Migration is initiated (1785702109950.281738 ms)...
[LM] Phase 1: Sending initial bulk memory (256 MB)...
[WASM] Tick 800 | Integrity: OK
[WASM] Tick 1000 | Integrity: OK
[LM] Initial pre-copy of bulk memory completed. Took 2319.571777 ms
[LM] Phase 1.5: Starting incremental pre-copy...
[WASM] Tick 1200 | Integrity: OK
[LM] Number of dirty cards transmitted: 225974
[LM] Pre-copy Iteration 1: Sent 115698688 bytes.
[LM] Number of dirty cards transmitted: 94379
[LM] Pre-copy Iteration 2: Sent 48322048 bytes.
[LM] Number of dirty cards transmitted: 39983
[LM] Pre-copy Iteration 3: Sent 20471296 bytes.
[LM] Number of dirty cards transmitted: 17700
[LM] Pre-copy Iteration 4: Sent 9062400 bytes.
[LM] Pre-copy threshold reached. Moving to final handover.
[LM] Incremental pre-copy completed. Took 1659.455322 ms
[LM] Bulk + Precopy duration 1583.482000 ms
[LM] Received 0xEOF_RECONSTRUCT, halting execution for final handover...
[LM/Checkpoint] Migration triggered! Dumping state...
[LM/Checkpoint] State synced to frame structures.
[LM] Phase 2: Sending final dirty pages and context...
[LM] Number of dirty cards transmitted: 9837
[LM] Send final dirty pages took 20.927000 ms
[LM] Checkpoint dirty state took 0.077000 ms
[LM/Checkpoint] Live migration completed at 1785702113992.312744 ms. Migration took 4042.031006 ms
[LM/Checkpoint] Took 21.156000 ms to checkpoint application
