[LM] Starting migration server on port 8010 in background...
[LM] Server waiting for connection on port 8010...
[WASM] Config: 256 MB | 64.00 MB/s | 24000 Syscalls/s (Type: 2, Modifying: 256 bytes)
[WASM] Initializing physical memory backing...
[WASM] Entering execution loop (using bypass)...
[WASM] Tick 200 | Integrity: OK
[WASM] Tick 400 | Integrity: OK
[WASM] Tick 600 | Integrity: OK
[LM] Client connected. Migration is initiated (1785701861326.725830 ms)...
[LM] Phase 1: Sending initial bulk memory (256 MB)...
[WASM] Tick 800 | Integrity: OK
[WASM] Tick 1000 | Integrity: OK
[LM] Initial pre-copy of bulk memory completed. Took 2306.659180 ms
[LM] Phase 1.5: Starting incremental pre-copy...
[WASM] Tick 1200 | Integrity: OK
[LM] Number of dirty cards transmitted: 226084
[LM] Pre-copy Iteration 1: Sent 115755008 bytes.
[LM] Number of dirty cards transmitted: 99457
[LM] Pre-copy Iteration 2: Sent 50921984 bytes.
[LM] Number of dirty cards transmitted: 43975
[LM] Pre-copy Iteration 3: Sent 22515200 bytes.
[WASM] Tick 1400 | Integrity: OK
[LM] Number of dirty cards transmitted: 18921
[LM] Pre-copy Iteration 4: Sent 9687552 bytes.
[LM] Pre-copy threshold reached. Moving to final handover.
[LM] Incremental pre-copy completed. Took 1714.751709 ms
[LM] Bulk + Precopy duration 1559.335000 ms
[LM] Received 0xEOF_RECONSTRUCT, halting execution for final handover...
[LM/Checkpoint] Migration triggered! Dumping state...
[LM/Checkpoint] State synced to frame structures.
[LM] Phase 2: Sending final dirty pages and context...
[LM] Number of dirty cards transmitted: 11149
[LM] Send final dirty pages took 25.585000 ms
[LM] Checkpoint dirty state took 0.078000 ms
[LM/Checkpoint] Live migration completed at 1785701865422.300537 ms. Migration took 4095.574707 ms
[LM/Checkpoint] Took 25.819000 ms to checkpoint application
