[LM] Starting migration server on port 8010 in background...
[LM] Server waiting for connection on port 8010...
[WASM] Config: 256 MB | 64.00 MB/s | 3000 Syscalls/s (Type: 2, Modifying: 256 bytes)
[WASM] Initializing physical memory backing...
[WASM] Entering execution loop (using bypass)...
[WASM] Tick 200 | Integrity: OK
[WASM] Tick 400 | Integrity: OK
[WASM] Tick 600 | Integrity: OK
[LM] Client connected. Migration is initiated (1785699896932.013916 ms)...
[LM] Phase 1: Sending initial bulk memory (256 MB)...
[WASM] Tick 800 | Integrity: OK
[WASM] Tick 1000 | Integrity: OK
[LM] Initial pre-copy of bulk memory completed. Took 2303.267090 ms
[LM] Phase 1.5: Starting incremental pre-copy...
[LM] Number of dirty cards transmitted: 233334
[LM] Pre-copy Iteration 1: Sent 119467008 bytes.
[WASM] Tick 1200 | Integrity: OK
[LM] Number of dirty cards transmitted: 105160
[LM] Pre-copy Iteration 2: Sent 53841920 bytes.
[LM] Number of dirty cards transmitted: 47945
[LM] Pre-copy Iteration 3: Sent 24547840 bytes.
[LM] Number of dirty cards transmitted: 20978
[LM] Pre-copy Iteration 4: Sent 10740736 bytes.
[LM] Number of dirty cards transmitted: 9836
[LM] Pre-copy Iteration 5: Sent 5036032 bytes.
[LM] Pre-copy threshold reached. Moving to final handover.
[LM] Incremental pre-copy completed. Took 1836.872314 ms
[LM] Bulk + Precopy duration 1530.921000 ms
[LM] Received 0xEOF_RECONSTRUCT, halting execution for final handover...
[LM/Checkpoint] Migration triggered! Dumping state...
[LM/Checkpoint] State synced to frame structures.
[LM] Phase 2: Sending final dirty pages and context...
[LM] Number of dirty cards transmitted: 7731
[LM] Send final dirty pages took 18.844000 ms
[LM] Checkpoint dirty state took 0.079000 ms
[LM/Checkpoint] Live migration completed at 1785699901128.132324 ms. Migration took 4196.118408 ms
[LM/Checkpoint] Took 19.000000 ms to checkpoint application
