[LM] Starting migration server on port 8010 in background...
[LM] Migration server started (1785701082339.511475 ms).
[LM/Checkpoint] Server waiting for connection on port 8010...
[WASM] Config: 256 MB | 64.00 MB/s | 16000 Syscalls/s (Type: 2, Modifying: 256 bytes)
[WASM] Initializing physical memory backing...
[WASM] Entering execution loop (using bypass)...
[WASM] Tick 200 | Integrity: OK
[WASM] Tick 400 | Integrity: OK
[WASM] Tick 600 | Integrity: OK
[WASM] Tick 800 | Integrity: OK
[LM/Checkpoint] Client connected. Initiating Post-Copy (1785701087597.734375 ms)...
[LM/Checkpoint] Halting execution for state extraction...
[LM/Checkpoint] Sync all to frame at opcode=37 (next=c7)
[LM/Checkpoint] Sync of stack, shadow stack and linear memory took 0.011719 ms (at 1785701087597.821777 ms)
[LM/Checkpoint] Total of 4096 memory pages
[LM/Checkpoint] Capturing the UDP state took 0.002000 ms (fd: 0, port: 0)
[LM/Checkpoint] Execution state transferred in 1.196777 ms. Target is resuming.
[LM/Checkpoint] Entering background page server mode (at 1785701087598.933594 ms)...
[LM/Checkpoint] Received LM_EOF_COMPLETE_CLIENT. Transmitted 1554 pages in 8808.455322 ms (at 1785701096407.391602 ms).
[LM/Checkpoint] Migration server shutting down (at 1785701096407.424805 ms)...
[LM/Checkpoint] Total session duration: 8809.693359 ms
[LM/Checkpoint] Closed migration connections!
