[LM] Starting migration server on port 8010 in background...
[LM] Server waiting for connection on port 8010...
[WASM] Config: 256 MB | 64.00 MB/s | 14000 Syscalls/s (Type: 2, Modifying: 256 bytes)
[WASM] Initializing physical memory backing...
[WASM] Entering execution loop (using bypass)...
[WASM] Tick 200 | Integrity: OK
[WASM] Tick 400 | Integrity: OK
[WASM] Tick 600 | Integrity: OK
[LM] Client connected. Migration is initiated (1785700872584.237061 ms)...
[LM] Phase 1: Sending initial bulk memory (256 MB)...
[WASM] Tick 800 | Integrity: OK
[WASM] Tick 1000 | Integrity: OK
[LM] Initial pre-copy of bulk memory completed. Took 2315.465576 ms
[LM] Phase 1.5: Starting incremental pre-copy...
[WASM] Tick 1200 | Integrity: OK
[LM] Number of dirty cards transmitted: 230728
[LM] Pre-copy Iteration 1: Sent 118132736 bytes.
[LM] Number of dirty cards transmitted: 101359
[LM] Pre-copy Iteration 2: Sent 51895808 bytes.
[LM] Number of dirty cards transmitted: 45225
[LM] Pre-copy Iteration 3: Sent 23155200 bytes.
[LM] Number of dirty cards transmitted: 20323
[LM] Pre-copy Iteration 4: Sent 10405376 bytes.
[LM] Pre-copy threshold reached. Moving to final handover.
[LM] Incremental pre-copy completed. Took 1742.945068 ms
[LM] Bulk + Precopy duration 1534.490000 ms
[LM] Received 0xEOF_RECONSTRUCT, halting execution for final handover...
[LM/Checkpoint] Migration triggered! Dumping state...
[LM/Checkpoint] State synced to frame structures.
[LM] Phase 2: Sending final dirty pages and context...
[LM] Number of dirty cards transmitted: 11802
[LM] Send final dirty pages took 23.324000 ms
[LM] Checkpoint dirty state took 0.071000 ms
[LM/Checkpoint] Live migration completed at 1785700876710.238525 ms. Migration took 4126.001709 ms
[LM/Checkpoint] Took 23.531000 ms to checkpoint application
