[LM] Starting migration server on port 8010 in background...
[LM] Migration server started (1785701623017.942627 ms).
[LM] Server waiting for connection on port 8010...
[WASM] Config: 256 MB | 64.00 MB/s | 21000 Syscalls/s (Type: 2, Modifying: 256 bytes)
[WASM] Initializing physical memory backing...
[WASM] Entering execution loop (using bypass)...
[WASM] Tick 200 | Integrity: OK
[WASM] Tick 400 | Integrity: OK
[WASM] Tick 600 | Integrity: OK
[WASM] Tick 800 | Integrity: OK
[LM] Client connected. Migration is initiated (1785701629478.649414 ms)...
[LM/Checkpoint] Sync all to frame at opcode=10 (next=1a)
CHECK: frame 0x55564db73f8c, frame->ip 26
[LM/Checkpoint] Memory snapshot captured after 1.107910 ms
[LM/Checkpoint] Phase 1.1: Sending state metadata...
[LM/Checkpoint] Memory metadata transmitted after 0.027344 ms
[LM/Checkpoint] Phase 1.2: Sending initial bulk memory (256 MB)...
[LM/Checkpoint] Main interpreter thread halted for 1.162000 ms
[WASM] Tick 1000 | Integrity: OK
[WASM] Tick 1200 | Integrity: OK
[LM/Checkpoint] Linear memory transmitted after 2305.326904 ms
[LM/Checkpoint] Wrote stack and shadow stack frames to stream (frame count: 4, frame offset: 548)
[LM/Checkpoint] Frames transmitted after 0.022949 ms
[LM/Checkpoint] Capturing the UDP state took 0.002000 ms (fd: 0, port: 0)
[LM/Checkpoint] Initial full linear memory handover duration 686.010000 ms
[LM/Checkpoint] Received 0xEOF_RECONSTRUCT, halting execution for final handover (1785701631815.220459 ms)...
[LM/Checkpoint] Migration server completed its tasks
[LM/Checkpoint] Initial membrane chunk transmitted after 37.388428 ms
[LM/Checkpoint] Migration client completed its tasks
[LM/Checkpoint] Migration completed in 2353.999512 ms
[LM/Checkpoint] Live migration completed at 1785701629478.722656 ms.
[LM/Checkpoint] Program halts at 1785701631832.692139 ms.
[LM/Checkpoint] Closing migration connections...
[LM/Checkpoint] Closed all migration connections!
