[LM] Starting migration server on port 8010 in background...
[LM] Server waiting for connection on port 8010...
[WASM] Config: 256 MB | 64.00 MB/s | 1000 Syscalls/s (Type: 2, Modifying: 256 bytes)
[WASM] Initializing physical memory backing...
[WASM] Entering execution loop (using bypass)...
[WASM] Tick 200 | Integrity: OK
[WASM] Tick 400 | Integrity: OK
[WASM] Tick 600 | Integrity: OK
[LM] Client connected. Migration is initiated (1785699731777.720459 ms)...
[LM] Phase 1: Sending initial bulk memory (256 MB)...
[WASM] Tick 800 | Integrity: OK
[WASM] Tick 1000 | Integrity: OK
[LM] Initial pre-copy of bulk memory completed. Took 2307.883301 ms
[LM] Phase 1.5: Starting incremental pre-copy...
[LM] Number of dirty cards transmitted: 233183
[LM] Pre-copy Iteration 1: Sent 119389696 bytes.
[WASM] Tick 1200 | Integrity: OK
[LM] Number of dirty cards transmitted: 101587
[LM] Pre-copy Iteration 2: Sent 52012544 bytes.
[LM] Number of dirty cards transmitted: 45226
[LM] Pre-copy Iteration 3: Sent 23155712 bytes.
[LM] Number of dirty cards transmitted: 20323
[LM] Pre-copy Iteration 4: Sent 10405376 bytes.
[LM] Pre-copy threshold reached. Moving to final handover.
[LM] Incremental pre-copy completed. Took 1762.581787 ms
[LM] Bulk + Precopy duration 1532.012000 ms
[LM] Received 0xEOF_RECONSTRUCT, halting execution for final handover...
[LM/Checkpoint] Migration triggered! Dumping state...
[LM/Checkpoint] State synced to frame structures.
[LM] Phase 2: Sending final dirty pages and context...
[LM] Number of dirty cards transmitted: 11802
[LM] Send final dirty pages took 21.850000 ms
[LM] Checkpoint dirty state took 0.072000 ms
[LM/Checkpoint] Live migration completed at 1785699735916.489990 ms. Migration took 4138.769531 ms
[LM/Checkpoint] Took 22.068000 ms to checkpoint application
