[LM] Starting migration server on port 8010 in background...
[LM] Server waiting for connection on port 8010...
[WASM] Config: 256 MB | 64.00 MB/s | 27000 Syscalls/s (Type: 2, Modifying: 256 bytes)
[WASM] Initializing physical memory backing...
[WASM] Entering execution loop (using bypass)...
[WASM] Tick 200 | Integrity: OK
[WASM] Tick 400 | Integrity: OK
[WASM] Tick 600 | Integrity: OK
[WASM] Tick 800 | Integrity: OK
[WASM] Tick 1000 | Integrity: OK
[WASM] Tick 1200 | Integrity: OK
[LM] Client connected. Migration is initiated (1785702045501.875000 ms)...
[LM] Phase 1: Sending initial bulk memory (256 MB)...
[WASM] Tick 1400 | Integrity: OK
[WASM] Tick 1600 | Integrity: OK
[LM] Initial pre-copy of bulk memory completed. Took 2307.613281 ms
[LM] Phase 1.5: Starting incremental pre-copy...
[LM] Number of dirty cards transmitted: 225319
[LM] Pre-copy Iteration 1: Sent 115363328 bytes.
[WASM] Tick 1800 | Integrity: OK
[LM] Number of dirty cards transmitted: 96999
[LM] Pre-copy Iteration 2: Sent 49663488 bytes.
[LM] Number of dirty cards transmitted: 41951
[LM] Pre-copy Iteration 3: Sent 21478912 bytes.
[LM] Number of dirty cards transmitted: 16390
[LM] Pre-copy Iteration 4: Sent 8391680 bytes.
[LM] Pre-copy threshold reached. Moving to final handover.
[LM] Incremental pre-copy completed. Took 1680.313232 ms
[LM] Bulk + Precopy duration 1591.722000 ms
[LM] Received 0xEOF_RECONSTRUCT, halting execution for final handover...
[LM/Checkpoint] Migration triggered! Dumping state...
[LM/Checkpoint] State synced to frame structures.
[LM] Phase 2: Sending final dirty pages and context...
[LM] Number of dirty cards transmitted: 10492
[LM] Send final dirty pages took 18.411000 ms
[LM] Checkpoint dirty state took 0.053000 ms
[LM/Checkpoint] Live migration completed at 1785702049551.539307 ms. Migration took 4049.664551 ms
[LM/Checkpoint] Took 18.607000 ms to checkpoint application
