[LM] Starting migration server on port 8010 in background...
[LM] Migration server started (1785701897187.096436 ms).
[LM] Server waiting for connection on port 8010...
[WASM] Config: 256 MB | 64.00 MB/s | 24000 Syscalls/s (Type: 2, Modifying: 256 bytes)
[WASM] Initializing physical memory backing...
[WASM] Entering execution loop (using bypass)...
[WASM] Tick 200 | Integrity: OK
[WASM] Tick 400 | Integrity: OK
[WASM] Tick 600 | Integrity: OK
[LM] Client connected. Migration is initiated (1785701901373.872559 ms)...
[LM/Checkpoint] Sync all to frame at opcode=10 (next=41)
CHECK: frame 0x5555d8760320, frame->ip 65
[LM/Checkpoint] Memory snapshot captured after 1.097412 ms
[LM/Checkpoint] Phase 1.1: Sending state metadata...
[LM/Checkpoint] Memory metadata transmitted after 0.027344 ms
[LM/Checkpoint] Phase 1.2: Sending initial bulk memory (256 MB)...
[LM/Checkpoint] Main interpreter thread halted for 0.039000 ms
[WASM] Tick 800 | Integrity: OK
[LM/Checkpoint] Linear memory transmitted after 2305.622559 ms
[LM/Checkpoint] Wrote stack and shadow stack frames to stream (frame count: 7, frame offset: 1464)
[LM/Checkpoint] Frames transmitted after 0.024658 ms
[LM/Checkpoint] Capturing the UDP state took 0.001000 ms (fd: 0, port: 0)
[LM/Checkpoint] Initial full linear memory handover duration 692.254000 ms
[LM/Checkpoint] Received 0xEOF_RECONSTRUCT, halting execution for final handover (1785701903711.612793 ms)...
[LM/Checkpoint] Migration server completed its tasks
[LM/Checkpoint] Initial membrane chunk transmitted after 38.245605 ms
[LM/Checkpoint] Migration client completed its tasks
[LM/Checkpoint] Migration completed in 2355.143555 ms
[LM/Checkpoint] Live migration completed at 1785701901373.934814 ms.
[LM/Checkpoint] Program halts at 1785701903729.047607 ms.
[LM/Checkpoint] Closing migration connections...
[LM/Checkpoint] Closed all migration connections!
