[LM] Starting migration server on port 8010 in background...
[LM] Server waiting for connection on port 8010...
[WASM] Config: 256 MB | 64.00 MB/s | 11000 Syscalls/s (Type: 2, Modifying: 256 bytes)
[WASM] Initializing physical memory backing...
[WASM] Entering execution loop (using bypass)...
[WASM] Tick 200 | Integrity: OK
[WASM] Tick 400 | Integrity: OK
[WASM] Tick 600 | Integrity: OK
[WASM] Tick 800 | Integrity: OK
[LM] Client connected. Migration is initiated (1785700592015.898682 ms)...
[LM] Phase 1: Sending initial bulk memory (256 MB)...
[WASM] Tick 1000 | Integrity: OK
[WASM] Tick 1200 | Integrity: OK
[LM] Initial pre-copy of bulk memory completed. Took 2311.958252 ms
[LM] Phase 1.5: Starting incremental pre-copy...
[WASM] Tick 1400 | Integrity: OK
[LM] Number of dirty cards transmitted: 231349
[LM] Pre-copy Iteration 1: Sent 118450688 bytes.
[LM] Number of dirty cards transmitted: 102900
[LM] Pre-copy Iteration 2: Sent 52684800 bytes.
[LM] Number of dirty cards transmitted: 45881
[LM] Pre-copy Iteration 3: Sent 23491072 bytes.
[WASM] Tick 1600 | Integrity: OK
[LM] Number of dirty cards transmitted: 20322
[LM] Pre-copy Iteration 4: Sent 10404864 bytes.
[LM] Pre-copy threshold reached. Moving to final handover.
[LM] Incremental pre-copy completed. Took 1771.779297 ms
[LM] Bulk + Precopy duration 1517.691000 ms
[LM] Received 0xEOF_RECONSTRUCT, halting execution for final handover...
[LM/Checkpoint] Migration triggered! Dumping state...
[LM/Checkpoint] State synced to frame structures.
[LM] Phase 2: Sending final dirty pages and context...
[LM] Number of dirty cards transmitted: 12327
[LM] Send final dirty pages took 26.565000 ms
[LM] Checkpoint dirty state took 0.105000 ms
[LM/Checkpoint] Live migration completed at 1785700596163.680420 ms. Migration took 4147.781738 ms
[LM/Checkpoint] Took 26.823000 ms to checkpoint application
