[LM] Starting migration server on port 8010 in background...
[LM] Migration server started (1785700427439.917480 ms).
[LM/Checkpoint] Server waiting for connection on port 8010...
[WASM] Config: 256 MB | 64.00 MB/s | 9000 Syscalls/s (Type: 2, Modifying: 256 bytes)
[WASM] Initializing physical memory backing...
[WASM] Entering execution loop (using bypass)...
[WASM] Tick 200 | Integrity: OK
[WASM] Tick 400 | Integrity: OK
[WASM] Tick 600 | Integrity: OK
[WASM] Tick 800 | Integrity: OK
[LM/Checkpoint] Client connected. Initiating Post-Copy (1785700432625.294922 ms)...
[LM/Checkpoint] Halting execution for state extraction...
[LM/Checkpoint] Sync all to frame at opcode=c7 (next=37)
[LM/Checkpoint] Sync of stack, shadow stack and linear memory took 0.011230 ms (at 1785700432625.376953 ms)
[LM/Checkpoint] Total of 4096 memory pages
[LM/Checkpoint] Capturing the UDP state took 0.001000 ms (fd: 0, port: 0)
[LM/Checkpoint] Execution state transferred in 1.184082 ms. Target is resuming.
[LM/Checkpoint] Entering background page server mode (at 1785700432626.480957 ms)...
[LM/Checkpoint] Received LM_EOF_COMPLETE_CLIENT. Transmitted 1442 pages in 7808.401611 ms (at 1785700440434.885498 ms).
[LM/Checkpoint] Migration server shutting down (at 1785700440434.916748 ms)...
[LM/Checkpoint] Total session duration: 7809.624756 ms
[LM/Checkpoint] Closed migration connections!
