[LM] Starting migration server on port 8010 in background...
[LM] Migration server started (1785701934524.926758 ms).
[LM/Checkpoint] Server waiting for connection on port 8010...
[WASM] Config: 256 MB | 64.00 MB/s | 25000 Syscalls/s (Type: 2, Modifying: 256 bytes)
[WASM] Initializing physical memory backing...
[WASM] Entering execution loop (using bypass)...
[WASM] Tick 200 | Integrity: OK
[WASM] Tick 400 | Integrity: OK
[WASM] Tick 600 | Integrity: OK
[WASM] Tick 800 | Integrity: OK
[WASM] Tick 1000 | Integrity: OK
[LM/Checkpoint] Client connected. Initiating Post-Copy (1785701941782.982422 ms)...
[LM/Checkpoint] Halting execution for state extraction...
[LM/Checkpoint] Sync all to frame at opcode=37 (next=c7)
[LM/Checkpoint] Sync of stack, shadow stack and linear memory took 0.015625 ms (at 1785701941783.077637 ms)
[LM/Checkpoint] Total of 4096 memory pages
[LM/Checkpoint] Capturing the UDP state took 0.001000 ms (fd: 0, port: 0)
[LM/Checkpoint] Execution state transferred in 1.199463 ms. Target is resuming.
[LM/Checkpoint] Entering background page server mode (at 1785701941784.184082 ms)...
[LM/Checkpoint] Received LM_EOF_COMPLETE_CLIENT. Transmitted 1807 pages in 9835.453125 ms (at 1785701951619.639893 ms).
[LM/Checkpoint] Migration server shutting down (at 1785701951619.683838 ms)...
[LM/Checkpoint] Total session duration: 9836.703857 ms
[LM/Checkpoint] Closed migration connections!
