[LM] Starting migration server on port 8010 in background...
[LM] Server waiting for connection on port 8010...
[WASM] Config: 256 MB | 64.00 MB/s | 16000 Syscalls/s (Type: 2, Modifying: 256 bytes)
[WASM] Initializing physical memory backing...
[WASM] Entering execution loop (using bypass)...
[WASM] Tick 200 | Integrity: OK
[WASM] Tick 400 | Integrity: OK
[WASM] Tick 600 | Integrity: OK
[LM] Client connected. Migration is initiated (1785701067472.628418 ms)...
[LM] Phase 1: Sending initial bulk memory (256 MB)...
[WASM] Tick 800 | Integrity: OK
[WASM] Tick 1000 | Integrity: OK
[LM] Initial pre-copy of bulk memory completed. Took 2310.936523 ms
[LM] Phase 1.5: Starting incremental pre-copy...
[LM] Number of dirty cards transmitted: 229711
[LM] Pre-copy Iteration 1: Sent 117612032 bytes.
[WASM] Tick 1200 | Integrity: OK
[LM] Number of dirty cards transmitted: 101587
[LM] Pre-copy Iteration 2: Sent 52012544 bytes.
[LM] Number of dirty cards transmitted: 44572
[LM] Pre-copy Iteration 3: Sent 22820864 bytes.
[LM] Number of dirty cards transmitted: 19666
[LM] Pre-copy Iteration 4: Sent 10068992 bytes.
[LM] Pre-copy threshold reached. Moving to final handover.
[LM] Incremental pre-copy completed. Took 1736.733643 ms
[LM] Bulk + Precopy duration 1542.686000 ms
[LM] Received 0xEOF_RECONSTRUCT, halting execution for final handover...
[LM/Checkpoint] Migration triggered! Dumping state...
[LM/Checkpoint] State synced to frame structures.
[LM] Phase 2: Sending final dirty pages and context...
[LM] Number of dirty cards transmitted: 11773
[LM] Send final dirty pages took 22.927000 ms
[LM] Checkpoint dirty state took 0.069000 ms
[LM/Checkpoint] Live migration completed at 1785701071584.312012 ms. Migration took 4111.683594 ms
[LM/Checkpoint] Took 23.141000 ms to checkpoint application
