[LM] Starting migration server on port 8010 in background...
[LM] Server waiting for connection on port 8010...
[WASM] Config: 256 MB | 64.00 MB/s | 9000 Syscalls/s (Type: 2, Modifying: 256 bytes)
[WASM] Initializing physical memory backing...
[WASM] Entering execution loop (using bypass)...
[WASM] Tick 200 | Integrity: OK
[WASM] Tick 400 | Integrity: OK
[WASM] Tick 600 | Integrity: OK
[WASM] Tick 800 | Integrity: OK
[LM] Client connected. Migration is initiated (1785700412646.529785 ms)...
[LM] Phase 1: Sending initial bulk memory (256 MB)...
[WASM] Tick 1000 | Integrity: OK
[LM] Initial pre-copy of bulk memory completed. Took 2313.613770 ms
[LM] Phase 1.5: Starting incremental pre-copy...
[WASM] Tick 1200 | Integrity: OK
[LM] Number of dirty cards transmitted: 232132
[LM] Pre-copy Iteration 1: Sent 118851584 bytes.
[WASM] Tick 1400 | Integrity: OK
[LM] Number of dirty cards transmitted: 103553
[LM] Pre-copy Iteration 2: Sent 53019136 bytes.
[LM] Number of dirty cards transmitted: 46539
[LM] Pre-copy Iteration 3: Sent 23827968 bytes.
[LM] Number of dirty cards transmitted: 20650
[LM] Pre-copy Iteration 4: Sent 10572800 bytes.
[LM] Number of dirty cards transmitted: 8827
[LM] Pre-copy Iteration 5: Sent 4519424 bytes.
[LM] Pre-copy threshold reached. Moving to final handover.
[LM] Incremental pre-copy completed. Took 1804.516113 ms
[LM] Bulk + Precopy duration 1556.181000 ms
[LM] Received 0xEOF_RECONSTRUCT, halting execution for final handover...
[LM/Checkpoint] Migration triggered! Dumping state...
[LM/Checkpoint] State synced to frame structures.
[LM] Phase 2: Sending final dirty pages and context...
[LM] Number of dirty cards transmitted: 7215
[LM] Send final dirty pages took 16.454000 ms
[LM] Checkpoint dirty state took 0.084000 ms
[LM/Checkpoint] Live migration completed at 1785700416821.126709 ms. Migration took 4174.596924 ms
[LM/Checkpoint] Took 16.686000 ms to checkpoint application
