[LM] Starting migration server on port 8010 in background...
[LM] Migration server started (1785700886838.334229 ms).
[LM/Checkpoint] Server waiting for connection on port 8010...
[WASM] Config: 256 MB | 64.00 MB/s | 14000 Syscalls/s (Type: 2, Modifying: 256 bytes)
[WASM] Initializing physical memory backing...
[WASM] Entering execution loop (using bypass)...
[WASM] Tick 200 | Integrity: OK
[WASM] Tick 400 | Integrity: OK
[WASM] Tick 600 | Integrity: OK
[WASM] Tick 800 | Integrity: OK
[LM/Checkpoint] Client connected. Initiating Post-Copy (1785700892133.273682 ms)...
[LM/Checkpoint] Halting execution for state extraction...
[LM/Checkpoint] Sync all to frame at opcode=10 (next=1a)
[LM/Checkpoint] Sync of stack, shadow stack and linear memory took 0.013672 ms (at 1785700892133.364990 ms)
[LM/Checkpoint] Total of 4096 memory pages
[LM/Checkpoint] Capturing the UDP state took 0.001000 ms (fd: 0, port: 0)
[LM/Checkpoint] Execution state transferred in 1.195312 ms. Target is resuming.
[LM/Checkpoint] Entering background page server mode (at 1785700892134.471436 ms)...
[LM/Checkpoint] Received LM_EOF_COMPLETE_CLIENT. Transmitted 1442 pages in 7848.634521 ms (at 1785700899983.108398 ms).
[LM/Checkpoint] Migration server shutting down (at 1785700899983.141113 ms)...
[LM/Checkpoint] Total session duration: 7849.869873 ms
[LM/Checkpoint] Closed migration connections!
