[LM] Starting migration server on port 8010 in background...
[LM] Server waiting for connection on port 8010...
[WASM] Config: 256 MB | 64.00 MB/s | 25000 Syscalls/s (Type: 2, Modifying: 256 bytes)
[WASM] Initializing physical memory backing...
[WASM] Entering execution loop (using bypass)...
[WASM] Tick 200 | Integrity: OK
[WASM] Tick 400 | Integrity: OK
[WASM] Tick 600 | Integrity: OK
[WASM] Tick 800 | Integrity: OK
[LM] Client connected. Migration is initiated (1785701920566.327637 ms)...
[LM] Phase 1: Sending initial bulk memory (256 MB)...
[WASM] Tick 1000 | Integrity: OK
[LM] Initial pre-copy of bulk memory completed. Took 2303.778076 ms
[LM] Phase 1.5: Starting incremental pre-copy...
[WASM] Tick 1200 | Integrity: OK
[LM] Number of dirty cards transmitted: 226107
[LM] Pre-copy Iteration 1: Sent 115766784 bytes.
[WASM] Tick 1400 | Integrity: OK
[LM] Number of dirty cards transmitted: 109452
[LM] Pre-copy Iteration 2: Sent 56039424 bytes.
[LM] Number of dirty cards transmitted: 50852
[LM] Pre-copy Iteration 3: Sent 26036224 bytes.
[LM] Number of dirty cards transmitted: 24224
[LM] Pre-copy Iteration 4: Sent 12402688 bytes.
[LM] Number of dirty cards transmitted: 11380
[LM] Pre-copy Iteration 5: Sent 5826560 bytes.
[LM] Pre-copy threshold reached. Moving to final handover.
[LM] Incremental pre-copy completed. Took 1912.149170 ms
[LM] Bulk + Precopy duration 1811.654000 ms
[LM] Received 0xEOF_RECONSTRUCT, halting execution for final handover...
[LM/Checkpoint] Migration triggered! Dumping state...
[LM/Checkpoint] State synced to frame structures.
[LM] Phase 2: Sending final dirty pages and context...
[LM] Number of dirty cards transmitted: 7871
[LM] Send final dirty pages took 10.687000 ms
[LM] Checkpoint dirty state took 0.069000 ms
[LM/Checkpoint] Live migration completed at 1785701924830.735352 ms. Migration took 4264.407715 ms
[LM/Checkpoint] Took 10.910000 ms to checkpoint application
