[LM] Starting migration server on port 8010 in background...
[LM] Migration server started (1785701642310.860596 ms).
[LM] Server waiting for connection on port 8010...
[WASM] Config: 256 MB | 64.00 MB/s | 22000 Syscalls/s (Type: 2, Modifying: 256 bytes)
[WASM] Initializing physical memory backing...
[WASM] Entering execution loop (using bypass)...
[WASM] Tick 200 | Integrity: OK
[WASM] Tick 400 | Integrity: OK
[WASM] Tick 600 | Integrity: OK
[LM] Client connected. Migration is initiated (1785701646520.590576 ms)...
[LM/Checkpoint] Server waiting for membrane connection on port 8011...
[LM/Checkpoint] Membrane channel connected on port 8011
[LM/Checkpoint] Sync all to frame at opcode=c7 (next=c7)
CHECK: frame 0x5555a5f3ff8c, frame->ip 199
[LM/Checkpoint] Memory snapshot captured after 1.073486 ms
[LM/Checkpoint] Phase 1.1: Sending state metadata...
[LM/Checkpoint] Memory metadata transmitted after 0.030518 ms
[LM/Checkpoint] Phase 1.2: Sending initial bulk memory (256 MB)...
[LM/Checkpoint] Main interpreter thread halted for 1.100000 ms
[LM/Checkpoint] Batched 38 events in 10488 bytes
[LM/Checkpoint] Batched 1 events in 124 bytes
[LM/Checkpoint] SAMPLE: Sent membrane event of size 276 byte (256 bytes of payload)
[LM/Checkpoint] Batched 100 events in 27600 bytes
[WASM] Tick 800 | Integrity: OK
[LM/Checkpoint] Batched 14 events in 3864 bytes
[LM/Checkpoint] SAMPLE: Sent membrane event of size 276 byte (256 bytes of payload)
[LM/Checkpoint] Batched 1 events in 124 bytes
[LM/Checkpoint] Batched 110 events in 30360 bytes
[LM/Checkpoint] SAMPLE: Sent membrane event of size 276 byte (256 bytes of payload)
[LM/Checkpoint] Batched 95 events in 26220 bytes
[LM/Checkpoint] Batched 21 events in 5796 bytes
[WASM] Tick 1000 | Integrity: OK
[LM/Checkpoint] Linear memory transmitted after 2408.565918 ms
[LM/Checkpoint] Wrote stack and shadow stack frames to stream (frame count: 4, frame offset: 548)
[LM/Checkpoint] Frames transmitted after 0.021484 ms
[LM/Checkpoint] Capturing the UDP state took 0.003000 ms (fd: 0, port: 0)
[LM/Checkpoint] Initial full linear memory handover duration 726.722000 ms
[LM/Checkpoint] SAMPLE: Sent membrane event of size 276 byte (256 bytes of payload)
[LM/Checkpoint] Flushing 0 bytes of buffered membrane events...
[LM/Checkpoint] Received 0xEOF_RECONSTRUCT, halting execution for final handover (1785701648970.060791 ms)...
[LM/Checkpoint] Migration server completed its tasks
[LM/Checkpoint] Initial membrane chunk transmitted after 32.611572 ms
[LM/Checkpoint] Batched 1 events in 124 bytes
[LM/Checkpoint] Trying to converge membrane replay log...
[LM/Checkpoint] Batched 110 events in 30360 bytes
[LM/Checkpoint] Batched 1 events in 124 bytes
[LM/Checkpoint] SAMPLE: Sent membrane event of size 276 byte (256 bytes of payload)
[LM/Checkpoint] Batched 1 events in 124 bytes
[LM/Checkpoint] Batched 93 events in 25668 bytes
[LM/Checkpoint] SAMPLE: Sent membrane event of size 276 byte (256 bytes of payload)
[WASM] Tick 1200 | Integrity: OK
[LM/Checkpoint] Batched 38 events in 10488 bytes
[LM/Checkpoint] Batched 110 events in 30360 bytes
[LM/Checkpoint] SAMPLE: Sent membrane event of size 276 byte (256 bytes of payload)
[LM/Checkpoint] Batched 1 events in 124 bytes
[LM/Checkpoint] Batched 110 events in 30360 bytes
[LM/Checkpoint] SAMPLE: Sent membrane event of size 276 byte (256 bytes of payload)
[LM/Checkpoint] Batched 40 events in 11040 bytes
[WASM] Tick 1400 | Integrity: OK
[LM/Checkpoint] Batched 85 events in 23460 bytes
[LM/Checkpoint] Batched 7 events in 1932 bytes
[LM/Checkpoint] SAMPLE: Sent membrane event of size 276 byte (256 bytes of payload)
[LM/Checkpoint] Batched 86 events in 23736 bytes
[LM/Checkpoint] Batched 1 events in 124 bytes
[LM/Checkpoint] SAMPLE: Sent membrane event of size 276 byte (256 bytes of payload)
[LM/Checkpoint] Batched 93 events in 25668 bytes
[WASM] Tick 1600 | Integrity: OK
[LM/Checkpoint] Batched 43 events in 11868 bytes
[LM/Checkpoint] SAMPLE: Sent membrane event of size 276 byte (256 bytes of payload)
[LM/Checkpoint] Batched 106 events in 29256 bytes
[LM/Checkpoint] Batched 1 events in 124 bytes
[LM/Checkpoint] SAMPLE: Sent membrane event of size 276 byte (256 bytes of payload)
[LM/Checkpoint] Batched 1 events in 124 bytes
[LM/Checkpoint] Batched 56 events in 15456 bytes
[WASM] Tick 1800 | Integrity: OK
[LM/Checkpoint] Batched 39 events in 10764 bytes
[LM/Checkpoint] SAMPLE: Sent membrane event of size 276 byte (256 bytes of payload)
[LM/Checkpoint] Batched 1 events in 124 bytes
[LM/Checkpoint] Batched 104 events in 28704 bytes
[LM/Checkpoint] SAMPLE: Sent membrane event of size 276 byte (256 bytes of payload)
[LM/Checkpoint] Batched 1 events in 124 bytes
[LM/Checkpoint] Batched 110 events in 30360 bytes
[LM/Checkpoint] SAMPLE: Sent membrane event of size 276 byte (256 bytes of payload)
[WASM] Tick 2000 | Integrity: OK
[LM/Checkpoint] Batched 110 events in 30360 bytes
[LM/Checkpoint] Batched 1 events in 124 bytes
[LM/Checkpoint] SAMPLE: Sent membrane event of size 276 byte (256 bytes of payload)
[LM/Checkpoint] Batched 110 events in 30360 bytes
[LM/Checkpoint] Batched 1 events in 124 bytes
[LM/Checkpoint] SAMPLE: Sent membrane event of size 276 byte (256 bytes of payload)
[LM/Checkpoint] Batched 74 events in 20424 bytes
[WASM] Tick 2200 | Integrity: OK
[LM/Checkpoint] Batched 1 events in 124 bytes
[LM/Checkpoint] Batched 34 events in 9384 bytes
[LM/Checkpoint] SAMPLE: Sent membrane event of size 276 byte (256 bytes of payload)
[LM/Checkpoint] Batched 1 events in 124 bytes
[LM/Checkpoint] Batched 1 events in 124 bytes
[LM/Checkpoint] SAMPLE: Sent membrane event of size 276 byte (256 bytes of payload)
[LM/Checkpoint] Batched 110 events in 30360 bytes
[WASM] Tick 2400 | Integrity: OK
[LM/Checkpoint] Batched 63 events in 17388 bytes
[LM/Checkpoint] SAMPLE: Sent membrane event of size 276 byte (256 bytes of payload)
[LM/Checkpoint] Batched 1 events in 124 bytes
[LM/Checkpoint] Batched 1 events in 124 bytes
[LM/Checkpoint] SAMPLE: Sent membrane event of size 276 byte (256 bytes of payload)
[LM/Checkpoint] Batched 18 events in 4968 bytes
[LM/Checkpoint] Batched 4 events in 1104 bytes
[WASM] Tick 2600 | Integrity: OK
[LM/Checkpoint] Batched 5 events in 1380 bytes
[LM/Checkpoint] SAMPLE: Sent membrane event of size 276 byte (256 bytes of payload)
[LM/Checkpoint] Batched 19 events in 5244 bytes
[LM/Checkpoint] Batched 110 events in 30360 bytes
[LM/Checkpoint] SAMPLE: Sent membrane event of size 276 byte (256 bytes of payload)
[LM/Checkpoint] Batched 74 events in 20424 bytes
[LM/Checkpoint] Batched 32 events in 8832 bytes
[WASM] Tick 2800 | Integrity: OK
[LM/Checkpoint] SAMPLE: Sent membrane event of size 276 byte (256 bytes of payload)
[LM/Checkpoint] Batched 77 events in 21252 bytes
[LM/Checkpoint] Batched 8 events in 2208 bytes
[LM/Checkpoint] SAMPLE: Sent membrane event of size 276 byte (256 bytes of payload)
[LM/Checkpoint] Batched 14 events in 3864 bytes
[LM/Checkpoint] Batched 94 events in 25944 bytes
[LM/Checkpoint] Batched 110 events in 30360 bytes
[LM/Checkpoint] SAMPLE: Sent membrane event of size 276 byte (256 bytes of payload)
[WASM] Tick 3000 | Integrity: OK
[LM/Checkpoint] Batched 1 events in 124 bytes
[LM/Checkpoint] Batched 1 events in 124 bytes
[LM/Checkpoint] SAMPLE: Sent membrane event of size 276 byte (256 bytes of payload)
[LM/Checkpoint] Batched 41 events in 11316 bytes
[LM/Checkpoint] Batched 61 events in 16836 bytes
[LM/Checkpoint] SAMPLE: Sent membrane event of size 276 byte (256 bytes of payload)
[LM/Checkpoint] Batched 1 events in 124 bytes
[WASM] Tick 3200 | Integrity: OK
[LM/Checkpoint] Batched 76 events in 20976 bytes
[LM/Checkpoint] SAMPLE: Sent membrane event of size 276 byte (256 bytes of payload)
[LM/Checkpoint] Batched 1 events in 124 bytes
[LM/Checkpoint] Batched 92 events in 25392 bytes
[LM/Checkpoint] Batched 110 events in 30360 bytes
[LM/Checkpoint] SAMPLE: Sent membrane event of size 276 byte (256 bytes of payload)
[LM/Checkpoint] Batched 1 events in 124 bytes
[WASM] Tick 3400 | Integrity: OK
[LM/Checkpoint] Batched 110 events in 30360 bytes
[LM/Checkpoint] SAMPLE: Sent membrane event of size 276 byte (256 bytes of payload)
[LM/Checkpoint] Batched 84 events in 23184 bytes
[LM/Checkpoint] Batched 1 events in 124 bytes
[LM/Checkpoint] SAMPLE: Sent membrane event of size 276 byte (256 bytes of payload)
[LM/Checkpoint] Batched 91 events in 25116 bytes
[LM/Checkpoint] Batched 110 events in 30360 bytes
[WASM] Tick 3600 | Integrity: OK
[LM/Checkpoint] SAMPLE: Sent membrane event of size 276 byte (256 bytes of payload)
[LM/Checkpoint] Batched 1 events in 124 bytes
[LM/Checkpoint] Batched 1 events in 124 bytes
[LM/Checkpoint] SAMPLE: Sent membrane event of size 276 byte (256 bytes of payload)
[LM/Checkpoint] Batched 1 events in 124 bytes
[LM/Checkpoint] Batched 70 events in 19320 bytes
[LM/Checkpoint] Batched 1 events in 124 bytes
[WASM] Tick 3800 | Integrity: OK
[LM/Checkpoint] SAMPLE: Sent membrane event of size 276 byte (256 bytes of payload)
[LM/Checkpoint] Batched 39 events in 10764 bytes
[LM/Checkpoint] Batched 1 events in 124 bytes
[LM/Checkpoint] SAMPLE: Sent membrane event of size 276 byte (256 bytes of payload)
[LM/Checkpoint] Batched 103 events in 28428 bytes
[LM/Checkpoint] Batched 1 events in 124 bytes
[LM/Checkpoint] SAMPLE: Sent membrane event of size 276 byte (256 bytes of payload)
[LM/Checkpoint] WARNING: Forced cutover triggered. Lag is still 8949 events, but max time (20000.089844 ms) exceeded.
[LM/Checkpoint] Migration client completed its tasks
[LM/Checkpoint] Transmitted 370089 membrane events
[LM/Checkpoint] Migration completed in 22452.602783 ms
[LM/Checkpoint] Live migration completed at 1785701668987.654785 ms.
[LM/Checkpoint] Closing migration connections...
[LM/Checkpoint] Closed all migration connections!
