[LM] Starting migration server on port 8010 in background...
[LM] Server waiting for connection on port 8010...
[WASM] Config: 256 MB | 64.00 MB/s | 7000 Syscalls/s (Type: 2, Modifying: 256 bytes)
[WASM] Initializing physical memory backing...
[WASM] Entering execution loop (using bypass)...
[WASM] Tick 200 | Integrity: OK
[WASM] Tick 400 | Integrity: OK
[WASM] Tick 600 | Integrity: OK
[LM] Client connected. Migration is initiated (1785700228904.726807 ms)...
[LM] Phase 1: Sending initial bulk memory (256 MB)...
[WASM] Tick 800 | Integrity: OK
[WASM] Tick 1000 | Integrity: OK
[LM] Initial pre-copy of bulk memory completed. Took 2309.415039 ms
[LM] Phase 1.5: Starting incremental pre-copy...
[LM] Number of dirty cards transmitted: 232528
[LM] Pre-copy Iteration 1: Sent 119054336 bytes.
[WASM] Tick 1200 | Integrity: OK
[LM] Number of dirty cards transmitted: 110106
[LM] Pre-copy Iteration 2: Sent 56374272 bytes.
[LM] Number of dirty cards transmitted: 52436
[LM] Pre-copy Iteration 3: Sent 26847232 bytes.
[LM] Number of dirty cards transmitted: 25310
[LM] Pre-copy Iteration 4: Sent 12958720 bytes.
[LM] Number of dirty cards transmitted: 12018
[LM] Pre-copy Iteration 5: Sent 6153216 bytes.
[LM] Pre-copy threshold reached. Moving to final handover.
[LM] Incremental pre-copy completed. Took 1912.730469 ms
[LM] Bulk + Precopy duration 1457.364000 ms
[LM] Received 0xEOF_RECONSTRUCT, halting execution for final handover...
[LM/Checkpoint] Migration triggered! Dumping state...
[LM/Checkpoint] State synced to frame structures.
[LM] Phase 2: Sending final dirty pages and context...
[LM] Number of dirty cards transmitted: 8526
[LM] Send final dirty pages took 39.765000 ms
[LM] Checkpoint dirty state took 0.322000 ms
[LM/Checkpoint] Live migration completed at 1785700233201.819336 ms. Migration took 4297.092529 ms
[LM/Checkpoint] Took 40.344000 ms to checkpoint application
