[LM] Starting migration server on port 8010 in background...
[LM] Server waiting for connection on port 8010...
[WASM] Config: 256 MB | 64.00 MB/s | 19000 Syscalls/s (Type: 2, Modifying: 256 bytes)
[WASM] Initializing physical memory backing...
[WASM] Entering execution loop (using bypass)...
[WASM] Tick 200 | Integrity: OK
[WASM] Tick 400 | Integrity: OK
[WASM] Tick 600 | Integrity: OK
[WASM] Tick 800 | Integrity: OK
[LM] Client connected. Migration is initiated (1785701380495.094971 ms)...
[LM] Phase 1: Sending initial bulk memory (256 MB)...
[WASM] Tick 1000 | Integrity: OK
[WASM] Tick 1200 | Integrity: OK
[LM] Initial pre-copy of bulk memory completed. Took 2313.303711 ms
[LM] Phase 1.5: Starting incremental pre-copy...
[WASM] Tick 1400 | Integrity: OK
[LM] Number of dirty cards transmitted: 226408
[LM] Pre-copy Iteration 1: Sent 115920896 bytes.
[LM] Number of dirty cards transmitted: 95361
[LM] Pre-copy Iteration 2: Sent 48824832 bytes.
[LM] Number of dirty cards transmitted: 40951
[LM] Pre-copy Iteration 3: Sent 20966912 bytes.
[LM] Number of dirty cards transmitted: 18020
[LM] Pre-copy Iteration 4: Sent 9226240 bytes.
[LM] Pre-copy threshold reached. Moving to final handover.
[LM] Incremental pre-copy completed. Took 1674.360352 ms
[LM] Bulk + Precopy duration 1576.179000 ms
[LM] Received 0xEOF_RECONSTRUCT, halting execution for final handover...
[LM/Checkpoint] Migration triggered! Dumping state...
[LM/Checkpoint] State synced to frame structures.
[LM] Phase 2: Sending final dirty pages and context...
[LM] Number of dirty cards transmitted: 10492
[LM] Send final dirty pages took 21.349000 ms
[LM] Checkpoint dirty state took 0.086000 ms
[LM/Checkpoint] Live migration completed at 1785701384541.871826 ms. Migration took 4046.776855 ms
[LM/Checkpoint] Took 21.575000 ms to checkpoint application
