[LM] Starting migration server on port 8010 in background...
[LM] Server waiting for connection on port 8010...
[WASM] Config: 256 MB | 64.00 MB/s | 12000 Syscalls/s (Type: 2, Modifying: 256 bytes)
[WASM] Initializing physical memory backing...
[WASM] Entering execution loop (using bypass)...
[WASM] Tick 200 | Integrity: OK
[WASM] Tick 400 | Integrity: OK
[WASM] Tick 600 | Integrity: OK
[WASM] Tick 800 | Integrity: OK
[LM] Client connected. Migration is initiated (1785700682689.985107 ms)...
[LM] Phase 1: Sending initial bulk memory (256 MB)...
[WASM] Tick 1000 | Integrity: OK
[LM] Initial pre-copy of bulk memory completed. Took 2308.995850 ms
[LM] Phase 1.5: Starting incremental pre-copy...
[WASM] Tick 1200 | Integrity: OK
[LM] Number of dirty cards transmitted: 228729
[LM] Pre-copy Iteration 1: Sent 117109248 bytes.
[LM] Number of dirty cards transmitted: 97655
[LM] Pre-copy Iteration 2: Sent 49999360 bytes.
[WASM] Tick 1400 | Integrity: OK
[LM] Number of dirty cards transmitted: 42605
[LM] Pre-copy Iteration 3: Sent 21813760 bytes.
[LM] Number of dirty cards transmitted: 18358
[LM] Pre-copy Iteration 4: Sent 9399296 bytes.
[LM] Pre-copy threshold reached. Moving to final handover.
[LM] Incremental pre-copy completed. Took 1710.006104 ms
[LM] Bulk + Precopy duration 1560.953000 ms
[LM] Received 0xEOF_RECONSTRUCT, halting execution for final handover...
[LM/Checkpoint] Migration triggered! Dumping state...
[LM/Checkpoint] State synced to frame structures.
[LM] Phase 2: Sending final dirty pages and context...
[LM] Number of dirty cards transmitted: 11147
[LM] Send final dirty pages took 22.621000 ms
[LM] Checkpoint dirty state took 0.076000 ms
[LM/Checkpoint] Live migration completed at 1785700686772.936523 ms. Migration took 4082.951416 ms
[LM/Checkpoint] Took 22.877000 ms to checkpoint application
