[LM] Starting migration server on port 8010 in background...
[LM] Migration server started (1785700517165.572021 ms).
[LM/Checkpoint] Server waiting for connection on port 8010...
[WASM] Config: 256 MB | 64.00 MB/s | 10000 Syscalls/s (Type: 2, Modifying: 256 bytes)
[WASM] Initializing physical memory backing...
[WASM] Entering execution loop (using bypass)...
[WASM] Tick 200 | Integrity: OK
[WASM] Tick 400 | Integrity: OK
[WASM] Tick 600 | Integrity: OK
[LM/Checkpoint] Client connected. Initiating Post-Copy (1785700521391.141602 ms)...
[LM/Checkpoint] Halting execution for state extraction...
[LM/Checkpoint] Sync all to frame at opcode=10 (next=41)
[LM/Checkpoint] Sync of stack, shadow stack and linear memory took 0.011230 ms (at 1785700521392.489746 ms)
[LM/Checkpoint] Total of 4096 memory pages
[LM/Checkpoint] Capturing the UDP state took 0.002000 ms (fd: 0, port: 0)
[LM/Checkpoint] Execution state transferred in 2.243652 ms. Target is resuming.
[LM/Checkpoint] Entering background page server mode (at 1785700521393.387695 ms)...
[LM/Checkpoint] Received LM_EOF_COMPLETE_CLIENT. Transmitted 1448 pages in 7865.139648 ms (at 1785700529258.529785 ms).
[LM/Checkpoint] Migration server shutting down (at 1785700529258.572754 ms)...
[LM/Checkpoint] Total session duration: 7867.433594 ms
[LM/Checkpoint] Closed migration connections!
