[LM] Starting migration server on port 8010 in background...
[LM] Migration server started (1785701604947.629150 ms).
[LM/Checkpoint] Server waiting for connection on port 8010...
[WASM] Config: 256 MB | 64.00 MB/s | 21000 Syscalls/s (Type: 2, Modifying: 256 bytes)
[WASM] Initializing physical memory backing...
[WASM] Entering execution loop (using bypass)...
[WASM] Tick 200 | Integrity: OK
[WASM] Tick 400 | Integrity: OK
[WASM] Tick 600 | Integrity: OK
[LM/Checkpoint] Client connected. Initiating Post-Copy (1785701609148.172607 ms)...
[LM/Checkpoint] Halting execution for state extraction...
[LM/Checkpoint] Sync all to frame at opcode=37 (next=c7)
[LM/Checkpoint] Sync of stack, shadow stack and linear memory took 0.013672 ms (at 1785701609148.262939 ms)
[LM/Checkpoint] Total of 4096 memory pages
[LM/Checkpoint] Capturing the UDP state took 0.001000 ms (fd: 0, port: 0)
[LM/Checkpoint] Execution state transferred in 1.195068 ms. Target is resuming.
[LM/Checkpoint] Entering background page server mode (at 1785701609149.369629 ms)...
[LM/Checkpoint] Received LM_EOF_COMPLETE_CLIENT. Transmitted 1458 pages in 7922.924561 ms (at 1785701617072.296875 ms).
[LM/Checkpoint] Migration server shutting down (at 1785701617072.341309 ms)...
[LM/Checkpoint] Total session duration: 7924.171387 ms
[LM/Checkpoint] Closed migration connections!
