[LM] Starting migration server on port 8010 in background...
[LM] Server waiting for connection on port 8010...
[WASM] Config: 256 MB | 64.00 MB/s | 8000 Syscalls/s (Type: 2, Modifying: 256 bytes)
[WASM] Initializing physical memory backing...
[WASM] Entering execution loop (using bypass)...
[WASM] Tick 200 | Integrity: OK
[WASM] Tick 400 | Integrity: OK
[WASM] Tick 600 | Integrity: OK
[LM] Client connected. Migration is initiated (1785700322021.246826 ms)...
[LM] Phase 1: Sending initial bulk memory (256 MB)...
[WASM] Tick 800 | Integrity: OK
[WASM] Tick 1000 | Integrity: OK
[LM] Initial pre-copy of bulk memory completed. Took 2316.994141 ms
[LM] Phase 1.5: Starting incremental pre-copy...
[LM] Number of dirty cards transmitted: 232528
[LM] Pre-copy Iteration 1: Sent 119054336 bytes.
[WASM] Tick 1200 | Integrity: OK
[LM] Number of dirty cards transmitted: 105261
[LM] Pre-copy Iteration 2: Sent 53893632 bytes.
[LM] Number of dirty cards transmitted: 47950
[LM] Pre-copy Iteration 3: Sent 24550400 bytes.
[LM] Number of dirty cards transmitted: 21046
[LM] Pre-copy Iteration 4: Sent 10775552 bytes.
[LM] Number of dirty cards transmitted: 9181
[LM] Pre-copy Iteration 5: Sent 4700672 bytes.
[LM] Pre-copy threshold reached. Moving to final handover.
[LM] Incremental pre-copy completed. Took 1842.247559 ms
[LM] Bulk + Precopy duration 1584.190000 ms
[LM] Received 0xEOF_RECONSTRUCT, halting execution for final handover...
[LM/Checkpoint] Migration triggered! Dumping state...
[LM/Checkpoint] State synced to frame structures.
[LM] Phase 2: Sending final dirty pages and context...
[LM] Number of dirty cards transmitted: 7870
[LM] Send final dirty pages took 41.453000 ms
[LM] Checkpoint dirty state took 0.098000 ms
[LM/Checkpoint] Live migration completed at 1785700326251.932129 ms. Migration took 4230.685547 ms
[LM/Checkpoint] Took 41.749000 ms to checkpoint application
