[LM] Starting migration server on port 8010 in background...
[LM] Server waiting for connection on port 8010...
[WASM] Config: 256 MB | 64.00 MB/s | 17000 Syscalls/s (Type: 2, Modifying: 256 bytes)
[WASM] Initializing physical memory backing...
[WASM] Entering execution loop (using bypass)...
[WASM] Tick 200 | Integrity: OK
[WASM] Tick 400 | Integrity: OK
[WASM] Tick 600 | Integrity: OK
[LM] Client connected. Migration is initiated (1785701166730.047607 ms)...
[LM] Phase 1: Sending initial bulk memory (256 MB)...
[WASM] Tick 800 | Integrity: OK
[WASM] Tick 1000 | Integrity: OK
[LM] Initial pre-copy of bulk memory completed. Took 2306.302979 ms
[LM] Phase 1.5: Starting incremental pre-copy...
[LM] Number of dirty cards transmitted: 228596
[LM] Pre-copy Iteration 1: Sent 117041152 bytes.
[WASM] Tick 1200 | Integrity: OK
[LM] Number of dirty cards transmitted: 100931
[LM] Pre-copy Iteration 2: Sent 51676672 bytes.
[LM] Number of dirty cards transmitted: 45227
[LM] Pre-copy Iteration 3: Sent 23156224 bytes.
[LM] Number of dirty cards transmitted: 19011
[LM] Pre-copy Iteration 4: Sent 9733632 bytes.
[LM] Pre-copy threshold reached. Moving to final handover.
[LM] Incremental pre-copy completed. Took 1732.240479 ms
[LM] Bulk + Precopy duration 1544.291000 ms
[LM] Received 0xEOF_RECONSTRUCT, halting execution for final handover...
[LM/Checkpoint] Migration triggered! Dumping state...
[LM/Checkpoint] State synced to frame structures.
[LM] Phase 2: Sending final dirty pages and context...
[LM] Number of dirty cards transmitted: 12087
[LM] Send final dirty pages took 21.990000 ms
[LM] Checkpoint dirty state took 0.067000 ms
[LM/Checkpoint] Live migration completed at 1785701170835.760742 ms. Migration took 4105.713135 ms
[LM/Checkpoint] Took 22.142000 ms to checkpoint application
