[LM] Starting migration server on port 8010 in background...
[LM] Server waiting for connection on port 8010...
[WASM] Config: 256 MB | 64.00 MB/s | 18000 Syscalls/s (Type: 2, Modifying: 256 bytes)
[WASM] Initializing physical memory backing...
[WASM] Entering execution loop (using bypass)...
[WASM] Tick 200 | Integrity: OK
[WASM] Tick 400 | Integrity: OK
[WASM] Tick 600 | Integrity: OK
[WASM] Tick 800 | Integrity: OK
[LM] Client connected. Migration is initiated (1785701271000.032471 ms)...
[LM] Phase 1: Sending initial bulk memory (256 MB)...
[WASM] Tick 1000 | Integrity: OK
[WASM] Tick 1200 | Integrity: OK
[LM] Initial pre-copy of bulk memory completed. Took 2311.783203 ms
[LM] Phase 1.5: Starting incremental pre-copy...
[WASM] Tick 1400 | Integrity: OK
[LM] Number of dirty cards transmitted: 227417
[LM] Pre-copy Iteration 1: Sent 116437504 bytes.
[LM] Number of dirty cards transmitted: 98967
[LM] Pre-copy Iteration 2: Sent 50671104 bytes.
[LM] Number of dirty cards transmitted: 43915
[LM] Pre-copy Iteration 3: Sent 22484480 bytes.
[LM] Number of dirty cards transmitted: 20322
[LM] Pre-copy Iteration 4: Sent 10404864 bytes.
[LM] Pre-copy threshold reached. Moving to final handover.
[LM] Incremental pre-copy completed. Took 1717.694580 ms
[LM] Bulk + Precopy duration 1557.108000 ms
[LM] Received 0xEOF_RECONSTRUCT, halting execution for final handover...
[LM/Checkpoint] Migration triggered! Dumping state...
[LM/Checkpoint] State synced to frame structures.
[LM] Phase 2: Sending final dirty pages and context...
[LM] Number of dirty cards transmitted: 11222
[LM] Send final dirty pages took 24.500000 ms
[LM] Checkpoint dirty state took 0.085000 ms
[LM/Checkpoint] Live migration completed at 1785701275092.683838 ms. Migration took 4092.651367 ms
[LM/Checkpoint] Took 24.781000 ms to checkpoint application
