[LM] Starting migration server on port 8010 in background...
[LM] Migration server started (1785700079293.148193 ms).
[LM/Checkpoint] Server waiting for connection on port 8010...
[WASM] Config: 256 MB | 64.00 MB/s | 5000 Syscalls/s (Type: 2, Modifying: 256 bytes)
[WASM] Initializing physical memory backing...
[WASM] Entering execution loop (using bypass)...
[WASM] Tick 200 | Integrity: OK
[WASM] Tick 400 | Integrity: OK
[WASM] Tick 600 | Integrity: OK
[WASM] Tick 800 | Integrity: OK
[LM/Checkpoint] Client connected. Initiating Post-Copy (1785700084548.447266 ms)...
[LM/Checkpoint] Halting execution for state extraction...
[LM/Checkpoint] Sync all to frame at opcode=10 (next=41)
[LM/Checkpoint] Sync of stack, shadow stack and linear memory took 0.009521 ms (at 1785700084549.017822 ms)
[LM/Checkpoint] Total of 4096 memory pages
[LM/Checkpoint] Capturing the UDP state took 0.001000 ms (fd: 0, port: 0)
[LM/Checkpoint] Execution state transferred in 1.183838 ms. Target is resuming.
[LM/Checkpoint] Entering background page server mode (at 1785700084549.633301 ms)...
[LM/Checkpoint] Received LM_EOF_COMPLETE_CLIENT. Transmitted 1442 pages in 7914.116455 ms (at 1785700092463.752197 ms).
[LM/Checkpoint] Migration server shutting down (at 1785700092463.781494 ms)...
[LM/Checkpoint] Total session duration: 7915.336670 ms
[LM/Checkpoint] Closed migration connections!
