[LM] Connecting to migration server 192.168.10.11:8010...
[LM/Restore] Connected to migration server 192.168.10.11:8010
[LM/Restore] Membrane channel connected to 192.168.10.11:8011
[LM/Restore] State metadata loaded
[LM/Restore] Had to enlarge linear memory for migration
[LM/Restore] Linear memory loaded
[LM/Restore] Stack and shadow stack metadata loaded (frame count: 7, frame offset: 1464)
[LM/Restore] State restored
[LM/Restore] Initial state has been reconstructed (1785699797285.381104 ms).
[LM/Restore] Enter membrane replay mode (1785699797285.404541 ms)...
[LM/Checkpoint] Migration server completed its tasks (1785699797292.642334 ms)
[LM/Checkpoint] Migration client completed its tasks (1785699797292.650635 ms)
[LM/Restore] State restoration complete (1785699797292.667725 ms).
[LM] Starting migration server on port 8010 in background...
[LM] Migration server started (1785699797292.741211 ms).
[LM/Restore] Re-entering interpreter loop...
[LM/Resume] exec_env=0x55557cfb70b0 cur_frame=0x55557cfbc320 module_inst=0x55557cfb5990 function=0x55557cfb6300 prev_frame=0x55557cfbc214 ip=0x7ffee8ffec40 (offset=14, is_import=0) 1785699797292.751709 ms
[LM/Resume] New function array base=0x55557cfb5cd0 count=93
[LM/Resume] Took 0.007000 ms to restore application
[LM/Resume] Resuming bytecode function (1785699797292.758545)
[LM] Server waiting for connection on port 8010...
