[LM] Connecting to migration server 192.168.10.11:8010...
[LM/PostCopy] Connected to migration server 192.168.10.11:8010
[LM/Restore] Had to enlarge linear memory for migration
[LM/Restore] State metadata loaded
[LM/Restore] Stack and shadow stack metadata loaded (frame count: 7, frame offset: 1464)
[LM/Restore] State restored
[LM/PostCopy] Initial state reconstructed in 14.574219 ms.
[LM/PostCopy] Restored active UDP port 0.
[LM/PostCopy] Handoff complete. Resuming execution locally!
[LM/Restore] State restoration complete (1785702065516.824951 ms).
[LM] Starting migration server on port 8010 in background...
[LM] Migration server started (1785702065516.873535 ms).
[LM/Restore] Re-entering interpreter loop...
[LM/Resume] exec_env=0x555570da30b0 cur_frame=0x555570da8320 module_inst=0x555570da1990 function=0x555570da2300 prev_frame=0x555570da8214 ip=0x7fff3c37ec40 (offset=14, is_import=0) 1785702065516.883057 ms
[LM/Resume] New function array base=0x555570da1cd0 count=93
[LM/Resume] Took 0.006000 ms to restore application
[LM/Resume] Resuming bytecode function (1785702065516.889893)
[LM/Checkpoint] Server waiting for connection on port 8010...
[WASM] Tick 800 | Integrity: OK
[WASM] Tick 1000 | Integrity: OK
