[LM] Connecting to migration server 192.168.10.11:8010...
[LM Client] Receiving pre-copy chunk...
[LM Client] Receiving pre-copy chunk...
[LM Client] Receiving pre-copy chunk...
[LM Client] Receiving pre-copy chunk...
[LM Client] Pre-copy complete. Proceeding to final handover.
Frame - IP: 14, function_index: 33, func: 0x5556558ba300
  frame->ip: 0x7fffbb0dec40
END

Frame - IP: 317, function_index: 22, func: 0x5556558ba0f0
  frame->ip: 0x7fffbb0dea37
END

Frame - IP: 75, function_index: 23, func: 0x5556558ba120
  frame->ip: 0x7fffbb0deaa4
END

Frame - IP: 1221, function_index: 13, func: 0x5556558b9f40
  frame->ip: 0x7fffbb0dc819
END

Frame - IP: 114, function_index: 25, func: 0x5556558ba180
  frame->ip: 0x7fffbb0deb4a
END

Frame - IP: 52, function_index: 12, func: 0x5556558b9f10
  frame->ip: 0x7fffbb0dc329
END

[LM Client] Migration successfully completed.
[LM] State received and restored.
[LM] Starting migration server on port 8010 in background...
[LM] Re-entering interpreter loop...
[LM/Resume] exec_env=0x5556558bb0b0 cur_frame=0x5556558bc300 module_inst=0x5556558b9990 function=0x5556558ba300 prev_frame=0x5556558bc1f4 ip=0x7fffbb0dec40 (offset=14)
[LM/Resume] new function array base=0x5556558b9cd0 count=93
[LM/Resume] Took 0.007000 ms to restore application
[LM/Restore] Live migration restored at 1785702176222.672363 ms
[LM] Server waiting for connection on port 8010...
[WASM] Tick 1400 | Integrity: OK
[WASM] Tick 1600 | Integrity: OK
[WASM] Tick 1800 | Integrity: OK
