[LM] Connecting to migration server 192.168.10.11:8010...
[LM/Restore] Connected to migration server 192.168.10.11:8010
[LM/Restore] State metadata loaded
[LM/Restore] Had to enlarge linear memory for migration
[LM/Restore] Linear memory loaded
[LM/Restore] Stack and shadow stack metadata loaded (frame count: 7, frame offset: 1464)
[LM/Restore] State restored
[LM/Restore] Initial state has been reconstructed (1785700367700.201172 ms).
[LM/Checkpoint] Migration server completed its tasks (1785700367707.402344 ms)
[LM/Checkpoint] Migration client completed its tasks (1785700367707.411133 ms)
[LM/Restore] State restoration complete (1785700367707.428711 ms).
[LM] Starting migration server on port 8010 in background...
[LM] Migration server started (1785700367707.512207 ms).
[LM/Restore] Re-entering interpreter loop...
[LM/Resume] exec_env=0x555688c4f0b0 cur_frame=0x555688c54320 module_inst=0x555688c4d990 function=0x555688c4e300 prev_frame=0x555688c54214 ip=0x7fff6c4cec40 (offset=14, is_import=0) 1785700367707.521973 ms
[LM/Resume] New function array base=0x555688c4dcd0 count=93
[LM/Resume] Took 0.008000 ms to restore application
[LM/Resume] Resuming bytecode function (1785700367707.529785)
[LM] Server waiting for connection on port 8010...
[WASM] Tick 1000 | Integrity: OK
[WASM] Tick 1200 | Integrity: OK
[WASM] Tick 1400 | Integrity: OK
