[LM] Connecting to migration server 192.168.10.11:8010...
[LM/PostCopy] Connected to migration server 192.168.10.11:8010
[LM/Restore] Had to enlarge linear memory for migration
[LM/Restore] State metadata loaded
[LM/Restore] Stack and shadow stack metadata loaded (frame count: 4, frame offset: 548)
[LM/Restore] State restored
[LM/PostCopy] Initial state reconstructed in 14.437500 ms.
[LM/PostCopy] Restored active UDP port 0.
[LM/PostCopy] Handoff complete. Resuming execution locally!
[LM/Restore] State restoration complete (1785701941794.665527 ms).
[LM] Starting migration server on port 8010 in background...
[LM] Migration server started (1785701941794.715332 ms).
[LM/Restore] Re-entering interpreter loop...
[LM/Resume] exec_env=0x5555eef970b0 cur_frame=0x5555eef9bf8c module_inst=0x5555eef95990 function=0x5555eef95f40 prev_frame=0x5555eef9be6c ip=0x7fff442ec6a2 (offset=846, is_import=0) 1785701941794.724854 ms
[LM/Resume] New function array base=0x5555eef95cd0 count=93
[LM/Resume] Took 0.007000 ms to restore application
[LM/Resume] Resuming bytecode function (1785701941794.731934)
[LM/Checkpoint] Server waiting for connection on port 8010...
[WASM] Tick 1200 | Integrity: OK
[WASM] Tick 1400 | Integrity: OK
