[LM] Connecting to migration server 192.168.10.11:8010...
[LM/PostCopy] Connected to migration server 192.168.10.11:8010
[LM/Restore] Had to enlarge linear memory for migration
[LM/Restore] State metadata loaded
[LM/Restore] Stack and shadow stack metadata loaded (frame count: 7, frame offset: 1464)
[LM/Restore] State restored
[LM/PostCopy] Initial state reconstructed in 14.374756 ms.
[LM/PostCopy] Restored active UDP port 0.
[LM/PostCopy] Handoff complete. Resuming execution locally!
[LM/Restore] State restoration complete (1785699833747.402100 ms).
[LM] Starting migration server on port 8010 in background...
[LM] Migration server started (1785699833747.451660 ms).
[LM/Restore] Re-entering interpreter loop...
[LM/Resume] exec_env=0x55557779b0b0 cur_frame=0x5555777a0320 module_inst=0x555577799990 function=0x55557779a300 prev_frame=0x5555777a0214 ip=0x7fffa739ec40 (offset=14, is_import=0) 1785699833747.459961 ms
[LM/Resume] New function array base=0x555577799cd0 count=93
[LM/Resume] Took 0.006000 ms to restore application
[LM/Resume] Resuming bytecode function (1785699833747.466797)
[LM/Checkpoint] Server waiting for connection on port 8010...
[WASM] Tick 800 | Integrity: OK
[LM/Checkpoint] Fatal: Source disconnected while fetching page 881
