[LM] Connecting to migration server 192.168.10.11:8010...
[LM/Restore] Connected to migration server 192.168.10.11:8010
[LM/Restore] Membrane channel connected to 192.168.10.11:8011
[LM/Restore] State metadata loaded
[LM/Restore] Had to enlarge linear memory for migration
[LM/Restore] Linear memory loaded
[LM/Restore] Stack and shadow stack metadata loaded (frame count: 7, frame offset: 1464)
[LM/Restore] State restored
[LM/Restore] Initial state has been reconstructed (1785700651712.029297 ms).
[LM/Restore] Enter membrane replay mode (1785700651712.056396 ms)...
[LM/Checkpoint] Migration server completed its tasks (1785700651719.406494 ms)
[LM/Checkpoint] Migration client completed its tasks (1785700651719.415283 ms)
[LM/Restore] State restoration complete (1785700651719.431885 ms).
[LM] Starting migration server on port 8010 in background...
[LM] Migration server started (1785700651719.503174 ms).
[LM/Restore] Re-entering interpreter loop...
[LM/Resume] exec_env=0x55558ce9f0b0 cur_frame=0x55558cea4320 module_inst=0x55558ce9d990 function=0x55558ce9e300 prev_frame=0x55558cea4214 ip=0x7fff951fec40 (offset=14, is_import=0) 1785700651719.511475 ms
[LM/Resume] New function array base=0x55558ce9dcd0 count=93
[LM/Resume] Took 0.006000 ms to restore application
[LM/Resume] Resuming bytecode function (1785700651719.518311)
[LM] Server waiting for connection on port 8010...
[LM/Restore] Closed side sock fd 5
[LM/Restore] Read 44533 membrane events
[LM/Restore] Live migration restored at 1785700654189.516113 ms
[WASM] Tick 1400 | Integrity: OK
[WASM] Tick 1600 | Integrity: OK
[WASM] Tick 1800 | Integrity: OK
[WASM] Tick 2000 | Integrity: OK
[WASM] Tick 2200 | Integrity: OK
[WASM] Tick 2400 | Integrity: OK
[WASM] Tick 2600 | Integrity: OK
[WASM] Tick 2800 | Integrity: OK
[WASM] Tick 3000 | Integrity: OK
[WASM] Tick 3200 | Integrity: OK
[WASM] Tick 3400 | Integrity: OK
[WASM] Tick 3600 | Integrity: OK
[WASM] Tick 3800 | Integrity: OK
