[LM] Connecting to migration server 192.168.10.11:8010...
[LM/Restore] Connected to migration server 192.168.10.11:8010
[LM/Restore] Membrane channel connected to 192.168.10.11:8011
[LM/Restore] State metadata loaded
[LM/Restore] Had to enlarge linear memory for migration
[LM/Restore] Linear memory loaded
[LM/Restore] Stack and shadow stack metadata loaded (frame count: 7, frame offset: 1464)
[LM/Restore] State restored
[LM/Restore] Initial state has been reconstructed (1785701547281.897217 ms).
[LM/Restore] Enter membrane replay mode (1785701547281.927979 ms)...
[LM/Checkpoint] Migration server completed its tasks (1785701547289.294189 ms)
[LM/Checkpoint] Migration client completed its tasks (1785701547289.307617 ms)
[LM/Restore] State restoration complete (1785701547289.326172 ms).
[LM] Starting migration server on port 8010 in background...
[LM] Migration server started (1785701547289.395264 ms).
[LM/Restore] Re-entering interpreter loop...
[LM/Resume] exec_env=0x55560c6df0b0 cur_frame=0x55560c6e4320 module_inst=0x55560c6dd990 function=0x55560c6de300 prev_frame=0x55560c6e4214 ip=0x7fff8d5bec40 (offset=14, is_import=0) 1785701547289.405762 ms
[LM/Resume] New function array base=0x55560c6ddcd0 count=93
[LM/Resume] Took 0.008000 ms to restore application
[LM/Resume] Resuming bytecode function (1785701547289.413086)
[LM] Server waiting for connection on port 8010...
[LM/Restore] Closed side sock fd 5
[LM/Restore] Read 298722 membrane events
[LM/Restore] Live migration restored at 1785701563813.836914 ms
[WASM] Tick 3600 | Integrity: OK
[WASM] Tick 3800 | Integrity: OK
[WASM] Tick 4000 | Integrity: OK
[WASM] Tick 4200 | Integrity: OK
[WASM] Tick 4400 | Integrity: OK
[WASM] Tick 4600 | Integrity: OK
[WASM] Tick 4800 | Integrity: OK
[WASM] Tick 5000 | Integrity: OK
[WASM] Tick 5200 | Integrity: OK
[WASM] Tick 5400 | Integrity: OK
[WASM] Tick 5600 | Integrity: OK
[WASM] Tick 5800 | Integrity: OK
