[LM] Connecting to migration server 192.168.10.11:8010...
[LM/Restore] Connected to migration server 192.168.10.11:8010
[LM/Restore] State metadata loaded
[LM/Restore] Had to enlarge linear memory for migration
[LM/Restore] Linear memory loaded
[LM/Restore] Stack and shadow stack metadata loaded (frame count: 7, frame offset: 1464)
[LM/Restore] State restored
[LM/Restore] Initial state has been reconstructed (1785700542098.037842 ms).
[LM/Checkpoint] Migration server completed its tasks (1785700542105.574951 ms)
[LM/Checkpoint] Migration client completed its tasks (1785700542105.583740 ms)
[LM/Restore] State restoration complete (1785700542105.601318 ms).
[LM] Starting migration server on port 8010 in background...
[LM] Migration server started (1785700542105.685059 ms).
[LM/Restore] Re-entering interpreter loop...
[LM/Resume] exec_env=0x5555d69ab0b0 cur_frame=0x5555d69b0320 module_inst=0x5555d69a9990 function=0x5555d69aa300 prev_frame=0x5555d69b0214 ip=0x7fffb4ddec40 (offset=14, is_import=0) 1785700542105.694580 ms
[LM/Resume] New function array base=0x5555d69a9cd0 count=93
[LM/Resume] Took 0.006000 ms to restore application
[LM/Resume] Resuming bytecode function (1785700542105.701416)
[LM] Server waiting for connection on port 8010...
[WASM] Tick 800 | Integrity: OK
[WASM] Tick 1000 | Integrity: OK
[WASM] Tick 1200 | Integrity: OK
[WASM] Tick 1400 | Integrity: OK
