[LM] Connecting to migration server 192.168.10.11:8010...
[LM/Restore] Connected to migration server 192.168.10.11:8010
[LM/Restore] Membrane channel connected to 192.168.10.11:8011
[LM/Restore] State metadata loaded
[LM/Restore] Had to enlarge linear memory for migration
[LM/Restore] Linear memory loaded
[LM/Restore] Stack and shadow stack metadata loaded (frame count: 7, frame offset: 1464)
[LM/Restore] State restored
[LM/Restore] Initial state has been reconstructed (1785700470377.455078 ms).
[LM/Restore] Enter membrane replay mode (1785700470377.478760 ms)...
[LM/Checkpoint] Migration server completed its tasks (1785700470384.652344 ms)
[LM/Checkpoint] Migration client completed its tasks (1785700470384.661377 ms)
[LM/Restore] State restoration complete (1785700470384.678711 ms).
[LM] Starting migration server on port 8010 in background...
[LM] Migration server started (1785700470384.750244 ms).
[LM/Restore] Re-entering interpreter loop...
[LM/Resume] exec_env=0x555681d830b0 cur_frame=0x555681d88320 module_inst=0x555681d81990 function=0x555681d82300 prev_frame=0x555681d88214 ip=0x7ffecad5ec40 (offset=14, is_import=0) 1785700470384.758789 ms
[LM/Resume] New function array base=0x555681d81cd0 count=93
[LM/Resume] Took 0.007000 ms to restore application
[LM/Resume] Resuming bytecode function (1785700470384.766113)
[LM] Server waiting for connection on port 8010...
[LM/Restore] Closed side sock fd 5
[LM/Restore] Read 32133 membrane events
[LM/Restore] Live migration restored at 1785700472169.241455 ms
[WASM] Tick 1400 | Integrity: OK
[WASM] Tick 1600 | Integrity: OK
[WASM] Tick 1800 | Integrity: OK
[WASM] Tick 2000 | Integrity: OK
[WASM] Tick 2200 | Integrity: OK
[WASM] Tick 2400 | Integrity: OK
[WASM] Tick 2600 | Integrity: OK
[WASM] Tick 2800 | Integrity: OK
[WASM] Tick 3000 | Integrity: OK
[WASM] Tick 3200 | Integrity: OK
[WASM] Tick 3400 | Integrity: OK
