[LM] Connecting to migration server 192.168.10.11:8010...
[LM/Restore] Connected to migration server 192.168.10.11:8010
[LM/Restore] Membrane channel connected to 192.168.10.11:8011
[LM/Restore] State metadata loaded
[LM/Restore] Had to enlarge linear memory for migration
[LM/Restore] Linear memory loaded
[LM/Restore] Stack and shadow stack metadata loaded (frame count: 7, frame offset: 1464)
[LM/Restore] State restored
[LM/Restore] Initial state has been reconstructed (1785699878080.808105 ms).
[LM/Restore] Enter membrane replay mode (1785699878080.834229 ms)...
[LM/Checkpoint] Migration server completed its tasks (1785699878088.343262 ms)
[LM/Checkpoint] Migration client completed its tasks (1785699878088.352051 ms)
[LM/Restore] State restoration complete (1785699878088.369873 ms).
[LM] Starting migration server on port 8010 in background...
[LM] Migration server started (1785699878088.443359 ms).
[LM/Restore] Re-entering interpreter loop...
[LM/Resume] exec_env=0x55561da930b0 cur_frame=0x55561da98320 module_inst=0x55561da91990 function=0x55561da92300 prev_frame=0x55561da98214 ip=0x7fff90c0ec40 (offset=14, is_import=0) 1785699878088.452393 ms
[LM/Resume] New function array base=0x55561da91cd0 count=93
[LM/Resume] Took 0.006000 ms to restore application
[LM/Resume] Resuming bytecode function (1785699878088.459961)
[LM] Server waiting for connection on port 8010...
