[LM] Connecting to migration server 192.168.10.11:8010...
[LM/Restore] Connected to migration server 192.168.10.11:8010
[LM/Restore] Membrane channel connected to 192.168.10.11:8011
[LM/Restore] State metadata loaded
[LM/Restore] Had to enlarge linear memory for migration
[LM/Restore] Linear memory loaded
[LM/Restore] Stack and shadow stack metadata loaded (frame count: 7, frame offset: 1464)
[LM/Restore] State restored
[LM/Restore] Initial state has been reconstructed (1785701758762.469238 ms).
[LM/Restore] Enter membrane replay mode (1785701758762.495605 ms)...
[LM/Checkpoint] Migration server completed its tasks (1785701758769.591064 ms)
[LM/Checkpoint] Migration client completed its tasks (1785701758769.603027 ms)
[LM/Restore] State restoration complete (1785701758769.622314 ms).
[LM] Starting migration server on port 8010 in background...
[LM] Migration server started (1785701758769.707031 ms).
[LM/Restore] Re-entering interpreter loop...
[LM/Resume] exec_env=0x55560e18f0b0 cur_frame=0x55560e194320 module_inst=0x55560e18d990 function=0x55560e18e300 prev_frame=0x55560e194214 ip=0x7fff9d91ec40 (offset=14, is_import=0) 1785701758769.718018 ms
[LM/Resume] New function array base=0x55560e18dcd0 count=93
[LM/Resume] Took 0.009000 ms to restore application
[LM/Resume] Resuming bytecode function (1785701758769.727051)
[LM] Server waiting for connection on port 8010...
[LM/Restore] Closed side sock fd 5
[LM/Restore] Read 386296 membrane events
[LM/Restore] Live migration restored at 1785701778788.194824 ms
[WASM] Tick 4600 | Integrity: OK
[WASM] Tick 4800 | Integrity: OK
[WASM] Tick 5000 | Integrity: OK
[WASM] Tick 5200 | Integrity: OK
[WASM] Tick 5400 | Integrity: OK
[WASM] Tick 5600 | Integrity: OK
[WASM] Tick 5800 | Integrity: OK
[WASM] Tick 6000 | Integrity: OK
[WASM] Tick 6200 | Integrity: OK
[WASM] Tick 6400 | Integrity: OK
