[LM] Connecting to migration server 192.168.10.11:8010...
[LM/Restore] Connected to migration server 192.168.10.11:8010
[LM/Restore] State metadata loaded
[LM/Restore] Had to enlarge linear memory for migration
[LM/Restore] Linear memory loaded
[LM/Restore] Stack and shadow stack metadata loaded (frame count: 7, frame offset: 1464)
[LM/Restore] State restored
[LM/Restore] Initial state has been reconstructed (1785701845612.884766 ms).
[LM/Checkpoint] Migration server completed its tasks (1785701845619.933594 ms)
[LM/Checkpoint] Migration client completed its tasks (1785701845619.942627 ms)
[LM/Restore] State restoration complete (1785701845619.960449 ms).
[LM] Starting migration server on port 8010 in background...
[LM] Migration server started (1785701845620.044678 ms).
[LM/Restore] Re-entering interpreter loop...
[LM/Resume] exec_env=0x55557894b0b0 cur_frame=0x555578950320 module_inst=0x555578949990 function=0x55557894a300 prev_frame=0x555578950214 ip=0x7fff0b1dec40 (offset=14, is_import=0) 1785701845620.053955 ms
[LM/Resume] New function array base=0x555578949cd0 count=93
[LM/Resume] Took 0.007000 ms to restore application
[LM/Resume] Resuming bytecode function (1785701845620.061035)
[LM] Server waiting for connection on port 8010...
[WASM] Tick 800 | Integrity: OK
[WASM] Tick 1000 | Integrity: OK
[WASM] Tick 1200 | Integrity: OK
