[LM] Connecting to migration server 192.168.10.11:8010...
[LM/Restore] Connected to migration server 192.168.10.11:8010
[LM/Restore] State metadata loaded
[LM/Restore] Had to enlarge linear memory for migration
[LM/Restore] Linear memory loaded
[LM/Restore] Stack and shadow stack metadata loaded (frame count: 4, frame offset: 548)
[LM/Restore] State restored
[LM/Restore] Initial state has been reconstructed (1785700453158.837891 ms).
[LM/Checkpoint] Migration server completed its tasks (1785700453166.043213 ms)
[LM/Checkpoint] Migration client completed its tasks (1785700453166.053955 ms)
[LM/Restore] State restoration complete (1785700453166.072021 ms).
[LM] Starting migration server on port 8010 in background...
[LM] Migration server started (1785700453166.163330 ms).
[LM/Restore] Re-entering interpreter loop...
[LM/Resume] exec_env=0x5556127030b0 cur_frame=0x555612707f8c module_inst=0x555612701990 function=0x555612701f40 prev_frame=0x555612707e6c ip=0x7fff77dfc672 (offset=798, is_import=0) 1785700453166.175537 ms
[LM/Resume] New function array base=0x555612701cd0 count=93
[LM/Resume] Took 0.007000 ms to restore application
[LM/Resume] Resuming bytecode function (1785700453166.183350)
[LM] Server waiting for connection on port 8010...
[WASM] Tick 800 | Integrity: OK
[WASM] Tick 1000 | Integrity: OK
[WASM] Tick 1200 | Integrity: OK
