[LM] Connecting to migration server 192.168.10.11:8010...
[LM/Restore] Connected to migration server 192.168.10.11:8010
[LM/Restore] State metadata loaded
[LM/Restore] Had to enlarge linear memory for migration
[LM/Restore] Linear memory loaded
[LM/Restore] Stack and shadow stack metadata loaded (frame count: 7, frame offset: 1464)
[LM/Restore] State restored
[LM/Restore] Initial state has been reconstructed (1785700914904.722656 ms).
[LM/Checkpoint] Migration server completed its tasks (1785700914912.194092 ms)
[LM/Checkpoint] Migration client completed its tasks (1785700914912.204346 ms)
[LM/Restore] State restoration complete (1785700914912.223145 ms).
[LM] Starting migration server on port 8010 in background...
[LM] Migration server started (1785700914912.315186 ms).
[LM/Restore] Re-entering interpreter loop...
[LM/Resume] exec_env=0x55566b2cf0b0 cur_frame=0x55566b2d4320 module_inst=0x55566b2cd990 function=0x55566b2ce300 prev_frame=0x55566b2d4214 ip=0x7fff56c3ec40 (offset=14, is_import=0) 1785700914912.325195 ms
[LM/Resume] New function array base=0x55566b2cdcd0 count=93
[LM/Resume] Took 0.006000 ms to restore application
[LM/Resume] Resuming bytecode function (1785700914912.332275)
[LM] Server waiting for connection on port 8010...
[WASM] Tick 1000 | Integrity: OK
[WASM] Tick 1200 | Integrity: OK
[WASM] Tick 1400 | Integrity: OK
[WASM] Tick 1600 | Integrity: OK
[WASM] Tick 1800 | Integrity: OK
