[LM] Connecting to migration server 192.168.10.11:8010...
[LM Client] Receiving pre-copy chunk...
[LM Client] Receiving pre-copy chunk...
[LM Client] Receiving pre-copy chunk...
[LM Client] Receiving pre-copy chunk...
[LM Client] Pre-copy complete. Proceeding to final handover.
Frame - IP: 14, function_index: 33, func: 0x555608d3a300
  frame->ip: 0x7fff5c98ec40
END

Frame - IP: 317, function_index: 22, func: 0x555608d3a0f0
  frame->ip: 0x7fff5c98ea37
END

Frame - IP: 75, function_index: 23, func: 0x555608d3a120
  frame->ip: 0x7fff5c98eaa4
END

Frame - IP: 1221, function_index: 13, func: 0x555608d39f40
  frame->ip: 0x7fff5c98c819
END

Frame - IP: 114, function_index: 25, func: 0x555608d3a180
  frame->ip: 0x7fff5c98eb4a
END

Frame - IP: 52, function_index: 12, func: 0x555608d39f10
  frame->ip: 0x7fff5c98c329
END

[LM Client] Migration successfully completed.
[LM] State received and restored.
[LM] Starting migration server on port 8010 in background...
[LM] Re-entering interpreter loop...
[LM/Resume] exec_env=0x555608d3b0b0 cur_frame=0x555608d3c300 module_inst=0x555608d39990 function=0x555608d3a300 prev_frame=0x555608d3c1f4 ip=0x7fff5c98ec40 (offset=14)
[LM/Resume] new function array base=0x555608d39cd0 count=93
[LM/Resume] Took 0.008000 ms to restore application
[LM/Restore] Live migration restored at 1785702049572.153809 ms
[LM] Server waiting for connection on port 8010...
[WASM] Tick 2000 | Integrity: OK
[WASM] Tick 2200 | Integrity: OK
[WASM] Tick 2400 | Integrity: OK
