[LM] Starting migration server on port 8010 in background...
[LM] Server waiting for connection on port 8010...
[WASM] Config: 256 MB | 64.00 MB/s | 8000 Syscalls/s (Type: 2, Modifying: 256 bytes)
[WASM] Initializing physical memory backing...
[WASM] Entering execution loop (using bypass)...
[WASM] Tick 200 | Integrity: OK
[WASM] Tick 400 | Integrity: OK
[WASM] Tick 600 | Integrity: OK
[WASM] Tick 800 | Integrity: OK
[LM] Client connected. Migration is initiated (1785697742312.746826 ms)...
[LM] Phase 1: Sending initial bulk memory (256 MB)...
[WASM] Tick 1000 | Integrity: OK
[LM] Initial pre-copy of bulk memory completed. Took 2310.556885 ms
[LM] Phase 1.5: Starting incremental pre-copy...
[WASM] Tick 1200 | Integrity: OK
[LM] Number of dirty cards transmitted: 232661
[LM] Pre-copy Iteration 1: Sent 119122432 bytes.
[WASM] Tick 1400 | Integrity: OK
[LM] Number of dirty cards transmitted: 112729
[LM] Pre-copy Iteration 2: Sent 57717248 bytes.
[LM] Number of dirty cards transmitted: 53092
[LM] Pre-copy Iteration 3: Sent 27183104 bytes.
[LM] Number of dirty cards transmitted: 25565
[LM] Pre-copy Iteration 4: Sent 13089280 bytes.
[LM] Number of dirty cards transmitted: 11802
[LM] Pre-copy Iteration 5: Sent 6042624 bytes.
[LM] Pre-copy threshold reached. Moving to final handover.
[LM] Incremental pre-copy completed. Took 1942.335693 ms
[LM] Bulk + Precopy duration 1593.937000 ms
[LM] Received 0xEOF_RECONSTRUCT, halting execution for final handover...
[LM/Checkpoint] Migration triggered! Dumping state...
[LM/Checkpoint] State synced to frame structures.
[LM] Phase 2: Sending final dirty pages and context...
[LM] Number of dirty cards transmitted: 8797
[LM] Send final dirty pages took 40.796000 ms
[LM] Checkpoint dirty state took 0.170000 ms
[LM/Checkpoint] Live migration completed at 1785697746642.563477 ms. Migration took 4329.816895 ms
[LM/Checkpoint] Took 41.071000 ms to checkpoint application
