[LM] Starting migration server on port 8010 in background...
[LM] Server waiting for connection on port 8010...
[WASM] Config: 256 MB | 64.00 MB/s | 28000 Syscalls/s (Type: 2, Modifying: 256 bytes)
[WASM] Initializing physical memory backing...
[WASM] Entering execution loop (using bypass)...
[WASM] Tick 200 | Integrity: OK
[WASM] Tick 400 | Integrity: OK
[WASM] Tick 600 | Integrity: OK
[WASM] Tick 800 | Integrity: OK
[LM] Client connected. Migration is initiated (1785699536270.557129 ms)...
[LM] Phase 1: Sending initial bulk memory (256 MB)...
[WASM] Tick 1000 | Integrity: OK
[LM] Initial pre-copy of bulk memory completed. Took 2313.560547 ms
[LM] Phase 1.5: Starting incremental pre-copy...
[WASM] Tick 1200 | Integrity: OK
[LM] Number of dirty cards transmitted: 225490
[LM] Pre-copy Iteration 1: Sent 115450880 bytes.
[LM] Number of dirty cards transmitted: 98311
[LM] Pre-copy Iteration 2: Sent 50335232 bytes.
[WASM] Tick 1400 | Integrity: OK
[LM] Number of dirty cards transmitted: 42792
[LM] Pre-copy Iteration 3: Sent 21909504 bytes.
[LM] Number of dirty cards transmitted: 18373
[LM] Pre-copy Iteration 4: Sent 9406976 bytes.
[LM] Pre-copy threshold reached. Moving to final handover.
[LM] Incremental pre-copy completed. Took 1684.745605 ms
[LM] Bulk + Precopy duration 1573.734000 ms
[LM] Received 0xEOF_RECONSTRUCT, halting execution for final handover...
[LM/Checkpoint] Migration triggered! Dumping state...
[LM/Checkpoint] State synced to frame structures.
[LM] Phase 2: Sending final dirty pages and context...
[LM] Number of dirty cards transmitted: 10436
[LM] Send final dirty pages took 23.553000 ms
[LM] Checkpoint dirty state took 0.100000 ms
[LM/Checkpoint] Live migration completed at 1785699540336.310791 ms. Migration took 4065.753662 ms
[LM/Checkpoint] Took 23.861000 ms to checkpoint application
