[LM] Starting migration server on port 8010 in background...
[LM] Server waiting for connection on port 8010...
[WASM] Config: 256 MB | 64.00 MB/s | 16000 Syscalls/s (Type: 2, Modifying: 256 bytes)
[WASM] Initializing physical memory backing...
[WASM] Entering execution loop (using bypass)...
[WASM] Tick 200 | Integrity: OK
[WASM] Tick 400 | Integrity: OK
[WASM] Tick 600 | Integrity: OK
[LM] Client connected. Migration is initiated (1785698492047.576416 ms)...
[LM] Phase 1: Sending initial bulk memory (256 MB)...
[WASM] Tick 800 | Integrity: OK
[WASM] Tick 1000 | Integrity: OK
[LM] Initial pre-copy of bulk memory completed. Took 2311.803467 ms
[LM] Phase 1.5: Starting incremental pre-copy...
[LM] Number of dirty cards transmitted: 229251
[LM] Pre-copy Iteration 1: Sent 117376512 bytes.
[WASM] Tick 1200 | Integrity: OK
[LM] Number of dirty cards transmitted: 110762
[LM] Pre-copy Iteration 2: Sent 56710144 bytes.
[LM] Number of dirty cards transmitted: 51993
[LM] Pre-copy Iteration 3: Sent 26620416 bytes.
[LM] Number of dirty cards transmitted: 23993
[LM] Pre-copy Iteration 4: Sent 12284416 bytes.
[LM] Number of dirty cards transmitted: 11155
[LM] Pre-copy Iteration 5: Sent 5711360 bytes.
[LM] Pre-copy threshold reached. Moving to final handover.
[LM] Incremental pre-copy completed. Took 1913.290283 ms
[LM] Bulk + Precopy duration 1545.628000 ms
[LM] Received 0xEOF_RECONSTRUCT, halting execution for final handover...
[LM/Checkpoint] Migration triggered! Dumping state...
[LM/Checkpoint] State synced to frame structures.
[LM] Phase 2: Sending final dirty pages and context...
[LM] Number of dirty cards transmitted: 8469
[LM] Send final dirty pages took 39.417000 ms
[LM] Checkpoint dirty state took 0.185000 ms
[LM/Checkpoint] Live migration completed at 1785698496345.398438 ms. Migration took 4297.822021 ms
[LM/Checkpoint] Took 39.910000 ms to checkpoint application
