[LM] Starting migration server on port 8010 in background...
[LM] Migration server started (1785697798387.010010 ms).
[LM] Server waiting for connection on port 8010...
[WASM] Config: 256 MB | 64.00 MB/s | 9000 Syscalls/s (Type: 2, Modifying: 256 bytes)
[WASM] Initializing physical memory backing...
[WASM] Entering execution loop (using bypass)...
[WASM] Tick 200 | Integrity: OK
[WASM] Tick 400 | Integrity: OK
[WASM] Tick 600 | Integrity: OK
[LM] Client connected. Migration is initiated (1785697802694.097900 ms)...
[LM/Checkpoint] Server waiting for membrane connection on port 8011...
[LM/Checkpoint] Membrane channel connected on port 8011
[LM/Checkpoint] Sync all to frame at opcode=41 (next=6a)
CHECK: frame 0x555599823f8c, frame->ip 106
[LM/Checkpoint] Memory snapshot captured after 1.073242 ms
[LM/Checkpoint] Phase 1.1: Sending state metadata...
[LM/Checkpoint] Memory metadata transmitted after 0.038818 ms
[LM/Checkpoint] Phase 1.2: Sending initial bulk memory (256 MB)...
[LM/Checkpoint] Main interpreter thread halted for 1.101000 ms
[LM/Checkpoint] Batched 45 events in 12420 bytes
[LM/Checkpoint] Batched 13 events in 3588 bytes
[WASM] Tick 800 | Integrity: OK
[LM/Checkpoint] Batched 45 events in 12420 bytes
[LM/Checkpoint] Batched 18 events in 4968 bytes
[LM/Checkpoint] SAMPLE: Sent membrane event of size 276 byte (256 bytes of payload)
[LM/Checkpoint] Batched 1 events in 124 bytes
[LM/Checkpoint] Batched 25 events in 6900 bytes
[WASM] Tick 1000 | Integrity: OK
[LM/Checkpoint] Batched 1 events in 124 bytes
[LM/Checkpoint] Linear memory transmitted after 2351.419434 ms
[LM/Checkpoint] Wrote stack and shadow stack frames to stream (frame count: 4, frame offset: 548)
[LM/Checkpoint] Frames transmitted after 0.009277 ms
[LM/Checkpoint] Capturing the UDP state took 0.002000 ms (fd: 0, port: 0)
[LM/Checkpoint] Initial full linear memory handover duration 672.817000 ms
[LM/Checkpoint] Flushing 0 bytes of buffered membrane events...
[LM/Checkpoint] Received 0xEOF_RECONSTRUCT, halting execution for final handover (1785697805090.589111 ms)...
[LM/Checkpoint] Migration server completed its tasks
[LM/Checkpoint] Initial membrane chunk transmitted after 36.227051 ms
[LM/Checkpoint] Trying to converge membrane replay log...
[LM/Checkpoint] Batched 45 events in 12420 bytes
[LM/Checkpoint] Batched 45 events in 12420 bytes
[LM/Checkpoint] SAMPLE: Sent membrane event of size 276 byte (256 bytes of payload)
[LM/Checkpoint] Batched 1 events in 124 bytes
[LM/Checkpoint] Batched 45 events in 12420 bytes
[WASM] Tick 1200 | Integrity: OK
[LM/Checkpoint] Batched 1 events in 124 bytes
[LM/Checkpoint] Converged naturally! Lag: 250 events (1477.549316 ms).
[LM/Checkpoint] Migration client completed its tasks
[LM/Checkpoint] Transmitted 27050 membrane events
[LM/Checkpoint] Migration completed in 3876.614746 ms
[LM/Checkpoint] Live migration completed at 1785697806585.650391 ms.
[LM/Checkpoint] Closing migration connections...
[LM/Checkpoint] Closed all migration connections!
