[LM] Starting migration server on port 8010 in background...
[LM] Server waiting for connection on port 8010...
[WASM] Config: 256 MB | 64.00 MB/s | 3000 Syscalls/s (Type: 2, Modifying: 256 bytes)
[WASM] Initializing physical memory backing...
[WASM] Entering execution loop (using bypass)...
[WASM] Tick 200 | Integrity: OK
[WASM] Tick 400 | Integrity: OK
[WASM] Tick 600 | Integrity: OK
[LM] Client connected. Migration is initiated (1785697295134.813965 ms)...
[LM] Phase 1: Sending initial bulk memory (256 MB)...
[WASM] Tick 800 | Integrity: OK
[WASM] Tick 1000 | Integrity: OK
[LM] Initial pre-copy of bulk memory completed. Took 2314.785645 ms
[LM] Phase 1.5: Starting incremental pre-copy...
[LM] Number of dirty cards transmitted: 234494
[LM] Pre-copy Iteration 1: Sent 120060928 bytes.
[WASM] Tick 1200 | Integrity: OK
[LM] Number of dirty cards transmitted: 104863
[LM] Pre-copy Iteration 2: Sent 53689856 bytes.
[LM] Number of dirty cards transmitted: 47193
[LM] Pre-copy Iteration 3: Sent 24162816 bytes.
[LM] Number of dirty cards transmitted: 21633
[LM] Pre-copy Iteration 4: Sent 11076096 bytes.
[LM] Number of dirty cards transmitted: 10492
[LM] Pre-copy Iteration 5: Sent 5371904 bytes.
[LM] Pre-copy threshold reached. Moving to final handover.
[LM] Incremental pre-copy completed. Took 1836.860352 ms
[LM] Bulk + Precopy duration 1532.439000 ms
[LM] Received 0xEOF_RECONSTRUCT, halting execution for final handover...
[LM/Checkpoint] Migration triggered! Dumping state...
[LM/Checkpoint] State synced to frame structures.
[LM] Phase 2: Sending final dirty pages and context...
[LM] Number of dirty cards transmitted: 7215
[LM] Send final dirty pages took 16.636000 ms
[LM] Checkpoint dirty state took 0.072000 ms
[LM/Checkpoint] Live migration completed at 1785697299340.831299 ms. Migration took 4206.017334 ms
[LM/Checkpoint] Took 16.868000 ms to checkpoint application
