[LM] Starting migration server on port 8010 in background...
[LM] Server waiting for connection on port 8010...
[WASM] Config: 256 MB | 64.00 MB/s | 24000 Syscalls/s (Type: 2, Modifying: 256 bytes)
[WASM] Initializing physical memory backing...
[WASM] Entering execution loop (using bypass)...
[WASM] Tick 200 | Integrity: OK
[WASM] Tick 400 | Integrity: OK
[WASM] Tick 600 | Integrity: OK
[LM] Client connected. Migration is initiated (1785699293379.931152 ms)...
[LM] Phase 1: Sending initial bulk memory (256 MB)...
[WASM] Tick 800 | Integrity: OK
[WASM] Tick 1000 | Integrity: OK
[LM] Initial pre-copy of bulk memory completed. Took 2308.695557 ms
[LM] Phase 1.5: Starting incremental pre-copy...
[LM] Number of dirty cards transmitted: 224297
[LM] Pre-copy Iteration 1: Sent 114840064 bytes.
[WASM] Tick 1200 | Integrity: OK
[LM] Number of dirty cards transmitted: 100931
[LM] Pre-copy Iteration 2: Sent 51676672 bytes.
[LM] Number of dirty cards transmitted: 45883
[LM] Pre-copy Iteration 3: Sent 23492096 bytes.
[LM] Number of dirty cards transmitted: 20977
[LM] Pre-copy Iteration 4: Sent 10740224 bytes.
[LM] Number of dirty cards transmitted: 9181
[LM] Pre-copy Iteration 5: Sent 4700672 bytes.
[LM] Pre-copy threshold reached. Moving to final handover.
[LM] Incremental pre-copy completed. Took 1775.591797 ms
[LM] Bulk + Precopy duration 1446.642000 ms
[LM] Received 0xEOF_RECONSTRUCT, halting execution for final handover...
[LM/Checkpoint] Migration triggered! Dumping state...
[LM/Checkpoint] State synced to frame structures.
[LM] Phase 2: Sending final dirty pages and context...
[LM] Number of dirty cards transmitted: 7870
[LM] Send final dirty pages took 12.208000 ms
[LM] Checkpoint dirty state took 0.061000 ms
[LM/Checkpoint] Live migration completed at 1785699297517.111084 ms. Migration took 4137.179932 ms
[LM/Checkpoint] Took 12.397000 ms to checkpoint application
