[LM] Starting migration server on port 8010 in background...
[LM] Migration server started (1785698960855.143311 ms).
[LM] Server waiting for connection on port 8010...
[WASM] Config: 256 MB | 64.00 MB/s | 21000 Syscalls/s (Type: 2, Modifying: 256 bytes)
[WASM] Initializing physical memory backing...
[WASM] Entering execution loop (using bypass)...
[WASM] Tick 200 | Integrity: OK
[WASM] Tick 400 | Integrity: OK
[WASM] Tick 600 | Integrity: OK
[LM] Client connected. Migration is initiated (1785698966060.125977 ms)...
[LM/Checkpoint] Server waiting for membrane connection on port 8011...
[LM/Checkpoint] Membrane channel connected on port 8011
[LM/Checkpoint] Sync all to frame at opcode=10 (next=41)
CHECK: frame 0x5555a0f84320, frame->ip 65
[LM/Checkpoint] Memory snapshot captured after 4.226074 ms
[LM/Checkpoint] Phase 1.1: Sending state metadata...
[LM/Checkpoint] Memory metadata transmitted after 0.040771 ms
[LM/Checkpoint] Phase 1.2: Sending initial bulk memory (256 MB)...
[LM/Checkpoint] Main interpreter thread halted for 0.053000 ms
[WASM] Tick 800 | Integrity: OK
[LM/Checkpoint] Batched 1 events in 124 bytes
[LM/Checkpoint] Batched 1 events in 124 bytes
[LM/Checkpoint] SAMPLE: Sent membrane event of size 276 byte (256 bytes of payload)
[LM/Checkpoint] Batched 1 events in 124 bytes
[LM/Checkpoint] Batched 25 events in 6900 bytes
[LM/Checkpoint] SAMPLE: Sent membrane event of size 276 byte (256 bytes of payload)
[WASM] Tick 1000 | Integrity: OK
[LM/Checkpoint] Batched 1 events in 124 bytes
[LM/Checkpoint] Batched 27 events in 7452 bytes
[LM/Checkpoint] SAMPLE: Sent membrane event of size 124 byte (104 bytes of payload)
[LM/Checkpoint] Batched 1 events in 124 bytes
[LM/Checkpoint] Batched 1 events in 124 bytes
[LM/Checkpoint] Linear memory transmitted after 2406.274414 ms
[LM/Checkpoint] Wrote stack and shadow stack frames to stream (frame count: 7, frame offset: 1464)
[LM/Checkpoint] Frames transmitted after 0.008545 ms
[LM/Checkpoint] Capturing the UDP state took 0.003000 ms (fd: 0, port: 0)
[LM/Checkpoint] Initial full linear memory handover duration 732.209000 ms
[LM/Checkpoint] Flushing 0 bytes of buffered membrane events...
[LM/Checkpoint] Received 0xEOF_RECONSTRUCT, halting execution for final handover (1785698968515.485107 ms)...
[LM/Checkpoint] Migration server completed its tasks
[LM/Checkpoint] Initial membrane chunk transmitted after 36.698975 ms
[LM/Checkpoint] Trying to converge membrane replay log...
[LM/Checkpoint] Batched 105 events in 28980 bytes
[LM/Checkpoint] SAMPLE: Sent membrane event of size 276 byte (256 bytes of payload)
[WASM] Tick 1200 | Integrity: OK
[LM/Checkpoint] Batched 1 events in 124 bytes
[LM/Checkpoint] Batched 58 events in 16008 bytes
[LM/Checkpoint] SAMPLE: Sent membrane event of size 276 byte (256 bytes of payload)
[LM/Checkpoint] Batched 1 events in 124 bytes
[LM/Checkpoint] Batched 1 events in 124 bytes
[LM/Checkpoint] SAMPLE: Sent membrane event of size 276 byte (256 bytes of payload)
[LM/Checkpoint] Batched 8 events in 2208 bytes
[WASM] Tick 1400 | Integrity: OK
[LM/Checkpoint] Batched 48 events in 13248 bytes
[LM/Checkpoint] Batched 4 events in 1104 bytes
[LM/Checkpoint] SAMPLE: Sent membrane event of size 276 byte (256 bytes of payload)
[LM/Checkpoint] Batched 60 events in 16560 bytes
[LM/Checkpoint] Batched 105 events in 28980 bytes
[LM/Checkpoint] SAMPLE: Sent membrane event of size 276 byte (256 bytes of payload)
[LM/Checkpoint] Batched 62 events in 17112 bytes
[WASM] Tick 1600 | Integrity: OK
[LM/Checkpoint] Batched 69 events in 19044 bytes
[LM/Checkpoint] SAMPLE: Sent membrane event of size 276 byte (256 bytes of payload)
[LM/Checkpoint] Batched 1 events in 124 bytes
[LM/Checkpoint] Batched 1 events in 124 bytes
[LM/Checkpoint] Batched 105 events in 28980 bytes
[LM/Checkpoint] SAMPLE: Sent membrane event of size 276 byte (256 bytes of payload)
[LM/Checkpoint] Batched 105 events in 28980 bytes
[WASM] Tick 1800 | Integrity: OK
[LM/Checkpoint] Batched 1 events in 124 bytes
[LM/Checkpoint] SAMPLE: Sent membrane event of size 276 byte (256 bytes of payload)
[LM/Checkpoint] Batched 1 events in 124 bytes
[LM/Checkpoint] Batched 1 events in 124 bytes
[LM/Checkpoint] SAMPLE: Sent membrane event of size 276 byte (256 bytes of payload)
[LM/Checkpoint] Batched 1 events in 124 bytes
[LM/Checkpoint] Batched 1 events in 124 bytes
[WASM] Tick 2000 | Integrity: OK
[LM/Checkpoint] Batched 1 events in 124 bytes
[LM/Checkpoint] SAMPLE: Sent membrane event of size 276 byte (256 bytes of payload)
[LM/Checkpoint] Batched 1 events in 124 bytes
[LM/Checkpoint] Batched 1 events in 124 bytes
[LM/Checkpoint] SAMPLE: Sent membrane event of size 276 byte (256 bytes of payload)
[LM/Checkpoint] Batched 104 events in 28704 bytes
[LM/Checkpoint] Batched 105 events in 28980 bytes
[WASM] Tick 2200 | Integrity: OK
[LM/Checkpoint] SAMPLE: Sent membrane event of size 276 byte (256 bytes of payload)
[LM/Checkpoint] Batched 1 events in 124 bytes
[LM/Checkpoint] Batched 32 events in 8832 bytes
[LM/Checkpoint] Batched 105 events in 28980 bytes
[LM/Checkpoint] SAMPLE: Sent membrane event of size 276 byte (256 bytes of payload)
[LM/Checkpoint] Batched 74 events in 20424 bytes
[LM/Checkpoint] Batched 1 events in 124 bytes
[WASM] Tick 2400 | Integrity: OK
[LM/Checkpoint] SAMPLE: Sent membrane event of size 276 byte (256 bytes of payload)
[LM/Checkpoint] Batched 1 events in 124 bytes
[LM/Checkpoint] Batched 1 events in 124 bytes
[LM/Checkpoint] SAMPLE: Sent membrane event of size 276 byte (256 bytes of payload)
[LM/Checkpoint] Batched 1 events in 124 bytes
[LM/Checkpoint] Batched 75 events in 20700 bytes
[LM/Checkpoint] Batched 105 events in 28980 bytes
[LM/Checkpoint] SAMPLE: Sent membrane event of size 276 byte (256 bytes of payload)
[WASM] Tick 2600 | Integrity: OK
[LM/Checkpoint] Batched 43 events in 11868 bytes
[LM/Checkpoint] Batched 1 events in 124 bytes
[LM/Checkpoint] SAMPLE: Sent membrane event of size 276 byte (256 bytes of payload)
[LM/Checkpoint] Batched 1 events in 124 bytes
[LM/Checkpoint] Batched 1 events in 124 bytes
[LM/Checkpoint] SAMPLE: Sent membrane event of size 276 byte (256 bytes of payload)
[LM/Checkpoint] Batched 1 events in 124 bytes
[WASM] Tick 2800 | Integrity: OK
[LM/Checkpoint] Batched 80 events in 22080 bytes
[LM/Checkpoint] Batched 1 events in 124 bytes
[LM/Checkpoint] SAMPLE: Sent membrane event of size 276 byte (256 bytes of payload)
[LM/Checkpoint] Batched 28 events in 7728 bytes
[LM/Checkpoint] Batched 1 events in 124 bytes
[LM/Checkpoint] SAMPLE: Sent membrane event of size 276 byte (256 bytes of payload)
[LM/Checkpoint] Batched 1 events in 124 bytes
[WASM] Tick 3000 | Integrity: OK
[LM/Checkpoint] Batched 103 events in 28428 bytes
[LM/Checkpoint] SAMPLE: Sent membrane event of size 276 byte (256 bytes of payload)
[LM/Checkpoint] Batched 1 events in 124 bytes
[LM/Checkpoint] Batched 1 events in 124 bytes
[LM/Checkpoint] Batched 1 events in 124 bytes
[LM/Checkpoint] SAMPLE: Sent membrane event of size 276 byte (256 bytes of payload)
[LM/Checkpoint] Batched 94 events in 25944 bytes
[WASM] Tick 3200 | Integrity: OK
[LM/Checkpoint] Batched 1 events in 124 bytes
[LM/Checkpoint] SAMPLE: Sent membrane event of size 276 byte (256 bytes of payload)
[LM/Checkpoint] Batched 6 events in 1656 bytes
[LM/Checkpoint] Batched 45 events in 12420 bytes
[LM/Checkpoint] SAMPLE: Sent membrane event of size 276 byte (256 bytes of payload)
[LM/Checkpoint] Batched 1 events in 124 bytes
[LM/Checkpoint] Batched 72 events in 19872 bytes
[WASM] Tick 3400 | Integrity: OK
[LM/Checkpoint] Batched 1 events in 124 bytes
[LM/Checkpoint] SAMPLE: Sent membrane event of size 276 byte (256 bytes of payload)
[LM/Checkpoint] Batched 1 events in 124 bytes
[LM/Checkpoint] Batched 1 events in 124 bytes
[LM/Checkpoint] SAMPLE: Sent membrane event of size 276 byte (256 bytes of payload)
[LM/Checkpoint] Batched 38 events in 10488 bytes
[LM/Checkpoint] Batched 87 events in 24012 bytes
[WASM] Tick 3600 | Integrity: OK
[LM/Checkpoint] Converged naturally! Lag: 243 events (16528.662354 ms).
[LM/Checkpoint] Migration client completed its tasks
[LM/Checkpoint] Transmitted 299253 membrane events
[LM/Checkpoint] Migration completed in 18986.605957 ms
[LM/Checkpoint] Live migration completed at 1785698985062.104736 ms.
[LM/Checkpoint] Closing migration connections...
[LM/Checkpoint] Closed all migration connections!
