[LM] Starting migration server on port 8010 in background...
[LM] Server waiting for connection on port 8010...
[WASM] Config: 256 MB | 64.00 MB/s | 20000 Syscalls/s (Type: 2, Modifying: 256 bytes)
[WASM] Initializing physical memory backing...
[WASM] Entering execution loop (using bypass)...
[WASM] Tick 200 | Integrity: OK
[WASM] Tick 400 | Integrity: OK
[WASM] Tick 600 | Integrity: OK
[WASM] Tick 800 | Integrity: OK
[LM] Client connected. Migration is initiated (1785698904557.377441 ms)...
[LM] Phase 1: Sending initial bulk memory (256 MB)...
[WASM] Tick 1000 | Integrity: OK
[LM] Initial pre-copy of bulk memory completed. Took 2312.724609 ms
[LM] Phase 1.5: Starting incremental pre-copy...
[WASM] Tick 1200 | Integrity: OK
[LM] Number of dirty cards transmitted: 228728
[LM] Pre-copy Iteration 1: Sent 117108736 bytes.
[LM] Number of dirty cards transmitted: 108087
[LM] Pre-copy Iteration 2: Sent 55340544 bytes.
[WASM] Tick 1400 | Integrity: OK
[LM] Number of dirty cards transmitted: 49817
[LM] Pre-copy Iteration 3: Sent 25506304 bytes.
[LM] Number of dirty cards transmitted: 23601
[LM] Pre-copy Iteration 4: Sent 12083712 bytes.
[LM] Number of dirty cards transmitted: 11147
[LM] Pre-copy Iteration 5: Sent 5707264 bytes.
[LM] Pre-copy threshold reached. Moving to final handover.
[LM] Incremental pre-copy completed. Took 1872.039551 ms
[LM] Bulk + Precopy duration 1516.728000 ms
[LM] Received 0xEOF_RECONSTRUCT, halting execution for final handover...
[LM/Checkpoint] Migration triggered! Dumping state...
[LM/Checkpoint] State synced to frame structures.
[LM] Phase 2: Sending final dirty pages and context...
[LM] Number of dirty cards transmitted: 8525
[LM] Send final dirty pages took 30.117000 ms
[LM] Checkpoint dirty state took 0.112000 ms
[LM/Checkpoint] Live migration completed at 1785698908806.814453 ms. Migration took 4249.437012 ms
[LM/Checkpoint] Took 30.486000 ms to checkpoint application
