[LM] Starting migration server on port 8010 in background...
[LM] Server waiting for connection on port 8010...
[WASM] Config: 256 MB | 64.00 MB/s | 25000 Syscalls/s (Type: 2, Modifying: 256 bytes)
[WASM] Initializing physical memory backing...
[WASM] Entering execution loop (using bypass)...
[WASM] Tick 200 | Integrity: OK
[WASM] Tick 400 | Integrity: OK
[WASM] Tick 600 | Integrity: OK
[LM] Client connected. Migration is initiated (1785699352889.865723 ms)...
[LM] Phase 1: Sending initial bulk memory (256 MB)...
[WASM] Tick 800 | Integrity: OK
[WASM] Tick 1000 | Integrity: OK
[LM] Initial pre-copy of bulk memory completed. Took 2310.667480 ms
[LM] Phase 1.5: Starting incremental pre-copy...
[WASM] Tick 1200 | Integrity: OK
[LM] Number of dirty cards transmitted: 224664
[LM] Pre-copy Iteration 1: Sent 115027968 bytes.
[LM] Number of dirty cards transmitted: 99642
[LM] Pre-copy Iteration 2: Sent 51016704 bytes.
[LM] Number of dirty cards transmitted: 46463
[LM] Pre-copy Iteration 3: Sent 23789056 bytes.
[WASM] Tick 1400 | Integrity: OK
[LM] Number of dirty cards transmitted: 20501
[LM] Pre-copy Iteration 4: Sent 10496512 bytes.
[LM] Number of dirty cards transmitted: 9632
[LM] Pre-copy Iteration 5: Sent 4931584 bytes.
[LM] Pre-copy threshold reached. Moving to final handover.
[LM] Incremental pre-copy completed. Took 1772.693848 ms
[LM] Bulk + Precopy duration 1453.802000 ms
[LM] Received 0xEOF_RECONSTRUCT, halting execution for final handover...
[LM/Checkpoint] Migration triggered! Dumping state...
[LM/Checkpoint] State synced to frame structures.
[LM] Phase 2: Sending final dirty pages and context...
[LM] Number of dirty cards transmitted: 7215
[LM] Send final dirty pages took 11.408000 ms
[LM] Checkpoint dirty state took 0.069000 ms
[LM/Checkpoint] Live migration completed at 1785699357019.901123 ms. Migration took 4130.035400 ms
[LM/Checkpoint] Took 11.601000 ms to checkpoint application
