[LM] Starting migration server on port 8010 in background...
[LM] Server waiting for connection on port 8010...
[WASM] Config: 256 MB | 64.00 MB/s | 23000 Syscalls/s (Type: 2, Modifying: 256 bytes)
[WASM] Initializing physical memory backing...
[WASM] Entering execution loop (using bypass)...
[WASM] Tick 200 | Integrity: OK
[WASM] Tick 400 | Integrity: OK
[WASM] Tick 600 | Integrity: OK
[WASM] Tick 800 | Integrity: OK
[LM] Client connected. Migration is initiated (1785699236290.334961 ms)...
[LM] Phase 1: Sending initial bulk memory (256 MB)...
[WASM] Tick 1000 | Integrity: OK
[LM] Initial pre-copy of bulk memory completed. Took 2318.350586 ms
[LM] Phase 1.5: Starting incremental pre-copy...
[WASM] Tick 1200 | Integrity: OK
[LM] Number of dirty cards transmitted: 228073
[LM] Pre-copy Iteration 1: Sent 116773376 bytes.
[LM] Number of dirty cards transmitted: 100191
[LM] Pre-copy Iteration 2: Sent 51297792 bytes.
[WASM] Tick 1400 | Integrity: OK
[LM] Number of dirty cards transmitted: 43309
[LM] Pre-copy Iteration 3: Sent 22174208 bytes.
[LM] Number of dirty cards transmitted: 18868
[LM] Pre-copy Iteration 4: Sent 9660416 bytes.
[LM] Pre-copy threshold reached. Moving to final handover.
[LM] Incremental pre-copy completed. Took 1711.856201 ms
[LM] Bulk + Precopy duration 1553.239000 ms
[LM] Received 0xEOF_RECONSTRUCT, halting execution for final handover...
[LM/Checkpoint] Migration triggered! Dumping state...
[LM/Checkpoint] State synced to frame structures.
[LM] Phase 2: Sending final dirty pages and context...
[LM] Number of dirty cards transmitted: 11411
[LM] Send final dirty pages took 25.048000 ms
[LM] Checkpoint dirty state took 0.076000 ms
[LM/Checkpoint] Live migration completed at 1785699240388.279541 ms. Migration took 4097.944580 ms
[LM/Checkpoint] Took 25.329000 ms to checkpoint application
