[LM] Starting migration server on port 8010 in background...
[LM] Migration server started (1785698646144.501221 ms).
[LM] Server waiting for connection on port 8010...
[WASM] Config: 256 MB | 64.00 MB/s | 18000 Syscalls/s (Type: 2, Modifying: 256 bytes)
[WASM] Initializing physical memory backing...
[WASM] Entering execution loop (using bypass)...
[WASM] Tick 200 | Integrity: OK
[WASM] Tick 400 | Integrity: OK
[WASM] Tick 600 | Integrity: OK
[LM] Client connected. Migration is initiated (1785698651358.409424 ms)...
[LM/Checkpoint] Server waiting for membrane connection on port 8011...
[WASM] Tick 800 | Integrity: OK
[LM/Checkpoint] Membrane channel connected on port 8011
[LM/Checkpoint] Sync all to frame at opcode=10 (next=41)
CHECK: frame 0x555642070320, frame->ip 65
[LM/Checkpoint] Memory snapshot captured after 1.064453 ms
[LM/Checkpoint] Phase 1.1: Sending state metadata...
[LM/Checkpoint] Memory metadata transmitted after 0.032715 ms
[LM/Checkpoint] Phase 1.2: Sending initial bulk memory (256 MB)...
[LM/Checkpoint] Main interpreter thread halted for 0.368000 ms
[LM/Checkpoint] Batched 1 events in 124 bytes
[LM/Checkpoint] Batched 49 events in 13524 bytes
[LM/Checkpoint] SAMPLE: Sent membrane event of size 276 byte (256 bytes of payload)
[LM/Checkpoint] Batched 1 events in 124 bytes
[LM/Checkpoint] Batched 1 events in 124 bytes
[WASM] Tick 1000 | Integrity: OK
[LM/Checkpoint] Batched 40 events in 11040 bytes
[LM/Checkpoint] SAMPLE: Sent membrane event of size 276 byte (256 bytes of payload)
[LM/Checkpoint] Batched 1 events in 124 bytes
[LM/Checkpoint] Batched 59 events in 16284 bytes
[LM/Checkpoint] SAMPLE: Sent membrane event of size 276 byte (256 bytes of payload)
[LM/Checkpoint] Batched 5 events in 1380 bytes
[LM/Checkpoint] Linear memory transmitted after 2388.030518 ms
[LM/Checkpoint] Wrote stack and shadow stack frames to stream (frame count: 7, frame offset: 1464)
[LM/Checkpoint] Frames transmitted after 0.026123 ms
[LM/Checkpoint] Capturing the UDP state took 0.002000 ms (fd: 0, port: 0)
[LM/Checkpoint] Initial full linear memory handover duration 719.849000 ms
[LM/Checkpoint] Flushing 0 bytes of buffered membrane events...
[LM/Checkpoint] Received 0xEOF_RECONSTRUCT, halting execution for final handover (1785698653787.346436 ms)...
[LM/Checkpoint] Migration server completed its tasks
[LM/Checkpoint] Initial membrane chunk transmitted after 31.983154 ms
[LM/Checkpoint] Trying to converge membrane replay log...
[LM/Checkpoint] Batched 90 events in 24840 bytes
[WASM] Tick 1200 | Integrity: OK
[LM/Checkpoint] Batched 90 events in 24840 bytes
[LM/Checkpoint] SAMPLE: Sent membrane event of size 276 byte (256 bytes of payload)
[LM/Checkpoint] Batched 90 events in 24840 bytes
[LM/Checkpoint] Batched 80 events in 22080 bytes
[LM/Checkpoint] Batched 53 events in 14628 bytes
[LM/Checkpoint] SAMPLE: Sent membrane event of size 276 byte (256 bytes of payload)
[LM/Checkpoint] Batched 75 events in 20700 bytes
[WASM] Tick 1400 | Integrity: OK
[LM/Checkpoint] Batched 1 events in 124 bytes
[LM/Checkpoint] SAMPLE: Sent membrane event of size 276 byte (256 bytes of payload)
[LM/Checkpoint] Batched 90 events in 24840 bytes
[LM/Checkpoint] Batched 90 events in 24840 bytes
[LM/Checkpoint] Batched 90 events in 24840 bytes
[LM/Checkpoint] SAMPLE: Sent membrane event of size 276 byte (256 bytes of payload)
[LM/Checkpoint] Batched 17 events in 4692 bytes
[WASM] Tick 1600 | Integrity: OK
[LM/Checkpoint] Batched 1 events in 124 bytes
[LM/Checkpoint] SAMPLE: Sent membrane event of size 276 byte (256 bytes of payload)
[LM/Checkpoint] Batched 90 events in 24840 bytes
[LM/Checkpoint] Batched 18 events in 4968 bytes
[LM/Checkpoint] Batched 1 events in 124 bytes
[LM/Checkpoint] SAMPLE: Sent membrane event of size 276 byte (256 bytes of payload)
[WASM] Tick 1800 | Integrity: OK
[LM/Checkpoint] Batched 9 events in 2484 bytes
[LM/Checkpoint] Batched 90 events in 24840 bytes
[LM/Checkpoint] Batched 90 events in 24840 bytes
[LM/Checkpoint] SAMPLE: Sent membrane event of size 276 byte (256 bytes of payload)
[LM/Checkpoint] Batched 90 events in 24840 bytes
[LM/Checkpoint] Batched 90 events in 24840 bytes
[WASM] Tick 2000 | Integrity: OK
[LM/Checkpoint] SAMPLE: Sent membrane event of size 276 byte (256 bytes of payload)
[LM/Checkpoint] Batched 90 events in 24840 bytes
[LM/Checkpoint] Batched 1 events in 124 bytes
[LM/Checkpoint] Batched 1 events in 124 bytes
[LM/Checkpoint] SAMPLE: Sent membrane event of size 276 byte (256 bytes of payload)
[LM/Checkpoint] Batched 90 events in 24840 bytes
[LM/Checkpoint] Batched 90 events in 24840 bytes
[WASM] Tick 2200 | Integrity: OK
[LM/Checkpoint] Batched 90 events in 24840 bytes
[LM/Checkpoint] SAMPLE: Sent membrane event of size 276 byte (256 bytes of payload)
[LM/Checkpoint] Converged naturally! Lag: 247 events (7338.808350 ms).
[LM/Checkpoint] Migration client completed its tasks
[LM/Checkpoint] Transmitted 132867 membrane events
[LM/Checkpoint] Migration completed in 9770.605713 ms
[LM/Checkpoint] Live migration completed at 1785698661143.995850 ms.
[LM/Checkpoint] Closing migration connections...
[LM/Checkpoint] Closed all migration connections!
