[LM] Starting migration server on port 8010 in background...
[LM] Server waiting for connection on port 8010...
[WASM] Config: 256 MB | 64.00 MB/s | 4000 Syscalls/s (Type: 2, Modifying: 256 bytes)
[WASM] Initializing physical memory backing...
[WASM] Entering execution loop (using bypass)...
[WASM] Tick 200 | Integrity: OK
[WASM] Tick 400 | Integrity: OK
[WASM] Tick 600 | Integrity: OK
[WASM] Tick 800 | Integrity: OK
[LM] Client connected. Migration is initiated (1785697384446.648926 ms)...
[LM] Phase 1: Sending initial bulk memory (256 MB)...
[WASM] Tick 1000 | Integrity: OK
[LM] Initial pre-copy of bulk memory completed. Took 2313.995850 ms
[LM] Phase 1.5: Starting incremental pre-copy...
[WASM] Tick 1200 | Integrity: OK
[LM] Number of dirty cards transmitted: 233971
[LM] Pre-copy Iteration 1: Sent 119793152 bytes.
[WASM] Tick 1400 | Integrity: OK
[LM] Number of dirty cards transmitted: 105520
[LM] Pre-copy Iteration 2: Sent 54026240 bytes.
[LM] Number of dirty cards transmitted: 46538
[LM] Pre-copy Iteration 3: Sent 23827456 bytes.
[LM] Number of dirty cards transmitted: 21633
[LM] Pre-copy Iteration 4: Sent 11076096 bytes.
[LM] Number of dirty cards transmitted: 9181
[LM] Pre-copy Iteration 5: Sent 4700672 bytes.
[LM] Pre-copy threshold reached. Moving to final handover.
[LM] Incremental pre-copy completed. Took 1837.118652 ms
[LM] Bulk + Precopy duration 1537.459000 ms
[LM] Received 0xEOF_RECONSTRUCT, halting execution for final handover...
[LM/Checkpoint] Migration triggered! Dumping state...
[LM/Checkpoint] State synced to frame structures.
[LM] Phase 2: Sending final dirty pages and context...
[LM] Number of dirty cards transmitted: 7355
[LM] Send final dirty pages took 15.590000 ms
[LM] Checkpoint dirty state took 0.077000 ms
[LM/Checkpoint] Live migration completed at 1785697388642.389893 ms. Migration took 4195.740967 ms
[LM/Checkpoint] Took 15.861000 ms to checkpoint application
