[LM] Starting migration server on port 8010 in background...
[LM] Migration server started (1785699142624.956055 ms).
[LM/Checkpoint] Server waiting for connection on port 8010...
[WASM] Config: 256 MB | 64.00 MB/s | 22000 Syscalls/s (Type: 2, Modifying: 256 bytes)
[WASM] Initializing physical memory backing...
[WASM] Entering execution loop (using bypass)...
[WASM] Tick 200 | Integrity: OK
[WASM] Tick 400 | Integrity: OK
[WASM] Tick 600 | Integrity: OK
[WASM] Tick 800 | Integrity: OK
[LM/Checkpoint] Client connected. Initiating Post-Copy (1785699148837.831299 ms)...
[LM/Checkpoint] Halting execution for state extraction...
[LM/Checkpoint] Sync all to frame at opcode=10 (next=41)
[LM/Checkpoint] Sync of stack, shadow stack and linear memory took 0.015869 ms (at 1785699148838.944092 ms)
[LM/Checkpoint] Total of 4096 memory pages
[LM/Checkpoint] Capturing the UDP state took 0.001000 ms (fd: 0, port: 0)
[LM/Checkpoint] Execution state transferred in 1.183594 ms. Target is resuming.
[LM/Checkpoint] Entering background page server mode (at 1785699148839.017334 ms)...
[LM/Checkpoint] Received LM_EOF_COMPLETE_CLIENT. Transmitted 1595 pages in 8781.774170 ms (at 1785699157620.793945 ms).
[LM/Checkpoint] Migration server shutting down (at 1785699157620.828125 ms)...
[LM/Checkpoint] Total session duration: 8782.999756 ms
[LM/Checkpoint] Closed migration connections!
