[LM] Starting migration server on port 8010 in background...
[LM] Server waiting for connection on port 8010...
[WASM] Config: 256 MB | 64.00 MB/s | 11000 Syscalls/s (Type: 2, Modifying: 256 bytes)
[WASM] Initializing physical memory backing...
[WASM] Entering execution loop (using bypass)...
[WASM] Tick 200 | Integrity: OK
[WASM] Tick 400 | Integrity: OK
[WASM] Tick 600 | Integrity: OK
[LM] Client connected. Migration is initiated (1785698010834.843506 ms)...
[LM] Phase 1: Sending initial bulk memory (256 MB)...
[WASM] Tick 800 | Integrity: OK
[WASM] Tick 1000 | Integrity: OK
[LM] Initial pre-copy of bulk memory completed. Took 2315.547363 ms
[LM] Phase 1.5: Starting incremental pre-copy...
[LM] Number of dirty cards transmitted: 231873
[LM] Pre-copy Iteration 1: Sent 118718976 bytes.
[WASM] Tick 1200 | Integrity: OK
[LM] Number of dirty cards transmitted: 102922
[LM] Pre-copy Iteration 2: Sent 52696064 bytes.
[LM] Number of dirty cards transmitted: 45811
[LM] Pre-copy Iteration 3: Sent 23455232 bytes.
[LM] Number of dirty cards transmitted: 20523
[LM] Pre-copy Iteration 4: Sent 10507776 bytes.
[LM] Number of dirty cards transmitted: 10262
[LM] Pre-copy Iteration 5: Sent 5254144 bytes.
[LM] Pre-copy threshold reached. Moving to final handover.
[LM] Incremental pre-copy completed. Took 1809.660645 ms
[LM] Bulk + Precopy duration 1559.860000 ms
[LM] Received 0xEOF_RECONSTRUCT, halting execution for final handover...
[LM/Checkpoint] Migration triggered! Dumping state...
[LM/Checkpoint] State synced to frame structures.
[LM] Phase 2: Sending final dirty pages and context...
[LM] Number of dirty cards transmitted: 6985
[LM] Send final dirty pages took 14.269000 ms
[LM] Checkpoint dirty state took 0.072000 ms
[LM/Checkpoint] Live migration completed at 1785698015009.354736 ms. Migration took 4174.511230 ms
[LM/Checkpoint] Took 14.535000 ms to checkpoint application
