[LM] Starting migration server on port 8010 in background...
[LM] Server waiting for connection on port 8010...
[WASM] Config: 256 MB | 64.00 MB/s | 10000 Syscalls/s (Type: 2, Modifying: 256 bytes)
[WASM] Initializing physical memory backing...
[WASM] Entering execution loop (using bypass)...
[WASM] Tick 200 | Integrity: OK
[WASM] Tick 400 | Integrity: OK
[WASM] Tick 600 | Integrity: OK
[WASM] Tick 800 | Integrity: OK
[LM] Client connected. Migration is initiated (1785697920476.317139 ms)...
[LM] Phase 1: Sending initial bulk memory (256 MB)...
[WASM] Tick 1000 | Integrity: OK
[LM] Initial pre-copy of bulk memory completed. Took 2320.731689 ms
[LM] Phase 1.5: Starting incremental pre-copy...
[WASM] Tick 1200 | Integrity: OK
[LM] Number of dirty cards transmitted: 230039
[LM] Pre-copy Iteration 1: Sent 117779968 bytes.
[WASM] Tick 1400 | Integrity: OK
[LM] Number of dirty cards transmitted: 102243
[LM] Pre-copy Iteration 2: Sent 52348416 bytes.
[LM] Number of dirty cards transmitted: 45228
[LM] Pre-copy Iteration 3: Sent 23156736 bytes.
[LM] Number of dirty cards transmitted: 20977
[LM] Pre-copy Iteration 4: Sent 10740224 bytes.
[LM] Number of dirty cards transmitted: 8526
[LM] Pre-copy Iteration 5: Sent 4365312 bytes.
[LM] Pre-copy threshold reached. Moving to final handover.
[LM] Incremental pre-copy completed. Took 1786.481934 ms
[LM] Bulk + Precopy duration 1551.365000 ms
[LM] Received 0xEOF_RECONSTRUCT, halting execution for final handover...
[LM/Checkpoint] Migration triggered! Dumping state...
[LM/Checkpoint] State synced to frame structures.
[LM] Phase 2: Sending final dirty pages and context...
[LM] Number of dirty cards transmitted: 6559
[LM] Send final dirty pages took 14.123000 ms
[LM] Checkpoint dirty state took 0.087000 ms
[LM/Checkpoint] Live migration completed at 1785697924629.465332 ms. Migration took 4153.148193 ms
[LM/Checkpoint] Took 14.357000 ms to checkpoint application
