[LM] Starting migration server on port 8010 in background...
[LM] Migration server started (1785699027697.113525 ms).
[LM/Checkpoint] Server waiting for connection on port 8010...
[WASM] Config: 256 MB | 64.00 MB/s | 21000 Syscalls/s (Type: 2, Modifying: 256 bytes)
[WASM] Initializing physical memory backing...
[WASM] Entering execution loop (using bypass)...
[WASM] Tick 200 | Integrity: OK
[WASM] Tick 400 | Integrity: OK
[WASM] Tick 600 | Integrity: OK
[WASM] Tick 800 | Integrity: OK
[WASM] Tick 1000 | Integrity: OK
[WASM] Tick 1200 | Integrity: OK
[WASM] Tick 1400 | Integrity: OK
[LM/Checkpoint] Client connected. Initiating Post-Copy (1785699036928.856201 ms)...
[LM/Checkpoint] Halting execution for state extraction...
[LM/Checkpoint] Sync all to frame at opcode=10 (next=41)
[LM/Checkpoint] Sync of stack, shadow stack and linear memory took 0.015381 ms (at 1785699036933.078613 ms)
[LM/Checkpoint] Total of 4096 memory pages
[LM/Checkpoint] Capturing the UDP state took 0.001000 ms (fd: 0, port: 0)
[LM/Checkpoint] Execution state transferred in 4.346191 ms. Target is resuming.
[LM/Checkpoint] Entering background page server mode (at 1785699036933.204590 ms)...
