[LM] Starting migration server on port 8010 in background...
[LM] Migration server started (1785698609730.487305 ms).
[LM/Checkpoint] Server waiting for connection on port 8010...
[WASM] Config: 256 MB | 64.00 MB/s | 17000 Syscalls/s (Type: 2, Modifying: 256 bytes)
[WASM] Initializing physical memory backing...
[WASM] Entering execution loop (using bypass)...
[WASM] Tick 200 | Integrity: OK
[WASM] Tick 400 | Integrity: OK
[WASM] Tick 600 | Integrity: OK
[WASM] Tick 800 | Integrity: OK
[LM/Checkpoint] Client connected. Initiating Post-Copy (1785698614942.878906 ms)...
[LM/Checkpoint] Halting execution for state extraction...
[LM/Checkpoint] Sync all to frame at opcode=10 (next=41)
[LM/Checkpoint] Sync of stack, shadow stack and linear memory took 0.010986 ms (at 1785698614945.538574 ms)
[LM/Checkpoint] Total of 4096 memory pages
[LM/Checkpoint] Capturing the UDP state took 0.002000 ms (fd: 0, port: 0)
[LM/Checkpoint] Execution state transferred in 3.300049 ms. Target is resuming.
[LM/Checkpoint] Entering background page server mode (at 1785698614946.181396 ms)...
[LM/Checkpoint] Received LM_EOF_COMPLETE_CLIENT. Transmitted 1442 pages in 7831.441895 ms (at 1785698622777.625977 ms).
[LM/Checkpoint] Migration server shutting down (at 1785698622777.660889 ms)...
[LM/Checkpoint] Total session duration: 7834.784912 ms
[LM/Checkpoint] Closed migration connections!
