[LM] Starting migration server on port 8010 in background...
[LM] Server waiting for connection on port 8010...
[WASM] Config: 256 MB | 64.00 MB/s | 6000 Syscalls/s (Type: 2, Modifying: 256 bytes)
[WASM] Initializing physical memory backing...
[WASM] Entering execution loop (using bypass)...
[WASM] Tick 200 | Integrity: OK
[WASM] Tick 400 | Integrity: OK
[WASM] Tick 600 | Integrity: OK
[LM] Client connected. Migration is initiated (1785697556542.416260 ms)...
[LM] Phase 1: Sending initial bulk memory (256 MB)...
[WASM] Tick 800 | Integrity: OK
[WASM] Tick 1000 | Integrity: OK
[LM] Initial pre-copy of bulk memory completed. Took 2302.991455 ms
[LM] Phase 1.5: Starting incremental pre-copy...
[LM] Number of dirty cards transmitted: 232344
[LM] Pre-copy Iteration 1: Sent 118960128 bytes.
[WASM] Tick 1200 | Integrity: OK
[LM] Number of dirty cards transmitted: 104014
[LM] Pre-copy Iteration 2: Sent 53255168 bytes.
[LM] Number of dirty cards transmitted: 47458
[LM] Pre-copy Iteration 3: Sent 24298496 bytes.
[LM] Number of dirty cards transmitted: 20977
[LM] Pre-copy Iteration 4: Sent 10740224 bytes.
[LM] Number of dirty cards transmitted: 9837
[LM] Pre-copy Iteration 5: Sent 5036544 bytes.
[LM] Pre-copy threshold reached. Moving to final handover.
[LM] Incremental pre-copy completed. Took 1828.891357 ms
[LM] Bulk + Precopy duration 1540.052000 ms
[LM] Received 0xEOF_RECONSTRUCT, halting execution for final handover...
[LM/Checkpoint] Migration triggered! Dumping state...
[LM/Checkpoint] State synced to frame structures.
[LM] Phase 2: Sending final dirty pages and context...
[LM] Number of dirty cards transmitted: 7215
[LM] Send final dirty pages took 18.227000 ms
[LM] Checkpoint dirty state took 0.071000 ms
[LM/Checkpoint] Live migration completed at 1785697560728.990479 ms. Migration took 4186.574219 ms
[LM/Checkpoint] Took 18.443000 ms to checkpoint application
