[LM] Starting migration server on port 8010 in background...
[LM] Server waiting for connection on port 8010...
[WASM] Config: 256 MB | 64.00 MB/s | 14000 Syscalls/s (Type: 2, Modifying: 256 bytes)
[WASM] Initializing physical memory backing...
[WASM] Entering execution loop (using bypass)...
[WASM] Tick 200 | Integrity: OK
[WASM] Tick 400 | Integrity: OK
[WASM] Tick 600 | Integrity: OK
[LM] Client connected. Migration is initiated (1785698295533.057129 ms)...
[LM] Phase 1: Sending initial bulk memory (256 MB)...
[WASM] Tick 800 | Integrity: OK
[WASM] Tick 1000 | Integrity: OK
[LM] Initial pre-copy of bulk memory completed. Took 2312.416016 ms
[LM] Phase 1.5: Starting incremental pre-copy...
[LM] Number of dirty cards transmitted: 230562
[LM] Pre-copy Iteration 1: Sent 118047744 bytes.
[WASM] Tick 1200 | Integrity: OK
[LM] Number of dirty cards transmitted: 102897
[LM] Pre-copy Iteration 2: Sent 52683264 bytes.
[LM] Number of dirty cards transmitted: 45599
[LM] Pre-copy Iteration 3: Sent 23346688 bytes.
[LM] Number of dirty cards transmitted: 20544
[LM] Pre-copy Iteration 4: Sent 10518528 bytes.
[LM] Number of dirty cards transmitted: 8526
[LM] Pre-copy Iteration 5: Sent 4365312 bytes.
[LM] Pre-copy threshold reached. Moving to final handover.
[LM] Incremental pre-copy completed. Took 1797.648193 ms
[LM] Bulk + Precopy duration 1557.684000 ms
[LM] Received 0xEOF_RECONSTRUCT, halting execution for final handover...
[LM/Checkpoint] Migration triggered! Dumping state...
[LM/Checkpoint] State synced to frame structures.
[LM] Phase 2: Sending final dirty pages and context...
[LM] Number of dirty cards transmitted: 6560
[LM] Send final dirty pages took 15.522000 ms
[LM] Checkpoint dirty state took 0.069000 ms
[LM/Checkpoint] Live migration completed at 1785698299694.362549 ms. Migration took 4161.305420 ms
[LM/Checkpoint] Took 15.769000 ms to checkpoint application
