[LM] Starting migration server on port 8010 in background...
[LM] Server waiting for connection on port 8010...
[WASM] Config: 256 MB | 64.00 MB/s | 22000 Syscalls/s (Type: 2, Modifying: 256 bytes)
[WASM] Initializing physical memory backing...
[WASM] Entering execution loop (using bypass)...
[WASM] Tick 200 | Integrity: OK
[WASM] Tick 400 | Integrity: OK
[WASM] Tick 600 | Integrity: OK
[WASM] Tick 800 | Integrity: OK
[LM] Client connected. Migration is initiated (1785699127881.681396 ms)...
[LM] Phase 1: Sending initial bulk memory (256 MB)...
[WASM] Tick 1000 | Integrity: OK
[LM] Initial pre-copy of bulk memory completed. Took 2303.671875 ms
[LM] Phase 1.5: Starting incremental pre-copy...
[WASM] Tick 1200 | Integrity: OK
[LM] Number of dirty cards transmitted: 224796
[LM] Pre-copy Iteration 1: Sent 115095552 bytes.
[LM] Number of dirty cards transmitted: 95034
[LM] Pre-copy Iteration 2: Sent 48657408 bytes.
[LM] Number of dirty cards transmitted: 40639
[LM] Pre-copy Iteration 3: Sent 20807168 bytes.
[LM] Number of dirty cards transmitted: 17700
[LM] Pre-copy Iteration 4: Sent 9062400 bytes.
[LM] Pre-copy threshold reached. Moving to final handover.
[LM] Incremental pre-copy completed. Took 1665.853027 ms
[LM] Bulk + Precopy duration 1583.900000 ms
[LM] Received 0xEOF_RECONSTRUCT, halting execution for final handover...
[LM/Checkpoint] Migration triggered! Dumping state...
[LM/Checkpoint] State synced to frame structures.
[LM] Phase 2: Sending final dirty pages and context...
[LM] Number of dirty cards transmitted: 10492
[LM] Send final dirty pages took 23.648000 ms
[LM] Checkpoint dirty state took 0.089000 ms
[LM/Checkpoint] Live migration completed at 1785699131918.819824 ms. Migration took 4037.138428 ms
[LM/Checkpoint] Took 23.892000 ms to checkpoint application
