[LM] Starting migration server on port 8010 in background...
[LM] Server waiting for connection on port 8010...
[WASM] Config: 256 MB | 64.00 MB/s | 2000 Syscalls/s (Type: 2, Modifying: 256 bytes)
[WASM] Initializing physical memory backing...
[WASM] Entering execution loop (using bypass)...
[WASM] Tick 200 | Integrity: OK
[WASM] Tick 400 | Integrity: OK
[WASM] Tick 600 | Integrity: OK
[LM] Client connected. Migration is initiated (1785697216072.849365 ms)...
[LM] Phase 1: Sending initial bulk memory (256 MB)...
[WASM] Tick 800 | Integrity: OK
[WASM] Tick 1000 | Integrity: OK
[LM] Initial pre-copy of bulk memory completed. Took 2312.151367 ms
[LM] Phase 1.5: Starting incremental pre-copy...
[LM] Number of dirty cards transmitted: 234465
[LM] Pre-copy Iteration 1: Sent 120046080 bytes.
[WASM] Tick 1200 | Integrity: OK
[LM] Number of dirty cards transmitted: 105037
[LM] Pre-copy Iteration 2: Sent 53778944 bytes.
[LM] Number of dirty cards transmitted: 47063
[LM] Pre-copy Iteration 3: Sent 24096256 bytes.
[LM] Number of dirty cards transmitted: 20978
[LM] Pre-copy Iteration 4: Sent 10740736 bytes.
[LM] Number of dirty cards transmitted: 9869
[LM] Pre-copy Iteration 5: Sent 5052928 bytes.
[LM] Pre-copy threshold reached. Moving to final handover.
[LM] Incremental pre-copy completed. Took 1829.669922 ms
[LM] Bulk + Precopy duration 1538.706000 ms
[LM] Received 0xEOF_RECONSTRUCT, halting execution for final handover...
[LM/Checkpoint] Migration triggered! Dumping state...
[LM/Checkpoint] State synced to frame structures.
[LM] Phase 2: Sending final dirty pages and context...
[LM] Number of dirty cards transmitted: 7810
[LM] Send final dirty pages took 17.657000 ms
[LM] Checkpoint dirty state took 0.068000 ms
[LM/Checkpoint] Live migration completed at 1785697220273.481201 ms. Migration took 4200.631836 ms
[LM/Checkpoint] Took 17.889000 ms to checkpoint application
