[LM] Starting migration server on port 8010 in background...
[LM] Migration server started (1785698505951.687744 ms).
[LM/Checkpoint] Server waiting for connection on port 8010...
[WASM] Config: 256 MB | 64.00 MB/s | 16000 Syscalls/s (Type: 2, Modifying: 256 bytes)
[WASM] Initializing physical memory backing...
[WASM] Entering execution loop (using bypass)...
[WASM] Tick 200 | Integrity: OK
[WASM] Tick 400 | Integrity: OK
[WASM] Tick 600 | Integrity: OK
[WASM] Tick 800 | Integrity: OK
[LM/Checkpoint] Client connected. Initiating Post-Copy (1785698512218.360352 ms)...
[LM/Checkpoint] Halting execution for state extraction...
[LM/Checkpoint] Sync all to frame at opcode=10 (next=41)
[LM/Checkpoint] Sync of stack, shadow stack and linear memory took 0.020508 ms (at 1785698512220.060303 ms)
[LM/Checkpoint] Total of 4096 memory pages
[LM/Checkpoint] Capturing the UDP state took 0.001000 ms (fd: 0, port: 0)
[LM/Checkpoint] Execution state transferred in 2.244629 ms. Target is resuming.
[LM/Checkpoint] Entering background page server mode (at 1785698512220.607178 ms)...
[LM/Checkpoint] Received LM_EOF_COMPLETE_CLIENT. Transmitted 1624 pages in 8841.522705 ms (at 1785698521062.132568 ms).
[LM/Checkpoint] Migration server shutting down (at 1785698521062.182617 ms)...
[LM/Checkpoint] Total session duration: 8843.825439 ms
[LM/Checkpoint] Closed migration connections!
