[LM] Starting migration server on port 8010 in background...
[LM] Migration server started (1785699366628.354248 ms).
[LM/Checkpoint] Server waiting for connection on port 8010...
[WASM] Config: 256 MB | 64.00 MB/s | 25000 Syscalls/s (Type: 2, Modifying: 256 bytes)
[WASM] Initializing physical memory backing...
[WASM] Entering execution loop (using bypass)...
[WASM] Tick 200 | Integrity: OK
[WASM] Tick 400 | Integrity: OK
[WASM] Tick 600 | Integrity: OK
[WASM] Tick 800 | Integrity: OK
[LM/Checkpoint] Client connected. Initiating Post-Copy (1785699372854.621338 ms)...
[LM/Checkpoint] Halting execution for state extraction...
[LM/Checkpoint] Sync all to frame at opcode=10 (next=41)
[LM/Checkpoint] Sync of stack, shadow stack and linear memory took 0.018555 ms (at 1785699372858.993652 ms)
[LM/Checkpoint] Total of 4096 memory pages
[LM/Checkpoint] Capturing the UDP state took 0.001000 ms (fd: 0, port: 0)
[LM/Checkpoint] Execution state transferred in 5.399902 ms. Target is resuming.
[LM/Checkpoint] Entering background page server mode (at 1785699372860.023682 ms)...
[LM/Checkpoint] Received LM_EOF_COMPLETE_CLIENT. Transmitted 1610 pages in 8782.671875 ms (at 1785699381642.698242 ms).
[LM/Checkpoint] Migration server shutting down (at 1785699381642.738770 ms)...
[LM/Checkpoint] Total session duration: 8788.120361 ms
[LM/Checkpoint] Closed migration connections!
