[LM] Starting migration server on port 8010 in background...
[LM] Migration server started (1785697229769.148438 ms).
[LM/Checkpoint] Server waiting for connection on port 8010...
[WASM] Config: 256 MB | 64.00 MB/s | 2000 Syscalls/s (Type: 2, Modifying: 256 bytes)
[WASM] Initializing physical memory backing...
[WASM] Entering execution loop (using bypass)...
[WASM] Tick 200 | Integrity: OK
[WASM] Tick 400 | Integrity: OK
[WASM] Tick 600 | Integrity: OK
[WASM] Tick 800 | Integrity: OK
[LM/Checkpoint] Client connected. Initiating Post-Copy (1785697235997.722656 ms)...
[LM/Checkpoint] Halting execution for state extraction...
[LM/Checkpoint] Sync all to frame at opcode=10 (next=41)
[LM/Checkpoint] Sync of stack, shadow stack and linear memory took 0.018311 ms (at 1785697236000.747803 ms)
[LM/Checkpoint] Total of 4096 memory pages
[LM/Checkpoint] Capturing the UDP state took 0.002000 ms (fd: 0, port: 0)
[LM/Checkpoint] Execution state transferred in 3.304199 ms. Target is resuming.
[LM/Checkpoint] Entering background page server mode (at 1785697236001.029053 ms)...
[LM/Checkpoint] Received LM_EOF_COMPLETE_CLIENT. Transmitted 1452 pages in 7827.097656 ms (at 1785697243828.129150 ms).
[LM/Checkpoint] Migration server shutting down (at 1785697243828.177979 ms)...
[LM/Checkpoint] Total session duration: 7830.458008 ms
[LM/Checkpoint] Closed migration connections!
