[LM] Starting migration server on port 8010 in background...
[LM] Migration server started (1785698024720.779541 ms).
[LM/Checkpoint] Server waiting for connection on port 8010...
[WASM] Config: 256 MB | 64.00 MB/s | 11000 Syscalls/s (Type: 2, Modifying: 256 bytes)
[WASM] Initializing physical memory backing...
[WASM] Entering execution loop (using bypass)...
[WASM] Tick 200 | Integrity: OK
[WASM] Tick 400 | Integrity: OK
[WASM] Tick 600 | Integrity: OK
[WASM] Tick 800 | Integrity: OK
[LM/Checkpoint] Client connected. Initiating Post-Copy (1785698030933.833008 ms)...
[LM/Checkpoint] Halting execution for state extraction...
[LM/Checkpoint] Sync all to frame at opcode=10 (next=41)
[LM/Checkpoint] Sync of stack, shadow stack and linear memory took 0.018555 ms (at 1785698030938.033691 ms)
[LM/Checkpoint] Total of 4096 memory pages
[LM/Checkpoint] Capturing the UDP state took 0.001000 ms (fd: 0, port: 0)
[LM/Checkpoint] Execution state transferred in 4.360107 ms. Target is resuming.
[LM/Checkpoint] Entering background page server mode (at 1785698030938.195312 ms)...
[LM/Checkpoint] Received LM_EOF_COMPLETE_CLIENT. Transmitted 1438 pages in 7825.185059 ms (at 1785698038763.383057 ms).
[LM/Checkpoint] Migration server shutting down (at 1785698038763.424316 ms)...
[LM/Checkpoint] Total session duration: 7829.593506 ms
[LM/Checkpoint] Closed migration connections!
