[LM] Starting migration server on port 8010 in background...
[LM] Server waiting for connection on port 8010...
[WASM] Config: 256 MB | 64.00 MB/s | 13000 Syscalls/s (Type: 2, Modifying: 256 bytes)
[WASM] Initializing physical memory backing...
[WASM] Entering execution loop (using bypass)...
[WASM] Tick 200 | Integrity: OK
[WASM] Tick 400 | Integrity: OK
[WASM] Tick 600 | Integrity: OK
[WASM] Tick 800 | Integrity: OK
[LM] Client connected. Migration is initiated (1785698197944.363770 ms)...
[LM] Phase 1: Sending initial bulk memory (256 MB)...
[WASM] Tick 1000 | Integrity: OK
[LM] Initial pre-copy of bulk memory completed. Took 2309.800537 ms
[LM] Phase 1.5: Starting incremental pre-copy...
[WASM] Tick 1200 | Integrity: OK
[LM] Number of dirty cards transmitted: 230695
[LM] Pre-copy Iteration 1: Sent 118115840 bytes.
[LM] Number of dirty cards transmitted: 102243
[LM] Pre-copy Iteration 2: Sent 52348416 bytes.
[WASM] Tick 1400 | Integrity: OK
[LM] Number of dirty cards transmitted: 45226
[LM] Pre-copy Iteration 3: Sent 23155712 bytes.
[LM] Number of dirty cards transmitted: 20324
[LM] Pre-copy Iteration 4: Sent 10405888 bytes.
[LM] Pre-copy threshold reached. Moving to final handover.
[LM] Incremental pre-copy completed. Took 1756.034668 ms
[LM] Bulk + Precopy duration 1541.857000 ms
[LM] Received 0xEOF_RECONSTRUCT, halting execution for final handover...
[LM/Checkpoint] Migration triggered! Dumping state...
[LM/Checkpoint] State synced to frame structures.
[LM] Phase 2: Sending final dirty pages and context...
[LM] Number of dirty cards transmitted: 11802
[LM] Send final dirty pages took 21.381000 ms
[LM] Checkpoint dirty state took 0.077000 ms
[LM/Checkpoint] Live migration completed at 1785698202074.487549 ms. Migration took 4130.123779 ms
[LM/Checkpoint] Took 21.602000 ms to checkpoint application
