[LM] Starting migration server on port 8010 in background...
[LM] Migration server started (1785698310493.564453 ms).
[LM/Checkpoint] Server waiting for connection on port 8010...
[WASM] Config: 256 MB | 64.00 MB/s | 14000 Syscalls/s (Type: 2, Modifying: 256 bytes)
[WASM] Initializing physical memory backing...
[WASM] Entering execution loop (using bypass)...
[WASM] Tick 200 | Integrity: OK
[WASM] Tick 400 | Integrity: OK
[WASM] Tick 600 | Integrity: OK
[WASM] Tick 800 | Integrity: OK
[LM/Checkpoint] Client connected. Initiating Post-Copy (1785698315698.119629 ms)...
[LM/Checkpoint] Halting execution for state extraction...
[LM/Checkpoint] Sync all to frame at opcode=10 (next=41)
[LM/Checkpoint] Sync of stack, shadow stack and linear memory took 0.009033 ms (at 1785698315698.635254 ms)
[LM/Checkpoint] Total of 4096 memory pages
[LM/Checkpoint] Capturing the UDP state took 0.001000 ms (fd: 0, port: 0)
[LM/Checkpoint] Execution state transferred in 1.181641 ms. Target is resuming.
[LM/Checkpoint] Entering background page server mode (at 1785698315699.303467 ms)...
[LM/Checkpoint] Received LM_EOF_COMPLETE_CLIENT. Transmitted 1804 pages in 9822.985352 ms (at 1785698325522.291504 ms).
[LM/Checkpoint] Migration server shutting down (at 1785698325522.328857 ms)...
[LM/Checkpoint] Total session duration: 9824.211914 ms
[LM/Checkpoint] Closed migration connections!
