[LM] Starting migration server on port 8010 in background...
[LM] Server waiting for connection on port 8010...
[WASM] Config: 256 MB | 64.00 MB/s | 18000 Syscalls/s (Type: 2, Modifying: 256 bytes)
[WASM] Initializing physical memory backing...
[WASM] Entering execution loop (using bypass)...
[WASM] Tick 200 | Integrity: OK
[WASM] Tick 400 | Integrity: OK
[WASM] Tick 600 | Integrity: OK
[LM] Client connected. Migration is initiated (1785698692468.836914 ms)...
[LM] Phase 1: Sending initial bulk memory (256 MB)...
[WASM] Tick 800 | Integrity: OK
[WASM] Tick 1000 | Integrity: OK
[LM] Initial pre-copy of bulk memory completed. Took 2311.872559 ms
[LM] Phase 1.5: Starting incremental pre-copy...
[LM] Number of dirty cards transmitted: 228596
[LM] Pre-copy Iteration 1: Sent 117041152 bytes.
[WASM] Tick 1200 | Integrity: OK
[LM] Number of dirty cards transmitted: 100276
[LM] Pre-copy Iteration 2: Sent 51341312 bytes.
[LM] Number of dirty cards transmitted: 44572
[LM] Pre-copy Iteration 3: Sent 22820864 bytes.
[LM] Number of dirty cards transmitted: 18356
[LM] Pre-copy Iteration 4: Sent 9398272 bytes.
[LM] Pre-copy threshold reached. Moving to final handover.
[LM] Incremental pre-copy completed. Took 1719.994873 ms
[LM] Bulk + Precopy duration 1552.935000 ms
[LM] Received 0xEOF_RECONSTRUCT, halting execution for final handover...
[LM/Checkpoint] Migration triggered! Dumping state...
[LM/Checkpoint] State synced to frame structures.
[LM] Phase 2: Sending final dirty pages and context...
[LM] Number of dirty cards transmitted: 11147
[LM] Send final dirty pages took 20.970000 ms
[LM] Checkpoint dirty state took 0.064000 ms
[LM/Checkpoint] Live migration completed at 1785698696566.496094 ms. Migration took 4097.659424 ms
[LM/Checkpoint] Took 21.177000 ms to checkpoint application
