[LM] Connecting to migration server 192.168.10.11:8010...
[LM Client] Receiving pre-copy chunk...
[LM Client] Receiving pre-copy chunk...
[LM Client] Receiving pre-copy chunk...
[LM Client] Receiving pre-copy chunk...
[LM Client] Pre-copy complete. Proceeding to final handover.
Frame - IP: 14, function_index: 33, func: 0x5555850fe300
  frame->ip: 0x7fff5328ec40
END

Frame - IP: 317, function_index: 22, func: 0x5555850fe0f0
  frame->ip: 0x7fff5328ea37
END

Frame - IP: 75, function_index: 23, func: 0x5555850fe120
  frame->ip: 0x7fff5328eaa4
END

Frame - IP: 1221, function_index: 13, func: 0x5555850fdf40
  frame->ip: 0x7fff5328c819
END

Frame - IP: 114, function_index: 25, func: 0x5555850fe180
  frame->ip: 0x7fff5328eb4a
END

Frame - IP: 52, function_index: 12, func: 0x5555850fdf10
  frame->ip: 0x7fff5328c329
END

[LM Client] Migration successfully completed.
[LM] State received and restored.
[LM] Starting migration server on port 8010 in background...
[LM] Re-entering interpreter loop...
[LM/Resume] exec_env=0x5555850ff0b0 cur_frame=0x555585100300 module_inst=0x5555850fd990 function=0x5555850fe300 prev_frame=0x5555851001f4 ip=0x7fff5328ec40 (offset=14)
[LM/Resume] new function array base=0x5555850fdcd0 count=93
[LM/Resume] Took 0.007000 ms to restore application
[LM/Restore] Live migration restored at 1785698106082.546143 ms
[LM] Server waiting for connection on port 8010...
[WASM] Tick 1600 | Integrity: OK
[WASM] Tick 1800 | Integrity: OK
[WASM] Tick 2000 | Integrity: OK
[WASM] Tick 2200 | Integrity: OK
