[LM] Connecting to migration server 192.168.10.11:8010...
[LM/Restore] Connected to migration server 192.168.10.11:8010
[LM/Restore] State metadata loaded
[LM/Restore] Had to enlarge linear memory for migration
[LM/Restore] Linear memory loaded
[LM/Restore] Stack and shadow stack metadata loaded (frame count: 4, frame offset: 548)
[LM/Restore] State restored
[LM/Restore] Initial state has been reconstructed (1785699700233.320801 ms).
[LM/Checkpoint] Migration server completed its tasks (1785699700240.866699 ms)
[LM/Checkpoint] Migration client completed its tasks (1785699700240.877930 ms)
[LM/Restore] State restoration complete (1785699700240.894043 ms).
[LM] Starting migration server on port 8010 in background...
[LM] Migration server started (1785699700240.987061 ms).
[LM/Restore] Re-entering interpreter loop...
[LM/Resume] exec_env=0x5556208030b0 cur_frame=0x555620807f8c module_inst=0x555620801990 function=0x555620801f40 prev_frame=0x555620807e6c ip=0x7ffee911c69c (offset=840, is_import=0) 1785699700241.000000 ms
[LM/Resume] New function array base=0x555620801cd0 count=93
[LM/Resume] Took 0.009000 ms to restore application
[LM/Resume] Resuming bytecode function (1785699700241.008545)
[LM] Server waiting for connection on port 8010...
[WASM] Tick 1000 | Integrity: OK
[WASM] Tick 1200 | Integrity: OK
[WASM] Tick 1400 | Integrity: OK
[WASM] Tick 1600 | Integrity: OK
