[LM] Connecting to migration server 192.168.10.11:8010...
[LM/PostCopy] Connected to migration server 192.168.10.11:8010
[LM/Restore] Had to enlarge linear memory for migration
[LM/Restore] State metadata loaded
[LM/Restore] Stack and shadow stack metadata loaded (frame count: 4, frame offset: 548)
[LM/Restore] State restored
[LM/PostCopy] Initial state reconstructed in 14.861328 ms.
[LM/PostCopy] Restored active UDP port 0.
[LM/PostCopy] Handoff complete. Resuming execution locally!
[LM/Restore] State restoration complete (1785697851672.385742 ms).
[LM] Starting migration server on port 8010 in background...
[LM] Migration server started (1785697851672.431152 ms).
[LM/Restore] Re-entering interpreter loop...
[LM/Resume] exec_env=0x5555736170b0 cur_frame=0x55557361bf8c module_inst=0x555573615990 function=0x555573615f40 prev_frame=0x55557361be6c ip=0x7ffef0dbc6b2 (offset=862, is_import=0) 1785697851672.440918 ms
[LM/Resume] New function array base=0x555573615cd0 count=93
[LM/Resume] Took 0.006000 ms to restore application
[LM/Resume] Resuming bytecode function (1785697851672.448242)
[LM/Checkpoint] Server waiting for connection on port 8010...
[WASM] Tick 1000 | Integrity: OK
[WASM] Tick 1200 | Integrity: OK
[LM/Checkpoint] Fatal: Source disconnected while fetching page 2624
