[LM] Connecting to migration server 192.168.10.11:8010...
[LM Client] Receiving pre-copy chunk...
[LM Client] Receiving pre-copy chunk...
[LM Client] Receiving pre-copy chunk...
[LM Client] Receiving pre-copy chunk...
[LM Client] Receiving pre-copy chunk...
[LM Client] Pre-copy complete. Proceeding to final handover.
Frame - IP: 14, function_index: 33, func: 0x5555c69c6300
  frame->ip: 0x7ffed395ec40
END

Frame - IP: 317, function_index: 22, func: 0x5555c69c60f0
  frame->ip: 0x7ffed395ea37
END

Frame - IP: 75, function_index: 23, func: 0x5555c69c6120
  frame->ip: 0x7ffed395eaa4
END

Frame - IP: 1221, function_index: 13, func: 0x5555c69c5f40
  frame->ip: 0x7ffed395c819
END

Frame - IP: 114, function_index: 25, func: 0x5555c69c6180
  frame->ip: 0x7ffed395eb4a
END

Frame - IP: 52, function_index: 12, func: 0x5555c69c5f10
  frame->ip: 0x7ffed395c329
END

[LM Client] Migration successfully completed.
[LM] State received and restored.
[LM] Starting migration server on port 8010 in background...
[LM] Re-entering interpreter loop...
[LM/Resume] exec_env=0x5555c69c70b0 cur_frame=0x5555c69c8300 module_inst=0x5555c69c5990 function=0x5555c69c6300 prev_frame=0x5555c69c81f4 ip=0x7ffed395ec40 (offset=14)
[LM/Resume] new function array base=0x5555c69c5cd0 count=93
[LM/Resume] Took 0.005000 ms to restore application
[LM/Restore] Live migration restored at 1785698299714.750977 ms
[LM] Server waiting for connection on port 8010...
[WASM] Tick 1400 | Integrity: OK
[WASM] Tick 1600 | Integrity: OK
[WASM] Tick 1800 | Integrity: OK
[WASM] Tick 2000 | Integrity: OK
