[LM] Connecting to migration server 192.168.10.11:8010...
[LM/Restore] Connected to migration server 192.168.10.11:8010
[LM/Restore] State metadata loaded
[LM/Restore] Had to enlarge linear memory for migration
[LM/Restore] Linear memory loaded
[LM/Restore] Stack and shadow stack metadata loaded (frame count: 4, frame offset: 548)
[LM/Restore] State restored
[LM/Restore] Initial state has been reconstructed (1785698950440.238525 ms).
[LM/Checkpoint] Migration server completed its tasks (1785698950447.452881 ms)
[LM/Checkpoint] Migration client completed its tasks (1785698950447.464600 ms)
[LM/Restore] State restoration complete (1785698950447.484619 ms).
[LM] Starting migration server on port 8010 in background...
[LM] Migration server started (1785698950447.582031 ms).
[LM/Restore] Re-entering interpreter loop...
[LM/Resume] exec_env=0x555575b230b0 cur_frame=0x555575b27f8c module_inst=0x555575b21990 function=0x555575b21f40 prev_frame=0x555575b27e6c ip=0x7fff29c0c66d (offset=793, is_import=0) 1785698950447.594727 ms
[LM/Resume] New function array base=0x555575b21cd0 count=93
[LM/Resume] Took 0.009000 ms to restore application
[LM/Resume] Resuming bytecode function (1785698950447.604492)
[LM] Server waiting for connection on port 8010...
[WASM] Tick 1000 | Integrity: OK
[WASM] Tick 1200 | Integrity: OK
[WASM] Tick 1400 | Integrity: OK
[WASM] Tick 1600 | Integrity: OK
