[LM] Connecting to migration server 192.168.10.11:8010...
[LM/Restore] Connected to migration server 192.168.10.11:8010
[LM/Restore] State metadata loaded
[LM/Restore] Had to enlarge linear memory for migration
[LM/Restore] Linear memory loaded
[LM/Restore] Stack and shadow stack metadata loaded (frame count: 7, frame offset: 1464)
[LM/Restore] State restored
[LM/Restore] Initial state has been reconstructed (1785698843088.649414 ms).
[LM/Checkpoint] Migration server completed its tasks (1785698843096.097900 ms)
[LM/Checkpoint] Migration client completed its tasks (1785698843096.117676 ms)
[LM/Restore] State restoration complete (1785698843096.135010 ms).
[LM] Starting migration server on port 8010 in background...
[LM] Migration server started (1785698843096.220703 ms).
[LM/Restore] Re-entering interpreter loop...
[LM/Resume] exec_env=0x55564093f0b0 cur_frame=0x555640944320 module_inst=0x55564093d990 function=0x55564093e300 prev_frame=0x555640944214 ip=0x7ffec457ec40 (offset=14, is_import=0) 1785698843096.231689 ms
[LM/Resume] New function array base=0x55564093dcd0 count=93
[LM/Resume] Took 0.009000 ms to restore application
[LM/Resume] Resuming bytecode function (1785698843096.239990)
[LM] Server waiting for connection on port 8010...
[WASM] Tick 1000 | Integrity: OK
[WASM] Tick 1200 | Integrity: OK
[WASM] Tick 1400 | Integrity: OK
