[LM] Connecting to migration server 192.168.10.11:8010...
[LM Client] Receiving pre-copy chunk...
[LM Client] Receiving pre-copy chunk...
[LM Client] Receiving pre-copy chunk...
[LM Client] Receiving pre-copy chunk...
[LM Client] Pre-copy complete. Proceeding to final handover.
Frame - IP: 786, function_index: 13, func: 0x55567d535f40
  frame->ip: 0x7fff605cc666
END

Frame - IP: 114, function_index: 25, func: 0x55567d536180
  frame->ip: 0x7fff605ceb4a
END

Frame - IP: 52, function_index: 12, func: 0x55567d535f10
  frame->ip: 0x7fff605cc329
END

[LM Client] Migration successfully completed.
[LM] State received and restored.
[LM] Starting migration server on port 8010 in background...
[LM] Re-entering interpreter loop...
[LM/Resume] exec_env=0x55567d5370b0 cur_frame=0x55567d537f6c module_inst=0x55567d535990 function=0x55567d535f40 prev_frame=0x55567d537e4c ip=0x7fff605cc666 (offset=786)
[LM/Resume] new function array base=0x55567d535cd0 count=93
[LM/Resume] Took 0.006000 ms to restore application
[LM/Restore] Live migration restored at 1785699240411.521729 ms
[LM] Server waiting for connection on port 8010...
[WASM] Tick 1600 | Integrity: OK
[WASM] Tick 1800 | Integrity: OK
[WASM] Tick 2000 | Integrity: OK
