[LM] Connecting to migration server 192.168.10.11:8010...
[LM/Restore] Connected to migration server 192.168.10.11:8010
[LM/Restore] Membrane channel connected to 192.168.10.11:8011
[LM/Restore] State metadata loaded
[LM/Restore] Had to enlarge linear memory for migration
[LM/Restore] Linear memory loaded
[LM/Restore] Stack and shadow stack metadata loaded (frame count: 7, frame offset: 1464)
[LM/Restore] State restored
[LM/Restore] Initial state has been reconstructed (1785698554905.288086 ms).
[LM/Restore] Enter membrane replay mode (1785698554905.317383 ms)...
[LM/Checkpoint] Migration server completed its tasks (1785698554912.444336 ms)
[LM/Checkpoint] Migration client completed its tasks (1785698554912.460449 ms)
[LM/Restore] State restoration complete (1785698554912.477783 ms).
[LM] Starting migration server on port 8010 in background...
[LM] Migration server started (1785698554912.549072 ms).
[LM/Restore] Re-entering interpreter loop...
[LM/Resume] exec_env=0x55558f3930b0 cur_frame=0x55558f398320 module_inst=0x55558f391990 function=0x55558f392300 prev_frame=0x55558f398214 ip=0x7fff8d2cec40 (offset=14, is_import=0) 1785698554912.557373 ms
[LM/Resume] New function array base=0x55558f391cd0 count=93
[LM/Resume] Took 0.006000 ms to restore application
[LM/Resume] Resuming bytecode function (1785698554912.563965)
[LM] Server waiting for connection on port 8010...
[LM/Restore] Closed side sock fd 5
[LM/Restore] Read 108107 membrane events
[LM/Restore] Live migration restored at 1785698560898.970703 ms
[WASM] Tick 2200 | Integrity: OK
[WASM] Tick 2400 | Integrity: OK
[WASM] Tick 2600 | Integrity: OK
[WASM] Tick 2800 | Integrity: OK
[WASM] Tick 3000 | Integrity: OK
[WASM] Tick 3200 | Integrity: OK
[WASM] Tick 3400 | Integrity: OK
[WASM] Tick 3600 | Integrity: OK
[WASM] Tick 3800 | Integrity: OK
[WASM] Tick 4000 | Integrity: OK
[WASM] Tick 4200 | Integrity: OK
[WASM] Tick 4400 | Integrity: OK
[WASM] Tick 4600 | Integrity: OK
[WASM] Tick 4800 | Integrity: OK
[WASM] Tick 5000 | Integrity: OK
