[LM] Connecting to migration server 192.168.10.11:8010...
[LM/Restore] Connected to migration server 192.168.10.11:8010
[LM/Restore] Membrane channel connected to 192.168.10.11:8011
[LM/Restore] State metadata loaded
[LM/Restore] Had to enlarge linear memory for migration
[LM/Restore] Linear memory loaded
[LM/Restore] Stack and shadow stack metadata loaded (frame count: 7, frame offset: 1464)
[LM/Restore] State restored
[LM/Restore] Initial state has been reconstructed (1785697448704.055420 ms).
[LM/Restore] Enter membrane replay mode (1785697448704.080811 ms)...
[LM/Checkpoint] Migration server completed its tasks (1785697448711.413574 ms)
[LM/Checkpoint] Migration client completed its tasks (1785697448711.422363 ms)
[LM/Restore] State restoration complete (1785697448711.439941 ms).
[LM] Starting migration server on port 8010 in background...
[LM] Migration server started (1785697448711.512207 ms).
[LM/Restore] Re-entering interpreter loop...
[LM/Resume] exec_env=0x555610eab0b0 cur_frame=0x555610eb0320 module_inst=0x555610ea9990 function=0x555610eaa300 prev_frame=0x555610eb0214 ip=0x7fff2ef0ec40 (offset=14, is_import=0) 1785697448711.520996 ms
[LM/Resume] New function array base=0x555610ea9cd0 count=93
[LM/Resume] Took 0.007000 ms to restore application
[LM/Resume] Resuming bytecode function (1785697448711.528809)
[LM] Server waiting for connection on port 8010...
[LM/Restore] Closed side sock fd 5
[LM/Restore] Read 12039 membrane events
[LM/Restore] Live migration restored at 1785697449381.359863 ms
[WASM] Tick 1400 | Integrity: OK
[WASM] Tick 1600 | Integrity: OK
[WASM] Tick 1800 | Integrity: OK
[WASM] Tick 2000 | Integrity: OK
[WASM] Tick 2200 | Integrity: OK
[WASM] Tick 2400 | Integrity: OK
[WASM] Tick 2600 | Integrity: OK
[WASM] Tick 2800 | Integrity: OK
