[LM] Connecting to migration server 192.168.10.11:8010...
[LM/Restore] Connected to migration server 192.168.10.11:8010
[LM/Restore] State metadata loaded
[LM/Restore] Had to enlarge linear memory for migration
[LM/Restore] Linear memory loaded
[LM/Restore] Stack and shadow stack metadata loaded (frame count: 4, frame offset: 548)
[LM/Restore] State restored
[LM/Restore] Initial state has been reconstructed (1785699578557.998779 ms).
[LM/Checkpoint] Migration server completed its tasks (1785699578565.122803 ms)
[LM/Checkpoint] Migration client completed its tasks (1785699578565.132324 ms)
[LM/Restore] State restoration complete (1785699578565.149658 ms).
[LM] Starting migration server on port 8010 in background...
[LM] Migration server started (1785699578565.233643 ms).
[LM/Restore] Re-entering interpreter loop...
[LM/Resume] exec_env=0x55563afeb0b0 cur_frame=0x55563afeff8c module_inst=0x55563afe9990 function=0x55563afe9f40 prev_frame=0x55563afefe6c ip=0x7fffa611c695 (offset=833, is_import=0) 1785699578565.243652 ms
[LM/Resume] New function array base=0x55563afe9cd0 count=93
[LM/Resume] Took 0.007000 ms to restore application
[LM/Resume] Resuming bytecode function (1785699578565.250732)
[LM] Server waiting for connection on port 8010...
[WASM] Tick 1000 | Integrity: OK
[WASM] Tick 1200 | Integrity: OK
[WASM] Tick 1400 | Integrity: OK
[WASM] Tick 1600 | Integrity: OK
