[LM] Connecting to migration server 192.168.10.11:8010...
[LM/Restore] Connected to migration server 192.168.10.11:8010
[LM/Restore] Membrane channel connected to 192.168.10.11:8011
[LM/Restore] State metadata loaded
[LM/Restore] Had to enlarge linear memory for migration
[LM/Restore] Linear memory loaded
[LM/Restore] Stack and shadow stack metadata loaded (frame count: 7, frame offset: 1464)
[LM/Restore] State restored
[LM/Restore] Initial state has been reconstructed (1785698859777.814453 ms).
[LM/Restore] Enter membrane replay mode (1785698859777.839844 ms)...
[LM/Checkpoint] Migration server completed its tasks (1785698859785.009766 ms)
[LM/Checkpoint] Migration client completed its tasks (1785698859785.018799 ms)
[LM/Restore] State restoration complete (1785698859785.037842 ms).
[LM] Starting migration server on port 8010 in background...
[LM] Migration server started (1785698859785.112061 ms).
[LM/Restore] Re-entering interpreter loop...
[LM/Resume] exec_env=0x5555b41270b0 cur_frame=0x5555b412c320 module_inst=0x5555b4125990 function=0x5555b4126300 prev_frame=0x5555b412c214 ip=0x7ffec49aec40 (offset=14, is_import=0) 1785698859785.124023 ms
[LM/Resume] New function array base=0x5555b4125cd0 count=93
[LM/Resume] Took 0.008000 ms to restore application
[LM/Resume] Resuming bytecode function (1785698859785.132812)
[LM] Server waiting for connection on port 8010...
[LM/Restore] Closed side sock fd 5
[LM/Restore] Read 213726 membrane events
[LM/Restore] Live migration restored at 1785698871625.901855 ms
[WASM] Tick 2800 | Integrity: OK
[WASM] Tick 3000 | Integrity: OK
[WASM] Tick 3200 | Integrity: OK
[WASM] Tick 3400 | Integrity: OK
[WASM] Tick 3600 | Integrity: OK
[WASM] Tick 3800 | Integrity: OK
[WASM] Tick 4000 | Integrity: OK
[WASM] Tick 4200 | Integrity: OK
[WASM] Tick 4400 | Integrity: OK
[WASM] Tick 4600 | Integrity: OK
[WASM] Tick 4800 | Integrity: OK
[WASM] Tick 5000 | Integrity: OK
[WASM] Tick 5200 | Integrity: OK
[WASM] Tick 5400 | Integrity: OK
[WASM] Tick 5600 | Integrity: OK
[WASM] Tick 5800 | Integrity: OK
