[LM] Connecting to migration server 192.168.10.11:8010...
[LM/Restore] Connected to migration server 192.168.10.11:8010
[LM/Restore] State metadata loaded
[LM/Restore] Had to enlarge linear memory for migration
[LM/Restore] Linear memory loaded
[LM/Restore] Stack and shadow stack metadata loaded (frame count: 7, frame offset: 1464)
[LM/Restore] State restored
[LM/Restore] Initial state has been reconstructed (1785697513446.042480 ms).
[LM/Checkpoint] Migration server completed its tasks (1785697513453.454346 ms)
[LM/Checkpoint] Migration client completed its tasks (1785697513453.464844 ms)
[LM/Restore] State restoration complete (1785697513453.482910 ms).
[LM] Starting migration server on port 8010 in background...
[LM] Migration server started (1785697513453.566406 ms).
[LM/Restore] Re-entering interpreter loop...
[LM/Resume] exec_env=0x5555bbd1f0b0 cur_frame=0x5555bbd24320 module_inst=0x5555bbd1d990 function=0x5555bbd1e300 prev_frame=0x5555bbd24214 ip=0x7fff99aeec40 (offset=14, is_import=0) 1785697513453.577393 ms
[LM/Resume] New function array base=0x5555bbd1dcd0 count=93
[LM/Resume] Took 0.009000 ms to restore application
[LM/Resume] Resuming bytecode function (1785697513453.585205)
[LM] Server waiting for connection on port 8010...
[WASM] Tick 1000 | Integrity: OK
[WASM] Tick 1200 | Integrity: OK
[WASM] Tick 1400 | Integrity: OK
[WASM] Tick 1600 | Integrity: OK
