[LM] Connecting to migration server 192.168.10.11:8010...
[LM/Restore] Connected to migration server 192.168.10.11:8010
[LM/Restore] State metadata loaded
[LM/Restore] Had to enlarge linear memory for migration
[LM/Restore] Linear memory loaded
[LM/Restore] Stack and shadow stack metadata loaded (frame count: 7, frame offset: 1464)
[LM/Restore] State restored
[LM/Restore] Initial state has been reconstructed (1785697257291.073486 ms).
[LM/Checkpoint] Migration server completed its tasks (1785697257298.153809 ms)
[LM/Checkpoint] Migration client completed its tasks (1785697257298.163086 ms)
[LM/Restore] State restoration complete (1785697257298.180420 ms).
[LM] Starting migration server on port 8010 in background...
[LM] Migration server started (1785697257298.275635 ms).
[LM/Restore] Re-entering interpreter loop...
[LM/Resume] exec_env=0x555588adb0b0 cur_frame=0x555588ae0320 module_inst=0x555588ad9990 function=0x555588ada300 prev_frame=0x555588ae0214 ip=0x7ffec3eaec40 (offset=14, is_import=0) 1785697257298.284912 ms
[LM/Resume] New function array base=0x555588ad9cd0 count=93
[LM/Resume] Took 0.008000 ms to restore application
[LM/Resume] Resuming bytecode function (1785697257298.292969)
[LM] Server waiting for connection on port 8010...
[WASM] Tick 1000 | Integrity: OK
[WASM] Tick 1200 | Integrity: OK
[WASM] Tick 1400 | Integrity: OK
[WASM] Tick 1600 | Integrity: OK
[WASM] Tick 1800 | Integrity: OK
