[LM] Connecting to migration server 192.168.10.11:8010...
[LM Client] Receiving pre-copy chunk...
[LM Client] Receiving pre-copy chunk...
[LM Client] Receiving pre-copy chunk...
[LM Client] Receiving pre-copy chunk...
[LM Client] Pre-copy complete. Proceeding to final handover.
Frame - IP: 14, function_index: 33, func: 0x5555c20e2300
  frame->ip: 0x7fff34eeec40
END

Frame - IP: 317, function_index: 22, func: 0x5555c20e20f0
  frame->ip: 0x7fff34eeea37
END

Frame - IP: 75, function_index: 23, func: 0x5555c20e2120
  frame->ip: 0x7fff34eeeaa4
END

Frame - IP: 1221, function_index: 13, func: 0x5555c20e1f40
  frame->ip: 0x7fff34eec819
END

Frame - IP: 114, function_index: 25, func: 0x5555c20e2180
  frame->ip: 0x7fff34eeeb4a
END

Frame - IP: 52, function_index: 12, func: 0x5555c20e1f10
  frame->ip: 0x7fff34eec329
END

[LM Client] Migration successfully completed.
[LM] State received and restored.
[LM] Starting migration server on port 8010 in background...
[LM] Re-entering interpreter loop...
[LM/Resume] exec_env=0x5555c20e30b0 cur_frame=0x5555c20e4300 module_inst=0x5555c20e1990 function=0x5555c20e2300 prev_frame=0x5555c20e41f4 ip=0x7fff34eeec40 (offset=14)
[LM/Resume] new function array base=0x5555c20e1cd0 count=93
[LM/Resume] Took 0.007000 ms to restore application
[LM/Restore] Live migration restored at 1785698397182.872559 ms
[LM] Server waiting for connection on port 8010...
[WASM] Tick 1600 | Integrity: OK
[WASM] Tick 1800 | Integrity: OK
[WASM] Tick 2000 | Integrity: OK
[WASM] Tick 2200 | Integrity: OK
[WASM] Tick 2400 | Integrity: OK
[WASM] Tick 2600 | Integrity: OK
