[LM] Connecting to migration server 192.168.10.11:8010...
[LM/Restore] Connected to migration server 192.168.10.11:8010
[LM/Restore] Membrane channel connected to 192.168.10.11:8011
[LM/Restore] State metadata loaded
[LM/Restore] Had to enlarge linear memory for migration
[LM/Restore] Linear memory loaded
[LM/Restore] Stack and shadow stack metadata loaded (frame count: 7, frame offset: 1464)
[LM/Restore] State restored
[LM/Restore] Initial state has been reconstructed (1785697277295.319824 ms).
[LM/Restore] Enter membrane replay mode (1785697277295.349609 ms)...
[LM/Checkpoint] Migration server completed its tasks (1785697277302.870117 ms)
[LM/Checkpoint] Migration client completed its tasks (1785697277302.878906 ms)
[LM/Restore] State restoration complete (1785697277302.895996 ms).
[LM] Starting migration server on port 8010 in background...
[LM] Migration server started (1785697277302.966797 ms).
[LM/Restore] Re-entering interpreter loop...
[LM/Resume] exec_env=0x555618b730b0 cur_frame=0x555618b78320 module_inst=0x555618b71990 function=0x555618b72300 prev_frame=0x555618b78214 ip=0x7fff5fb9ec40 (offset=14, is_import=0) 1785697277302.975586 ms
[LM/Resume] New function array base=0x555618b71cd0 count=93
[LM/Resume] Took 0.006000 ms to restore application
[LM/Resume] Resuming bytecode function (1785697277302.982422)
[LM] Server waiting for connection on port 8010...
