[LM] Connecting to migration server 192.168.10.11:8010...
[LM/Restore] Connected to migration server 192.168.10.11:8010
[LM/Restore] Membrane channel connected to 192.168.10.11:8011
[LM/Restore] State metadata loaded
[LM/Restore] Had to enlarge linear memory for migration
[LM/Restore] Linear memory loaded
[LM/Restore] Stack and shadow stack metadata loaded (frame count: 7, frame offset: 1464)
[LM/Restore] State restored
[LM/Restore] Initial state has been reconstructed (1785697201430.947021 ms).
[LM/Restore] Enter membrane replay mode (1785697201430.971436 ms)...
[LM/Checkpoint] Migration server completed its tasks (1785697201437.890137 ms)
[LM/Checkpoint] Migration client completed its tasks (1785697201437.899902 ms)
[LM/Restore] State restoration complete (1785697201437.916260 ms).
[LM] Starting migration server on port 8010 in background...
[LM] Migration server started (1785697201437.993164 ms).
[LM/Restore] Re-entering interpreter loop...
[LM/Resume] exec_env=0x5555b00df0b0 cur_frame=0x5555b00e4320 module_inst=0x5555b00dd990 function=0x5555b00de300 prev_frame=0x5555b00e4214 ip=0x7fff403fec40 (offset=14, is_import=0) 1785697201438.016113 ms
[LM/Resume] New function array base=0x5555b00ddcd0 count=93
[LM/Resume] Took 0.044000 ms to restore application
[LM/Resume] Resuming bytecode function (1785697201438.030029)
[LM] Server waiting for connection on port 8010...
