[LM] Connecting to migration server 192.168.10.11:8010...
[LM/Restore] Connected to migration server 192.168.10.11:8010
[LM/Restore] Membrane channel connected to 192.168.10.11:8011
[LM/Restore] State metadata loaded
[LM/Restore] Had to enlarge linear memory for migration
[LM/Restore] Linear memory loaded
[LM/Restore] Stack and shadow stack metadata loaded (frame count: 7, frame offset: 1464)
[LM/Restore] State restored
[LM/Restore] Initial state has been reconstructed (1785697626111.479248 ms).
[LM/Restore] Enter membrane replay mode (1785697626111.503418 ms)...
[LM/Checkpoint] Migration server completed its tasks (1785697626118.903076 ms)
[LM/Checkpoint] Migration client completed its tasks (1785697626118.911865 ms)
[LM/Restore] State restoration complete (1785697626118.928467 ms).
[LM] Starting migration server on port 8010 in background...
[LM] Migration server started (1785697626118.999023 ms).
[LM/Restore] Re-entering interpreter loop...
[LM/Resume] exec_env=0x5555cc4430b0 cur_frame=0x5555cc448320 module_inst=0x5555cc441990 function=0x5555cc442300 prev_frame=0x5555cc448214 ip=0x7fff685aec40 (offset=14, is_import=0) 1785697626119.009766 ms
[LM/Resume] New function array base=0x5555cc441cd0 count=93
[LM/Resume] Took 0.007000 ms to restore application
[LM/Resume] Resuming bytecode function (1785697626119.017090)
[LM] Server waiting for connection on port 8010...
[LM/Restore] Closed side sock fd 5
[LM/Restore] Read 18649 membrane events
[LM/Restore] Live migration restored at 1785697627155.167969 ms
[WASM] Tick 1400 | Integrity: OK
[WASM] Tick 1600 | Integrity: OK
[WASM] Tick 1800 | Integrity: OK
[WASM] Tick 2000 | Integrity: OK
[WASM] Tick 2200 | Integrity: OK
[WASM] Tick 2400 | Integrity: OK
[WASM] Tick 2600 | Integrity: OK
[WASM] Tick 2800 | Integrity: OK
[WASM] Tick 3000 | Integrity: OK
[WASM] Tick 3200 | Integrity: OK
[WASM] Tick 3400 | Integrity: OK
