[LM] Connecting to migration server 192.168.10.11:8010...
[LM/Restore] Connected to migration server 192.168.10.11:8010
[LM/Restore] State metadata loaded
[LM/Restore] Had to enlarge linear memory for migration
[LM/Restore] Linear memory loaded
[LM/Restore] Stack and shadow stack metadata loaded (frame count: 7, frame offset: 1464)
[LM/Restore] State restored
[LM/Restore] Initial state has been reconstructed (1785698733932.408936 ms).
[LM/Checkpoint] Migration server completed its tasks (1785698733939.886475 ms)
[LM/Checkpoint] Migration client completed its tasks (1785698733939.895508 ms)
[LM/Restore] State restoration complete (1785698733939.913086 ms).
[LM] Starting migration server on port 8010 in background...
[LM] Migration server started (1785698733940.000977 ms).
[LM/Restore] Re-entering interpreter loop...
[LM/Resume] exec_env=0x5555a2a370b0 cur_frame=0x5555a2a3c320 module_inst=0x5555a2a35990 function=0x5555a2a36300 prev_frame=0x5555a2a3c214 ip=0x7fff769bec40 (offset=14, is_import=0) 1785698733940.011230 ms
[LM/Resume] New function array base=0x5555a2a35cd0 count=93
[LM/Resume] Took 0.007000 ms to restore application
[LM/Resume] Resuming bytecode function (1785698733940.019043)
[LM] Server waiting for connection on port 8010...
[WASM] Tick 800 | Integrity: OK
[WASM] Tick 1000 | Integrity: OK
[WASM] Tick 1200 | Integrity: OK
[WASM] Tick 1400 | Integrity: OK
[WASM] Tick 1600 | Integrity: OK
