[LM] Connecting to migration server 192.168.10.11:8010...
[LM/PostCopy] Connected to migration server 192.168.10.11:8010
[LM/Restore] Had to enlarge linear memory for migration
[LM/Restore] State metadata loaded
[LM/Restore] Stack and shadow stack metadata loaded (frame count: 4, frame offset: 548)
[LM/Restore] State restored
[LM/PostCopy] Initial state reconstructed in 14.573486 ms.
[LM/PostCopy] Restored active UDP port 0.
[LM/PostCopy] Handoff complete. Resuming execution locally!
[LM/Restore] State restoration complete (1785698414275.034912 ms).
[LM] Starting migration server on port 8010 in background...
[LM] Migration server started (1785698414275.080078 ms).
[LM/Restore] Re-entering interpreter loop...
[LM/Resume] exec_env=0x55561a00b0b0 cur_frame=0x55561a00ff8c module_inst=0x55561a009990 function=0x55561a009f40 prev_frame=0x55561a00fe6c ip=0x7ffec5ddc67c (offset=808, is_import=0) 1785698414275.089355 ms
[LM/Resume] New function array base=0x55561a009cd0 count=93
[LM/Resume] Took 0.007000 ms to restore application
[LM/Resume] Resuming bytecode function (1785698414275.096924)
[LM/Checkpoint] Server waiting for connection on port 8010...
[WASM] Tick 800 | Integrity: OK
[WASM] Tick 1000 | Integrity: OK
