[LM] Connecting to migration server 192.168.10.11:8010...
[LM/Restore] Connected to migration server 192.168.10.11:8010
[LM/Restore] State metadata loaded
[LM/Restore] Had to enlarge linear memory for migration
[LM/Restore] Linear memory loaded
[LM/Restore] Stack and shadow stack metadata loaded (frame count: 7, frame offset: 1464)
[LM/Restore] State restored
[LM/Restore] Initial state has been reconstructed (1785699395122.260742 ms).
[LM/Checkpoint] Migration server completed its tasks (1785699395129.526367 ms)
[LM/Checkpoint] Migration client completed its tasks (1785699395129.536133 ms)
[LM/Restore] State restoration complete (1785699395129.554443 ms).
[LM] Starting migration server on port 8010 in background...
[LM] Migration server started (1785699395129.643555 ms).
[LM/Restore] Re-entering interpreter loop...
[LM/Resume] exec_env=0x5555ae9670b0 cur_frame=0x5555ae96c320 module_inst=0x5555ae965990 function=0x5555ae966300 prev_frame=0x5555ae96c214 ip=0x7ffef3f6ec40 (offset=14, is_import=0) 1785699395129.654053 ms
[LM/Resume] New function array base=0x5555ae965cd0 count=93
[LM/Resume] Took 0.007000 ms to restore application
[LM/Resume] Resuming bytecode function (1785699395129.661377)
[LM] Server waiting for connection on port 8010...
[WASM] Tick 800 | Integrity: OK
[WASM] Tick 1000 | Integrity: OK
[WASM] Tick 1200 | Integrity: OK
[WASM] Tick 1400 | Integrity: OK
