[LM] Starting migration server on port 8010 in background...
[LM] Migration server started (1785247047607.325928 ms).
[LM] Server waiting for connection on port 8010...
[WASM] Options: Allocating 50 MB | Rate: 64 MB/s | Step: 10 ms (0.64 MB/iter)
[WASM] Writing initial test patterns to all 50 MB of pages...
[WASM] Memory initialized. Starting loop with 64 MB updates per second...
[WASM] Iteration 0 | Dirtied 0.64 MB @ offset 0 MB (Integrity: OK)
[WASM] Iteration 100 | Dirtied 0.64 MB @ offset 14 MB (Integrity: OK)
[WASM] Iteration 200 | Dirtied 0.64 MB @ offset 29 MB (Integrity: OK)
[WASM] Iteration 300 | Dirtied 0.64 MB @ offset 43 MB (Integrity: OK)
[WASM] Iteration 400 | Dirtied 0.64 MB @ offset 9 MB (Integrity: OK)
[LM] Client connected. Migration is initiated (1785247051810.302246 ms)...
[LM/Checkpoint] Sync all to frame at opcode=10 (next=41)
CHECK: frame 0x5556080c09c0, frame->ip 65
[LM/Checkpoint] Memory snapshot captured after 9.531006 ms
[LM/Checkpoint] Phase 1.1: Sending state metadata...
[LM/Checkpoint] Memory metadata transmitted after 0.035889 ms
[LM/Checkpoint] Phase 1.2: Sending initial bulk memory (50 MB)...
[LM/Checkpoint] Main interpreter thread halted for 0.050000 ms
[LM/Checkpoint] Linear memory transmitted after 465.643555 ms
[LM/Checkpoint] Wrote stack and shadow stack frames to stream (frame count: 7, frame offset: 2888)
[LM/Checkpoint] Frames transmitted after 0.021973 ms
[LM/Checkpoint] Capturing the UDP state took 0.002000 ms (fd: 0, port: 0)
[LM/Checkpoint] Initial full linear memory handover duration 22.290000 ms
[LM/Checkpoint] Received 0xEOF_RECONSTRUCT, halting execution for final handover (1785247052311.604004 ms)...
[LM/Checkpoint] Migration server completed its tasks
[LM/Checkpoint] Initial membrane chunk transmitted after 33.232178 ms
[LM/Checkpoint] Migration client completed its tasks
[LM/Checkpoint] Migration completed in 518.599854 ms
[LM/Checkpoint] Live migration completed at 1785247051810.366211 ms.
[LM/Checkpoint] Program halts at 1785247052328.934082 ms.
[LM/Checkpoint] Closing migration connections...
[LM/Checkpoint] Closed all migration connections!
