[LM] Starting migration server on port 8010 in background...
[LM] Server waiting for connection on port 8010...
[WASM] Options: Allocating 600 MB | Rate: 64 MB/s | Step: 10 ms (0.64 MB/iter)
[WASM] Writing initial test patterns to all 600 MB of pages...
[WASM] Memory initialized. Starting loop with 64 MB updates per second...
[WASM] Iteration 0 | Dirtied 0.64 MB @ offset 0 MB (Integrity: OK)
[WASM] Iteration 100 | Dirtied 0.64 MB @ offset 63 MB (Integrity: OK)
[WASM] Iteration 200 | Dirtied 0.64 MB @ offset 127 MB (Integrity: OK)
[WASM] Iteration 300 | Dirtied 0.64 MB @ offset 191 MB (Integrity: OK)
[LM] Client connected. Migration is initiated (1785176794980.663574 ms)...
[LM] Phase 1: Sending initial bulk memory (600 MB)...
[WASM] Iteration 400 | Dirtied 0.64 MB @ offset 255 MB (Integrity: OK)
[WASM] Iteration 500 | Dirtied 0.64 MB @ offset 319 MB (Integrity: OK)
[WASM] Iteration 600 | Dirtied 0.64 MB @ offset 383 MB (Integrity: OK)
[WASM] Iteration 700 | Dirtied 0.64 MB @ offset 447 MB (Integrity: OK)
[WASM] Iteration 800 | Dirtied 0.64 MB @ offset 511 MB (Integrity: OK)
[WASM] Iteration 900 | Dirtied 0.64 MB @ offset 575 MB (Integrity: OK)
[LM] Initial pre-copy of bulk memory completed. Took 5399.192871 ms
[LM] Phase 1.5: Starting incremental pre-copy...
[WASM] Iteration 1000 | Dirtied 0.64 MB @ offset 40 MB (Integrity: OK)
[WASM] Iteration 1100 | Dirtied 0.64 MB @ offset 104 MB (Integrity: OK)
[WASM] Iteration 1200 | Dirtied 0.64 MB @ offset 168 MB (Integrity: OK)
[LM] Number of dirty cards transmitted: 695998
[LM] Pre-copy Iteration 1: Sent 356350976 bytes.
[WASM] Iteration 1300 | Dirtied 0.64 MB @ offset 232 MB (Integrity: OK)
[WASM] Iteration 1400 | Dirtied 0.64 MB @ offset 296 MB (Integrity: OK)
[LM] Number of dirty cards transmitted: 397155
[LM] Pre-copy Iteration 2: Sent 203343360 bytes.
[WASM] Iteration 1500 | Dirtied 0.64 MB @ offset 360 MB (Integrity: OK)
[LM] Number of dirty cards transmitted: 225450
[LM] Pre-copy Iteration 3: Sent 115430400 bytes.
[LM] Number of dirty cards transmitted: 128457
[LM] Pre-copy Iteration 4: Sent 65769984 bytes.
[LM] Number of dirty cards transmitted: 73405
[LM] Pre-copy Iteration 5: Sent 37583360 bytes.
[WASM] Iteration 1600 | Dirtied 0.64 MB @ offset 424 MB (Integrity: OK)
[LM] Number of dirty cards transmitted: 40638
[LM] Pre-copy Iteration 6: Sent 20806656 bytes.
[LM] Number of dirty cards transmitted: 24910
[LM] Pre-copy Iteration 7: Sent 12753920 bytes.
[LM] Number of dirty cards transmitted: 13113
[LM] Pre-copy Iteration 8: Sent 6713856 bytes.
[LM] Pre-copy threshold reached. Moving to final handover.
[LM] Incremental pre-copy completed. Took 7055.672363 ms
[LM] Bulk + Precopy duration 2353.911000 ms
[LM] Received 0xEOF_RECONSTRUCT, halting execution for final handover...
[LM/Checkpoint] Migration triggered! Dumping state...
[LM/Checkpoint] State synced to frame structures.
[LM] Phase 2: Sending final dirty pages and context...
[LM] Number of dirty cards transmitted: 13112
[LM] Send final dirty pages took 21.379000 ms
[LM] Checkpoint dirty state took 0.150000 ms
[LM/Checkpoint] Live migration completed at 1785176807513.875488 ms. Migration took 12533.211914 ms
[LM/Checkpoint] Took 21.667000 ms to checkpoint application
