[LM] Starting migration server on port 8010 in background...
[LM] Migration server started (1785245543242.726562 ms).
[LM] Server waiting for connection on port 8010...
[WASM] Options: Allocating 250 MB | Rate: 64 MB/s | Step: 10 ms (0.64 MB/iter)
[WASM] Writing initial test patterns to all 250 MB of pages...
[WASM] Memory initialized. Starting loop with 64 MB updates per second...
[WASM] Iteration 0 | Dirtied 0.64 MB @ offset 0 MB (Integrity: OK)
[WASM] Iteration 100 | Dirtied 0.64 MB @ offset 63 MB (Integrity: OK)
[WASM] Iteration 200 | Dirtied 0.64 MB @ offset 127 MB (Integrity: OK)
[WASM] Iteration 300 | Dirtied 0.64 MB @ offset 191 MB (Integrity: OK)
[WASM] Iteration 400 | Dirtied 0.64 MB @ offset 6 MB (Integrity: OK)
[WASM] Iteration 500 | Dirtied 0.64 MB @ offset 70 MB (Integrity: OK)
[LM] Client connected. Migration is initiated (1785245548420.156982 ms)...
[LM/Checkpoint] Sync all to frame at opcode=10 (next=41)
CHECK: frame 0x5555d9a649c0, frame->ip 65
[LM/Checkpoint] Memory snapshot captured after 4.256836 ms
[LM/Checkpoint] Phase 1.1: Sending state metadata...
[LM/Checkpoint] Memory metadata transmitted after 0.033936 ms
[LM/Checkpoint] Phase 1.2: Sending initial bulk memory (250 MB)...
[LM/Checkpoint] Main interpreter thread halted for 0.036000 ms
[WASM] Iteration 600 | Dirtied 0.64 MB @ offset 134 MB (Integrity: OK)
[WASM] Iteration 700 | Dirtied 0.64 MB @ offset 198 MB (Integrity: OK)
[LM/Checkpoint] Linear memory transmitted after 2251.354736 ms
[LM/Checkpoint] Wrote stack and shadow stack frames to stream (frame count: 7, frame offset: 2888)
[LM/Checkpoint] Frames transmitted after 0.020752 ms
[LM/Checkpoint] Capturing the UDP state took 0.002000 ms (fd: 0, port: 0)
[LM/Checkpoint] Initial full linear memory handover duration 110.827000 ms
[LM/Checkpoint] Received 0xEOF_RECONSTRUCT, halting execution for final handover (1785245550707.414062 ms)...
[LM/Checkpoint] Migration server completed its tasks
[LM/Checkpoint] Initial membrane chunk transmitted after 38.520996 ms
[LM/Checkpoint] Migration client completed its tasks
[LM/Checkpoint] Migration completed in 2304.306885 ms
[LM/Checkpoint] Live migration completed at 1785245548420.212891 ms.
[LM/Checkpoint] Program halts at 1785245550724.492188 ms.
[LM/Checkpoint] Closing migration connections...
[LM/Checkpoint] Closed all migration connections!
