[LM] Starting migration server on port 8010 in background...
[LM] Migration server started (1785175953376.450195 ms).
[LM] Server waiting for connection on port 8010...
[WASM] Options: Allocating 50 MB | Rate: 64 MB/s | Step: 10 ms (0.64 MB/iter)
[WASM] Writing initial test patterns to all 50 MB of pages...
[WASM] Memory initialized. Starting loop with 64 MB updates per second...
[WASM] Iteration 0 | Dirtied 0.64 MB @ offset 0 MB (Integrity: OK)
[WASM] Iteration 100 | Dirtied 0.64 MB @ offset 14 MB (Integrity: OK)
[WASM] Iteration 200 | Dirtied 0.64 MB @ offset 29 MB (Integrity: OK)
[WASM] Iteration 300 | Dirtied 0.64 MB @ offset 43 MB (Integrity: OK)
[WASM] Iteration 400 | Dirtied 0.64 MB @ offset 9 MB (Integrity: OK)
[WASM] Iteration 500 | Dirtied 0.64 MB @ offset 23 MB (Integrity: OK)
[WASM] Iteration 600 | Dirtied 0.64 MB @ offset 38 MB (Integrity: OK)
[LM] Client connected. Migration is initiated (1785175959720.301514 ms)...
[LM/Checkpoint] Server waiting for membrane connection on port 8011...
[LM/Checkpoint] Membrane channel connected on port 8011
[LM/Checkpoint] Sync all to frame at opcode=10 (next=41)
CHECK: frame 0x5555bff809c0, frame->ip 65
[LM/Checkpoint] Memory snapshot captured after 3.176514 ms
[LM/Checkpoint] Phase 1.1: Sending state metadata...
[LM/Checkpoint] Memory metadata transmitted after 0.040283 ms
[LM/Checkpoint] Phase 1.2: Sending initial bulk memory (50 MB)...
[LM/Checkpoint] Main interpreter thread halted for 0.041000 ms
[LM/Checkpoint] Linear memory transmitted after 463.789551 ms
[LM/Checkpoint] Wrote stack and shadow stack frames to stream (frame count: 7, frame offset: 2888)
[LM/Checkpoint] Frames transmitted after 0.020996 ms
[LM/Checkpoint] Capturing the UDP state took 0.002000 ms (fd: 0, port: 0)
[LM/Checkpoint] Initial full linear memory handover duration 23.694000 ms
[LM/Checkpoint] Flushing 0 bytes of buffered membrane events...
[LM/Checkpoint] Received 0xEOF_RECONSTRUCT, halting execution for final handover (1785175960230.804688 ms)...
[LM/Checkpoint] Migration server completed its tasks
[LM/Checkpoint] Initial membrane chunk transmitted after 36.080078 ms
[LM/Checkpoint] Trying to converge membrane replay log...
[LM/Checkpoint] Converged naturally! Lag: 40 events (0.005615 ms).
[LM/Checkpoint] Migration client completed its tasks
[LM/Checkpoint] Migration completed in 523.295898 ms
[LM/Checkpoint] Live migration completed at 1785175960258.276855 ms.
[LM/Checkpoint] Closing migration connections...
[LM/Checkpoint] Closed all migration connections!
