[LM] Starting migration server on port 8010 in background...
[LM] Migration server started (1785247104410.922607 ms).
[LM] Server waiting for connection on port 8010...
[WASM] Options: Allocating 150 MB | Rate: 64 MB/s | Step: 10 ms (0.64 MB/iter)
[WASM] Writing initial test patterns to all 150 MB of pages...
[WASM] Memory initialized. Starting loop with 64 MB updates per second...
[WASM] Iteration 0 | Dirtied 0.64 MB @ offset 0 MB (Integrity: OK)
[WASM] Iteration 100 | Dirtied 0.64 MB @ offset 63 MB (Integrity: OK)
[WASM] Iteration 200 | Dirtied 0.64 MB @ offset 127 MB (Integrity: OK)
[WASM] Iteration 300 | Dirtied 0.64 MB @ offset 42 MB (Integrity: OK)
[WASM] Iteration 400 | Dirtied 0.64 MB @ offset 106 MB (Integrity: OK)
[WASM] Iteration 500 | Dirtied 0.64 MB @ offset 21 MB (Integrity: OK)
[LM] Client connected. Migration is initiated (1785247109614.343262 ms)...
[LM/Checkpoint] Sync all to frame at opcode=10 (next=41)
CHECK: frame 0x5555e32209c0, frame->ip 65
[LM/Checkpoint] Memory snapshot captured after 5.312256 ms
[LM/Checkpoint] Phase 1.1: Sending state metadata...
[LM/Checkpoint] Memory metadata transmitted after 0.034180 ms
[LM/Checkpoint] Phase 1.2: Sending initial bulk memory (150 MB)...
[LM/Checkpoint] Main interpreter thread halted for 0.949000 ms
[WASM] Iteration 600 | Dirtied 0.64 MB @ offset 85 MB (Integrity: OK)
[LM/Checkpoint] Linear memory transmitted after 1365.396729 ms
[LM/Checkpoint] Wrote stack and shadow stack frames to stream (frame count: 7, frame offset: 2888)
[LM/Checkpoint] Frames transmitted after 0.020508 ms
[LM/Checkpoint] Capturing the UDP state took 0.002000 ms (fd: 0, port: 0)
[LM/Checkpoint] Initial full linear memory handover duration 67.095000 ms
[LM/Checkpoint] Received 0xEOF_RECONSTRUCT, halting execution for final handover (1785247111006.083496 ms)...
[LM/Checkpoint] Migration server completed its tasks
[LM/Checkpoint] Initial membrane chunk transmitted after 28.114990 ms
[LM/Checkpoint] Migration client completed its tasks
[LM/Checkpoint] Migration completed in 1408.998047 ms
[LM/Checkpoint] Live migration completed at 1785247109614.400146 ms.
[LM/Checkpoint] Program halts at 1785247111023.368652 ms.
[LM/Checkpoint] Closing migration connections...
[LM/Checkpoint] Closed all migration connections!
