[LM] Starting migration server on port 8010 in background...
[LM] Server waiting for connection on port 8010...
[WASM] Options: Allocating 150 MB | Rate: 64 MB/s | Step: 10 ms (0.64 MB/iter)
[WASM] Writing initial test patterns to all 150 MB of pages...
[WASM] Memory initialized. Starting loop with 64 MB updates per second...
[WASM] Iteration 0 | Dirtied 0.64 MB @ offset 0 MB (Integrity: OK)
[WASM] Iteration 100 | Dirtied 0.64 MB @ offset 63 MB (Integrity: OK)
[WASM] Iteration 200 | Dirtied 0.64 MB @ offset 127 MB (Integrity: OK)
[WASM] Iteration 300 | Dirtied 0.64 MB @ offset 42 MB (Integrity: OK)
[WASM] Iteration 400 | Dirtied 0.64 MB @ offset 106 MB (Integrity: OK)
[LM] Client connected. Migration is initiated (1785176106112.087646 ms)...
[LM] Phase 1: Sending initial bulk memory (150 MB)...
[WASM] Iteration 500 | Dirtied 0.64 MB @ offset 21 MB (Integrity: OK)
[LM] Initial pre-copy of bulk memory completed. Took 1360.802246 ms
[LM] Phase 1.5: Starting incremental pre-copy...
[WASM] Iteration 600 | Dirtied 0.64 MB @ offset 85 MB (Integrity: OK)
[LM] Number of dirty cards transmitted: 174333
[LM] Pre-copy Iteration 1: Sent 89258496 bytes.
[LM] Number of dirty cards transmitted: 99621
[LM] Pre-copy Iteration 2: Sent 51005952 bytes.
[LM] Number of dirty cards transmitted: 56366
[LM] Pre-copy Iteration 3: Sent 28859392 bytes.
[WASM] Iteration 700 | Dirtied 0.64 MB @ offset 149 MB (Integrity: OK)
[LM] Number of dirty cards transmitted: 32773
[LM] Pre-copy Iteration 4: Sent 16779776 bytes.
[LM] Number of dirty cards transmitted: 17046
[LM] Pre-copy Iteration 5: Sent 8727552 bytes.
[LM] Pre-copy threshold reached. Moving to final handover.
[LM] Incremental pre-copy completed. Took 1674.464111 ms
[LM] Bulk + Precopy duration 578.827000 ms
[LM] Received 0xEOF_RECONSTRUCT, halting execution for final handover...
[LM/Checkpoint] Migration triggered! Dumping state...
[LM/Checkpoint] State synced to frame structures.
[LM] Phase 2: Sending final dirty pages and context...
[LM] Number of dirty cards transmitted: 14423
[LM] Send final dirty pages took 26.781000 ms
[LM] Checkpoint dirty state took 0.035000 ms
[LM/Checkpoint] Live migration completed at 1785176109227.370361 ms. Migration took 3115.282959 ms
[LM/Checkpoint] Took 26.957000 ms to checkpoint application
