[LM] Starting migration server on port 8010 in background...
[LM] Server waiting for connection on port 8010...
[WASM] Options: Allocating 300 MB | Rate: 64 MB/s | Step: 10 ms (0.64 MB/iter)
[WASM] Writing initial test patterns to all 300 MB of pages...
[WASM] Memory initialized. Starting loop with 64 MB updates per second...
[WASM] Iteration 0 | Dirtied 0.64 MB @ offset 0 MB (Integrity: OK)
[WASM] Iteration 100 | Dirtied 0.64 MB @ offset 63 MB (Integrity: OK)
[WASM] Iteration 200 | Dirtied 0.64 MB @ offset 127 MB (Integrity: OK)
[WASM] Iteration 300 | Dirtied 0.64 MB @ offset 191 MB (Integrity: OK)
[WASM] Iteration 400 | Dirtied 0.64 MB @ offset 255 MB (Integrity: OK)
[WASM] Iteration 500 | Dirtied 0.64 MB @ offset 20 MB (Integrity: OK)
[WASM] Iteration 600 | Dirtied 0.64 MB @ offset 84 MB (Integrity: OK)
[LM] Client connected. Migration is initiated (1785176307641.511475 ms)...
[LM] Phase 1: Sending initial bulk memory (300 MB)...
[WASM] Iteration 700 | Dirtied 0.64 MB @ offset 148 MB (Integrity: OK)
[WASM] Iteration 800 | Dirtied 0.64 MB @ offset 212 MB (Integrity: OK)
[LM] Initial pre-copy of bulk memory completed. Took 2702.250000 ms
[LM] Phase 1.5: Starting incremental pre-copy...
[WASM] Iteration 900 | Dirtied 0.64 MB @ offset 276 MB (Integrity: OK)
[WASM] Iteration 1000 | Dirtied 0.64 MB @ offset 41 MB (Integrity: OK)
[LM] Number of dirty cards transmitted: 348657
[LM] Pre-copy Iteration 1: Sent 178512384 bytes.
[WASM] Iteration 1100 | Dirtied 0.64 MB @ offset 105 MB (Integrity: OK)
[LM] Number of dirty cards transmitted: 199237
[LM] Pre-copy Iteration 2: Sent 102009344 bytes.
[LM] Number of dirty cards transmitted: 112729
[LM] Pre-copy Iteration 3: Sent 57717248 bytes.
[LM] Number of dirty cards transmitted: 64230
[LM] Pre-copy Iteration 4: Sent 32885760 bytes.
[WASM] Iteration 1200 | Dirtied 0.64 MB @ offset 169 MB (Integrity: OK)
[LM] Number of dirty cards transmitted: 36704
[LM] Pre-copy Iteration 5: Sent 18792448 bytes.
[LM] Number of dirty cards transmitted: 19668
[LM] Pre-copy Iteration 6: Sent 10070016 bytes.
[LM] Pre-copy threshold reached. Moving to final handover.
[LM] Incremental pre-copy completed. Took 3438.549072 ms
[LM] Bulk + Precopy duration 1162.627000 ms
[LM] Received 0xEOF_RECONSTRUCT, halting execution for final handover...
[LM/Checkpoint] Migration triggered! Dumping state...
[LM/Checkpoint] State synced to frame structures.
[LM] Phase 2: Sending final dirty pages and context...
[LM] Number of dirty cards transmitted: 15733
[LM] Send final dirty pages took 31.227000 ms
[LM] Checkpoint dirty state took 0.077000 ms
[LM/Checkpoint] Live migration completed at 1785176313872.140869 ms. Migration took 6230.629395 ms
[LM/Checkpoint] Took 31.458000 ms to checkpoint application
