[LM] Starting migration server on port 8010 in background...
[LM] Migration server started (1785247254550.531250 ms).
[LM] Server waiting for connection on port 8010...
[WASM] Options: Allocating 800 MB | Rate: 64 MB/s | Step: 10 ms (0.64 MB/iter)
[WASM] Writing initial test patterns to all 800 MB of pages...
[WASM] Memory initialized. Starting loop with 64 MB updates per second...
[WASM] Iteration 0 | Dirtied 0.64 MB @ offset 0 MB (Integrity: OK)
[WASM] Iteration 100 | Dirtied 0.64 MB @ offset 63 MB (Integrity: OK)
[WASM] Iteration 200 | Dirtied 0.64 MB @ offset 127 MB (Integrity: OK)
[WASM] Iteration 300 | Dirtied 0.64 MB @ offset 191 MB (Integrity: OK)
[LM] Client connected. Migration is initiated (1785247258722.789551 ms)...
[LM/Checkpoint] Sync all to frame at opcode=10 (next=41)
CHECK: frame 0x5555db6f49c0, frame->ip 65
[LM/Checkpoint] Memory snapshot captured after 3.208740 ms
[LM/Checkpoint] Phase 1.1: Sending state metadata...
[LM/Checkpoint] Memory metadata transmitted after 0.032959 ms
[LM/Checkpoint] Phase 1.2: Sending initial bulk memory (800 MB)...
[LM/Checkpoint] Main interpreter thread halted for 0.044000 ms
[WASM] Iteration 400 | Dirtied 0.64 MB @ offset 255 MB (Integrity: OK)
[WASM] Iteration 500 | Dirtied 0.64 MB @ offset 319 MB (Integrity: OK)
[WASM] Iteration 600 | Dirtied 0.64 MB @ offset 383 MB (Integrity: OK)
[WASM] Iteration 700 | Dirtied 0.64 MB @ offset 447 MB (Integrity: OK)
[WASM] Iteration 800 | Dirtied 0.64 MB @ offset 511 MB (Integrity: OK)
[WASM] Iteration 900 | Dirtied 0.64 MB @ offset 575 MB (Integrity: OK)
[WASM] Iteration 1000 | Dirtied 0.64 MB @ offset 639 MB (Integrity: OK)
[WASM] Iteration 1100 | Dirtied 0.64 MB @ offset 703 MB (Integrity: OK)
[LM/Checkpoint] Linear memory transmitted after 7192.684082 ms
[LM/Checkpoint] Wrote stack and shadow stack frames to stream (frame count: 7, frame offset: 2888)
[LM/Checkpoint] Frames transmitted after 0.012207 ms
[LM/Checkpoint] Capturing the UDP state took 0.001000 ms (fd: 0, port: 0)
[LM/Checkpoint] Initial full linear memory handover duration 338.537000 ms
[LM/Checkpoint] Received 0xEOF_RECONSTRUCT, halting execution for final handover (1785247265949.941162 ms)...
[LM/Checkpoint] Migration server completed its tasks
[LM/Checkpoint] Initial membrane chunk transmitted after 38.353760 ms
[LM/Checkpoint] Migration client completed its tasks
[LM/Checkpoint] Migration completed in 7244.410889 ms
[LM/Checkpoint] Live migration completed at 1785247258722.854004 ms.
[LM/Checkpoint] Program halts at 1785247265967.232178 ms.
[LM/Checkpoint] Closing migration connections...
[LM/Checkpoint] Closed all migration connections!
