[LM] Starting migration server on port 8010 in background...
[LM] Server waiting for connection on port 8010...
[WASM] Options: Allocating 500 MB | Rate: 64 MB/s | Step: 10 ms (0.64 MB/iter)
[WASM] Writing initial test patterns to all 500 MB of pages...
[WASM] Memory initialized. Starting loop with 64 MB updates per second...
[WASM] Iteration 0 | Dirtied 0.64 MB @ offset 0 MB (Integrity: OK)
[WASM] Iteration 100 | Dirtied 0.64 MB @ offset 63 MB (Integrity: OK)
[WASM] Iteration 200 | Dirtied 0.64 MB @ offset 127 MB (Integrity: OK)
[WASM] Iteration 300 | Dirtied 0.64 MB @ offset 191 MB (Integrity: OK)
[WASM] Iteration 400 | Dirtied 0.64 MB @ offset 255 MB (Integrity: OK)
[WASM] Iteration 500 | Dirtied 0.64 MB @ offset 319 MB (Integrity: OK)
[LM] Client connected. Migration is initiated (1785176619700.367676 ms)...
[LM] Phase 1: Sending initial bulk memory (500 MB)...
[WASM] Iteration 600 | Dirtied 0.64 MB @ offset 383 MB (Integrity: OK)
[WASM] Iteration 700 | Dirtied 0.64 MB @ offset 447 MB (Integrity: OK)
[WASM] Iteration 800 | Dirtied 0.64 MB @ offset 12 MB (Integrity: OK)
[WASM] Iteration 900 | Dirtied 0.64 MB @ offset 76 MB (Integrity: OK)
[WASM] Iteration 1000 | Dirtied 0.64 MB @ offset 140 MB (Integrity: OK)
[LM] Initial pre-copy of bulk memory completed. Took 4507.100342 ms
[LM] Phase 1.5: Starting incremental pre-copy...
[WASM] Iteration 1100 | Dirtied 0.64 MB @ offset 204 MB (Integrity: OK)
[WASM] Iteration 1200 | Dirtied 0.64 MB @ offset 268 MB (Integrity: OK)
[LM] Number of dirty cards transmitted: 581967
[LM] Pre-copy Iteration 1: Sent 297967104 bytes.
[WASM] Iteration 1300 | Dirtied 0.64 MB @ offset 332 MB (Integrity: OK)
[WASM] Iteration 1400 | Dirtied 0.64 MB @ offset 396 MB (Integrity: OK)
[LM] Number of dirty cards transmitted: 328996
[LM] Pre-copy Iteration 2: Sent 168445952 bytes.
[WASM] Iteration 1500 | Dirtied 0.64 MB @ offset 460 MB (Integrity: OK)
[LM] Number of dirty cards transmitted: 188750
[LM] Pre-copy Iteration 3: Sent 96640000 bytes.
[LM] Number of dirty cards transmitted: 106175
[LM] Pre-copy Iteration 4: Sent 54361600 bytes.
[LM] Number of dirty cards transmitted: 61610
[LM] Pre-copy Iteration 5: Sent 31544320 bytes.
[WASM] Iteration 1600 | Dirtied 0.64 MB @ offset 25 MB (Integrity: OK)
[LM] Number of dirty cards transmitted: 34083
[LM] Pre-copy Iteration 6: Sent 17450496 bytes.
[LM] Number of dirty cards transmitted: 19668
[LM] Pre-copy Iteration 7: Sent 10070016 bytes.
[LM] Pre-copy threshold reached. Moving to final handover.
[LM] Incremental pre-copy completed. Took 5819.118652 ms
[LM] Bulk + Precopy duration 1957.863000 ms
[LM] Received 0xEOF_RECONSTRUCT, halting execution for final handover...
[LM/Checkpoint] Migration triggered! Dumping state...
[LM/Checkpoint] State synced to frame structures.
[LM] Phase 2: Sending final dirty pages and context...
[LM] Number of dirty cards transmitted: 14423
[LM] Send final dirty pages took 27.619000 ms
[LM] Checkpoint dirty state took 0.106000 ms
[LM/Checkpoint] Live migration completed at 1785176630104.773926 ms. Migration took 10404.406250 ms
[LM/Checkpoint] Took 27.870000 ms to checkpoint application
