[LM] Starting migration server on port 8010 in background...
[LM] Migration server started (1785247074901.899902 ms).
[LM] Server waiting for connection on port 8010...
[WASM] Options: Allocating 100 MB | Rate: 64 MB/s | Step: 10 ms (0.64 MB/iter)
[WASM] Writing initial test patterns to all 100 MB of pages...
[WASM] Memory initialized. Starting loop with 64 MB updates per second...
[WASM] Iteration 0 | Dirtied 0.64 MB @ offset 0 MB (Integrity: OK)
[WASM] Iteration 100 | Dirtied 0.64 MB @ offset 63 MB (Integrity: OK)
[WASM] Iteration 200 | Dirtied 0.64 MB @ offset 28 MB (Integrity: OK)
[WASM] Iteration 300 | Dirtied 0.64 MB @ offset 92 MB (Integrity: OK)
[WASM] Iteration 400 | Dirtied 0.64 MB @ offset 57 MB (Integrity: OK)
[LM] Client connected. Migration is initiated (1785247079144.505859 ms)...
[LM/Checkpoint] Sync all to frame at opcode=10 (next=41)
CHECK: frame 0x55568d9349c0, frame->ip 65
[LM/Checkpoint] Memory snapshot captured after 10.583496 ms
[LM/Checkpoint] Phase 1.1: Sending state metadata...
[LM/Checkpoint] Memory metadata transmitted after 0.037842 ms
[LM/Checkpoint] Phase 1.2: Sending initial bulk memory (100 MB)...
[LM/Checkpoint] Main interpreter thread halted for 0.044000 ms
[WASM] Iteration 500 | Dirtied 0.64 MB @ offset 21 MB (Integrity: OK)
[LM/Checkpoint] Linear memory transmitted after 911.358643 ms
[LM/Checkpoint] Wrote stack and shadow stack frames to stream (frame count: 7, frame offset: 2888)
[LM/Checkpoint] Frames transmitted after 0.020996 ms
[LM/Checkpoint] Capturing the UDP state took 0.002000 ms (fd: 0, port: 0)
[LM/Checkpoint] Initial full linear memory handover duration 46.957000 ms
[LM/Checkpoint] Received 0xEOF_RECONSTRUCT, halting execution for final handover (1785247080095.327637 ms)...
[LM/Checkpoint] Migration server completed its tasks
[LM/Checkpoint] Initial membrane chunk transmitted after 36.110840 ms
[LM/Checkpoint] Migration client completed its tasks
[LM/Checkpoint] Migration completed in 968.235352 ms
[LM/Checkpoint] Live migration completed at 1785247079144.573730 ms.
[LM/Checkpoint] Program halts at 1785247080112.780518 ms.
[LM/Checkpoint] Closing migration connections...
[LM/Checkpoint] Closed all migration connections!
