[LM] Starting migration server on port 8010 in background...
[LM] Server waiting for connection on port 8010...
[WASM] Options: Allocating 100 MB | Rate: 64 MB/s | Step: 10 ms (0.64 MB/iter)
[WASM] Writing initial test patterns to all 100 MB of pages...
[WASM] Memory initialized. Starting loop with 64 MB updates per second...
[WASM] Iteration 0 | Dirtied 0.64 MB @ offset 0 MB (Integrity: OK)
[WASM] Iteration 100 | Dirtied 0.64 MB @ offset 63 MB (Integrity: OK)
[WASM] Iteration 200 | Dirtied 0.64 MB @ offset 28 MB (Integrity: OK)
[WASM] Iteration 300 | Dirtied 0.64 MB @ offset 92 MB (Integrity: OK)
[WASM] Iteration 400 | Dirtied 0.64 MB @ offset 57 MB (Integrity: OK)
[WASM] Iteration 500 | Dirtied 0.64 MB @ offset 21 MB (Integrity: OK)
[WASM] Iteration 600 | Dirtied 0.64 MB @ offset 85 MB (Integrity: OK)
[LM] Client connected. Migration is initiated (1785176044652.462402 ms)...
[LM] Phase 1: Sending initial bulk memory (100 MB)...
[LM] Initial pre-copy of bulk memory completed. Took 906.984375 ms
[LM] Phase 1.5: Starting incremental pre-copy...
[WASM] Iteration 700 | Dirtied 0.64 MB @ offset 50 MB (Integrity: OK)
[LM] Number of dirty cards transmitted: 117970
[LM] Pre-copy Iteration 1: Sent 60400640 bytes.
[LM] Number of dirty cards transmitted: 66853
[LM] Pre-copy Iteration 2: Sent 34228736 bytes.
[LM] Number of dirty cards transmitted: 38016
[LM] Pre-copy Iteration 3: Sent 19464192 bytes.
[WASM] Iteration 800 | Dirtied 0.64 MB @ offset 15 MB (Integrity: OK)
[LM] Number of dirty cards transmitted: 22287
[LM] Pre-copy Iteration 4: Sent 11410944 bytes.
[LM] Number of dirty cards transmitted: 13115
[LM] Pre-copy Iteration 5: Sent 6714880 bytes.
[LM] Pre-copy threshold reached. Moving to final handover.
[LM] Incremental pre-copy completed. Took 1141.347900 ms
[LM] Bulk + Precopy duration 396.856000 ms
[LM] Received 0xEOF_RECONSTRUCT, halting execution for final handover...
[LM/Checkpoint] Migration triggered! Dumping state...
[LM/Checkpoint] State synced to frame structures.
[LM] Phase 2: Sending final dirty pages and context...
[LM] Number of dirty cards transmitted: 10490
[LM] Send final dirty pages took 21.233000 ms
[LM] Checkpoint dirty state took 0.039000 ms
[LM/Checkpoint] Live migration completed at 1785176046766.180176 ms. Migration took 2113.717773 ms
[LM/Checkpoint] Took 21.421000 ms to checkpoint application
