[LM] Connecting to migration server 192.168.10.11:8010...
[LM/Restore] Connected to migration server 192.168.10.11:8010
[LM/Restore] State metadata loaded
[LM/Restore] Had to enlarge linear memory for migration
[LM/Restore] Linear memory loaded
[LM/Restore] Stack and shadow stack metadata loaded (frame count: 7, frame offset: 2888)
[LM/Restore] State restored
[LM/Restore] Initial state has been reconstructed (1785245778079.457031 ms).
[LM/Checkpoint] Migration server completed its tasks (1785245778086.683350 ms)
[LM/Checkpoint] Migration client completed its tasks (1785245778086.692139 ms)
[LM/Restore] State restoration complete (1785245778086.708740 ms).
[LM] Starting migration server on port 8010 in background...
[LM] Migration server started (1785245778086.794922 ms).
[LM/Restore] Re-entering interpreter loop...
[LM/Resume] exec_env=0x5555c2f4f1c0 cur_frame=0x5555c2f549c0 module_inst=0x5555c2f4da80 function=0x5555c2f4e400 prev_frame=0x5555c2f548b4 ip=0x7fffa5fe31f8 (offset=14, is_import=0) 1785245778086.805908 ms
[LM/Resume] New function array base=0x5555c2f4def0 count=88
[LM/Resume] Took 0.007000 ms to restore application
[LM/Resume] Resuming bytecode function (1785245778086.813232)
[LM] Server waiting for connection on port 8010...
[WASM] Iteration 600 | Dirtied 0.64 MB @ offset 383 MB (Integrity: OK)
