[LM] Connecting to migration server 192.168.10.11:8010...
[LM/Restore] Connected to migration server 192.168.10.11:8010
[LM/Restore] State metadata loaded
[LM/Restore] Had to enlarge linear memory for migration
[LM/Restore] Linear memory loaded
[LM/Restore] Stack and shadow stack metadata loaded (frame count: 7, frame offset: 2888)
[LM/Restore] State restored
[LM/Restore] Initial state has been reconstructed (1785247142781.799072 ms).
[LM/Checkpoint] Migration server completed its tasks (1785247142788.686523 ms)
[LM/Checkpoint] Migration client completed its tasks (1785247142788.695312 ms)
[LM/Restore] State restoration complete (1785247142788.712646 ms).
[LM] Starting migration server on port 8010 in background...
[LM] Migration server started (1785247142788.802490 ms).
[LM/Restore] Re-entering interpreter loop...
[LM/Resume] exec_env=0x5556478bf1c0 cur_frame=0x5556478c49c0 module_inst=0x5556478bda80 function=0x5556478be400 prev_frame=0x5556478c48b4 ip=0x7fff3b7a31f8 (offset=14, is_import=0) 1785247142788.812744 ms
[LM/Resume] New function array base=0x5556478bdef0 count=88
[LM/Resume] Took 0.007000 ms to restore application
[LM/Resume] Resuming bytecode function (1785247142788.820068)
[LM] Server waiting for connection on port 8010...
[WASM] Iteration 700 | Dirtied 0.64 MB @ offset 49 MB (Integrity: OK)
[WASM] Iteration 800 | Dirtied 0.64 MB @ offset 113 MB (Integrity: OK)
[WASM] Iteration 900 | Dirtied 0.64 MB @ offset 177 MB (Integrity: OK)
[WASM] Iteration 1000 | Dirtied 0.64 MB @ offset 41 MB (Integrity: OK)
[WASM] Iteration 1100 | Dirtied 0.64 MB @ offset 105 MB (Integrity: OK)
[WASM] Iteration 1200 | Dirtied 0.64 MB @ offset 169 MB (Integrity: OK)
[WASM] Iteration 1300 | Dirtied 0.64 MB @ offset 34 MB (Integrity: OK)
[WASM] Iteration 1400 | Dirtied 0.64 MB @ offset 98 MB (Integrity: OK)
