[LM] Connecting to migration server 192.168.10.11:8010...
[LM/Restore] Connected to migration server 192.168.10.11:8010
[LM/Restore] Membrane channel connected to 192.168.10.11:8011
[LM/Restore] State metadata loaded
[LM/Restore] Had to enlarge linear memory for migration
[LM/Restore] Linear memory loaded
[LM/Restore] Stack and shadow stack metadata loaded (frame count: 7, frame offset: 2888)
[LM/Restore] State restored
[LM/Restore] Initial state has been reconstructed (1785175960224.653076 ms).
[LM/Restore] Enter membrane replay mode (1785175960224.677979 ms)...
[LM/Checkpoint] Migration server completed its tasks (1785175960232.158447 ms)
[LM/Checkpoint] Migration client completed its tasks (1785175960232.166992 ms)
[LM/Restore] State restoration complete (1785175960232.184814 ms).
[LM] Starting migration server on port 8010 in background...
[LM] Migration server started (1785175960232.264160 ms).
[LM/Restore] Re-entering interpreter loop...
[LM/Resume] exec_env=0x55559ee331c0 cur_frame=0x55559ee389c0 module_inst=0x55559ee31a80 function=0x55559ee32400 prev_frame=0x55559ee388b4 ip=0x7fff88e931f8 (offset=14, is_import=0) 1785175960232.272949 ms
[LM/Resume] New function array base=0x55559ee31ef0 count=88
[LM/Resume] Took 0.007000 ms to restore application
[LM/Resume] Resuming bytecode function (1785175960232.280518)
[LM] Server waiting for connection on port 8010...
[LM/Restore] Closed side sock fd 5
[LM/Restore] Live migration restored at 1785175960259.592773 ms
[WASM] Iteration 700 | Dirtied 0.64 MB @ offset 3 MB (Integrity: OK)
[WASM] Iteration 800 | Dirtied 0.64 MB @ offset 18 MB (Integrity: OK)
[WASM] Iteration 900 | Dirtied 0.64 MB @ offset 33 MB (Integrity: OK)
[WASM] Iteration 1000 | Dirtied 0.64 MB @ offset 47 MB (Integrity: OK)
