[LM] Connecting to migration server 192.168.10.11:8010...
[LM Client] Receiving pre-copy chunk...
[LM Client] Receiving pre-copy chunk...
[LM Client] Receiving pre-copy chunk...
[LM Client] Receiving pre-copy chunk...
[LM Client] Receiving pre-copy chunk...
[LM Client] Receiving pre-copy chunk...
[LM Client] Receiving pre-copy chunk...
[LM Client] Receiving pre-copy chunk...
[LM Client] Pre-copy complete. Proceeding to final handover.
Frame - IP: 14, function_index: 27, func: 0x55567ca0e400
  frame->ip: 0x7fff11cd31f8
END

Frame - IP: 317, function_index: 17, func: 0x55567ca0e220
  frame->ip: 0x7fff11cd3003
END

Frame - IP: 75, function_index: 18, func: 0x55567ca0e250
  frame->ip: 0x7fff11cd3070
END

Frame - IP: 2891, function_index: 10, func: 0x55567ca0e0d0
  frame->ip: 0x7fff11cd0e87
END

Frame - IP: 114, function_index: 20, func: 0x55567ca0e2b0
  frame->ip: 0x7fff11cd3116
END

Frame - IP: 52, function_index: 9, func: 0x55567ca0e0a0
  frame->ip: 0x7fff11cd029b
END

[LM Client] Migration successfully completed.
[LM] State received and restored.
[LM] Starting migration server on port 8010 in background...
[LM] Re-entering interpreter loop...
[LM/Resume] exec_env=0x55567ca0f1c0 cur_frame=0x55567ca109a0 module_inst=0x55567ca0da80 function=0x55567ca0e400 prev_frame=0x55567ca10894 ip=0x7fff11cd31f8 (offset=14)
[LM/Resume] new function array base=0x55567ca0def0 count=88
[LM/Resume] Took 0.007000 ms to restore application
[LM/Restore] Live migration restored at 1785177407509.260010 ms
[LM] Server waiting for connection on port 8010...
[WASM] Iteration 2300 | Dirtied 0.64 MB @ offset 572 MB (Integrity: OK)
[WASM] Iteration 2400 | Dirtied 0.64 MB @ offset 636 MB (Integrity: OK)
[WASM] Iteration 2500 | Dirtied 0.64 MB @ offset 700 MB (Integrity: OK)
[WASM] Iteration 2600 | Dirtied 0.64 MB @ offset 764 MB (Integrity: OK)
[WASM] Iteration 2700 | Dirtied 0.64 MB @ offset 828 MB (Integrity: OK)
[WASM] Iteration 2800 | Dirtied 0.64 MB @ offset 892 MB (Integrity: OK)
[WASM] Iteration 2900 | Dirtied 0.64 MB @ offset 57 MB (Integrity: OK)
[WASM] Iteration 3000 | Dirtied 0.64 MB @ offset 121 MB (Integrity: OK)
[WASM] Iteration 3100 | Dirtied 0.64 MB @ offset 185 MB (Integrity: OK)
[WASM] Iteration 3200 | Dirtied 0.64 MB @ offset 249 MB (Integrity: OK)
[WASM] Iteration 3300 | Dirtied 0.64 MB @ offset 313 MB (Integrity: OK)
[WASM] Iteration 3400 | Dirtied 0.64 MB @ offset 377 MB (Integrity: OK)
[WASM] Iteration 3500 | Dirtied 0.64 MB @ offset 441 MB (Integrity: OK)
[WASM] Iteration 3600 | Dirtied 0.64 MB @ offset 505 MB (Integrity: OK)
[WASM] Iteration 3700 | Dirtied 0.64 MB @ offset 569 MB (Integrity: OK)
[WASM] Iteration 3800 | Dirtied 0.64 MB @ offset 633 MB (Integrity: OK)
[WASM] Iteration 3900 | Dirtied 0.64 MB @ offset 697 MB (Integrity: OK)
[WASM] Iteration 4000 | Dirtied 0.64 MB @ offset 761 MB (Integrity: OK)
[WASM] Iteration 4100 | Dirtied 0.64 MB @ offset 825 MB (Integrity: OK)
[WASM] Iteration 4200 | Dirtied 0.64 MB @ offset 889 MB (Integrity: OK)
[WASM] Iteration 4300 | Dirtied 0.64 MB @ offset 53 MB (Integrity: OK)
[WASM] Iteration 4400 | Dirtied 0.64 MB @ offset 117 MB (Integrity: OK)
