[LM] Connecting to migration server 192.168.10.11:8010...
[LM/Restore] Connected to migration server 192.168.10.11:8010
[LM/Restore] State metadata loaded
[LM/Restore] Had to enlarge linear memory for migration
[LM/Restore] Linear memory loaded
[LM/Restore] Stack and shadow stack metadata loaded (frame count: 7, frame offset: 2888)
[LM/Restore] State restored
[LM/Restore] Initial state has been reconstructed (1785245602049.790039 ms).
[LM/Checkpoint] Migration server completed its tasks (1785245602057.012207 ms)
[LM/Checkpoint] Migration client completed its tasks (1785245602057.038330 ms)
[LM/Restore] State restoration complete (1785245602057.059082 ms).
[LM] Starting migration server on port 8010 in background...
[LM] Migration server started (1785245602057.159424 ms).
[LM/Restore] Re-entering interpreter loop...
[LM/Resume] exec_env=0x555634ebb1c0 cur_frame=0x555634ec09c0 module_inst=0x555634eb9a80 function=0x555634eba400 prev_frame=0x555634ec08b4 ip=0x7fff643231f8 (offset=14, is_import=0) 1785245602057.170898 ms
[LM/Resume] New function array base=0x555634eb9ef0 count=88
[LM/Resume] Took 0.009000 ms to restore application
[LM/Resume] Resuming bytecode function (1785245602057.180176)
[LM] Server waiting for connection on port 8010...
[WASM] Iteration 700 | Dirtied 0.64 MB @ offset 98 MB (Integrity: OK)
[WASM] Iteration 800 | Dirtied 0.64 MB @ offset 162 MB (Integrity: OK)
