[LM] Connecting to migration server 192.168.10.11:8010...
[LM/Restore] Connected to migration server 192.168.10.11:8010
[LM/Restore] State metadata loaded
[LM/Restore] Had to enlarge linear memory for migration
[LM/Restore] Linear memory loaded
[LM/Restore] Stack and shadow stack metadata loaded (frame count: 7, frame offset: 2888)
[LM/Restore] State restored
[LM/Restore] Initial state has been reconstructed (1785245628990.466553 ms).
[LM/Checkpoint] Migration server completed its tasks (1785245628997.784424 ms)
[LM/Checkpoint] Migration client completed its tasks (1785245628997.798096 ms)
[LM/Restore] State restoration complete (1785245628997.821533 ms).
[LM] Starting migration server on port 8010 in background...
[LM] Migration server started (1785245628997.922852 ms).
[LM/Restore] Re-entering interpreter loop...
[LM/Resume] exec_env=0x55559db531c0 cur_frame=0x55559db589c0 module_inst=0x55559db51a80 function=0x55559db52400 prev_frame=0x55559db588b4 ip=0x7fff6baa31f8 (offset=14, is_import=0) 1785245628997.936768 ms
[LM/Resume] New function array base=0x55559db51ef0 count=88
[LM/Resume] Took 0.008000 ms to restore application
[LM/Resume] Resuming bytecode function (1785245628997.946289)
[LM] Server waiting for connection on port 8010...
[WASM] Iteration 700 | Dirtied 0.64 MB @ offset 48 MB (Integrity: OK)
[WASM] Iteration 800 | Dirtied 0.64 MB @ offset 112 MB (Integrity: OK)
[WASM] Iteration 900 | Dirtied 0.64 MB @ offset 176 MB (Integrity: OK)
