[LM] Connecting to migration server 192.168.10.11:8010...
[LM Client] Receiving pre-copy chunk...
[LM Client] Receiving pre-copy chunk...
[LM Client] Receiving pre-copy chunk...
[LM Client] Receiving pre-copy chunk...
[LM Client] Receiving pre-copy chunk...
[LM Client] Pre-copy complete. Proceeding to final handover.
Frame - IP: 14, function_index: 27, func: 0x5555ae046400
  frame->ip: 0x7fff988e31f8
END

Frame - IP: 317, function_index: 17, func: 0x5555ae046220
  frame->ip: 0x7fff988e3003
END

Frame - IP: 75, function_index: 18, func: 0x5555ae046250
  frame->ip: 0x7fff988e3070
END

Frame - IP: 2891, function_index: 10, func: 0x5555ae0460d0
  frame->ip: 0x7fff988e0e87
END

Frame - IP: 114, function_index: 20, func: 0x5555ae0462b0
  frame->ip: 0x7fff988e3116
END

Frame - IP: 52, function_index: 9, func: 0x5555ae0460a0
  frame->ip: 0x7fff988e029b
END

[LM Client] Migration successfully completed.
[LM] State received and restored.
[LM] Starting migration server on port 8010 in background...
[LM] Re-entering interpreter loop...
[LM/Resume] exec_env=0x5555ae0471c0 cur_frame=0x5555ae0489a0 module_inst=0x5555ae045a80 function=0x5555ae046400 prev_frame=0x5555ae048894 ip=0x7fff988e31f8 (offset=14)
[LM/Resume] new function array base=0x5555ae045ef0 count=88
[LM/Resume] Took 0.008000 ms to restore application
[LM/Restore] Live migration restored at 1785176109246.333008 ms
[LM] Server waiting for connection on port 8010...
[WASM] Iteration 800 | Dirtied 0.64 MB @ offset 63 MB (Integrity: OK)
[WASM] Iteration 900 | Dirtied 0.64 MB @ offset 127 MB (Integrity: OK)
[WASM] Iteration 1000 | Dirtied 0.64 MB @ offset 42 MB (Integrity: OK)
[WASM] Iteration 1100 | Dirtied 0.64 MB @ offset 106 MB (Integrity: OK)
[WASM] Iteration 1200 | Dirtied 0.64 MB @ offset 21 MB (Integrity: OK)
