[LM] Connecting to migration server 192.168.10.11:8010...
[LM Client] Receiving pre-copy chunk...
[LM Client] Receiving pre-copy chunk...
[LM Client] Receiving pre-copy chunk...
[LM Client] Receiving pre-copy chunk...
[LM Client] Receiving pre-copy chunk...
[LM Client] Receiving pre-copy chunk...
[LM Client] Pre-copy complete. Proceeding to final handover.
Frame - IP: 14, function_index: 27, func: 0x55567de7e400
  frame->ip: 0x7ffeca7a31f8
END

Frame - IP: 317, function_index: 17, func: 0x55567de7e220
  frame->ip: 0x7ffeca7a3003
END

Frame - IP: 75, function_index: 18, func: 0x55567de7e250
  frame->ip: 0x7ffeca7a3070
END

Frame - IP: 2891, function_index: 10, func: 0x55567de7e0d0
  frame->ip: 0x7ffeca7a0e87
END

Frame - IP: 114, function_index: 20, func: 0x55567de7e2b0
  frame->ip: 0x7ffeca7a3116
END

Frame - IP: 52, function_index: 9, func: 0x55567de7e0a0
  frame->ip: 0x7ffeca7a029b
END

[LM Client] Migration successfully completed.
[LM] State received and restored.
[LM] Starting migration server on port 8010 in background...
[LM] Re-entering interpreter loop...
[LM/Resume] exec_env=0x55567de7f1c0 cur_frame=0x55567de809a0 module_inst=0x55567de7da80 function=0x55567de7e400 prev_frame=0x55567de80894 ip=0x7ffeca7a31f8 (offset=14)
[LM/Resume] new function array base=0x55567de7def0 count=88
[LM/Resume] Took 0.008000 ms to restore application
[LM/Restore] Live migration restored at 1785176240461.337646 ms
[LM] Server waiting for connection on port 8010...
[WASM] Iteration 1200 | Dirtied 0.64 MB @ offset 19 MB (Integrity: OK)
[WASM] Iteration 1300 | Dirtied 0.64 MB @ offset 83 MB (Integrity: OK)
[WASM] Iteration 1400 | Dirtied 0.64 MB @ offset 147 MB (Integrity: OK)
[WASM] Iteration 1500 | Dirtied 0.64 MB @ offset 211 MB (Integrity: OK)
[WASM] Iteration 1600 | Dirtied 0.64 MB @ offset 26 MB (Integrity: OK)
[WASM] Iteration 1700 | Dirtied 0.64 MB @ offset 90 MB (Integrity: OK)
[WASM] Iteration 1800 | Dirtied 0.64 MB @ offset 154 MB (Integrity: OK)
