[LM] Connecting to migration server 192.168.10.11:8010...
[LM/Restore] Connected to migration server 192.168.10.11:8010
[LM/Restore] Membrane channel connected to 192.168.10.11:8011
[LM/Restore] State metadata loaded
[LM/Restore] Had to enlarge linear memory for migration
[LM/Restore] Linear memory loaded
[LM/Restore] Stack and shadow stack metadata loaded (frame count: 7, frame offset: 2888)
[LM/Restore] State restored
[LM/Restore] Initial state has been reconstructed (1785177042150.253906 ms).
[LM/Restore] Enter membrane replay mode (1785177042150.282715 ms)...
[LM/Checkpoint] Migration server completed its tasks (1785177042157.557373 ms)
[LM/Checkpoint] Migration client completed its tasks (1785177042157.570557 ms)
[LM/Restore] State restoration complete (1785177042157.593994 ms).
[LM] Starting migration server on port 8010 in background...
[LM] Migration server started (1785177042157.695557 ms).
[LM/Restore] Re-entering interpreter loop...
[LM/Resume] exec_env=0x5555ca4971c0 cur_frame=0x5555ca49c9c0 module_inst=0x5555ca495a80 function=0x5555ca496400 prev_frame=0x5555ca49c8b4 ip=0x7fff9e9131f8 (offset=14, is_import=0) 1785177042157.713867 ms
[LM/Resume] New function array base=0x5555ca495ef0 count=88
[LM/Resume] Took 0.010000 ms to restore application
[LM/Resume] Resuming bytecode function (1785177042157.725342)
[LM] Server waiting for connection on port 8010...
[LM/Restore] Closed side sock fd 5
[LM/Restore] Live migration restored at 1785177042233.199219 ms
[WASM] Iteration 1300 | Dirtied 0.64 MB @ offset 82 MB (Integrity: OK)
[WASM] Iteration 1400 | Dirtied 0.64 MB @ offset 146 MB (Integrity: OK)
[WASM] Iteration 1500 | Dirtied 0.64 MB @ offset 210 MB (Integrity: OK)
[WASM] Iteration 1600 | Dirtied 0.64 MB @ offset 274 MB (Integrity: OK)
[WASM] Iteration 1700 | Dirtied 0.64 MB @ offset 338 MB (Integrity: OK)
[WASM] Iteration 1800 | Dirtied 0.64 MB @ offset 402 MB (Integrity: OK)
[WASM] Iteration 1900 | Dirtied 0.64 MB @ offset 466 MB (Integrity: OK)
[WASM] Iteration 2000 | Dirtied 0.64 MB @ offset 530 MB (Integrity: OK)
[WASM] Iteration 2100 | Dirtied 0.64 MB @ offset 594 MB (Integrity: OK)
[WASM] Iteration 2200 | Dirtied 0.64 MB @ offset 658 MB (Integrity: OK)
[WASM] Iteration 2300 | Dirtied 0.64 MB @ offset 722 MB (Integrity: OK)
[WASM] Iteration 2400 | Dirtied 0.64 MB @ offset 37 MB (Integrity: OK)
[WASM] Iteration 2500 | Dirtied 0.64 MB @ offset 101 MB (Integrity: OK)
[WASM] Iteration 2600 | Dirtied 0.64 MB @ offset 165 MB (Integrity: OK)
