[LM] Connecting to migration server 192.168.10.11:8010...
[LM/Restore] Connected to migration server 192.168.10.11:8010
[LM/Restore] Membrane channel connected to 192.168.10.11:8011
[LM/Restore] State metadata loaded
[LM/Restore] Had to enlarge linear memory for migration
[LM/Restore] Linear memory loaded
[LM/Restore] Stack and shadow stack metadata loaded (frame count: 7, frame offset: 2888)
[LM/Restore] State restored
[LM/Restore] Initial state has been reconstructed (1785176274339.076416 ms).
[LM/Restore] Enter membrane replay mode (1785176274339.102295 ms)...
[LM/Checkpoint] Migration server completed its tasks (1785176274346.395020 ms)
[LM/Checkpoint] Migration client completed its tasks (1785176274346.406494 ms)
[LM/Restore] State restoration complete (1785176274346.425537 ms).
[LM] Starting migration server on port 8010 in background...
[LM] Migration server started (1785176274346.509521 ms).
[LM/Restore] Re-entering interpreter loop...
[LM/Resume] exec_env=0x55563f5b71c0 cur_frame=0x55563f5bc9c0 module_inst=0x55563f5b5a80 function=0x55563f5b6400 prev_frame=0x55563f5bc8b4 ip=0x7fff883031f8 (offset=14, is_import=0) 1785176274346.524414 ms
[LM/Resume] New function array base=0x55563f5b5ef0 count=88
[LM/Resume] Took 0.008000 ms to restore application
[LM/Resume] Resuming bytecode function (1785176274346.533691)
[LM] Server waiting for connection on port 8010...
[LM/Restore] Closed side sock fd 5
[LM/Restore] Live migration restored at 1785176274387.353027 ms
[WASM] Iteration 700 | Dirtied 0.64 MB @ offset 148 MB (Integrity: OK)
[WASM] Iteration 800 | Dirtied 0.64 MB @ offset 212 MB (Integrity: OK)
[WASM] Iteration 900 | Dirtied 0.64 MB @ offset 276 MB (Integrity: OK)
[WASM] Iteration 1000 | Dirtied 0.64 MB @ offset 41 MB (Integrity: OK)
[WASM] Iteration 1100 | Dirtied 0.64 MB @ offset 105 MB (Integrity: OK)
[WASM] Iteration 1200 | Dirtied 0.64 MB @ offset 169 MB (Integrity: OK)
[WASM] Iteration 1300 | Dirtied 0.64 MB @ offset 233 MB (Integrity: OK)
[WASM] Iteration 1400 | Dirtied 0.64 MB @ offset 297 MB (Integrity: OK)
