[LM] Connecting to migration server 192.168.10.11:8010...
[LM/Restore] Connected to migration server 192.168.10.11:8010
[LM/Restore] Membrane channel connected to 192.168.10.11:8011
[LM/Restore] State metadata loaded
[LM/Restore] Had to enlarge linear memory for migration
[LM/Restore] Linear memory loaded
[LM/Restore] Stack and shadow stack metadata loaded (frame count: 7, frame offset: 2888)
[LM/Restore] State restored
[LM/Restore] Initial state has been reconstructed (1785176141209.123291 ms).
[LM/Restore] Enter membrane replay mode (1785176141209.145996 ms)...
[LM/Checkpoint] Migration server completed its tasks (1785176141216.338135 ms)
[LM/Checkpoint] Migration client completed its tasks (1785176141216.348633 ms)
[LM/Restore] State restoration complete (1785176141216.365479 ms).
[LM] Starting migration server on port 8010 in background...
[LM] Migration server started (1785176141216.442383 ms).
[LM/Restore] Re-entering interpreter loop...
[LM/Resume] exec_env=0x55562cd671c0 cur_frame=0x55562cd6c9c0 module_inst=0x55562cd65a80 function=0x55562cd66400 prev_frame=0x55562cd6c8b4 ip=0x7fff011031f8 (offset=14, is_import=0) 1785176141216.452637 ms
[LM/Resume] New function array base=0x55562cd65ef0 count=88
[LM/Resume] Took 0.006000 ms to restore application
[LM/Resume] Resuming bytecode function (1785176141216.459961)
[LM] Server waiting for connection on port 8010...
[LM/Restore] Closed side sock fd 5
[LM/Restore] Live migration restored at 1785176141254.122314 ms
[WASM] Iteration 700 | Dirtied 0.64 MB @ offset 49 MB (Integrity: OK)
[WASM] Iteration 800 | Dirtied 0.64 MB @ offset 113 MB (Integrity: OK)
[WASM] Iteration 900 | Dirtied 0.64 MB @ offset 177 MB (Integrity: OK)
[WASM] Iteration 1000 | Dirtied 0.64 MB @ offset 41 MB (Integrity: OK)
[WASM] Iteration 1100 | Dirtied 0.64 MB @ offset 105 MB (Integrity: OK)
[WASM] Iteration 1200 | Dirtied 0.64 MB @ offset 169 MB (Integrity: OK)
