[LM] Connecting to migration server 192.168.10.11:8010...
[LM/Restore] Connected to migration server 192.168.10.11:8010
[LM/Restore] Membrane channel connected to 192.168.10.11:8011
[LM/Restore] State metadata loaded
[LM/Restore] Had to enlarge linear memory for migration
[LM/Restore] Linear memory loaded
[LM/Restore] Stack and shadow stack metadata loaded (frame count: 7, frame offset: 2888)
[LM/Restore] State restored
[LM/Restore] Initial state has been reconstructed (1785177573730.236328 ms).
[LM/Restore] Enter membrane replay mode (1785177573730.264893 ms)...
[LM/Checkpoint] Migration server completed its tasks (1785177573737.655029 ms)
[LM/Checkpoint] Migration client completed its tasks (1785177573737.667969 ms)
[LM/Restore] State restoration complete (1785177573737.688721 ms).
[LM] Starting migration server on port 8010 in background...
[LM] Migration server started (1785177573737.779785 ms).
[LM/Restore] Re-entering interpreter loop...
[LM/Resume] exec_env=0x5555965031c0 cur_frame=0x5555965089c0 module_inst=0x555596501a80 function=0x555596502400 prev_frame=0x5555965088b4 ip=0x7ffee6f031f8 (offset=14, is_import=0) 1785177573737.790771 ms
[LM/Resume] New function array base=0x555596501ef0 count=88
[LM/Resume] Took 0.008000 ms to restore application
[LM/Resume] Resuming bytecode function (1785177573737.800049)
[LM] Server waiting for connection on port 8010...
[LM/Restore] Closed side sock fd 5
[LM/Restore] Live migration restored at 1785177573836.213379 ms
[WASM] Iteration 1400 | Dirtied 0.64 MB @ offset 895 MB (Integrity: OK)
[WASM] Iteration 1500 | Dirtied 0.64 MB @ offset 959 MB (Integrity: OK)
[WASM] Iteration 1600 | Dirtied 0.64 MB @ offset 24 MB (Integrity: OK)
[WASM] Iteration 1700 | Dirtied 0.64 MB @ offset 88 MB (Integrity: OK)
[WASM] Iteration 1800 | Dirtied 0.64 MB @ offset 152 MB (Integrity: OK)
[WASM] Iteration 1900 | Dirtied 0.64 MB @ offset 216 MB (Integrity: OK)
[WASM] Iteration 2000 | Dirtied 0.64 MB @ offset 280 MB (Integrity: OK)
[WASM] Iteration 2100 | Dirtied 0.64 MB @ offset 344 MB (Integrity: OK)
[WASM] Iteration 2200 | Dirtied 0.64 MB @ offset 408 MB (Integrity: OK)
[WASM] Iteration 2300 | Dirtied 0.64 MB @ offset 472 MB (Integrity: OK)
[WASM] Iteration 2400 | Dirtied 0.64 MB @ offset 536 MB (Integrity: OK)
[WASM] Iteration 2500 | Dirtied 0.64 MB @ offset 600 MB (Integrity: OK)
[WASM] Iteration 2600 | Dirtied 0.64 MB @ offset 664 MB (Integrity: OK)
[WASM] Iteration 2700 | Dirtied 0.64 MB @ offset 728 MB (Integrity: OK)
[WASM] Iteration 2800 | Dirtied 0.64 MB @ offset 792 MB (Integrity: OK)
[WASM] Iteration 2900 | Dirtied 0.64 MB @ offset 856 MB (Integrity: OK)
[WASM] Iteration 3000 | Dirtied 0.64 MB @ offset 920 MB (Integrity: OK)
