[LM] Connecting to migration server 192.168.10.11:8010...
[LM/Restore] Connected to migration server 192.168.10.11:8010
[LM/Restore] State metadata loaded
[LM/Restore] Had to enlarge linear memory for migration
[LM/Restore] Linear memory loaded
[LM/Restore] Stack and shadow stack metadata loaded (frame count: 7, frame offset: 2888)
[LM/Restore] State restored
[LM/Restore] Initial state has been reconstructed (1785245654712.649658 ms).
[LM/Checkpoint] Migration server completed its tasks (1785245654720.000244 ms)
[LM/Checkpoint] Migration client completed its tasks (1785245654720.011719 ms)
[LM/Restore] State restoration complete (1785245654720.031494 ms).
[LM] Starting migration server on port 8010 in background...
[LM] Migration server started (1785245654720.124512 ms).
[LM/Restore] Re-entering interpreter loop...
[LM/Resume] exec_env=0x55566869b1c0 cur_frame=0x5556686a09c0 module_inst=0x555668699a80 function=0x55566869a400 prev_frame=0x5556686a08b4 ip=0x7fff1ed331f8 (offset=14, is_import=0) 1785245654720.135498 ms
[LM/Resume] New function array base=0x555668699ef0 count=88
[LM/Resume] Took 0.007000 ms to restore application
[LM/Resume] Resuming bytecode function (1785245654720.144287)
[LM] Server waiting for connection on port 8010...
[WASM] Iteration 500 | Dirtied 0.64 MB @ offset 319 MB (Integrity: OK)
