[LM] Connecting to migration server 192.168.10.11:8010...
[LM/Restore] Connected to migration server 192.168.10.11:8010
[LM/Restore] State metadata loaded
[LM/Restore] Had to enlarge linear memory for migration
[LM/Restore] Linear memory loaded
[LM/Restore] Stack and shadow stack metadata loaded (frame count: 7, frame offset: 2888)
[LM/Restore] State restored
[LM/Restore] Initial state has been reconstructed (1785245752461.103516 ms).
[LM/Checkpoint] Migration server completed its tasks (1785245752468.595947 ms)
[LM/Checkpoint] Migration client completed its tasks (1785245752468.605469 ms)
[LM/Restore] State restoration complete (1785245752468.622070 ms).
[LM] Starting migration server on port 8010 in background...
[LM] Migration server started (1785245752468.704590 ms).
[LM/Restore] Re-entering interpreter loop...
[LM/Resume] exec_env=0x55559259f1c0 cur_frame=0x5555925a49c0 module_inst=0x55559259da80 function=0x55559259e400 prev_frame=0x5555925a48b4 ip=0x7fff6de331f8 (offset=14, is_import=0) 1785245752468.715332 ms
[LM/Resume] New function array base=0x55559259def0 count=88
[LM/Resume] Took 0.007000 ms to restore application
[LM/Resume] Resuming bytecode function (1785245752468.722900)
[LM] Server waiting for connection on port 8010...
[WASM] Iteration 600 | Dirtied 0.64 MB @ offset 383 MB (Integrity: OK)
[WASM] Iteration 700 | Dirtied 0.64 MB @ offset 447 MB (Integrity: OK)
