[LM] Connecting to migration server 192.168.10.11:8010...
[LM/Restore] Connected to migration server 192.168.10.11:8010
[LM/Restore] State metadata loaded
[LM/Restore] Had to enlarge linear memory for migration
[LM/Restore] Linear memory loaded
[LM/Restore] Stack and shadow stack metadata loaded (frame count: 7, frame offset: 2888)
[LM/Restore] State restored
[LM/Restore] Initial state has been reconstructed (1785245550700.038574 ms).
[LM/Checkpoint] Migration server completed its tasks (1785245550707.121582 ms)
[LM/Checkpoint] Migration client completed its tasks (1785245550707.131348 ms)
[LM/Restore] State restoration complete (1785245550707.149170 ms).
[LM] Starting migration server on port 8010 in background...
[LM] Migration server started (1785245550707.239258 ms).
[LM/Restore] Re-entering interpreter loop...
[LM/Resume] exec_env=0x5555ce9c71c0 cur_frame=0x5555ce9cc9c0 module_inst=0x5555ce9c5a80 function=0x5555ce9c6400 prev_frame=0x5555ce9cc8b4 ip=0x7fff544231f8 (offset=14, is_import=0) 1785245550707.249023 ms
[LM/Resume] New function array base=0x5555ce9c5ef0 count=88
[LM/Resume] Took 0.007000 ms to restore application
[LM/Resume] Resuming bytecode function (1785245550707.256836)
[LM] Server waiting for connection on port 8010...
[WASM] Iteration 600 | Dirtied 0.64 MB @ offset 134 MB (Integrity: OK)
[WASM] Iteration 700 | Dirtied 0.64 MB @ offset 198 MB (Integrity: OK)
[WASM] Iteration 800 | Dirtied 0.64 MB @ offset 13 MB (Integrity: OK)
