[LM] Connecting to migration server 192.168.10.11:8010...
[LM/Restore] Connected to migration server 192.168.10.11:8010
[LM/Restore] Membrane channel connected to 192.168.10.11:8011
[LM/Restore] State metadata loaded
[LM/Restore] Had to enlarge linear memory for migration
[LM/Restore] Linear memory loaded
[LM/Restore] Stack and shadow stack metadata loaded (frame count: 7, frame offset: 2888)
[LM/Restore] State restored
[LM/Restore] Initial state has been reconstructed (1785176507027.224609 ms).
[LM/Restore] Enter membrane replay mode (1785176507027.254150 ms)...
[LM/Checkpoint] Migration server completed its tasks (1785176507034.443115 ms)
[LM/Checkpoint] Migration client completed its tasks (1785176507034.454346 ms)
[LM/Restore] State restoration complete (1785176507034.474365 ms).
[LM] Starting migration server on port 8010 in background...
[LM] Migration server started (1785176507034.557617 ms).
[LM/Restore] Re-entering interpreter loop...
[LM/Resume] exec_env=0x55563f1db1c0 cur_frame=0x55563f1e09c0 module_inst=0x55563f1d9a80 function=0x55563f1da400 prev_frame=0x55563f1e08b4 ip=0x7fff047f31f8 (offset=14, is_import=0) 1785176507034.569336 ms
[LM/Resume] New function array base=0x55563f1d9ef0 count=88
[LM/Resume] Took 0.009000 ms to restore application
[LM/Resume] Resuming bytecode function (1785176507034.578857)
[LM] Server waiting for connection on port 8010...
[LM/Restore] Closed side sock fd 5
[LM/Restore] Live migration restored at 1785176507085.680176 ms
[WASM] Iteration 900 | Dirtied 0.64 MB @ offset 126 MB (Integrity: OK)
[WASM] Iteration 1000 | Dirtied 0.64 MB @ offset 190 MB (Integrity: OK)
[WASM] Iteration 1100 | Dirtied 0.64 MB @ offset 254 MB (Integrity: OK)
[WASM] Iteration 1200 | Dirtied 0.64 MB @ offset 318 MB (Integrity: OK)
[WASM] Iteration 1300 | Dirtied 0.64 MB @ offset 382 MB (Integrity: OK)
[WASM] Iteration 1400 | Dirtied 0.64 MB @ offset 446 MB (Integrity: OK)
[WASM] Iteration 1500 | Dirtied 0.64 MB @ offset 61 MB (Integrity: OK)
