[LM] Connecting to migration server 192.168.10.11:8010...
[LM/Restore] Connected to migration server 192.168.10.11:8010
[LM/Restore] Membrane channel connected to 192.168.10.11:8011
[LM/Restore] State metadata loaded
[LM/Restore] Had to enlarge linear memory for migration
[LM/Restore] Linear memory loaded
[LM/Restore] Stack and shadow stack metadata loaded (frame count: 7, frame offset: 2888)
[LM/Restore] State restored
[LM/Restore] Initial state has been reconstructed (1785176350984.641113 ms).
[LM/Restore] Enter membrane replay mode (1785176350984.666748 ms)...
[LM/Checkpoint] Migration server completed its tasks (1785176350992.005859 ms)
[LM/Checkpoint] Migration client completed its tasks (1785176350992.015381 ms)
[LM/Restore] State restoration complete (1785176350992.033203 ms).
[LM] Starting migration server on port 8010 in background...
[LM] Migration server started (1785176350992.110596 ms).
[LM/Restore] Re-entering interpreter loop...
[LM/Resume] exec_env=0x5556574b31c0 cur_frame=0x5556574b89c0 module_inst=0x5556574b1a80 function=0x5556574b2400 prev_frame=0x5556574b88b4 ip=0x7ffec83631f8 (offset=14, is_import=0) 1785176350992.119873 ms
[LM/Resume] New function array base=0x5556574b1ef0 count=88
[LM/Resume] Took 0.007000 ms to restore application
[LM/Resume] Resuming bytecode function (1785176350992.127197)
[LM] Server waiting for connection on port 8010...
[LM/Restore] Closed side sock fd 5
[LM/Restore] Live migration restored at 1785176351035.068115 ms
[WASM] Iteration 800 | Dirtied 0.64 MB @ offset 162 MB (Integrity: OK)
[WASM] Iteration 900 | Dirtied 0.64 MB @ offset 226 MB (Integrity: OK)
[WASM] Iteration 1000 | Dirtied 0.64 MB @ offset 290 MB (Integrity: OK)
[WASM] Iteration 1100 | Dirtied 0.64 MB @ offset 5 MB (Integrity: OK)
[WASM] Iteration 1200 | Dirtied 0.64 MB @ offset 69 MB (Integrity: OK)
[WASM] Iteration 1300 | Dirtied 0.64 MB @ offset 133 MB (Integrity: OK)
[WASM] Iteration 1400 | Dirtied 0.64 MB @ offset 197 MB (Integrity: OK)
