[LM] Connecting to migration server 192.168.10.11:8010...
[LM Client] Receiving pre-copy chunk...
[LM Client] Receiving pre-copy chunk...
[LM Client] Receiving pre-copy chunk...
[LM Client] Receiving pre-copy chunk...
[LM Client] Receiving pre-copy chunk...
[LM Client] Receiving pre-copy chunk...
[LM Client] Pre-copy complete. Proceeding to final handover.
Frame - IP: 14, function_index: 27, func: 0x555591a52400
  frame->ip: 0x7fffa1d531f8
END

Frame - IP: 317, function_index: 17, func: 0x555591a52220
  frame->ip: 0x7fffa1d53003
END

Frame - IP: 75, function_index: 18, func: 0x555591a52250
  frame->ip: 0x7fffa1d53070
END

Frame - IP: 2891, function_index: 10, func: 0x555591a520d0
  frame->ip: 0x7fffa1d50e87
END

Frame - IP: 114, function_index: 20, func: 0x555591a522b0
  frame->ip: 0x7fffa1d53116
END

Frame - IP: 52, function_index: 9, func: 0x555591a520a0
  frame->ip: 0x7fffa1d5029b
END

[LM Client] Migration successfully completed.
[LM] State received and restored.
[LM] Starting migration server on port 8010 in background...
[LM] Re-entering interpreter loop...
[LM/Resume] exec_env=0x555591a531c0 cur_frame=0x555591a549a0 module_inst=0x555591a51a80 function=0x555591a52400 prev_frame=0x555591a54894 ip=0x7fffa1d531f8 (offset=14)
[LM/Resume] new function array base=0x555591a51ef0 count=88
[LM/Resume] Took 0.007000 ms to restore application
[LM/Restore] Live migration restored at 1785176313892.664795 ms
[LM] Server waiting for connection on port 8010...
[WASM] Iteration 1300 | Dirtied 0.64 MB @ offset 233 MB (Integrity: OK)
[WASM] Iteration 1400 | Dirtied 0.64 MB @ offset 297 MB (Integrity: OK)
[WASM] Iteration 1500 | Dirtied 0.64 MB @ offset 61 MB (Integrity: OK)
[WASM] Iteration 1600 | Dirtied 0.64 MB @ offset 125 MB (Integrity: OK)
[WASM] Iteration 1700 | Dirtied 0.64 MB @ offset 189 MB (Integrity: OK)
[WASM] Iteration 1800 | Dirtied 0.64 MB @ offset 253 MB (Integrity: OK)
[WASM] Iteration 1900 | Dirtied 0.64 MB @ offset 18 MB (Integrity: OK)
[WASM] Iteration 2000 | Dirtied 0.64 MB @ offset 82 MB (Integrity: OK)
[WASM] Iteration 2100 | Dirtied 0.64 MB @ offset 146 MB (Integrity: OK)
