[LM] Connecting to migration server 192.168.10.11:8010...
[LM/Restore] Connected to migration server 192.168.10.11:8010
[LM/Restore] Membrane channel connected to 192.168.10.11:8011
[LM/Restore] State metadata loaded
[LM/Restore] Had to enlarge linear memory for migration
[LM/Restore] Linear memory loaded
[LM/Restore] Stack and shadow stack metadata loaded (frame count: 7, frame offset: 2888)
[LM/Restore] State restored
[LM/Restore] Initial state has been reconstructed (1785177354524.494385 ms).
[LM/Restore] Enter membrane replay mode (1785177354524.526611 ms)...
[LM/Checkpoint] Migration server completed its tasks (1785177354531.899414 ms)
[LM/Checkpoint] Migration client completed its tasks (1785177354531.912598 ms)
[LM/Restore] State restoration complete (1785177354531.934570 ms).
[LM] Starting migration server on port 8010 in background...
[LM] Migration server started (1785177354532.020996 ms).
[LM/Restore] Re-entering interpreter loop...
[LM/Resume] exec_env=0x555627ccf1c0 cur_frame=0x555627cd49c0 module_inst=0x555627ccda80 function=0x555627cce400 prev_frame=0x555627cd48b4 ip=0x7ffeef0131f8 (offset=14, is_import=0) 1785177354532.037109 ms
[LM/Resume] New function array base=0x555627ccdef0 count=88
[LM/Resume] Took 0.011000 ms to restore application
[LM/Resume] Resuming bytecode function (1785177354532.049072)
[LM] Server waiting for connection on port 8010...
[LM/Restore] Closed side sock fd 5
[LM/Restore] Live migration restored at 1785177354621.519775 ms
[WASM] Iteration 1300 | Dirtied 0.64 MB @ offset 831 MB (Integrity: OK)
[WASM] Iteration 1400 | Dirtied 0.64 MB @ offset 895 MB (Integrity: OK)
[WASM] Iteration 1500 | Dirtied 0.64 MB @ offset 60 MB (Integrity: OK)
[WASM] Iteration 1600 | Dirtied 0.64 MB @ offset 124 MB (Integrity: OK)
[WASM] Iteration 1700 | Dirtied 0.64 MB @ offset 188 MB (Integrity: OK)
[WASM] Iteration 1800 | Dirtied 0.64 MB @ offset 252 MB (Integrity: OK)
[WASM] Iteration 1900 | Dirtied 0.64 MB @ offset 316 MB (Integrity: OK)
[WASM] Iteration 2000 | Dirtied 0.64 MB @ offset 380 MB (Integrity: OK)
[WASM] Iteration 2100 | Dirtied 0.64 MB @ offset 444 MB (Integrity: OK)
[WASM] Iteration 2200 | Dirtied 0.64 MB @ offset 508 MB (Integrity: OK)
[WASM] Iteration 2300 | Dirtied 0.64 MB @ offset 572 MB (Integrity: OK)
[WASM] Iteration 2400 | Dirtied 0.64 MB @ offset 636 MB (Integrity: OK)
[WASM] Iteration 2500 | Dirtied 0.64 MB @ offset 700 MB (Integrity: OK)
