[LM] Connecting to migration server 192.168.10.11:8010...
[LM/Restore] Connected to migration server 192.168.10.11:8010
[LM/Restore] State metadata loaded
[LM/Restore] Had to enlarge linear memory for migration
[LM/Restore] Linear memory loaded
[LM/Restore] Stack and shadow stack metadata loaded (frame count: 7, frame offset: 2888)
[LM/Restore] State restored
[LM/Restore] Initial state has been reconstructed (1785247110997.113037 ms).
[LM/Checkpoint] Migration server completed its tasks (1785247111004.105469 ms)
[LM/Checkpoint] Migration client completed its tasks (1785247111004.114990 ms)
[LM/Restore] State restoration complete (1785247111004.132812 ms).
[LM] Starting migration server on port 8010 in background...
[LM] Migration server started (1785247111004.220703 ms).
[LM/Restore] Re-entering interpreter loop...
[LM/Resume] exec_env=0x55559c79f1c0 cur_frame=0x55559c7a49c0 module_inst=0x55559c79da80 function=0x55559c79e400 prev_frame=0x55559c7a48b4 ip=0x7fff510931f8 (offset=14, is_import=0) 1785247111004.230957 ms
[LM/Resume] New function array base=0x55559c79def0 count=88
[LM/Resume] Took 0.007000 ms to restore application
[LM/Resume] Resuming bytecode function (1785247111004.237793)
[LM] Server waiting for connection on port 8010...
[WASM] Iteration 600 | Dirtied 0.64 MB @ offset 85 MB (Integrity: OK)
[WASM] Iteration 700 | Dirtied 0.64 MB @ offset 149 MB (Integrity: OK)
[WASM] Iteration 800 | Dirtied 0.64 MB @ offset 63 MB (Integrity: OK)
[WASM] Iteration 900 | Dirtied 0.64 MB @ offset 127 MB (Integrity: OK)
[WASM] Iteration 1000 | Dirtied 0.64 MB @ offset 42 MB (Integrity: OK)
[WASM] Iteration 1100 | Dirtied 0.64 MB @ offset 106 MB (Integrity: OK)
[WASM] Iteration 1200 | Dirtied 0.64 MB @ offset 21 MB (Integrity: OK)
[WASM] Iteration 1300 | Dirtied 0.64 MB @ offset 85 MB (Integrity: OK)
[WASM] Iteration 1400 | Dirtied 0.64 MB @ offset 149 MB (Integrity: OK)
[WASM] Iteration 1500 | Dirtied 0.64 MB @ offset 63 MB (Integrity: OK)
