[LM] Connecting to migration server 192.168.10.11:8010...
[LM/Restore] Connected to migration server 192.168.10.11:8010
[LM/Restore] Membrane channel connected to 192.168.10.11:8011
[LM/Restore] State metadata loaded
[LM/Restore] Had to enlarge linear memory for migration
[LM/Restore] Linear memory loaded
[LM/Restore] Stack and shadow stack metadata loaded (frame count: 7, frame offset: 2888)
[LM/Restore] State restored
[LM/Restore] Initial state has been reconstructed (1785177143022.551758 ms).
[LM/Restore] Enter membrane replay mode (1785177143022.580566 ms)...
[LM/Checkpoint] Migration server completed its tasks (1785177143029.876953 ms)
[LM/Checkpoint] Migration client completed its tasks (1785177143029.889160 ms)
[LM/Restore] State restoration complete (1785177143029.910156 ms).
[LM] Starting migration server on port 8010 in background...
[LM] Migration server started (1785177143029.995117 ms).
[LM/Restore] Re-entering interpreter loop...
[LM/Resume] exec_env=0x555598e8f1c0 cur_frame=0x555598e949c0 module_inst=0x555598e8da80 function=0x555598e8e400 prev_frame=0x555598e948b4 ip=0x7fffad4c31f8 (offset=14, is_import=0) 1785177143030.025635 ms
[LM/Resume] New function array base=0x555598e8def0 count=88
[LM/Resume] Took 0.011000 ms to restore application
[LM/Resume] Resuming bytecode function (1785177143030.037354)
[LM] Server waiting for connection on port 8010...
[LM/Restore] Closed side sock fd 5
[LM/Restore] Live migration restored at 1785177143111.482422 ms
[WASM] Iteration 1300 | Dirtied 0.64 MB @ offset 32 MB (Integrity: OK)
[WASM] Iteration 1400 | Dirtied 0.64 MB @ offset 96 MB (Integrity: OK)
[WASM] Iteration 1500 | Dirtied 0.64 MB @ offset 160 MB (Integrity: OK)
[WASM] Iteration 1600 | Dirtied 0.64 MB @ offset 224 MB (Integrity: OK)
[WASM] Iteration 1700 | Dirtied 0.64 MB @ offset 288 MB (Integrity: OK)
[WASM] Iteration 1800 | Dirtied 0.64 MB @ offset 352 MB (Integrity: OK)
[WASM] Iteration 1900 | Dirtied 0.64 MB @ offset 416 MB (Integrity: OK)
[WASM] Iteration 2000 | Dirtied 0.64 MB @ offset 480 MB (Integrity: OK)
[WASM] Iteration 2100 | Dirtied 0.64 MB @ offset 544 MB (Integrity: OK)
[WASM] Iteration 2200 | Dirtied 0.64 MB @ offset 608 MB (Integrity: OK)
[WASM] Iteration 2300 | Dirtied 0.64 MB @ offset 672 MB (Integrity: OK)
