[LM] Connecting to migration server 192.168.10.11:8010...
[LM/Restore] Connected to migration server 192.168.10.11:8010
[LM/Restore] State metadata loaded
[LM/Restore] Had to enlarge linear memory for migration
[LM/Restore] Linear memory loaded
[LM/Restore] Stack and shadow stack metadata loaded (frame count: 7, frame offset: 2888)
[LM/Restore] State restored
[LM/Restore] Initial state has been reconstructed (1785247265940.709961 ms).
[LM/Checkpoint] Migration server completed its tasks (1785247265947.924316 ms)
[LM/Checkpoint] Migration client completed its tasks (1785247265947.938721 ms)
[LM/Restore] State restoration complete (1785247265947.960938 ms).
[LM] Starting migration server on port 8010 in background...
[LM] Migration server started (1785247265948.076172 ms).
[LM/Restore] Re-entering interpreter loop...
[LM/Resume] exec_env=0x5555f110b1c0 cur_frame=0x5555f11109c0 module_inst=0x5555f1109a80 function=0x5555f110a400 prev_frame=0x5555f11108b4 ip=0x7ffeff8931f8 (offset=14, is_import=0) 1785247265948.093018 ms
[LM/Resume] New function array base=0x5555f1109ef0 count=88
[LM/Resume] Took 0.012000 ms to restore application
[LM/Resume] Resuming bytecode function (1785247265948.105225)
[LM] Server waiting for connection on port 8010...
[WASM] Iteration 400 | Dirtied 0.64 MB @ offset 255 MB (Integrity: OK)
[WASM] Iteration 500 | Dirtied 0.64 MB @ offset 319 MB (Integrity: OK)
[WASM] Iteration 600 | Dirtied 0.64 MB @ offset 383 MB (Integrity: OK)
[WASM] Iteration 700 | Dirtied 0.64 MB @ offset 447 MB (Integrity: OK)
