[LM] Starting migration server on port 8010 in background...
[LM] Migration server started (1785676895656.614502 ms).
[LM/Checkpoint] Server waiting for connection on port 8010...
[WASM] Options: Allocating 256 MB | Rate: 100 MB/s | Step: 10 ms (1.00 MB/iter)
[WASM] Writing initial test patterns to all 256 MB of pages...
[WASM] Memory initialized. Starting loop with 100 MB updates per second...
[WASM] Iteration 0 | Dirtied 1.00 MB @ offset 0 MB (Integrity: OK)
[WASM] Iteration 100 | Dirtied 1.00 MB @ offset 100 MB (Integrity: OK)
[WASM] Iteration 200 | Dirtied 1.00 MB @ offset 200 MB (Integrity: OK)
[WASM] Iteration 300 | Dirtied 1.00 MB @ offset 45 MB (Integrity: OK)
[WASM] Iteration 400 | Dirtied 1.00 MB @ offset 145 MB (Integrity: OK)
[WASM] Iteration 500 | Dirtied 1.00 MB @ offset 245 MB (Integrity: OK)
[LM/Checkpoint] Client connected. Initiating Post-Copy (1785676900818.806885 ms)...
[LM/Checkpoint] Halting execution for state extraction...
[LM/Checkpoint] Sync all to frame at opcode=10 (next=41)
[LM/Checkpoint] Sync of stack, shadow stack and linear memory took 0.010254 ms (at 1785676900837.191650 ms)
[LM/Checkpoint] Total of 4098 memory pages
[LM/Checkpoint] Capturing the UDP state took 0.001000 ms (fd: 0, port: 0)
[LM/Checkpoint] Execution state transferred in 19.049561 ms. Target is resuming.
[LM/Checkpoint] Entering background page server mode (at 1785676900837.859863 ms)...
