[LM] Starting migration server on port 8010 in background...
[LM] Migration server started (1785676048832.371826 ms).
[LM/Checkpoint] Server waiting for connection on port 8010...
[WASM] Options: Allocating 256 MB | Rate: 70 MB/s | Step: 10 ms (0.70 MB/iter)
[WASM] Writing initial test patterns to all 256 MB of pages...
[WASM] Memory initialized. Starting loop with 70 MB updates per second...
[WASM] Iteration 0 | Dirtied 0.70 MB @ offset 0 MB (Integrity: OK)
[WASM] Iteration 100 | Dirtied 0.70 MB @ offset 69 MB (Integrity: OK)
[WASM] Iteration 200 | Dirtied 0.70 MB @ offset 139 MB (Integrity: OK)
[WASM] Iteration 300 | Dirtied 0.70 MB @ offset 209 MB (Integrity: OK)
[WASM] Iteration 400 | Dirtied 0.70 MB @ offset 24 MB (Integrity: OK)
[WASM] Iteration 500 | Dirtied 0.70 MB @ offset 94 MB (Integrity: OK)
[WASM] Iteration 600 | Dirtied 0.70 MB @ offset 164 MB (Integrity: OK)
[LM/Checkpoint] Client connected. Initiating Post-Copy (1785676055045.986572 ms)...
[LM/Checkpoint] Halting execution for state extraction...
[LM/Checkpoint] Sync all to frame at opcode=10 (next=41)
[LM/Checkpoint] Sync of stack, shadow stack and linear memory took 0.009766 ms (at 1785676055046.223145 ms)
[LM/Checkpoint] Total of 4098 memory pages
[LM/Checkpoint] Capturing the UDP state took 0.002000 ms (fd: 0, port: 0)
[LM/Checkpoint] Execution state transferred in 1.176758 ms. Target is resuming.
[LM/Checkpoint] Entering background page server mode (at 1785676055047.166016 ms)...
[LM/Checkpoint] Received LM_EOF_COMPLETE_CLIENT. Transmitted 4098 pages in 72032.627441 ms (at 1785676127079.796387 ms).
[LM/Checkpoint] Migration server shutting down (at 1785676127079.835449 ms)...
[LM/Checkpoint] Total session duration: 72033.852051 ms
[LM/Checkpoint] Closed migration connections!
