[LM] Starting migration server on port 8010 in background...
[LM] Migration server started (1785674898327.914062 ms).
[LM/Checkpoint] Server waiting for connection on port 8010...
[WASM] Options: Allocating 256 MB | Rate: 10 MB/s | Step: 10 ms (0.10 MB/iter)
[WASM] Writing initial test patterns to all 256 MB of pages...
[WASM] Memory initialized. Starting loop with 10 MB updates per second...
[WASM] Iteration 0 | Dirtied 0.10 MB @ offset 0 MB (Integrity: OK)
[WASM] Iteration 100 | Dirtied 0.10 MB @ offset 9 MB (Integrity: OK)
[WASM] Iteration 200 | Dirtied 0.10 MB @ offset 19 MB (Integrity: OK)
[WASM] Iteration 300 | Dirtied 0.10 MB @ offset 29 MB (Integrity: OK)
[WASM] Iteration 400 | Dirtied 0.10 MB @ offset 39 MB (Integrity: OK)
[WASM] Iteration 500 | Dirtied 0.10 MB @ offset 49 MB (Integrity: OK)
[LM/Checkpoint] Client connected. Initiating Post-Copy (1785674903526.121338 ms)...
[LM/Checkpoint] Halting execution for state extraction...
[LM/Checkpoint] Sync all to frame at opcode=10 (next=41)
[LM/Checkpoint] Sync of stack, shadow stack and linear memory took 0.012207 ms (at 1785674903531.269531 ms)
[LM/Checkpoint] Total of 4098 memory pages
[LM/Checkpoint] Capturing the UDP state took 0.002000 ms (fd: 0, port: 0)
[LM/Checkpoint] Execution state transferred in 5.399658 ms. Target is resuming.
[LM/Checkpoint] Entering background page server mode (at 1785674903531.523926 ms)...
[LM/Checkpoint] Received LM_EOF_COMPLETE_CLIENT. Transmitted 1250 pages in 12794.888184 ms (at 1785674916326.415039 ms).
[LM/Checkpoint] Migration server shutting down (at 1785674916326.453125 ms)...
[LM/Checkpoint] Total session duration: 12800.334229 ms
[LM/Checkpoint] Closed migration connections!
