[LM] Starting migration server on port 8010 in background...
[LM] Migration server started (1785676596663.708008 ms).
[LM/Checkpoint] Server waiting for connection on port 8010...
[WASM] Options: Allocating 256 MB | Rate: 90 MB/s | Step: 10 ms (0.90 MB/iter)
[WASM] Writing initial test patterns to all 256 MB of pages...
[WASM] Memory initialized. Starting loop with 90 MB updates per second...
[WASM] Iteration 0 | Dirtied 0.90 MB @ offset 0 MB (Integrity: OK)
[WASM] Iteration 100 | Dirtied 0.90 MB @ offset 89 MB (Integrity: OK)
[WASM] Iteration 200 | Dirtied 0.90 MB @ offset 179 MB (Integrity: OK)
[WASM] Iteration 300 | Dirtied 0.90 MB @ offset 14 MB (Integrity: OK)
[WASM] Iteration 400 | Dirtied 0.90 MB @ offset 104 MB (Integrity: OK)
[WASM] Iteration 500 | Dirtied 0.90 MB @ offset 194 MB (Integrity: OK)
[LM/Checkpoint] Client connected. Initiating Post-Copy (1785676601855.007568 ms)...
[LM/Checkpoint] Halting execution for state extraction...
[LM/Checkpoint] Sync all to frame at opcode=10 (next=41)
[LM/Checkpoint] Sync of stack, shadow stack and linear memory took 0.008057 ms (at 1785676601856.557373 ms)
[LM/Checkpoint] Total of 4098 memory pages
[LM/Checkpoint] Capturing the UDP state took 0.001000 ms (fd: 0, port: 0)
[LM/Checkpoint] Execution state transferred in 2.229980 ms. Target is resuming.
[LM/Checkpoint] Entering background page server mode (at 1785676601857.239990 ms)...
[LM/Checkpoint] Received LM_EOF_COMPLETE_CLIENT. Transmitted 4098 pages in 93012.208252 ms (at 1785676694869.451172 ms).
[LM/Checkpoint] Migration server shutting down (at 1785676694869.484131 ms)...
[LM/Checkpoint] Total session duration: 93014.479492 ms
[LM/Checkpoint] Closed migration connections!
