[LM] Starting migration server on port 8010 in background...
[LM] Migration server started (1785678808445.753906 ms).
[LM/Checkpoint] Server waiting for connection on port 8010...
[WASM] Options: Allocating 256 MB | Rate: 50 MB/s | Step: 10 ms (0.50 MB/iter)
[WASM] Writing initial test patterns to all 256 MB of pages...
[WASM] Memory initialized. Starting loop with 50 MB updates per second...
[WASM] Iteration 0 | Dirtied 0.50 MB @ offset 0 MB (Integrity: OK)
[WASM] Iteration 100 | Dirtied 0.50 MB @ offset 50 MB (Integrity: OK)
[WASM] Iteration 200 | Dirtied 0.50 MB @ offset 100 MB (Integrity: OK)
[WASM] Iteration 300 | Dirtied 0.50 MB @ offset 150 MB (Integrity: OK)
[WASM] Iteration 400 | Dirtied 0.50 MB @ offset 200 MB (Integrity: OK)
[WASM] Iteration 500 | Dirtied 0.50 MB @ offset 250 MB (Integrity: OK)
[LM/Checkpoint] Client connected. Initiating Post-Copy (1785678813606.867676 ms)...
[LM/Checkpoint] Halting execution for state extraction...
[LM/Checkpoint] Sync all to frame at opcode=10 (next=41)
[LM/Checkpoint] Sync of stack, shadow stack and linear memory took 0.010010 ms (at 1785678813613.989990 ms)
[LM/Checkpoint] Total of 4098 memory pages
[LM/Checkpoint] Capturing the UDP state took 0.001000 ms (fd: 0, port: 0)
[LM/Checkpoint] Execution state transferred in 7.510986 ms. Target is resuming.
[LM/Checkpoint] Entering background page server mode (at 1785678813614.381104 ms)...
[LM/Checkpoint] Received LM_EOF_COMPLETE_CLIENT. Transmitted 4098 pages in 53847.676514 ms (at 1785678867462.061035 ms).
[LM/Checkpoint] Migration server shutting down (at 1785678867462.123535 ms)...
[LM/Checkpoint] Total session duration: 53855.259277 ms
[LM/Checkpoint] Closed migration connections!
