[LM] Starting migration server on port 8010 in background...
[LM] Migration server started (1785678421960.746582 ms).
[LM/Checkpoint] Server waiting for connection on port 8010...
[WASM] Options: Allocating 256 MB | Rate: 30 MB/s | Step: 10 ms (0.30 MB/iter)
[WASM] Writing initial test patterns to all 256 MB of pages...
[WASM] Memory initialized. Starting loop with 30 MB updates per second...
[WASM] Iteration 0 | Dirtied 0.30 MB @ offset 0 MB (Integrity: OK)
[WASM] Iteration 100 | Dirtied 0.30 MB @ offset 29 MB (Integrity: OK)
[WASM] Iteration 200 | Dirtied 0.30 MB @ offset 59 MB (Integrity: OK)
[WASM] Iteration 300 | Dirtied 0.30 MB @ offset 89 MB (Integrity: OK)
[WASM] Iteration 400 | Dirtied 0.30 MB @ offset 119 MB (Integrity: OK)
[WASM] Iteration 500 | Dirtied 0.30 MB @ offset 149 MB (Integrity: OK)
[WASM] Iteration 600 | Dirtied 0.30 MB @ offset 179 MB (Integrity: OK)
[LM/Checkpoint] Client connected. Initiating Post-Copy (1785678428149.346436 ms)...
[LM/Checkpoint] Halting execution for state extraction...
[LM/Checkpoint] Sync all to frame at opcode=10 (next=41)
[LM/Checkpoint] Sync of stack, shadow stack and linear memory took 0.009521 ms (at 1785678428152.656250 ms)
[LM/Checkpoint] Total of 4098 memory pages
[LM/Checkpoint] Capturing the UDP state took 0.002000 ms (fd: 0, port: 0)
[LM/Checkpoint] Execution state transferred in 4.338379 ms. Target is resuming.
[LM/Checkpoint] Entering background page server mode (at 1785678428153.687256 ms)...
