[LM] Starting migration server on port 8010 in background...
[LM] Migration server started (1785684264164.610840 ms).
[LM/Checkpoint] Server waiting for connection on port 8010...
[WASM] Options: Allocating 256 MB | Rate: 140 MB/s | Step: 10 ms (1.40 MB/iter)
[WASM] Writing initial test patterns to all 256 MB of pages...
[WASM] Memory initialized. Starting loop with 140 MB updates per second...
[WASM] Iteration 0 | Dirtied 1.40 MB @ offset 0 MB (Integrity: OK)
[WASM] Iteration 100 | Dirtied 1.40 MB @ offset 139 MB (Integrity: OK)
[WASM] Iteration 200 | Dirtied 1.40 MB @ offset 25 MB (Integrity: OK)
[WASM] Iteration 300 | Dirtied 1.40 MB @ offset 165 MB (Integrity: OK)
[WASM] Iteration 400 | Dirtied 1.40 MB @ offset 50 MB (Integrity: OK)
[WASM] Iteration 500 | Dirtied 1.40 MB @ offset 190 MB (Integrity: OK)
[LM/Checkpoint] Client connected. Initiating Post-Copy (1785684269337.741211 ms)...
[LM/Checkpoint] Halting execution for state extraction...
[LM/Checkpoint] Sync all to frame at opcode=10 (next=41)
[LM/Checkpoint] Sync of stack, shadow stack and linear memory took 0.011475 ms (at 1785684269346.083496 ms)
[LM/Checkpoint] Total of 4098 memory pages
[LM/Checkpoint] Capturing the UDP state took 0.002000 ms (fd: 0, port: 0)
[LM/Checkpoint] Execution state transferred in 9.434082 ms. Target is resuming.
[LM/Checkpoint] Entering background page server mode (at 1785684269347.179199 ms)...
