[LM] Starting migration server on port 8010 in background...
[LM] Migration server started (1785681635401.273438 ms).
[LM/Checkpoint] Server waiting for connection on port 8010...
[WASM] Options: Allocating 256 MB | Rate: 30 MB/s | Step: 10 ms (0.30 MB/iter)
[WASM] Writing initial test patterns to all 256 MB of pages...
[WASM] Memory initialized. Starting loop with 30 MB updates per second...
[WASM] Iteration 0 | Dirtied 0.30 MB @ offset 0 MB (Integrity: OK)
[WASM] Iteration 100 | Dirtied 0.30 MB @ offset 29 MB (Integrity: OK)
[WASM] Iteration 200 | Dirtied 0.30 MB @ offset 59 MB (Integrity: OK)
[WASM] Iteration 300 | Dirtied 0.30 MB @ offset 89 MB (Integrity: OK)
[WASM] Iteration 400 | Dirtied 0.30 MB @ offset 119 MB (Integrity: OK)
[LM/Checkpoint] Client connected. Initiating Post-Copy (1785681639586.523682 ms)...
[LM/Checkpoint] Halting execution for state extraction...
[LM/Checkpoint] Sync all to frame at opcode=10 (next=41)
[LM/Checkpoint] Sync of stack, shadow stack and linear memory took 0.011475 ms (at 1785681639595.900391 ms)
[LM/Checkpoint] Total of 4098 memory pages
[LM/Checkpoint] Capturing the UDP state took 0.001000 ms (fd: 0, port: 0)
[LM/Checkpoint] Execution state transferred in 9.630859 ms. Target is resuming.
[LM/Checkpoint] Entering background page server mode (at 1785681639596.157227 ms)...
[LM/Checkpoint] Received LM_EOF_COMPLETE_CLIENT. Transmitted 4098 pages in 32829.487305 ms (at 1785681672425.647705 ms).
[LM/Checkpoint] Migration server shutting down (at 1785681672425.680908 ms)...
[LM/Checkpoint] Total session duration: 32839.160156 ms
[LM/Checkpoint] Closed migration connections!
