[LM] Starting migration server on port 8010 in background...
[LM] Migration server started (1785684047200.499512 ms).
[LM/Checkpoint] Server waiting for connection on port 8010...
[WASM] Options: Allocating 256 MB | Rate: 130 MB/s | Step: 10 ms (1.30 MB/iter)
[WASM] Writing initial test patterns to all 256 MB of pages...
[WASM] Memory initialized. Starting loop with 130 MB updates per second...
[WASM] Iteration 0 | Dirtied 1.30 MB @ offset 0 MB (Integrity: OK)
[WASM] Iteration 100 | Dirtied 1.30 MB @ offset 129 MB (Integrity: OK)
[WASM] Iteration 200 | Dirtied 1.30 MB @ offset 5 MB (Integrity: OK)
[WASM] Iteration 300 | Dirtied 1.30 MB @ offset 135 MB (Integrity: OK)
[WASM] Iteration 400 | Dirtied 1.30 MB @ offset 10 MB (Integrity: OK)
[WASM] Iteration 500 | Dirtied 1.30 MB @ offset 140 MB (Integrity: OK)
[LM/Checkpoint] Client connected. Initiating Post-Copy (1785684053342.682129 ms)...
[LM/Checkpoint] Halting execution for state extraction...
[LM/Checkpoint] Sync all to frame at opcode=10 (next=41)
[LM/Checkpoint] Sync of stack, shadow stack and linear memory took 0.017090 ms (at 1785684053344.128418 ms)
[LM/Checkpoint] Total of 4098 memory pages
[LM/Checkpoint] Capturing the UDP state took 0.001000 ms (fd: 0, port: 0)
[LM/Checkpoint] Execution state transferred in 2.249268 ms. Target is resuming.
[LM/Checkpoint] Entering background page server mode (at 1785684053344.934082 ms)...
