[LM] Starting migration server on port 8010 in background...
[LM] Migration server started (1785683846513.411865 ms).
[LM/Checkpoint] Server waiting for connection on port 8010...
[WASM] Options: Allocating 256 MB | Rate: 120 MB/s | Step: 10 ms (1.20 MB/iter)
[WASM] Writing initial test patterns to all 256 MB of pages...
[WASM] Memory initialized. Starting loop with 120 MB updates per second...
[WASM] Iteration 0 | Dirtied 1.20 MB @ offset 0 MB (Integrity: OK)
[WASM] Iteration 100 | Dirtied 1.20 MB @ offset 119 MB (Integrity: OK)
[WASM] Iteration 200 | Dirtied 1.20 MB @ offset 239 MB (Integrity: OK)
[WASM] Iteration 300 | Dirtied 1.20 MB @ offset 105 MB (Integrity: OK)
[WASM] Iteration 400 | Dirtied 1.20 MB @ offset 225 MB (Integrity: OK)
[WASM] Iteration 500 | Dirtied 1.20 MB @ offset 90 MB (Integrity: OK)
[LM/Checkpoint] Client connected. Initiating Post-Copy (1785683851675.845459 ms)...
[LM/Checkpoint] Halting execution for state extraction...
[LM/Checkpoint] Sync all to frame at opcode=10 (next=41)
[LM/Checkpoint] Sync of stack, shadow stack and linear memory took 0.015381 ms (at 1785683851682.717041 ms)
[LM/Checkpoint] Total of 4098 memory pages
[LM/Checkpoint] Capturing the UDP state took 0.001000 ms (fd: 0, port: 0)
[LM/Checkpoint] Execution state transferred in 7.507812 ms. Target is resuming.
[LM/Checkpoint] Entering background page server mode (at 1785683851683.355713 ms)...
