[LM] Starting migration server on port 8010 in background...
[LM] Migration server started (1785681817818.077393 ms).
[LM/Checkpoint] Server waiting for connection on port 8010...
[WASM] Options: Allocating 256 MB | Rate: 40 MB/s | Step: 10 ms (0.40 MB/iter)
[WASM] Writing initial test patterns to all 256 MB of pages...
[WASM] Memory initialized. Starting loop with 40 MB updates per second...
[WASM] Iteration 0 | Dirtied 0.40 MB @ offset 0 MB (Integrity: OK)
[WASM] Iteration 100 | Dirtied 0.40 MB @ offset 39 MB (Integrity: OK)
[WASM] Iteration 200 | Dirtied 0.40 MB @ offset 79 MB (Integrity: OK)
[WASM] Iteration 300 | Dirtied 0.40 MB @ offset 119 MB (Integrity: OK)
[WASM] Iteration 400 | Dirtied 0.40 MB @ offset 159 MB (Integrity: OK)
[WASM] Iteration 500 | Dirtied 0.40 MB @ offset 199 MB (Integrity: OK)
[WASM] Iteration 600 | Dirtied 0.40 MB @ offset 239 MB (Integrity: OK)
[LM/Checkpoint] Client connected. Initiating Post-Copy (1785681824031.449219 ms)...
[LM/Checkpoint] Halting execution for state extraction...
[LM/Checkpoint] Sync all to frame at opcode=10 (next=41)
[LM/Checkpoint] Sync of stack, shadow stack and linear memory took 0.008301 ms (at 1785681824032.607422 ms)
[LM/Checkpoint] Total of 4098 memory pages
[LM/Checkpoint] Capturing the UDP state took 0.001000 ms (fd: 0, port: 0)
[LM/Checkpoint] Execution state transferred in 2.233154 ms. Target is resuming.
[LM/Checkpoint] Entering background page server mode (at 1785681824033.685059 ms)...
[LM/Checkpoint] Received LM_EOF_COMPLETE_CLIENT. Transmitted 4098 pages in 43798.587158 ms (at 1785681867832.275146 ms).
[LM/Checkpoint] Migration server shutting down (at 1785681867832.310059 ms)...
[LM/Checkpoint] Total session duration: 43800.864258 ms
[LM/Checkpoint] Closed migration connections!
