[LM] Starting migration server on port 8010 in background...
[LM] Server waiting for connection on port 8010...
[WASM] Config: 256 MB | 64.00 MB/s | 21000 Syscalls/s (Type: 2, Modifying: 256 bytes)
[WASM] Initializing physical memory backing...
[WASM] Entering execution loop (using bypass)...
[WASM] Tick 200 | Integrity: OK
[WASM] Tick 400 | Integrity: OK
[WASM] Tick 600 | Integrity: OK
[WASM] Tick 800 | Integrity: OK
[LM] Client connected. Migration is initiated (1785771271493.144531 ms)...
[LM] Phase 1: Sending initial bulk memory (256 MB)...
[WASM] Tick 1000 | Integrity: OK
[LM] Initial pre-copy of bulk memory completed. Took 2308.001709 ms
[LM] Phase 1.5: Starting incremental pre-copy...
[WASM] Tick 1200 | Integrity: OK
[LM] Number of dirty cards transmitted: 227417
[LM] Pre-copy Iteration 1: Sent 116437504 bytes.
[WASM] Tick 1400 | Integrity: OK
[LM] Number of dirty cards transmitted: 108797
[LM] Pre-copy Iteration 2: Sent 55704064 bytes.
[LM] Number of dirty cards transmitted: 55698
[LM] Pre-copy Iteration 3: Sent 28517376 bytes.
[LM] Number of dirty cards transmitted: 28841
[LM] Pre-copy Iteration 4: Sent 14766592 bytes.
[LM] Number of dirty cards transmitted: 15735
[LM] Pre-copy Iteration 5: Sent 8056320 bytes.
[LM] Pre-copy threshold reached. Moving to final handover.
[LM] Incremental pre-copy completed. Took 2046.448730 ms
[LM] Bulk + Precopy duration 1643.033000 ms
[LM] Received 0xEOF_RECONSTRUCT, halting execution for final handover...
[LM/Checkpoint] Migration triggered! Dumping state...
[LM/Checkpoint] State synced to frame structures.
[LM] Phase 2: Sending final dirty pages and context...
[LM] Number of dirty cards transmitted: 10497
[LM] Send final dirty pages took 17.478000 ms
[LM] Checkpoint dirty state took 0.071000 ms
[LM/Checkpoint] Live migration completed at 1785771275913.445801 ms. Migration took 4420.301270 ms
[LM/Checkpoint] Took 17.734000 ms to checkpoint application
