[LM] Starting migration server on port 8010 in background...
[LM] Server waiting for connection on port 8010...
[WASM] Config: 256 MB | 64.00 MB/s | 29000 Syscalls/s (Type: 2, Modifying: 256 bytes)
[WASM] Initializing physical memory backing...
[WASM] Entering execution loop (using bypass)...
[WASM] Tick 200 | Integrity: OK
[WASM] Tick 400 | Integrity: OK
[WASM] Tick 600 | Integrity: OK
[LM] Client connected. Migration is initiated (1785771856782.562988 ms)...
[LM] Phase 1: Sending initial bulk memory (256 MB)...
[WASM] Tick 800 | Integrity: OK
[WASM] Tick 1000 | Integrity: OK
[LM] Initial pre-copy of bulk memory completed. Took 2303.658203 ms
[LM] Phase 1.5: Starting incremental pre-copy...
[LM] Number of dirty cards transmitted: 223353
[LM] Pre-copy Iteration 1: Sent 114356736 bytes.
[WASM] Tick 1200 | Integrity: OK
[LM] Number of dirty cards transmitted: 96999
[LM] Pre-copy Iteration 2: Sent 49663488 bytes.
[LM] Number of dirty cards transmitted: 42606
[LM] Pre-copy Iteration 3: Sent 21814272 bytes.
[LM] Number of dirty cards transmitted: 18501
[LM] Pre-copy Iteration 4: Sent 9472512 bytes.
[LM] Pre-copy threshold reached. Moving to final handover.
[LM] Incremental pre-copy completed. Took 1685.353271 ms
[LM] Bulk + Precopy duration 1571.019000 ms
[LM] Received 0xEOF_RECONSTRUCT, halting execution for final handover...
[LM/Checkpoint] Migration triggered! Dumping state...
[LM/Checkpoint] State synced to frame structures.
[LM] Phase 2: Sending final dirty pages and context...
[LM] Number of dirty cards transmitted: 10969
[LM] Send final dirty pages took 22.307000 ms
[LM] Checkpoint dirty state took 0.068000 ms
[LM/Checkpoint] Live migration completed at 1785771860831.303467 ms. Migration took 4048.740479 ms
[LM/Checkpoint] Took 22.532000 ms to checkpoint application
