[LM] Starting migration server on port 8010 in background...
[LM] Migration server started (1785703421478.947266 ms).
[LM] Server waiting for connection on port 8010...
[WASM] Config: 256 MB | 64.00 MB/s | 14000 Syscalls/s (Type: 2, Modifying: 256 bytes)
[WASM] Initializing physical memory backing...
[WASM] Entering execution loop (using bypass)...
[WASM] Tick 200 | Integrity: OK
[WASM] Tick 400 | Integrity: OK
[WASM] Tick 600 | Integrity: OK
[WASM] Tick 800 | Integrity: OK
[LM] Client connected. Migration is initiated (1785703426887.913818 ms)...
[LM/Checkpoint] Server waiting for membrane connection on port 8011...
[LM/Checkpoint] Membrane channel connected on port 8011
[LM/Checkpoint] Sync all to frame at opcode=c7 (next=41)
CHECK: frame 0x55562799ff8c, frame->ip 65
[LM/Checkpoint] Memory snapshot captured after 1.077148 ms
[LM/Checkpoint] Phase 1.1: Sending state metadata...
[LM/Checkpoint] Memory metadata transmitted after 0.031250 ms
[LM/Checkpoint] Phase 1.2: Sending initial bulk memory (256 MB)...
[LM/Checkpoint] Main interpreter thread halted for 1.182000 ms
[LM/Checkpoint] Batched 70 events in 19320 bytes
[LM/Checkpoint] Batched 70 events in 19320 bytes
[LM/Checkpoint] Batched 1 events in 124 bytes
[LM/Checkpoint] SAMPLE: Sent membrane event of size 276 byte (256 bytes of payload)
[WASM] Tick 1000 | Integrity: OK
[LM/Checkpoint] Batched 31 events in 8556 bytes
[LM/Checkpoint] Batched 6 events in 1656 bytes
[LM/Checkpoint] Batched 70 events in 19320 bytes
[LM/Checkpoint] SAMPLE: Sent membrane event of size 276 byte (256 bytes of payload)
[LM/Checkpoint] Batched 39 events in 10764 bytes
[LM/Checkpoint] Batched 16 events in 4416 bytes
[LM/Checkpoint] Linear memory transmitted after 2364.539795 ms
[LM/Checkpoint] Wrote stack and shadow stack frames to stream (frame count: 4, frame offset: 548)
[LM/Checkpoint] Frames transmitted after 0.017822 ms
[LM/Checkpoint] Capturing the UDP state took 0.002000 ms (fd: 0, port: 0)
[LM/Checkpoint] Initial full linear memory handover duration 699.618000 ms
[LM/Checkpoint] Flushing 0 bytes of buffered membrane events...
[LM/Checkpoint] Received 0xEOF_RECONSTRUCT, halting execution for final handover (1785703429297.381348 ms)...
[LM/Checkpoint] Migration server completed its tasks
[LM/Checkpoint] Initial membrane chunk transmitted after 35.983887 ms
[LM/Checkpoint] Trying to converge membrane replay log...
[WASM] Tick 1200 | Integrity: OK
[LM/Checkpoint] Batched 1 events in 124 bytes
[LM/Checkpoint] SAMPLE: Sent membrane event of size 276 byte (256 bytes of payload)
[LM/Checkpoint] Batched 1 events in 124 bytes
[LM/Checkpoint] Batched 70 events in 19320 bytes
[LM/Checkpoint] Batched 1 events in 124 bytes
[LM/Checkpoint] SAMPLE: Sent membrane event of size 276 byte (256 bytes of payload)
[LM/Checkpoint] Batched 70 events in 19320 bytes
[WASM] Tick 1400 | Integrity: OK
[LM/Checkpoint] Batched 50 events in 13800 bytes
[LM/Checkpoint] Batched 46 events in 12696 bytes
[LM/Checkpoint] Batched 5 events in 1380 bytes
[LM/Checkpoint] SAMPLE: Sent membrane event of size 276 byte (256 bytes of payload)
[LM/Checkpoint] Batched 1 events in 124 bytes
[WASM] Tick 1600 | Integrity: OK
[LM/Checkpoint] Batched 35 events in 9660 bytes
[LM/Checkpoint] Batched 70 events in 19320 bytes
[LM/Checkpoint] SAMPLE: Sent membrane event of size 276 byte (256 bytes of payload)
[LM/Checkpoint] Batched 1 events in 124 bytes
[LM/Checkpoint] Converged naturally! Lag: 242 events (3437.807617 ms).
[LM/Checkpoint] Migration client completed its tasks
[LM/Checkpoint] Transmitted 62342 membrane events
[LM/Checkpoint] Migration completed in 5850.115234 ms
[LM/Checkpoint] Live migration completed at 1785703432752.847900 ms.
[LM/Checkpoint] Closing migration connections...
[LM/Checkpoint] Closed all migration connections!
