[LM] Starting migration server on port 8010 in background...
[LM] Migration server started (1785703288338.087646 ms).
[LM/Checkpoint] Server waiting for connection on port 8010...
[WASM] Config: 256 MB | 64.00 MB/s | 12000 Syscalls/s (Type: 2, Modifying: 256 bytes)
[WASM] Initializing physical memory backing...
[WASM] Entering execution loop (using bypass)...
[WASM] Tick 200 | Integrity: OK
[WASM] Tick 400 | Integrity: OK
[WASM] Tick 600 | Integrity: OK
[WASM] Tick 800 | Integrity: OK
[LM/Checkpoint] Client connected. Initiating Post-Copy (1785703293565.924561 ms)...
[LM/Checkpoint] Halting execution for state extraction...
[LM/Checkpoint] Sync all to frame at opcode=41 (next=6a)
[LM/Checkpoint] Sync of stack, shadow stack and linear memory took 0.013184 ms (at 1785703293566.008545 ms)
[LM/Checkpoint] Total of 4096 memory pages
[LM/Checkpoint] Capturing the UDP state took 0.001000 ms (fd: 0, port: 0)
[LM/Checkpoint] Execution state transferred in 1.190430 ms. Target is resuming.
[LM/Checkpoint] Entering background page server mode (at 1785703293567.117188 ms)...
[LM/Checkpoint] Received LM_EOF_COMPLETE_CLIENT. Transmitted 1458 pages in 7814.182373 ms (at 1785703301381.302246 ms).
[LM/Checkpoint] Migration server shutting down (at 1785703301381.340332 ms)...
[LM/Checkpoint] Total session duration: 7815.420410 ms
[LM/Checkpoint] Closed migration connections!
