[LM] Starting migration server on port 8010 in background...
[LM] Server waiting for connection on port 8010...
[WASM] Config: 256 MB | 64.00 MB/s | 27000 Syscalls/s (Type: 2, Modifying: 256 bytes)
[WASM] Initializing physical memory backing...
[WASM] Entering execution loop (using bypass)...
[WASM] Tick 200 | Integrity: OK
[WASM] Tick 400 | Integrity: OK
[WASM] Tick 600 | Integrity: OK
[WASM] Tick 800 | Integrity: OK
[LM] Client connected. Migration is initiated (1785771739128.152100 ms)...
[LM] Phase 1: Sending initial bulk memory (256 MB)...
[WASM] Tick 1000 | Integrity: OK
[WASM] Tick 1200 | Integrity: OK
[LM] Initial pre-copy of bulk memory completed. Took 2307.802246 ms
[LM] Phase 1.5: Starting incremental pre-copy...
[WASM] Tick 1400 | Integrity: OK
[LM] Number of dirty cards transmitted: 225451
[LM] Pre-copy Iteration 1: Sent 115430912 bytes.
[LM] Number of dirty cards transmitted: 98967
[LM] Pre-copy Iteration 2: Sent 50671104 bytes.
[LM] Number of dirty cards transmitted: 43260
[LM] Pre-copy Iteration 3: Sent 22149120 bytes.
[LM] Number of dirty cards transmitted: 18356
[LM] Pre-copy Iteration 4: Sent 9398272 bytes.
[LM] Pre-copy threshold reached. Moving to final handover.
[LM] Incremental pre-copy completed. Took 1703.620117 ms
[LM] Bulk + Precopy duration 1564.369000 ms
[LM] Received 0xEOF_RECONSTRUCT, halting execution for final handover...
[LM/Checkpoint] Migration triggered! Dumping state...
[LM/Checkpoint] State synced to frame structures.
[LM] Phase 2: Sending final dirty pages and context...
[LM] Number of dirty cards transmitted: 10492
[LM] Send final dirty pages took 21.575000 ms
[LM] Checkpoint dirty state took 0.086000 ms
[LM/Checkpoint] Live migration completed at 1785771743196.582275 ms. Migration took 4068.430176 ms
[LM/Checkpoint] Took 21.809000 ms to checkpoint application
