[LM] Starting migration server on port 8010 in background...
[LM] Server waiting for connection on port 8010...
[WASM] Config: 256 MB | 64.00 MB/s | 6000 Syscalls/s (Type: 2, Modifying: 256 bytes)
[WASM] Initializing physical memory backing...
[WASM] Entering execution loop (using bypass)...
[WASM] Tick 200 | Integrity: OK
[WASM] Tick 400 | Integrity: OK
[WASM] Tick 600 | Integrity: OK
[WASM] Tick 800 | Integrity: OK
[LM] Client connected. Migration is initiated (1785702720163.009033 ms)...
[LM] Phase 1: Sending initial bulk memory (256 MB)...
[WASM] Tick 1000 | Integrity: OK
[LM] Initial pre-copy of bulk memory completed. Took 2329.103516 ms
[LM] Phase 1.5: Starting incremental pre-copy...
[WASM] Tick 1200 | Integrity: OK
[LM] Number of dirty cards transmitted: 231350
[LM] Pre-copy Iteration 1: Sent 118451200 bytes.
[LM] Number of dirty cards transmitted: 101588
[LM] Pre-copy Iteration 2: Sent 52013056 bytes.
[WASM] Tick 1400 | Integrity: OK
[LM] Number of dirty cards transmitted: 44570
[LM] Pre-copy Iteration 3: Sent 22819840 bytes.
[LM] Number of dirty cards transmitted: 20325
[LM] Pre-copy Iteration 4: Sent 10406400 bytes.
[LM] Pre-copy threshold reached. Moving to final handover.
[LM] Incremental pre-copy completed. Took 1757.038330 ms
[LM] Bulk + Precopy duration 1552.522000 ms
[LM] Received 0xEOF_RECONSTRUCT, halting execution for final handover...
[LM/Checkpoint] Migration triggered! Dumping state...
[LM/Checkpoint] State synced to frame structures.
[LM] Phase 2: Sending final dirty pages and context...
[LM] Number of dirty cards transmitted: 11147
[LM] Send final dirty pages took 19.022000 ms
[LM] Checkpoint dirty state took 0.074000 ms
[LM/Checkpoint] Live migration completed at 1785702724312.133545 ms. Migration took 4149.124756 ms
[LM/Checkpoint] Took 19.228000 ms to checkpoint application
