[LM] Starting migration server on port 8010 in background...
[LM] Migration server started (1785771070118.631348 ms).
[LM/Checkpoint] Server waiting for connection on port 8010...
[WASM] Config: 256 MB | 64.00 MB/s | 19000 Syscalls/s (Type: 2, Modifying: 256 bytes)
[WASM] Initializing physical memory backing...
[WASM] Entering execution loop (using bypass)...
[WASM] Tick 200 | Integrity: OK
[WASM] Tick 400 | Integrity: OK
[WASM] Tick 600 | Integrity: OK
[LM/Checkpoint] Client connected. Initiating Post-Copy (1785771074480.781982 ms)...
[LM/Checkpoint] Halting execution for state extraction...
[LM/Checkpoint] Sync all to frame at opcode=6a (next=c7)
[LM/Checkpoint] Sync of stack, shadow stack and linear memory took 0.018555 ms (at 1785771074480.872803 ms)
[LM/Checkpoint] Total of 4096 memory pages
[LM/Checkpoint] Capturing the UDP state took 0.002000 ms (fd: 0, port: 0)
[LM/Checkpoint] Execution state transferred in 1.193359 ms. Target is resuming.
[LM/Checkpoint] Entering background page server mode (at 1785771074481.977539 ms)...
[LM/Checkpoint] Received LM_EOF_COMPLETE_CLIENT. Transmitted 1832 pages in 9949.065430 ms (at 1785771084431.045654 ms).
[LM/Checkpoint] Migration server shutting down (at 1785771084431.082031 ms)...
[LM/Checkpoint] Total session duration: 9950.302490 ms
[LM/Checkpoint] Closed migration connections!
