[LM] Starting migration server on port 8010 in background...
[LM] Migration server started (1785702915305.146240 ms).
[LM/Checkpoint] Server waiting for connection on port 8010...
[WASM] Config: 256 MB | 64.00 MB/s | 8000 Syscalls/s (Type: 2, Modifying: 256 bytes)
[WASM] Initializing physical memory backing...
[WASM] Entering execution loop (using bypass)...
[WASM] Tick 200 | Integrity: OK
[WASM] Tick 400 | Integrity: OK
[WASM] Tick 600 | Integrity: OK
[WASM] Tick 800 | Integrity: OK
[LM/Checkpoint] Client connected. Initiating Post-Copy (1785702921122.197754 ms)...
[LM/Checkpoint] Halting execution for state extraction...
[LM/Checkpoint] Sync all to frame at opcode=c9 (next=c7)
[LM/Checkpoint] Sync of stack, shadow stack and linear memory took 0.017334 ms (at 1785702921122.301270 ms)
[LM/Checkpoint] Total of 4096 memory pages
[LM/Checkpoint] Capturing the UDP state took 0.001000 ms (fd: 0, port: 0)
[LM/Checkpoint] Execution state transferred in 1.213135 ms. Target is resuming.
[LM/Checkpoint] Entering background page server mode (at 1785702921123.413086 ms)...
[LM/Checkpoint] Received LM_EOF_COMPLETE_CLIENT. Transmitted 1871 pages in 12829.879639 ms (at 1785702933953.295410 ms).
[LM/Checkpoint] Migration server shutting down (at 1785702933953.342041 ms)...
[LM/Checkpoint] Total session duration: 12831.147461 ms
[LM/Checkpoint] Closed migration connections!
