[LM] Starting migration server on port 8010 in background...
[LM] Server waiting for connection on port 8010...
[WASM] Config: 256 MB | 64.00 MB/s | 9000 Syscalls/s (Type: 2, Modifying: 256 bytes)
[WASM] Initializing physical memory backing...
[WASM] Entering execution loop (using bypass)...
[WASM] Tick 200 | Integrity: OK
[WASM] Tick 400 | Integrity: OK
[WASM] Tick 600 | Integrity: OK
[WASM] Tick 800 | Integrity: OK
[LM] Client connected. Migration is initiated (1785702995071.826172 ms)...
[LM] Phase 1: Sending initial bulk memory (256 MB)...
[WASM] Tick 1000 | Integrity: OK
[LM] Initial pre-copy of bulk memory completed. Took 2314.656006 ms
[LM] Phase 1.5: Starting incremental pre-copy...
[WASM] Tick 1200 | Integrity: OK
[LM] Number of dirty cards transmitted: 230039
[LM] Pre-copy Iteration 1: Sent 117779968 bytes.
[WASM] Tick 1400 | Integrity: OK
[LM] Number of dirty cards transmitted: 98966
[LM] Pre-copy Iteration 2: Sent 50670592 bytes.
[LM] Number of dirty cards transmitted: 43261
[LM] Pre-copy Iteration 3: Sent 22149632 bytes.
[LM] Number of dirty cards transmitted: 18357
[LM] Pre-copy Iteration 4: Sent 9398784 bytes.
[LM] Pre-copy threshold reached. Moving to final handover.
[LM] Incremental pre-copy completed. Took 1717.539795 ms
[LM] Bulk + Precopy duration 1561.740000 ms
[LM] Received 0xEOF_RECONSTRUCT, halting execution for final handover...
[LM/Checkpoint] Migration triggered! Dumping state...
[LM/Checkpoint] State synced to frame structures.
[LM] Phase 2: Sending final dirty pages and context...
[LM] Number of dirty cards transmitted: 11802
[LM] Send final dirty pages took 23.739000 ms
[LM] Checkpoint dirty state took 0.079000 ms
[LM/Checkpoint] Live migration completed at 1785702999173.684082 ms. Migration took 4101.857910 ms
[LM/Checkpoint] Took 23.863000 ms to checkpoint application
