[LM] Starting migration server on port 8010 in background...
[LM] Server waiting for connection on port 8010...
[WASM] Config: 256 MB | 64.00 MB/s | 12000 Syscalls/s (Type: 2, Modifying: 256 bytes)
[WASM] Initializing physical memory backing...
[WASM] Entering execution loop (using bypass)...
[WASM] Tick 200 | Integrity: OK
[WASM] Tick 400 | Integrity: OK
[WASM] Tick 600 | Integrity: OK
[WASM] Tick 800 | Integrity: OK
[LM] Client connected. Migration is initiated (1785703272278.135986 ms)...
[LM] Phase 1: Sending initial bulk memory (256 MB)...
[WASM] Tick 1000 | Integrity: OK
[LM] Initial pre-copy of bulk memory completed. Took 2319.932373 ms
[LM] Phase 1.5: Starting incremental pre-copy...
[WASM] Tick 1200 | Integrity: OK
[LM] Number of dirty cards transmitted: 232005
[LM] Pre-copy Iteration 1: Sent 118786560 bytes.
[WASM] Tick 1400 | Integrity: OK
[LM] Number of dirty cards transmitted: 102898
[LM] Pre-copy Iteration 2: Sent 52683776 bytes.
[LM] Number of dirty cards transmitted: 45341
[LM] Pre-copy Iteration 3: Sent 23214592 bytes.
[LM] Number of dirty cards transmitted: 20253
[LM] Pre-copy Iteration 4: Sent 10369536 bytes.
[LM] Pre-copy threshold reached. Moving to final handover.
[LM] Incremental pre-copy completed. Took 1757.914551 ms
[LM] Bulk + Precopy duration 1526.329000 ms
[LM] Received 0xEOF_RECONSTRUCT, halting execution for final handover...
[LM/Checkpoint] Migration triggered! Dumping state...
[LM/Checkpoint] State synced to frame structures.
[LM] Phase 2: Sending final dirty pages and context...
[LM] Number of dirty cards transmitted: 11838
[LM] Send final dirty pages took 23.621000 ms
[LM] Checkpoint dirty state took 0.074000 ms
[LM/Checkpoint] Live migration completed at 1785703276419.981689 ms. Migration took 4141.845947 ms
[LM/Checkpoint] Took 23.886000 ms to checkpoint application
