[LM] Starting migration server on port 8010 in background...
[LM] Migration server started (1785771754137.477783 ms).
[LM/Checkpoint] Server waiting for connection on port 8010...
[WASM] Config: 256 MB | 64.00 MB/s | 27000 Syscalls/s (Type: 2, Modifying: 256 bytes)
[WASM] Initializing physical memory backing...
[WASM] Entering execution loop (using bypass)...
[WASM] Tick 200 | Integrity: OK
[WASM] Tick 400 | Integrity: OK
[WASM] Tick 600 | Integrity: OK
[LM/Checkpoint] Client connected. Initiating Post-Copy (1785771758395.686768 ms)...
[LM/Checkpoint] Halting execution for state extraction...
[LM/Checkpoint] Sync all to frame at opcode=10 (next=41)
[LM/Checkpoint] Sync of stack, shadow stack and linear memory took 0.011230 ms (at 1785771758397.820801 ms)
[LM/Checkpoint] Total of 4096 memory pages
[LM/Checkpoint] Capturing the UDP state took 0.001000 ms (fd: 0, port: 0)
[LM/Checkpoint] Execution state transferred in 2.243896 ms. Target is resuming.
[LM/Checkpoint] Entering background page server mode (at 1785771758397.933105 ms)...
[LM/Checkpoint] Received LM_EOF_COMPLETE_CLIENT. Transmitted 1811 pages in 9958.024902 ms (at 1785771768355.960449 ms).
[LM/Checkpoint] Migration server shutting down (at 1785771768355.997070 ms)...
[LM/Checkpoint] Total session duration: 9960.312500 ms
[LM/Checkpoint] Closed migration connections!
