[LM] Starting migration server on port 8010 in background...
[LM] Migration server started (1785770699666.823486 ms).
[LM] Server waiting for connection on port 8010...
[WASM] Config: 256 MB | 64.00 MB/s | 16000 Syscalls/s (Type: 2, Modifying: 256 bytes)
[WASM] Initializing physical memory backing...
[WASM] Entering execution loop (using bypass)...
[WASM] Tick 200 | Integrity: OK
[WASM] Tick 400 | Integrity: OK
[WASM] Tick 600 | Integrity: OK
[LM] Client connected. Migration is initiated (1785770704509.428711 ms)...
[LM/Checkpoint] Server waiting for membrane connection on port 8011...
[LM/Checkpoint] Membrane channel connected on port 8011
[LM/Checkpoint] Sync all to frame at opcode=10 (next=41)
CHECK: frame 0x55563d560320, frame->ip 65
[LM/Checkpoint] Memory snapshot captured after 3.172119 ms
[LM/Checkpoint] Phase 1.1: Sending state metadata...
[LM/Checkpoint] Memory metadata transmitted after 0.031006 ms
[LM/Checkpoint] Phase 1.2: Sending initial bulk memory (256 MB)...
[LM/Checkpoint] Main interpreter thread halted for 0.158000 ms
[LM/Checkpoint] Batched 1 events in 124 bytes
[WASM] Tick 800 | Integrity: OK
[LM/Checkpoint] Batched 1 events in 124 bytes
[LM/Checkpoint] SAMPLE: Sent membrane event of size 276 byte (256 bytes of payload)
[LM/Checkpoint] Batched 1 events in 124 bytes
[LM/Checkpoint] Batched 26 events in 7176 bytes
[LM/Checkpoint] Batched 1 events in 124 bytes
[LM/Checkpoint] SAMPLE: Sent membrane event of size 276 byte (256 bytes of payload)
[WASM] Tick 1000 | Integrity: OK
[LM/Checkpoint] Batched 1 events in 124 bytes
[LM/Checkpoint] Batched 80 events in 22080 bytes
[LM/Checkpoint] Batched 1 events in 124 bytes
[LM/Checkpoint] Linear memory transmitted after 2377.677246 ms
[LM/Checkpoint] Wrote stack and shadow stack frames to stream (frame count: 7, frame offset: 1464)
[LM/Checkpoint] Frames transmitted after 0.018799 ms
[LM/Checkpoint] Capturing the UDP state took 0.002000 ms (fd: 0, port: 0)
[LM/Checkpoint] Initial full linear memory handover duration 708.047000 ms
[LM/Checkpoint] Flushing 0 bytes of buffered membrane events...
[LM/Checkpoint] Received 0xEOF_RECONSTRUCT, halting execution for final handover (1785770706934.384521 ms)...
[LM/Checkpoint] Migration server completed its tasks
[LM/Checkpoint] Initial membrane chunk transmitted after 35.996826 ms
[LM/Checkpoint] Trying to converge membrane replay log...
[LM/Checkpoint] SAMPLE: Sent membrane event of size 276 byte (256 bytes of payload)
[LM/Checkpoint] Batched 80 events in 22080 bytes
[LM/Checkpoint] Batched 80 events in 22080 bytes
[WASM] Tick 1200 | Integrity: OK
[LM/Checkpoint] Batched 1 events in 124 bytes
[LM/Checkpoint] SAMPLE: Sent membrane event of size 276 byte (256 bytes of payload)
[LM/Checkpoint] Batched 78 events in 21528 bytes
[LM/Checkpoint] Batched 9 events in 2484 bytes
[LM/Checkpoint] Batched 1 events in 124 bytes
[LM/Checkpoint] SAMPLE: Sent membrane event of size 276 byte (256 bytes of payload)
[LM/Checkpoint] Batched 80 events in 22080 bytes
[WASM] Tick 1400 | Integrity: OK
[LM/Checkpoint] Batched 20 events in 5520 bytes
[LM/Checkpoint] Batched 43 events in 11868 bytes
[LM/Checkpoint] SAMPLE: Sent membrane event of size 276 byte (256 bytes of payload)
[LM/Checkpoint] Batched 1 events in 124 bytes
[LM/Checkpoint] Batched 80 events in 22080 bytes
[WASM] Tick 1600 | Integrity: OK
[LM/Checkpoint] Batched 35 events in 9660 bytes
[LM/Checkpoint] SAMPLE: Sent membrane event of size 276 byte (256 bytes of payload)
[LM/Checkpoint] Batched 51 events in 14076 bytes
[LM/Checkpoint] Batched 1 events in 124 bytes
[LM/Checkpoint] Batched 80 events in 22080 bytes
[LM/Checkpoint] SAMPLE: Sent membrane event of size 276 byte (256 bytes of payload)
[LM/Checkpoint] Batched 17 events in 4692 bytes
[WASM] Tick 1800 | Integrity: OK
[LM/Checkpoint] Batched 41 events in 11316 bytes
[LM/Checkpoint] Converged naturally! Lag: 247 events (4924.326660 ms).
[LM/Checkpoint] Migration client completed its tasks
[LM/Checkpoint] Transmitted 89190 membrane events
[LM/Checkpoint] Migration completed in 7351.614990 ms
[LM/Checkpoint] Live migration completed at 1785770711876.145508 ms.
[LM/Checkpoint] Closing migration connections...
[LM/Checkpoint] Closed all migration connections!
