[LM] Starting migration server on port 8010 in background...
[LM] Migration server started (1785770801439.142578 ms).
[LM] Server waiting for connection on port 8010...
[WASM] Config: 256 MB | 64.00 MB/s | 17000 Syscalls/s (Type: 2, Modifying: 256 bytes)
[WASM] Initializing physical memory backing...
[WASM] Entering execution loop (using bypass)...
[WASM] Tick 200 | Integrity: OK
[WASM] Tick 400 | Integrity: OK
[WASM] Tick 600 | Integrity: OK
[WASM] Tick 800 | Integrity: OK
[LM] Client connected. Migration is initiated (1785770806783.304199 ms)...
[LM/Checkpoint] Server waiting for membrane connection on port 8011...
[LM/Checkpoint] Membrane channel connected on port 8011
[LM/Checkpoint] Sync all to frame at opcode=c7 (next=37)
CHECK: frame 0x55565f90bf8c, frame->ip 55
[LM/Checkpoint] Memory snapshot captured after 1.071777 ms
[LM/Checkpoint] Phase 1.1: Sending state metadata...
[LM/Checkpoint] Memory metadata transmitted after 0.032471 ms
[LM/Checkpoint] Phase 1.2: Sending initial bulk memory (256 MB)...
[LM/Checkpoint] Main interpreter thread halted for 0.204000 ms
[LM/Checkpoint] Batched 1 events in 124 bytes
[LM/Checkpoint] Batched 44 events in 12144 bytes
[LM/Checkpoint] SAMPLE: Sent membrane event of size 276 byte (256 bytes of payload)
[LM/Checkpoint] Batched 70 events in 19320 bytes
[WASM] Tick 1000 | Integrity: OK
[LM/Checkpoint] Batched 83 events in 22908 bytes
[LM/Checkpoint] Batched 44 events in 12144 bytes
[LM/Checkpoint] SAMPLE: Sent membrane event of size 276 byte (256 bytes of payload)
[LM/Checkpoint] Batched 85 events in 23460 bytes
[LM/Checkpoint] Batched 48 events in 13248 bytes
[LM/Checkpoint] Batched 32 events in 8832 bytes
[LM/Checkpoint] SAMPLE: Sent membrane event of size 276 byte (256 bytes of payload)
[LM/Checkpoint] Linear memory transmitted after 2383.799072 ms
[LM/Checkpoint] Wrote stack and shadow stack frames to stream (frame count: 4, frame offset: 548)
[LM/Checkpoint] Frames transmitted after 0.007568 ms
[LM/Checkpoint] Capturing the UDP state took 0.002000 ms (fd: 0, port: 0)
[LM/Checkpoint] Initial full linear memory handover duration 730.051000 ms
[WASM] Tick 1200 | Integrity: OK
[LM/Checkpoint] Flushing 0 bytes of buffered membrane events...
[LM/Checkpoint] Received 0xEOF_RECONSTRUCT, halting execution for final handover (1785770809212.450928 ms)...
[LM/Checkpoint] Migration server completed its tasks
[LM/Checkpoint] Initial membrane chunk transmitted after 36.379395 ms
[LM/Checkpoint] Trying to converge membrane replay log...
[LM/Checkpoint] Batched 1 events in 124 bytes
[LM/Checkpoint] Batched 85 events in 23460 bytes
[LM/Checkpoint] Batched 1 events in 124 bytes
[LM/Checkpoint] SAMPLE: Sent membrane event of size 276 byte (256 bytes of payload)
[LM/Checkpoint] Batched 1 events in 124 bytes
[LM/Checkpoint] Batched 85 events in 23460 bytes
[WASM] Tick 1400 | Integrity: OK
[LM/Checkpoint] SAMPLE: Sent membrane event of size 276 byte (256 bytes of payload)
[LM/Checkpoint] Batched 85 events in 23460 bytes
[LM/Checkpoint] Batched 1 events in 124 bytes
[LM/Checkpoint] Batched 1 events in 124 bytes
[LM/Checkpoint] SAMPLE: Sent membrane event of size 276 byte (256 bytes of payload)
[LM/Checkpoint] Batched 85 events in 23460 bytes
[WASM] Tick 1600 | Integrity: OK
[LM/Checkpoint] Batched 85 events in 23460 bytes
[LM/Checkpoint] Batched 1 events in 124 bytes
[LM/Checkpoint] SAMPLE: Sent membrane event of size 276 byte (256 bytes of payload)
[LM/Checkpoint] Batched 85 events in 23460 bytes
[LM/Checkpoint] Batched 1 events in 124 bytes
[LM/Checkpoint] Batched 1 events in 124 bytes
[LM/Checkpoint] SAMPLE: Sent membrane event of size 276 byte (256 bytes of payload)
[WASM] Tick 1800 | Integrity: OK
[LM/Checkpoint] Batched 1 events in 124 bytes
[LM/Checkpoint] Batched 77 events in 21252 bytes
[LM/Checkpoint] SAMPLE: Sent membrane event of size 276 byte (256 bytes of payload)
[LM/Checkpoint] Batched 83 events in 22908 bytes
[LM/Checkpoint] Batched 1 events in 124 bytes
[LM/Checkpoint] Batched 85 events in 23460 bytes
[WASM] Tick 2000 | Integrity: OK
[LM/Checkpoint] SAMPLE: Sent membrane event of size 276 byte (256 bytes of payload)
[LM/Checkpoint] Batched 3 events in 828 bytes
[LM/Checkpoint] Batched 8 events in 2208 bytes
[LM/Checkpoint] Converged naturally! Lag: 247 events (5846.962646 ms).
[LM/Checkpoint] Migration client completed its tasks
[LM/Checkpoint] Transmitted 105957 membrane events
[LM/Checkpoint] Migration completed in 8278.644531 ms
[LM/Checkpoint] Live migration completed at 1785770815076.713135 ms.
[LM/Checkpoint] Closing migration connections...
[LM/Checkpoint] Closed all migration connections!
