[LM] Starting migration server on port 8010 in background...
[LM] Server waiting for connection on port 8010...
[WASM] Config: 256 MB | 64.00 MB/s | 16000 Syscalls/s (Type: 2, Modifying: 256 bytes)
[WASM] Initializing physical memory backing...
[WASM] Entering execution loop (using bypass)...
[WASM] Tick 200 | Integrity: OK
[WASM] Tick 400 | Integrity: OK
[WASM] Tick 600 | Integrity: OK
[LM] Client connected. Migration is initiated (1785770743953.870605 ms)...
[LM] Phase 1: Sending initial bulk memory (256 MB)...
[WASM] Tick 800 | Integrity: OK
[WASM] Tick 1000 | Integrity: OK
[LM] Initial pre-copy of bulk memory completed. Took 2312.729736 ms
[LM] Phase 1.5: Starting incremental pre-copy...
[LM] Number of dirty cards transmitted: 229907
[LM] Pre-copy Iteration 1: Sent 117712384 bytes.
[WASM] Tick 1200 | Integrity: OK
[LM] Number of dirty cards transmitted: 101987
[LM] Pre-copy Iteration 2: Sent 52217344 bytes.
[LM] Number of dirty cards transmitted: 45429
[LM] Pre-copy Iteration 3: Sent 23259648 bytes.
[LM] Number of dirty cards transmitted: 20978
[LM] Pre-copy Iteration 4: Sent 10740736 bytes.
[LM] Number of dirty cards transmitted: 8854
[LM] Pre-copy Iteration 5: Sent 4533248 bytes.
[LM] Pre-copy threshold reached. Moving to final handover.
[LM] Incremental pre-copy completed. Took 1793.141357 ms
[LM] Bulk + Precopy duration 1589.907000 ms
[LM] Received 0xEOF_RECONSTRUCT, halting execution for final handover...
[LM/Checkpoint] Migration triggered! Dumping state...
[LM/Checkpoint] State synced to frame structures.
[LM] Phase 2: Sending final dirty pages and context...
[LM] Number of dirty cards transmitted: 6850
[LM] Send final dirty pages took 39.550000 ms
[LM] Checkpoint dirty state took 0.334000 ms
[LM/Checkpoint] Live migration completed at 1785770748135.483154 ms. Migration took 4181.612793 ms
[LM/Checkpoint] Took 40.158000 ms to checkpoint application
