[LM] Starting migration server on port 8010 in background...
[LM] Migration server started (1785703143131.004395 ms).
[LM] Server waiting for connection on port 8010...
[WASM] Config: 256 MB | 64.00 MB/s | 11000 Syscalls/s (Type: 2, Modifying: 256 bytes)
[WASM] Initializing physical memory backing...
[WASM] Entering execution loop (using bypass)...
[WASM] Tick 200 | Integrity: OK
[WASM] Tick 400 | Integrity: OK
[WASM] Tick 600 | Integrity: OK
[WASM] Tick 800 | Integrity: OK
[LM] Client connected. Migration is initiated (1785703148332.023682 ms)...
[LM/Checkpoint] Server waiting for membrane connection on port 8011...
[LM/Checkpoint] Membrane channel connected on port 8011
[LM/Checkpoint] Sync all to frame at opcode=c7 (next=41)
CHECK: frame 0x55559f617f8c, frame->ip 65
[LM/Checkpoint] Memory snapshot captured after 1.071533 ms
[LM/Checkpoint] Phase 1.1: Sending state metadata...
[LM/Checkpoint] Memory metadata transmitted after 0.030273 ms
[LM/Checkpoint] Phase 1.2: Sending initial bulk memory (256 MB)...
[LM/Checkpoint] Main interpreter thread halted for 1.033000 ms
[LM/Checkpoint] Batched 55 events in 15180 bytes
[LM/Checkpoint] Batched 26 events in 7176 bytes
[LM/Checkpoint] Batched 38 events in 10488 bytes
[WASM] Tick 1000 | Integrity: OK
[LM/Checkpoint] SAMPLE: Sent membrane event of size 276 byte (256 bytes of payload)
[LM/Checkpoint] Batched 1 events in 124 bytes
[LM/Checkpoint] Batched 55 events in 15180 bytes
[LM/Checkpoint] Batched 55 events in 15180 bytes
[LM/Checkpoint] Batched 1 events in 124 bytes
[LM/Checkpoint] Linear memory transmitted after 2346.668945 ms
[LM/Checkpoint] Wrote stack and shadow stack frames to stream (frame count: 4, frame offset: 548)
[LM/Checkpoint] Frames transmitted after 0.017822 ms
[LM/Checkpoint] Capturing the UDP state took 0.002000 ms (fd: 0, port: 0)
[LM/Checkpoint] Initial full linear memory handover duration 695.286000 ms
[LM/Checkpoint] SAMPLE: Sent membrane event of size 276 byte (256 bytes of payload)
[LM/Checkpoint] Flushing 0 bytes of buffered membrane events...
[LM/Checkpoint] Received 0xEOF_RECONSTRUCT, halting execution for final handover (1785703150729.436523 ms)...
[LM/Checkpoint] Migration server completed its tasks
[LM/Checkpoint] Batched 55 events in 15180 bytes
[LM/Checkpoint] Initial membrane chunk transmitted after 42.319580 ms
[LM/Checkpoint] Trying to converge membrane replay log...
[WASM] Tick 1200 | Integrity: OK
[LM/Checkpoint] Batched 55 events in 15180 bytes
[LM/Checkpoint] Batched 33 events in 9108 bytes
[LM/Checkpoint] Batched 1 events in 276 bytes
[LM/Checkpoint] SAMPLE: Sent membrane event of size 276 byte (256 bytes of payload)
[LM/Checkpoint] Batched 1 events in 124 bytes
[WASM] Tick 1400 | Integrity: OK
[LM/Checkpoint] Batched 1 events in 124 bytes
[LM/Checkpoint] Batched 1 events in 124 bytes
[LM/Checkpoint] Batched 1 events in 124 bytes
[LM/Checkpoint] Converged naturally! Lag: 249 events (2057.990234 ms).
[LM/Checkpoint] Migration client completed its tasks
[LM/Checkpoint] Transmitted 37579 membrane events
[LM/Checkpoint] Migration completed in 4458.615723 ms
[LM/Checkpoint] Live migration completed at 1785703152805.144775 ms.
[LM/Checkpoint] Closing migration connections...
[LM/Checkpoint] Closed all migration connections!
