[LM] Starting migration server on port 8010 in background...
[LM] Server waiting for connection on port 8010...
[WASM] Config: 256 MB | 64.00 MB/s | 10000 Syscalls/s (Type: 2, Modifying: 256 bytes)
[WASM] Initializing physical memory backing...
[WASM] Entering execution loop (using bypass)...
[WASM] Tick 200 | Integrity: OK
[WASM] Tick 400 | Integrity: OK
[WASM] Tick 600 | Integrity: OK
[WASM] Tick 800 | Integrity: OK
[LM] Client connected. Migration is initiated (1785703084262.955078 ms)...
[LM] Phase 1: Sending initial bulk memory (256 MB)...
[WASM] Tick 1000 | Integrity: OK
[LM] Initial pre-copy of bulk memory completed. Took 2308.364258 ms
[LM] Phase 1.5: Starting incremental pre-copy...
[WASM] Tick 1200 | Integrity: OK
[LM] Number of dirty cards transmitted: 230698
[LM] Pre-copy Iteration 1: Sent 118117376 bytes.
[LM] Number of dirty cards transmitted: 102187
[LM] Pre-copy Iteration 2: Sent 52319744 bytes.
[WASM] Tick 1400 | Integrity: OK
[LM] Number of dirty cards transmitted: 45881
[LM] Pre-copy Iteration 3: Sent 23491072 bytes.
[LM] Number of dirty cards transmitted: 20324
[LM] Pre-copy Iteration 4: Sent 10405888 bytes.
[LM] Pre-copy threshold reached. Moving to final handover.
[LM] Incremental pre-copy completed. Took 1752.862061 ms
[LM] Bulk + Precopy duration 1515.303000 ms
[LM] Received 0xEOF_RECONSTRUCT, halting execution for final handover...
[LM/Checkpoint] Migration triggered! Dumping state...
[LM/Checkpoint] State synced to frame structures.
[LM] Phase 2: Sending final dirty pages and context...
[LM] Number of dirty cards transmitted: 12458
[LM] Send final dirty pages took 24.750000 ms
[LM] Checkpoint dirty state took 0.078000 ms
[LM/Checkpoint] Live migration completed at 1785703088395.312012 ms. Migration took 4132.356934 ms
[LM/Checkpoint] Took 24.965000 ms to checkpoint application
