[LM] Starting migration server on port 8010 in background...
[LM] Server waiting for connection on port 8010...
[WASM] Config: 256 MB | 64.00 MB/s | 19000 Syscalls/s (Type: 2, Modifying: 256 bytes)
[WASM] Initializing physical memory backing...
[WASM] Entering execution loop (using bypass)...
[WASM] Tick 200 | Integrity: OK
[WASM] Tick 400 | Integrity: OK
[WASM] Tick 600 | Integrity: OK
[LM] Client connected. Migration is initiated (1785771054949.653320 ms)...
[LM] Phase 1: Sending initial bulk memory (256 MB)...
[WASM] Tick 800 | Integrity: OK
[WASM] Tick 1000 | Integrity: OK
[LM] Initial pre-copy of bulk memory completed. Took 2313.133057 ms
[LM] Phase 1.5: Starting incremental pre-copy...
[LM] Number of dirty cards transmitted: 229028
[LM] Pre-copy Iteration 1: Sent 117262336 bytes.
[WASM] Tick 1200 | Integrity: OK
[LM] Number of dirty cards transmitted: 107485
[LM] Pre-copy Iteration 2: Sent 55032320 bytes.
[LM] Number of dirty cards transmitted: 50470
[LM] Pre-copy Iteration 3: Sent 25840640 bytes.
[LM] Number of dirty cards transmitted: 23230
[LM] Pre-copy Iteration 4: Sent 11893760 bytes.
[LM] Number of dirty cards transmitted: 11460
[LM] Pre-copy Iteration 5: Sent 5867520 bytes.
[LM] Pre-copy threshold reached. Moving to final handover.
[LM] Incremental pre-copy completed. Took 1868.187500 ms
[LM] Bulk + Precopy duration 1478.360000 ms
[LM] Received 0xEOF_RECONSTRUCT, halting execution for final handover...
[LM/Checkpoint] Migration triggered! Dumping state...
[LM/Checkpoint] State synced to frame structures.
[LM] Phase 2: Sending final dirty pages and context...
[LM] Number of dirty cards transmitted: 7870
[LM] Send final dirty pages took 36.331000 ms
[LM] Checkpoint dirty state took 0.225000 ms
[LM/Checkpoint] Live migration completed at 1785771059196.847900 ms. Migration took 4247.194824 ms
[LM/Checkpoint] Took 36.930000 ms to checkpoint application
