[LM] Starting migration server on port 8010 in background...
[LM] Server waiting for connection on port 8010...
[WASM] Config: 256 MB | 64.00 MB/s | 25000 Syscalls/s (Type: 2, Modifying: 256 bytes)
[WASM] Initializing physical memory backing...
[WASM] Entering execution loop (using bypass)...
[WASM] Tick 200 | Integrity: OK
[WASM] Tick 400 | Integrity: OK
[WASM] Tick 600 | Integrity: OK
[WASM] Tick 800 | Integrity: OK
[LM] Client connected. Migration is initiated (1785771618510.461426 ms)...
[LM] Phase 1: Sending initial bulk memory (256 MB)...
[WASM] Tick 1000 | Integrity: OK
[LM] Initial pre-copy of bulk memory completed. Took 2321.653564 ms
[LM] Phase 1.5: Starting incremental pre-copy...
[WASM] Tick 1200 | Integrity: OK
[LM] Number of dirty cards transmitted: 224796
[LM] Pre-copy Iteration 1: Sent 115095552 bytes.
[LM] Number of dirty cards transmitted: 94209
[LM] Pre-copy Iteration 2: Sent 48235008 bytes.
[WASM] Tick 1400 | Integrity: OK
[LM] Number of dirty cards transmitted: 40141
[LM] Pre-copy Iteration 3: Sent 20552192 bytes.
[LM] Number of dirty cards transmitted: 17611
[LM] Pre-copy Iteration 4: Sent 9016832 bytes.
[LM] Pre-copy threshold reached. Moving to final handover.
[LM] Incremental pre-copy completed. Took 1652.211914 ms
[LM] Bulk + Precopy duration 1599.738000 ms
[LM] Received 0xEOF_RECONSTRUCT, halting execution for final handover...
[LM/Checkpoint] Migration triggered! Dumping state...
[LM/Checkpoint] State synced to frame structures.
[LM] Phase 2: Sending final dirty pages and context...
[LM] Number of dirty cards transmitted: 9902
[LM] Send final dirty pages took 19.432000 ms
[LM] Checkpoint dirty state took 0.075000 ms
[LM/Checkpoint] Live migration completed at 1785771622549.256104 ms. Migration took 4038.794678 ms
[LM/Checkpoint] Took 19.533000 ms to checkpoint application
