[LM] Starting migration server on port 8010 in background...
[LM] Migration server started (1785771176314.517334 ms).
[LM/Checkpoint] Server waiting for connection on port 8010...
[WASM] Config: 256 MB | 64.00 MB/s | 20000 Syscalls/s (Type: 2, Modifying: 256 bytes)
[WASM] Initializing physical memory backing...
[WASM] Entering execution loop (using bypass)...
[WASM] Tick 200 | Integrity: OK
[WASM] Tick 400 | Integrity: OK
[WASM] Tick 600 | Integrity: OK
[WASM] Tick 800 | Integrity: OK
[LM/Checkpoint] Client connected. Initiating Post-Copy (1785771181645.934814 ms)...
[LM/Checkpoint] Halting execution for state extraction...
[LM/Checkpoint] Sync all to frame at opcode=10 (next=41)
[LM/Checkpoint] Sync of stack, shadow stack and linear memory took 0.016846 ms (at 1785771181651.057861 ms)
[LM/Checkpoint] Total of 4096 memory pages
[LM/Checkpoint] Capturing the UDP state took 0.001000 ms (fd: 0, port: 0)
[LM/Checkpoint] Execution state transferred in 5.409424 ms. Target is resuming.
[LM/Checkpoint] Entering background page server mode (at 1785771181651.346436 ms)...
[LM/Checkpoint] Received LM_EOF_COMPLETE_CLIENT. Transmitted 1474 pages in 7925.551025 ms (at 1785771189576.900146 ms).
[LM/Checkpoint] Migration server shutting down (at 1785771189576.954102 ms)...
[LM/Checkpoint] Total session duration: 7931.022461 ms
[LM/Checkpoint] Closed migration connections!
