[LM] Starting migration server on port 8010 in background...
[LM] Server waiting for connection on port 8010...
[WASM] Config: 256 MB | 64.00 MB/s | 18000 Syscalls/s (Type: 2, Modifying: 256 bytes)
[WASM] Initializing physical memory backing...
[WASM] Entering execution loop (using bypass)...
[WASM] Tick 200 | Integrity: OK
[WASM] Tick 400 | Integrity: OK
[WASM] Tick 600 | Integrity: OK
[WASM] Tick 800 | Integrity: OK
[LM] Client connected. Migration is initiated (1785770952670.288086 ms)...
[LM] Phase 1: Sending initial bulk memory (256 MB)...
[WASM] Tick 1000 | Integrity: OK
[LM] Initial pre-copy of bulk memory completed. Took 2316.101318 ms
[LM] Phase 1.5: Starting incremental pre-copy...
[WASM] Tick 1200 | Integrity: OK
[LM] Number of dirty cards transmitted: 229820
[LM] Pre-copy Iteration 1: Sent 117667840 bytes.
[WASM] Tick 1400 | Integrity: OK
[LM] Number of dirty cards transmitted: 101102
[LM] Pre-copy Iteration 2: Sent 51764224 bytes.
[LM] Number of dirty cards transmitted: 43917
[LM] Pre-copy Iteration 3: Sent 22485504 bytes.
[LM] Number of dirty cards transmitted: 20322
[LM] Pre-copy Iteration 4: Sent 10404864 bytes.
[LM] Pre-copy threshold reached. Moving to final handover.
[LM] Incremental pre-copy completed. Took 1737.773193 ms
[LM] Bulk + Precopy duration 1551.640000 ms
[LM] Received 0xEOF_RECONSTRUCT, halting execution for final handover...
[LM/Checkpoint] Migration triggered! Dumping state...
[LM/Checkpoint] State synced to frame structures.
[LM] Phase 2: Sending final dirty pages and context...
[LM] Number of dirty cards transmitted: 11802
[LM] Send final dirty pages took 23.477000 ms
[LM] Checkpoint dirty state took 0.077000 ms
[LM/Checkpoint] Live migration completed at 1785770956791.375000 ms. Migration took 4121.086914 ms
[LM/Checkpoint] Took 23.697000 ms to checkpoint application
