[LM] Starting migration server on port 8010 in background...
[LM] Server waiting for connection on port 8010...
[WASM] Config: 256 MB | 64.00 MB/s | 23000 Syscalls/s (Type: 2, Modifying: 256 bytes)
[WASM] Initializing physical memory backing...
[WASM] Entering execution loop (using bypass)...
[WASM] Tick 200 | Integrity: OK
[WASM] Tick 400 | Integrity: OK
[WASM] Tick 600 | Integrity: OK
[LM] Client connected. Migration is initiated (1785771495958.338867 ms)...
[LM] Phase 1: Sending initial bulk memory (256 MB)...
[WASM] Tick 800 | Integrity: OK
[WASM] Tick 1000 | Integrity: OK
[LM] Initial pre-copy of bulk memory completed. Took 2309.569336 ms
[LM] Phase 1.5: Starting incremental pre-copy...
[LM] Number of dirty cards transmitted: 227285
[LM] Pre-copy Iteration 1: Sent 116369920 bytes.
[WASM] Tick 1200 | Integrity: OK
[LM] Number of dirty cards transmitted: 98965
[LM] Pre-copy Iteration 2: Sent 50670080 bytes.
[LM] Number of dirty cards transmitted: 43873
[LM] Pre-copy Iteration 3: Sent 22462976 bytes.
[LM] Number of dirty cards transmitted: 18365
[LM] Pre-copy Iteration 4: Sent 9402880 bytes.
[LM] Pre-copy threshold reached. Moving to final handover.
[LM] Incremental pre-copy completed. Took 1712.374268 ms
[LM] Bulk + Precopy duration 1562.249000 ms
[LM] Received 0xEOF_RECONSTRUCT, halting execution for final handover...
[LM/Checkpoint] Migration triggered! Dumping state...
[LM/Checkpoint] State synced to frame structures.
[LM] Phase 2: Sending final dirty pages and context...
[LM] Number of dirty cards transmitted: 11147
[LM] Send final dirty pages took 22.877000 ms
[LM] Checkpoint dirty state took 0.074000 ms
[LM/Checkpoint] Live migration completed at 1785771500041.601318 ms. Migration took 4083.262451 ms
[LM/Checkpoint] Took 23.096000 ms to checkpoint application
