[LM] Starting migration server on port 8010 in background...
[LM] Server waiting for connection on port 8010...
[WASM] Config: 256 MB | 64.00 MB/s | 20000 Syscalls/s (Type: 2, Modifying: 256 bytes)
[WASM] Initializing physical memory backing...
[WASM] Entering execution loop (using bypass)...
[WASM] Tick 200 | Integrity: OK
[WASM] Tick 400 | Integrity: OK
[WASM] Tick 600 | Integrity: OK
[WASM] Tick 800 | Integrity: OK
[LM] Client connected. Migration is initiated (1785771162230.007812 ms)...
[LM] Phase 1: Sending initial bulk memory (256 MB)...
[WASM] Tick 1000 | Integrity: OK
[WASM] Tick 1200 | Integrity: OK
[LM] Initial pre-copy of bulk memory completed. Took 2312.564697 ms
[LM] Phase 1.5: Starting incremental pre-copy...
[WASM] Tick 1400 | Integrity: OK
[LM] Number of dirty cards transmitted: 228395
[LM] Pre-copy Iteration 1: Sent 116938240 bytes.
[LM] Number of dirty cards transmitted: 110764
[LM] Pre-copy Iteration 2: Sent 56711168 bytes.
[WASM] Tick 1600 | Integrity: OK
[LM] Number of dirty cards transmitted: 51780
[LM] Pre-copy Iteration 3: Sent 26511360 bytes.
[LM] Number of dirty cards transmitted: 23468
[LM] Pre-copy Iteration 4: Sent 12015616 bytes.
[LM] Number of dirty cards transmitted: 11650
[LM] Pre-copy Iteration 5: Sent 5964800 bytes.
[LM] Pre-copy threshold reached. Moving to final handover.
[LM] Incremental pre-copy completed. Took 1918.163818 ms
[LM] Bulk + Precopy duration 1637.522000 ms
[LM] Received 0xEOF_RECONSTRUCT, halting execution for final handover...
[LM/Checkpoint] Migration triggered! Dumping state...
[LM/Checkpoint] State synced to frame structures.
[LM] Phase 2: Sending final dirty pages and context...
[LM] Number of dirty cards transmitted: 7904
[LM] Send final dirty pages took 37.016000 ms
[LM] Checkpoint dirty state took 0.155000 ms
[LM/Checkpoint] Live migration completed at 1785771166530.637695 ms. Migration took 4300.629883 ms
[LM/Checkpoint] Took 37.643000 ms to checkpoint application
