[LM] Starting migration server on port 8010 in background...
[LM] Migration server started (1785703325551.788818 ms).
[LM] Server waiting for connection on port 8010...
[WASM] Config: 256 MB | 64.00 MB/s | 13000 Syscalls/s (Type: 2, Modifying: 256 bytes)
[WASM] Initializing physical memory backing...
[WASM] Entering execution loop (using bypass)...
[WASM] Tick 200 | Integrity: OK
[WASM] Tick 400 | Integrity: OK
[WASM] Tick 600 | Integrity: OK
[WASM] Tick 800 | Integrity: OK
[LM] Client connected. Migration is initiated (1785703330753.791260 ms)...
[LM/Checkpoint] Server waiting for membrane connection on port 8011...
[LM/Checkpoint] Membrane channel connected on port 8011
[LM/Checkpoint] Sync all to frame at opcode=41 (next=6a)
CHECK: frame 0x555581573f8c, frame->ip 106
[LM/Checkpoint] Memory snapshot captured after 1.071533 ms
[LM/Checkpoint] Phase 1.1: Sending state metadata...
[LM/Checkpoint] Memory metadata transmitted after 0.038818 ms
[LM/Checkpoint] Phase 1.2: Sending initial bulk memory (256 MB)...
[LM/Checkpoint] Main interpreter thread halted for 1.007000 ms
[LM/Checkpoint] Batched 1 events in 124 bytes
[LM/Checkpoint] Batched 1 events in 124 bytes
[LM/Checkpoint] Batched 1 events in 124 bytes
[LM/Checkpoint] SAMPLE: Sent membrane event of size 276 byte (256 bytes of payload)
[LM/Checkpoint] Batched 1 events in 124 bytes
[WASM] Tick 1000 | Integrity: OK
[LM/Checkpoint] Batched 65 events in 17940 bytes
[LM/Checkpoint] Batched 65 events in 17940 bytes
[LM/Checkpoint] SAMPLE: Sent membrane event of size 276 byte (256 bytes of payload)
[LM/Checkpoint] Batched 65 events in 17940 bytes
[LM/Checkpoint] Batched 1 events in 124 bytes
[WASM] Tick 1200 | Integrity: OK
[LM/Checkpoint] Batched 21 events in 5796 bytes
[LM/Checkpoint] Linear memory transmitted after 2634.670654 ms
[LM/Checkpoint] Wrote stack and shadow stack frames to stream (frame count: 4, frame offset: 548)
[LM/Checkpoint] Frames transmitted after 0.007812 ms
[LM/Checkpoint] Capturing the UDP state took 0.001000 ms (fd: 0, port: 0)
[LM/Checkpoint] Initial full linear memory handover duration 747.655000 ms
[LM/Checkpoint] Flushing 0 bytes of buffered membrane events...
[LM/Checkpoint] Received 0xEOF_RECONSTRUCT, halting execution for final handover (1785703333450.562256 ms)...
[LM/Checkpoint] Migration server completed its tasks
[LM/Checkpoint] Initial membrane chunk transmitted after 53.094971 ms
[LM/Checkpoint] Trying to converge membrane replay log...
[LM/Checkpoint] Batched 1 events in 124 bytes
[LM/Checkpoint] SAMPLE: Sent membrane event of size 276 byte (256 bytes of payload)
[LM/Checkpoint] Batched 65 events in 17940 bytes
[LM/Checkpoint] Batched 1 events in 124 bytes
[LM/Checkpoint] Batched 20 events in 5520 bytes
[WASM] Tick 1400 | Integrity: OK
[LM/Checkpoint] SAMPLE: Sent membrane event of size 276 byte (256 bytes of payload)
[LM/Checkpoint] Batched 65 events in 17940 bytes
[LM/Checkpoint] Batched 38 events in 10488 bytes
[LM/Checkpoint] Batched 65 events in 17940 bytes
[LM/Checkpoint] Batched 65 events in 17940 bytes
[LM/Checkpoint] SAMPLE: Sent membrane event of size 276 byte (256 bytes of payload)
[WASM] Tick 1600 | Integrity: OK
[LM/Checkpoint] Batched 65 events in 17940 bytes
[LM/Checkpoint] Batched 1 events in 124 bytes
[LM/Checkpoint] Batched 1 events in 124 bytes
[LM/Checkpoint] Converged naturally! Lag: 248 events (3269.255371 ms).
[LM/Checkpoint] Migration client completed its tasks
[LM/Checkpoint] Transmitted 59338 membrane events
[LM/Checkpoint] Migration completed in 5968.732666 ms
[LM/Checkpoint] Live migration completed at 1785703336737.340576 ms.
[LM/Checkpoint] Closing migration connections...
[LM/Checkpoint] Closed all migration connections!
