[LM] Starting migration server on port 8010 in background...
[LM] Migration server started (1785703517833.361328 ms).
[LM] Server waiting for connection on port 8010...
[WASM] Config: 256 MB | 64.00 MB/s | 15000 Syscalls/s (Type: 2, Modifying: 256 bytes)
[WASM] Initializing physical memory backing...
[WASM] Entering execution loop (using bypass)...
[WASM] Tick 200 | Integrity: OK
[WASM] Tick 400 | Integrity: OK
[WASM] Tick 600 | Integrity: OK
[WASM] Tick 800 | Integrity: OK
[LM] Client connected. Migration is initiated (1785703523068.304443 ms)...
[LM/Checkpoint] Server waiting for membrane connection on port 8011...
[LM/Checkpoint] Membrane channel connected on port 8011
[LM/Checkpoint] Sync all to frame at opcode=10 (next=41)
CHECK: frame 0x55561e300320, frame->ip 65
[LM/Checkpoint] Memory snapshot captured after 3.174072 ms
[LM/Checkpoint] Phase 1.1: Sending state metadata...
[LM/Checkpoint] Memory metadata transmitted after 0.032471 ms
[LM/Checkpoint] Phase 1.2: Sending initial bulk memory (256 MB)...
[LM/Checkpoint] Main interpreter thread halted for 1.098000 ms
[LM/Checkpoint] Batched 1 events in 124 bytes
[LM/Checkpoint] Batched 52 events in 14352 bytes
[LM/Checkpoint] Batched 1 events in 124 bytes
[LM/Checkpoint] SAMPLE: Sent membrane event of size 276 byte (256 bytes of payload)
[LM/Checkpoint] Batched 75 events in 20700 bytes
[WASM] Tick 1000 | Integrity: OK
[LM/Checkpoint] Batched 1 events in 124 bytes
[LM/Checkpoint] Batched 7 events in 1932 bytes
[LM/Checkpoint] SAMPLE: Sent membrane event of size 276 byte (256 bytes of payload)
[LM/Checkpoint] Batched 1 events in 124 bytes
[LM/Checkpoint] Batched 1 events in 124 bytes
[LM/Checkpoint] Linear memory transmitted after 2370.396484 ms
[LM/Checkpoint] Wrote stack and shadow stack frames to stream (frame count: 7, frame offset: 1464)
[LM/Checkpoint] Frames transmitted after 0.019287 ms
[LM/Checkpoint] Capturing the UDP state took 0.003000 ms (fd: 0, port: 0)
[LM/Checkpoint] Initial full linear memory handover duration 707.376000 ms
[LM/Checkpoint] Flushing 0 bytes of buffered membrane events...
[LM/Checkpoint] Received 0xEOF_RECONSTRUCT, halting execution for final handover (1785703525485.813477 ms)...
[LM/Checkpoint] Migration server completed its tasks
[LM/Checkpoint] Initial membrane chunk transmitted after 36.563232 ms
[LM/Checkpoint] Trying to converge membrane replay log...
[WASM] Tick 1200 | Integrity: OK
[LM/Checkpoint] Batched 1 events in 124 bytes
[LM/Checkpoint] SAMPLE: Sent membrane event of size 276 byte (256 bytes of payload)
[LM/Checkpoint] Batched 1 events in 124 bytes
[LM/Checkpoint] Batched 1 events in 124 bytes
[LM/Checkpoint] Batched 1 events in 124 bytes
[LM/Checkpoint] SAMPLE: Sent membrane event of size 276 byte (256 bytes of payload)
[LM/Checkpoint] Batched 39 events in 10764 bytes
[WASM] Tick 1400 | Integrity: OK
[LM/Checkpoint] Batched 1 events in 124 bytes
[LM/Checkpoint] Batched 1 events in 124 bytes
[LM/Checkpoint] SAMPLE: Sent membrane event of size 276 byte (256 bytes of payload)
[LM/Checkpoint] Batched 37 events in 10212 bytes
[LM/Checkpoint] Batched 1 events in 124 bytes
[WASM] Tick 1600 | Integrity: OK
[LM/Checkpoint] Batched 75 events in 20700 bytes
[LM/Checkpoint] SAMPLE: Sent membrane event of size 276 byte (256 bytes of payload)
[LM/Checkpoint] Batched 3 events in 828 bytes
[LM/Checkpoint] Batched 75 events in 20700 bytes
[LM/Checkpoint] Batched 45 events in 12420 bytes
[LM/Checkpoint] SAMPLE: Sent membrane event of size 124 byte (104 bytes of payload)
[LM/Checkpoint] Batched 75 events in 20700 bytes
[WASM] Tick 1800 | Integrity: OK
[LM/Checkpoint] Converged naturally! Lag: 249 events (4103.263916 ms).
[LM/Checkpoint] Migration client completed its tasks
[LM/Checkpoint] Transmitted 74409 membrane events
[LM/Checkpoint] Migration completed in 6524.123779 ms
[LM/Checkpoint] Live migration completed at 1785703529607.175537 ms.
[LM/Checkpoint] Closing migration connections...
[LM/Checkpoint] Closed all migration connections!
