[LM] Starting migration server on port 8010 in background...
[LM] Migration server started (1785702776020.959961 ms).
[LM] Server waiting for connection on port 8010...
[WASM] Config: 256 MB | 64.00 MB/s | 7000 Syscalls/s (Type: 2, Modifying: 256 bytes)
[WASM] Initializing physical memory backing...
[WASM] Entering execution loop (using bypass)...
[WASM] Tick 200 | Integrity: OK
[WASM] Tick 400 | Integrity: OK
[WASM] Tick 600 | Integrity: OK
[WASM] Tick 800 | Integrity: OK
[LM] Client connected. Migration is initiated (1785702782230.268555 ms)...
[LM/Checkpoint] Server waiting for membrane connection on port 8011...
[LM/Checkpoint] Membrane channel connected on port 8011
[LM/Checkpoint] Sync all to frame at opcode=10 (next=41)
CHECK: frame 0x5555c7468320, frame->ip 65
[LM/Checkpoint] Memory snapshot captured after 3.173828 ms
[LM/Checkpoint] Phase 1.1: Sending state metadata...
[LM/Checkpoint] Memory metadata transmitted after 0.032227 ms
[LM/Checkpoint] Phase 1.2: Sending initial bulk memory (256 MB)...
[LM/Checkpoint] Main interpreter thread halted for 0.044000 ms
[WASM] Tick 1000 | Integrity: OK
[LM/Checkpoint] Batched 1 events in 124 bytes
[LM/Checkpoint] Batched 1 events in 124 bytes
[LM/Checkpoint] Batched 1 events in 124 bytes
[LM/Checkpoint] Batched 4 events in 1104 bytes
[WASM] Tick 1200 | Integrity: OK
[LM/Checkpoint] Batched 1 events in 124 bytes
[LM/Checkpoint] Batched 1 events in 124 bytes
[LM/Checkpoint] SAMPLE: Sent membrane event of size 276 byte (256 bytes of payload)
[LM/Checkpoint] Batched 35 events in 9660 bytes
[LM/Checkpoint] Linear memory transmitted after 2342.498535 ms
[LM/Checkpoint] Wrote stack and shadow stack frames to stream (frame count: 7, frame offset: 1464)
[LM/Checkpoint] Frames transmitted after 0.019287 ms
[LM/Checkpoint] Capturing the UDP state took 0.003000 ms (fd: 0, port: 0)
[LM/Checkpoint] Initial full linear memory handover duration 682.820000 ms
[LM/Checkpoint] Flushing 0 bytes of buffered membrane events...
[LM/Checkpoint] Received 0xEOF_RECONSTRUCT, halting execution for final handover (1785702784615.761475 ms)...
[LM/Checkpoint] Migration server completed its tasks
[LM/Checkpoint] Initial membrane chunk transmitted after 32.549316 ms
[LM/Checkpoint] Trying to converge membrane replay log...
[LM/Checkpoint] Batched 35 events in 9660 bytes
[LM/Checkpoint] Batched 7 events in 1932 bytes
[WASM] Tick 1400 | Integrity: OK
[LM/Checkpoint] Batched 1 events in 124 bytes
[LM/Checkpoint] Batched 1 events in 124 bytes
[LM/Checkpoint] Converged naturally! Lag: 249 events (1004.304688 ms).
[LM/Checkpoint] Migration client completed its tasks
[LM/Checkpoint] Transmitted 18399 membrane events
[LM/Checkpoint] Migration completed in 3393.104492 ms
[LM/Checkpoint] Live migration completed at 1785702785637.879639 ms.
[LM/Checkpoint] Closing migration connections...
[LM/Checkpoint] Closed all migration connections!
