[LM] Starting migration server on port 8010 in background...
[LM] Server waiting for connection on port 8010...
[WASM] Config: 256 MB | 64.00 MB/s | 17000 Syscalls/s (Type: 2, Modifying: 256 bytes)
[WASM] Initializing physical memory backing...
[WASM] Entering execution loop (using bypass)...
[WASM] Tick 200 | Integrity: OK
[WASM] Tick 400 | Integrity: OK
[WASM] Tick 600 | Integrity: OK
[WASM] Tick 800 | Integrity: OK
[LM] Client connected. Migration is initiated (1785770848279.966553 ms)...
[LM] Phase 1: Sending initial bulk memory (256 MB)...
[WASM] Tick 1000 | Integrity: OK
[WASM] Tick 1200 | Integrity: OK
[LM] Initial pre-copy of bulk memory completed. Took 2319.354004 ms
[LM] Phase 1.5: Starting incremental pre-copy...
[WASM] Tick 1400 | Integrity: OK
[LM] Number of dirty cards transmitted: 230038
[LM] Pre-copy Iteration 1: Sent 117779456 bytes.
[LM] Number of dirty cards transmitted: 100934
[LM] Pre-copy Iteration 2: Sent 51678208 bytes.
[LM] Number of dirty cards transmitted: 45600
[LM] Pre-copy Iteration 3: Sent 23347200 bytes.
[WASM] Tick 1600 | Integrity: OK
[LM] Number of dirty cards transmitted: 19929
[LM] Pre-copy Iteration 4: Sent 10203648 bytes.
[LM] Pre-copy threshold reached. Moving to final handover.
[LM] Incremental pre-copy completed. Took 1746.554199 ms
[LM] Bulk + Precopy duration 1544.809000 ms
[LM] Received 0xEOF_RECONSTRUCT, halting execution for final handover...
[LM/Checkpoint] Migration triggered! Dumping state...
[LM/Checkpoint] State synced to frame structures.
[LM] Phase 2: Sending final dirty pages and context...
[LM] Number of dirty cards transmitted: 11016
[LM] Send final dirty pages took 21.950000 ms
[LM] Checkpoint dirty state took 0.087000 ms
[LM/Checkpoint] Live migration completed at 1785770852403.091309 ms. Migration took 4123.125000 ms
[LM/Checkpoint] Took 22.174000 ms to checkpoint application
