[LM] Starting migration server on port 8010 in background...
[LM] Server waiting for connection on port 8010...
[WASM] Config: 256 MB | 64.00 MB/s | 13000 Syscalls/s (Type: 2, Modifying: 256 bytes)
[WASM] Initializing physical memory backing...
[WASM] Entering execution loop (using bypass)...
[WASM] Tick 200 | Integrity: OK
[WASM] Tick 400 | Integrity: OK
[WASM] Tick 600 | Integrity: OK
[WASM] Tick 800 | Integrity: OK
[WASM] Tick 1000 | Integrity: OK
[LM] Client connected. Migration is initiated (1785703367113.258301 ms)...
[LM] Phase 1: Sending initial bulk memory (256 MB)...
[WASM] Tick 1200 | Integrity: OK
[LM] Initial pre-copy of bulk memory completed. Took 2307.838379 ms
[LM] Phase 1.5: Starting incremental pre-copy...
[WASM] Tick 1400 | Integrity: OK
[LM] Number of dirty cards transmitted: 230694
[LM] Pre-copy Iteration 1: Sent 118115328 bytes.
[WASM] Tick 1600 | Integrity: OK
[LM] Number of dirty cards transmitted: 111419
[LM] Pre-copy Iteration 2: Sent 57046528 bytes.
[LM] Number of dirty cards transmitted: 52304
[LM] Pre-copy Iteration 3: Sent 26779648 bytes.
[LM] Number of dirty cards transmitted: 23599
[LM] Pre-copy Iteration 4: Sent 12082688 bytes.
[LM] Number of dirty cards transmitted: 11803
[LM] Pre-copy Iteration 5: Sent 6043136 bytes.
[LM] Pre-copy threshold reached. Moving to final handover.
[LM] Incremental pre-copy completed. Took 1918.818359 ms
[LM] Bulk + Precopy duration 1536.443000 ms
[LM] Received 0xEOF_RECONSTRUCT, halting execution for final handover...
[LM/Checkpoint] Migration triggered! Dumping state...
[LM/Checkpoint] State synced to frame structures.
[LM] Phase 2: Sending final dirty pages and context...
[LM] Number of dirty cards transmitted: 8525
[LM] Send final dirty pages took 39.473000 ms
[LM] Checkpoint dirty state took 0.214000 ms
[LM/Checkpoint] Live migration completed at 1785703371414.906494 ms. Migration took 4301.648193 ms
[LM/Checkpoint] Took 40.089000 ms to checkpoint application
