[LM] Starting migration server on port 8010 in background...
[LM] Server waiting for connection on port 8010...
[WASM] Config: 256 MB | 64.00 MB/s | 3000 Syscalls/s (Type: 2, Modifying: 256 bytes)
[WASM] Initializing physical memory backing...
[WASM] Entering execution loop (using bypass)...
[WASM] Tick 200 | Integrity: OK
[WASM] Tick 400 | Integrity: OK
[WASM] Tick 600 | Integrity: OK
[WASM] Tick 800 | Integrity: OK
[LM] Client connected. Migration is initiated (1785702473259.867676 ms)...
[LM] Phase 1: Sending initial bulk memory (256 MB)...
[WASM] Tick 1000 | Integrity: OK
[WASM] Tick 1200 | Integrity: OK
[LM] Initial pre-copy of bulk memory completed. Took 2315.953613 ms
[LM] Phase 1.5: Starting incremental pre-copy...
[LM] Number of dirty cards transmitted: 234626
[LM] Pre-copy Iteration 1: Sent 120128512 bytes.
[WASM] Tick 1400 | Integrity: OK
[LM] Number of dirty cards transmitted: 114693
[LM] Pre-copy Iteration 2: Sent 58722816 bytes.
[LM] Number of dirty cards transmitted: 54402
[LM] Pre-copy Iteration 3: Sent 27853824 bytes.
[LM] Number of dirty cards transmitted: 26221
[LM] Pre-copy Iteration 4: Sent 13425152 bytes.
[LM] Number of dirty cards transmitted: 11802
[LM] Pre-copy Iteration 5: Sent 6042624 bytes.
[LM] Pre-copy threshold reached. Moving to final handover.
[LM] Incremental pre-copy completed. Took 1970.520508 ms
[LM] Bulk + Precopy duration 1530.877000 ms
[LM] Received 0xEOF_RECONSTRUCT, halting execution for final handover...
[LM/Checkpoint] Migration triggered! Dumping state...
[LM/Checkpoint] State synced to frame structures.
[LM] Phase 2: Sending final dirty pages and context...
[LM] Number of dirty cards transmitted: 9181
[LM] Send final dirty pages took 12.812000 ms
[LM] Checkpoint dirty state took 0.092000 ms
[LM/Checkpoint] Live migration completed at 1785702477606.253174 ms. Migration took 4346.385498 ms
[LM/Checkpoint] Took 13.033000 ms to checkpoint application
