[LM] Starting migration server on port 8010 in background...
[LM] Server waiting for connection on port 8010...
[WASM] Config: 256 MB | 64.00 MB/s | 22000 Syscalls/s (Type: 2, Modifying: 256 bytes)
[WASM] Initializing physical memory backing...
[WASM] Entering execution loop (using bypass)...
[WASM] Tick 200 | Integrity: OK
[WASM] Tick 400 | Integrity: OK
[WASM] Tick 600 | Integrity: OK
[LM] Client connected. Migration is initiated (1785771381731.013184 ms)...
[LM] Phase 1: Sending initial bulk memory (256 MB)...
[WASM] Tick 800 | Integrity: OK
[WASM] Tick 1000 | Integrity: OK
[LM] Initial pre-copy of bulk memory completed. Took 2303.081055 ms
[LM] Phase 1.5: Starting incremental pre-copy...
[LM] Number of dirty cards transmitted: 226877
[LM] Pre-copy Iteration 1: Sent 116161024 bytes.
[WASM] Tick 1200 | Integrity: OK
[LM] Number of dirty cards transmitted: 99710
[LM] Pre-copy Iteration 2: Sent 51051520 bytes.
[LM] Number of dirty cards transmitted: 45158
[LM] Pre-copy Iteration 3: Sent 23120896 bytes.
[LM] Number of dirty cards transmitted: 19165
[LM] Pre-copy Iteration 4: Sent 9812480 bytes.
[LM] Pre-copy threshold reached. Moving to final handover.
[LM] Incremental pre-copy completed. Took 1730.778809 ms
[LM] Bulk + Precopy duration 1584.834000 ms
[LM] Received 0xEOF_RECONSTRUCT, halting execution for final handover...
[LM/Checkpoint] Migration triggered! Dumping state...
[LM/Checkpoint] State synced to frame structures.
[LM] Phase 2: Sending final dirty pages and context...
[LM] Number of dirty cards transmitted: 11576
[LM] Send final dirty pages took 43.348000 ms
[LM] Checkpoint dirty state took 0.107000 ms
[LM/Checkpoint] Live migration completed at 1785771385836.123291 ms. Migration took 4105.110352 ms
[LM/Checkpoint] Took 43.719000 ms to checkpoint application
