[LM] Connecting to migration server 192.168.10.11:8010...
[LM/Restore] Connected to migration server 192.168.10.11:8010
[LM/Restore] Membrane channel connected to 192.168.10.11:8011
[LM/Restore] State metadata loaded
[LM/Restore] Had to enlarge linear memory for migration
[LM/Restore] Linear memory loaded
[LM/Restore] Stack and shadow stack metadata loaded (frame count: 4, frame offset: 548)
[LM/Restore] State restored
[LM/Restore] Initial state has been reconstructed (1785703150725.783447 ms).
[LM/Restore] Enter membrane replay mode (1785703150725.812744 ms)...
[LM/Checkpoint] Migration server completed its tasks (1785703150733.059570 ms)
[LM/Checkpoint] Migration client completed its tasks (1785703150733.069580 ms)
[LM/Restore] State restoration complete (1785703150733.086670 ms).
[LM] Starting migration server on port 8010 in background...
[LM] Migration server started (1785703150733.159180 ms).
[LM/Restore] Re-entering interpreter loop...
[LM/Resume] exec_env=0x55568341b0b0 cur_frame=0x55568341ff8c module_inst=0x555683419990 function=0x555683419f40 prev_frame=0x55568341fe6c ip=0x7fffb2a5c668 (offset=788, is_import=0) 1785703150733.169189 ms
[LM/Resume] New function array base=0x555683419cd0 count=93
[LM/Resume] Took 0.007000 ms to restore application
[LM/Resume] Resuming bytecode function (1785703150733.177002)
[LM] Server waiting for connection on port 8010...
[LM/Restore] Closed side sock fd 5
[LM/Restore] Read 37579 membrane events
[LM/Restore] Live migration restored at 1785703152809.220459 ms
[WASM] Tick 1600 | Integrity: OK
[WASM] Tick 1800 | Integrity: OK
[WASM] Tick 2000 | Integrity: OK
[WASM] Tick 2200 | Integrity: OK
[WASM] Tick 2400 | Integrity: OK
[WASM] Tick 2600 | Integrity: OK
[WASM] Tick 2800 | Integrity: OK
[WASM] Tick 3000 | Integrity: OK
[WASM] Tick 3200 | Integrity: OK
[WASM] Tick 3400 | Integrity: OK
[WASM] Tick 3600 | Integrity: OK
[WASM] Tick 3800 | Integrity: OK
