[LM] Connecting to migration server 192.168.10.11:8010...
[LM/Restore] Connected to migration server 192.168.10.11:8010
[LM/Restore] State metadata loaded
[LM/Restore] Had to enlarge linear memory for migration
[LM/Restore] Linear memory loaded
[LM/Restore] Stack and shadow stack metadata loaded (frame count: 4, frame offset: 548)
[LM/Restore] State restored
[LM/Restore] Initial state has been reconstructed (1785702357260.173340 ms).
[LM/Checkpoint] Migration server completed its tasks (1785702357267.612549 ms)
[LM/Checkpoint] Migration client completed its tasks (1785702357267.621826 ms)
[LM/Restore] State restoration complete (1785702357267.639404 ms).
[LM] Starting migration server on port 8010 in background...
[LM] Migration server started (1785702357267.725830 ms).
[LM/Restore] Re-entering interpreter loop...
[LM/Resume] exec_env=0x5555a890f0b0 cur_frame=0x5555a8913f8c module_inst=0x5555a890d990 function=0x5555a890df40 prev_frame=0x5555a8913e6c ip=0x7ffedb8fc65f (offset=779, is_import=0) 1785702357267.736816 ms
[LM/Resume] New function array base=0x5555a890dcd0 count=93
[LM/Resume] Took 0.006000 ms to restore application
[LM/Resume] Resuming bytecode function (1785702357267.743652)
[LM] Server waiting for connection on port 8010...
[WASM] Tick 800 | Integrity: OK
[WASM] Tick 1000 | Integrity: OK
[WASM] Tick 1200 | Integrity: OK
