[LM] Connecting to migration server 192.168.10.11:8010...
[LM Client] Receiving pre-copy chunk...
[LM Client] Receiving pre-copy chunk...
[LM Client] Receiving pre-copy chunk...
[LM Client] Receiving pre-copy chunk...
[LM Client] Pre-copy complete. Proceeding to final handover.
Frame - IP: 14, function_index: 33, func: 0x5555d2d1a300
  frame->ip: 0x7fff2d6cec40
END

Frame - IP: 317, function_index: 22, func: 0x5555d2d1a0f0
  frame->ip: 0x7fff2d6cea37
END

Frame - IP: 75, function_index: 23, func: 0x5555d2d1a120
  frame->ip: 0x7fff2d6ceaa4
END

Frame - IP: 1221, function_index: 13, func: 0x5555d2d19f40
  frame->ip: 0x7fff2d6cc819
END

Frame - IP: 114, function_index: 25, func: 0x5555d2d1a180
  frame->ip: 0x7fff2d6ceb4a
END

Frame - IP: 52, function_index: 12, func: 0x5555d2d19f10
  frame->ip: 0x7fff2d6cc329
END

[LM Client] Migration successfully completed.
[LM] State received and restored.
[LM] Starting migration server on port 8010 in background...
[LM] Re-entering interpreter loop...
[LM/Resume] exec_env=0x5555d2d1b0b0 cur_frame=0x5555d2d1c300 module_inst=0x5555d2d19990 function=0x5555d2d1a300 prev_frame=0x5555d2d1c1f4 ip=0x7fff2d6cec40 (offset=14)
[LM/Resume] new function array base=0x5555d2d19cd0 count=93
[LM/Resume] Took 0.007000 ms to restore application
[LM/Restore] Live migration restored at 1785771924528.851074 ms
[LM] Server waiting for connection on port 8010...
[WASM] Tick 1600 | Integrity: OK
[WASM] Tick 1800 | Integrity: OK
[WASM] Tick 2000 | Integrity: OK
