[LM] Connecting to migration server 192.168.10.11:8010...
[LM/Restore] Connected to migration server 192.168.10.11:8010
[LM/Restore] Membrane channel connected to 192.168.10.11:8011
[LM/Restore] State metadata loaded
[LM/Restore] Had to enlarge linear memory for migration
[LM/Restore] Linear memory loaded
[LM/Restore] Stack and shadow stack metadata loaded (frame count: 7, frame offset: 1464)
[LM/Restore] State restored
[LM/Restore] Initial state has been reconstructed (1785702375424.369385 ms).
[LM/Restore] Enter membrane replay mode (1785702375424.393799 ms)...
[LM/Checkpoint] Migration server completed its tasks (1785702375431.982666 ms)
[LM/Checkpoint] Migration client completed its tasks (1785702375431.993164 ms)
[LM/Restore] State restoration complete (1785702375432.011719 ms).
[LM] Starting migration server on port 8010 in background...
[LM] Migration server started (1785702375432.084229 ms).
[LM/Restore] Re-entering interpreter loop...
[LM/Resume] exec_env=0x55564fb1b0b0 cur_frame=0x55564fb20320 module_inst=0x55564fb19990 function=0x55564fb1a300 prev_frame=0x55564fb20214 ip=0x7fff2162ec40 (offset=14, is_import=0) 1785702375432.093262 ms
[LM/Resume] New function array base=0x55564fb19cd0 count=93
[LM/Resume] Took 0.006000 ms to restore application
[LM/Resume] Resuming bytecode function (1785702375432.100586)
[LM] Server waiting for connection on port 8010...
