[LM] Connecting to migration server 192.168.10.11:8010...
[LM/Restore] Connected to migration server 192.168.10.11:8010
[LM/Restore] Membrane channel connected to 192.168.10.11:8011
[LM/Restore] State metadata loaded
[LM/Restore] Had to enlarge linear memory for migration
[LM/Restore] Linear memory loaded
[LM/Restore] Stack and shadow stack metadata loaded (frame count: 7, frame offset: 1464)
[LM/Restore] State restored
[LM/Restore] Initial state has been reconstructed (1785702455200.383545 ms).
[LM/Restore] Enter membrane replay mode (1785702455200.406494 ms)...
[LM/Checkpoint] Migration server completed its tasks (1785702455207.545654 ms)
[LM/Checkpoint] Migration client completed its tasks (1785702455207.554932 ms)
[LM/Restore] State restoration complete (1785702455207.572998 ms).
[LM] Starting migration server on port 8010 in background...
[LM] Migration server started (1785702455207.649902 ms).
[LM/Restore] Re-entering interpreter loop...
[LM/Resume] exec_env=0x55558e88b0b0 cur_frame=0x55558e890320 module_inst=0x55558e889990 function=0x55558e88a300 prev_frame=0x55558e890214 ip=0x7ffef653ec40 (offset=14, is_import=0) 1785702455207.660645 ms
[LM/Resume] New function array base=0x55558e889cd0 count=93
[LM/Resume] Took 0.007000 ms to restore application
[LM/Resume] Resuming bytecode function (1785702455207.668213)
[LM] Server waiting for connection on port 8010...
