[LM] Connecting to migration server 192.168.10.11:8010...
[LM/PostCopy] Connected to migration server 192.168.10.11:8010
[LM/Restore] Had to enlarge linear memory for migration
[LM/Restore] State metadata loaded
[LM/Restore] Stack and shadow stack metadata loaded (frame count: 4, frame offset: 548)
[LM/Restore] State restored
[LM/PostCopy] Initial state reconstructed in 19.894043 ms.
[LM/PostCopy] Restored active UDP port 0.
[LM/PostCopy] Handoff complete. Resuming execution locally!
[LM/Restore] State restoration complete (1785702921138.501953 ms).
[LM] Starting migration server on port 8010 in background...
[LM] Migration server started (1785702921138.550049 ms).
[LM/Restore] Re-entering interpreter loop...
[LM/Resume] exec_env=0x55564f7cf0b0 cur_frame=0x55564f7d3f8c module_inst=0x55564f7cd990 function=0x55564f7cdf40 prev_frame=0x55564f7d3e6c ip=0x7fff191bc6b4 (offset=864, is_import=0) 1785702921138.559082 ms
[LM/Resume] New function array base=0x55564f7cdcd0 count=93
[LM/Resume] Took 0.007000 ms to restore application
[LM/Resume] Resuming bytecode function (1785702921138.566162)
[LM/Checkpoint] Server waiting for connection on port 8010...
[WASM] Tick 1000 | Integrity: OK
[WASM] Tick 1200 | Integrity: OK
