[LM] Connecting to migration server 192.168.10.11:8010...
[LM/Restore] Connected to migration server 192.168.10.11:8010
[LM/Restore] Membrane channel connected to 192.168.10.11:8011
[LM/Restore] State metadata loaded
[LM/Restore] Had to enlarge linear memory for migration
[LM/Restore] Linear memory loaded
[LM/Restore] Stack and shadow stack metadata loaded (frame count: 4, frame offset: 548)
[LM/Restore] State restored
[LM/Restore] Initial state has been reconstructed (1785703429293.776855 ms).
[LM/Restore] Enter membrane replay mode (1785703429293.799561 ms)...
[LM/Checkpoint] Migration server completed its tasks (1785703429300.792725 ms)
[LM/Checkpoint] Migration client completed its tasks (1785703429300.802490 ms)
[LM/Restore] State restoration complete (1785703429300.819580 ms).
[LM] Starting migration server on port 8010 in background...
[LM] Migration server started (1785703429300.888672 ms).
[LM/Restore] Re-entering interpreter loop...
[LM/Resume] exec_env=0x5555888d30b0 cur_frame=0x5555888d7f8c module_inst=0x5555888d1990 function=0x5555888d1f40 prev_frame=0x5555888d7e6c ip=0x7ffef970c690 (offset=828, is_import=0) 1785703429300.898193 ms
[LM/Resume] New function array base=0x5555888d1cd0 count=93
[LM/Resume] Took 0.007000 ms to restore application
[LM/Resume] Resuming bytecode function (1785703429300.905029)
[LM] Server waiting for connection on port 8010...
[LM/Restore] Closed side sock fd 5
[LM/Restore] Read 62342 membrane events
[LM/Restore] Live migration restored at 1785703432757.233154 ms
[WASM] Tick 1800 | Integrity: OK
[WASM] Tick 2000 | Integrity: OK
[WASM] Tick 2200 | Integrity: OK
[WASM] Tick 2400 | Integrity: OK
[WASM] Tick 2600 | Integrity: OK
[WASM] Tick 2800 | Integrity: OK
[WASM] Tick 3000 | Integrity: OK
[WASM] Tick 3200 | Integrity: OK
[WASM] Tick 3400 | Integrity: OK
[WASM] Tick 3600 | Integrity: OK
[WASM] Tick 3800 | Integrity: OK
[WASM] Tick 4000 | Integrity: OK
[WASM] Tick 4200 | Integrity: OK
[WASM] Tick 4400 | Integrity: OK
