[LM] Connecting to migration server 192.168.10.11:8010...
[LM/PostCopy] Connected to migration server 192.168.10.11:8010
[LM/Restore] Had to enlarge linear memory for migration
[LM/Restore] State metadata loaded
[LM/Restore] Stack and shadow stack metadata loaded (frame count: 4, frame offset: 548)
[LM/Restore] State restored
[LM/PostCopy] Initial state reconstructed in 14.261475 ms.
[LM/PostCopy] Restored active UDP port 0.
[LM/PostCopy] Handoff complete. Resuming execution locally!
[LM/Restore] State restoration complete (1785771516419.596191 ms).
[LM] Starting migration server on port 8010 in background...
[LM] Migration server started (1785771516419.644287 ms).
[LM/Restore] Re-entering interpreter loop...
[LM/Resume] exec_env=0x555615b930b0 cur_frame=0x555615b97f8c module_inst=0x555615b91990 function=0x555615b91f40 prev_frame=0x555615b97e6c ip=0x7fffa92ec663 (offset=783, is_import=0) 1785771516419.654053 ms
[LM/Resume] New function array base=0x555615b91cd0 count=93
[LM/Resume] Took 0.007000 ms to restore application
[LM/Resume] Resuming bytecode function (1785771516419.660889)
[LM/Checkpoint] Server waiting for connection on port 8010...
[WASM] Tick 800 | Integrity: OK
[WASM] Tick 1000 | Integrity: OK
