[LM] Connecting to migration server 192.168.10.11:8010...
[LM/Restore] Connected to migration server 192.168.10.11:8010
[LM/Restore] Membrane channel connected to 192.168.10.11:8011
[LM/Restore] State metadata loaded
[LM/Restore] Had to enlarge linear memory for migration
[LM/Restore] Linear memory loaded
[LM/Restore] Stack and shadow stack metadata loaded (frame count: 7, frame offset: 1464)
[LM/Restore] State restored
[LM/Restore] Initial state has been reconstructed (1785702299758.428223 ms).
[LM/Restore] Enter membrane replay mode (1785702299758.454590 ms)...
[LM/Checkpoint] Migration server completed its tasks (1785702299765.528809 ms)
[LM/Checkpoint] Migration client completed its tasks (1785702299765.537109 ms)
[LM/Restore] State restoration complete (1785702299765.554443 ms).
[LM] Starting migration server on port 8010 in background...
[LM] Migration server started (1785702299765.631592 ms).
[LM/Restore] Re-entering interpreter loop...
[LM/Resume] exec_env=0x55561ccaf0b0 cur_frame=0x55561ccb4320 module_inst=0x55561ccad990 function=0x55561ccae300 prev_frame=0x55561ccb4214 ip=0x7fff979eec40 (offset=14, is_import=0) 1785702299765.640381 ms
[LM/Resume] New function array base=0x55561ccadcd0 count=93
[LM/Resume] Took 0.006000 ms to restore application
[LM/Resume] Resuming bytecode function (1785702299765.647705)
[LM] Server waiting for connection on port 8010...
