[LM] Connecting to migration server 192.168.10.11:8010...
[LM/Restore] Connected to migration server 192.168.10.11:8010
[LM/Restore] State metadata loaded
[LM/Restore] Had to enlarge linear memory for migration
[LM/Restore] Linear memory loaded
[LM/Restore] Stack and shadow stack metadata loaded (frame count: 4, frame offset: 548)
[LM/Restore] State restored
[LM/Restore] Initial state has been reconstructed (1785771429056.166504 ms).
[LM/Checkpoint] Migration server completed its tasks (1785771429063.616455 ms)
[LM/Checkpoint] Migration client completed its tasks (1785771429063.627441 ms)
[LM/Restore] State restoration complete (1785771429063.646484 ms).
[LM] Starting migration server on port 8010 in background...
[LM] Migration server started (1785771429063.727295 ms).
[LM/Restore] Re-entering interpreter loop...
[LM/Resume] exec_env=0x5555de8530b0 cur_frame=0x5555de857f8c module_inst=0x5555de851990 function=0x5555de851f40 prev_frame=0x5555de857e6c ip=0x7fff5aeac772 (offset=1054, is_import=0) 1785771429063.737793 ms
[LM/Resume] New function array base=0x5555de851cd0 count=93
[LM/Resume] Took 0.006000 ms to restore application
[LM/Resume] Resuming bytecode function (1785771429063.744385)
[LM] Server waiting for connection on port 8010...
[WASM] Tick 1000 | Integrity: OK
[WASM] Tick 1200 | Integrity: OK
[WASM] Tick 1400 | Integrity: OK
[WASM] Tick 1600 | Integrity: OK
[WASM] Tick 1800 | Integrity: OK
