[LM] Connecting to migration server 192.168.10.11:8010...
[LM/Restore] Connected to migration server 192.168.10.11:8010
[LM/Restore] State metadata loaded
[LM/Restore] Had to enlarge linear memory for migration
[LM/Restore] Linear memory loaded
[LM/Restore] Stack and shadow stack metadata loaded (frame count: 4, frame offset: 548)
[LM/Restore] State restored
[LM/Restore] Initial state has been reconstructed (1785702512079.699219 ms).
[LM/Checkpoint] Migration server completed its tasks (1785702512086.905518 ms)
[LM/Checkpoint] Migration client completed its tasks (1785702512086.916016 ms)
[LM/Restore] State restoration complete (1785702512086.934570 ms).
[LM] Starting migration server on port 8010 in background...
[LM] Migration server started (1785702512087.017334 ms).
[LM/Restore] Re-entering interpreter loop...
[LM/Resume] exec_env=0x55562287f0b0 cur_frame=0x555622883f8c module_inst=0x55562287d990 function=0x55562287df40 prev_frame=0x555622883e6c ip=0x7fff74c8c6b9 (offset=869, is_import=0) 1785702512087.028076 ms
[LM/Resume] New function array base=0x55562287dcd0 count=93
[LM/Resume] Took 0.007000 ms to restore application
[LM/Resume] Resuming bytecode function (1785702512087.035400)
[LM] Server waiting for connection on port 8010...
[WASM] Tick 800 | Integrity: OK
[WASM] Tick 1000 | Integrity: OK
[WASM] Tick 1200 | Integrity: OK
