[LM] Connecting to migration server 192.168.10.11:8010...
[LM Client] Receiving pre-copy chunk...
[LM Client] Receiving pre-copy chunk...
[LM Client] Receiving pre-copy chunk...
[LM Client] Receiving pre-copy chunk...
[LM Client] Receiving pre-copy chunk...
[LM Client] Pre-copy complete. Proceeding to final handover.
Frame - IP: 14, function_index: 33, func: 0x55560ac62300
  frame->ip: 0x7fff4660ec40
END

Frame - IP: 317, function_index: 22, func: 0x55560ac620f0
  frame->ip: 0x7fff4660ea37
END

Frame - IP: 75, function_index: 23, func: 0x55560ac62120
  frame->ip: 0x7fff4660eaa4
END

Frame - IP: 1221, function_index: 13, func: 0x55560ac61f40
  frame->ip: 0x7fff4660c819
END

Frame - IP: 114, function_index: 25, func: 0x55560ac62180
  frame->ip: 0x7fff4660eb4a
END

Frame - IP: 52, function_index: 12, func: 0x55560ac61f10
  frame->ip: 0x7fff4660c329
END

[LM Client] Migration successfully completed.
[LM] State received and restored.
[LM] Starting migration server on port 8010 in background...
[LM] Re-entering interpreter loop...
[LM/Resume] exec_env=0x55560ac630b0 cur_frame=0x55560ac64300 module_inst=0x55560ac61990 function=0x55560ac62300 prev_frame=0x55560ac641f4 ip=0x7fff4660ec40 (offset=14)
[LM/Resume] new function array base=0x55560ac61cd0 count=93
[LM/Resume] Took 0.006000 ms to restore application
[LM/Restore] Live migration restored at 1785702477630.907227 ms
[LM] Server waiting for connection on port 8010...
[WASM] Tick 1600 | Integrity: OK
[WASM] Tick 1800 | Integrity: OK
[WASM] Tick 2000 | Integrity: OK
