[LM] Connecting to migration server 192.168.10.11:8010...
[LM/Restore] Connected to migration server 192.168.10.11:8010
[LM/Restore] Membrane channel connected to 192.168.10.11:8011
[LM/Restore] State metadata loaded
[LM/Restore] Had to enlarge linear memory for migration
[LM/Restore] Linear memory loaded
[LM/Restore] Stack and shadow stack metadata loaded (frame count: 7, frame offset: 1464)
[LM/Restore] State restored
[LM/Restore] Initial state has been reconstructed (1785703241511.214600 ms).
[LM/Restore] Enter membrane replay mode (1785703241511.238281 ms)...
[LM/Checkpoint] Migration server completed its tasks (1785703241518.265137 ms)
[LM/Checkpoint] Migration client completed its tasks (1785703241518.274658 ms)
[LM/Restore] State restoration complete (1785703241518.290771 ms).
[LM] Starting migration server on port 8010 in background...
[LM] Migration server started (1785703241518.358154 ms).
[LM/Restore] Re-entering interpreter loop...
[LM/Resume] exec_env=0x555588aff0b0 cur_frame=0x555588b04320 module_inst=0x555588afd990 function=0x555588afe300 prev_frame=0x555588b04214 ip=0x7fffb3a3ec40 (offset=14, is_import=0) 1785703241518.367676 ms
[LM/Resume] New function array base=0x555588afdcd0 count=93
[LM/Resume] Took 0.008000 ms to restore application
[LM/Resume] Resuming bytecode function (1785703241518.375488)
[LM] Server waiting for connection on port 8010...
[LM/Restore] Closed side sock fd 5
[LM/Restore] Read 44960 membrane events
[LM/Restore] Live migration restored at 1785703244012.068604 ms
[WASM] Tick 1600 | Integrity: OK
[WASM] Tick 1800 | Integrity: OK
[WASM] Tick 2000 | Integrity: OK
[WASM] Tick 2200 | Integrity: OK
[WASM] Tick 2400 | Integrity: OK
[WASM] Tick 2600 | Integrity: OK
[WASM] Tick 2800 | Integrity: OK
[WASM] Tick 3000 | Integrity: OK
[WASM] Tick 3200 | Integrity: OK
[WASM] Tick 3400 | Integrity: OK
[WASM] Tick 3600 | Integrity: OK
[WASM] Tick 3800 | Integrity: OK
[WASM] Tick 4000 | Integrity: OK
