[LM] Connecting to migration server 192.168.10.11:8010...
[LM/Restore] Connected to migration server 192.168.10.11:8010
[LM/Restore] Membrane channel connected to 192.168.10.11:8011
[LM/Restore] State metadata loaded
[LM/Restore] Had to enlarge linear memory for migration
[LM/Restore] Linear memory loaded
[LM/Restore] Stack and shadow stack metadata loaded (frame count: 7, frame offset: 1464)
[LM/Restore] State restored
[LM/Restore] Initial state has been reconstructed (1785771225470.562988 ms).
[LM/Restore] Enter membrane replay mode (1785771225470.586426 ms)...
[LM/Checkpoint] Migration server completed its tasks (1785771225478.031738 ms)
[LM/Checkpoint] Migration client completed its tasks (1785771225478.040039 ms)
[LM/Restore] State restoration complete (1785771225478.057373 ms).
[LM] Starting migration server on port 8010 in background...
[LM] Migration server started (1785771225478.130371 ms).
[LM/Restore] Re-entering interpreter loop...
[LM/Resume] exec_env=0x5555f22530b0 cur_frame=0x5555f2258320 module_inst=0x5555f2251990 function=0x5555f2252300 prev_frame=0x5555f2258214 ip=0x7fffa2c4ec40 (offset=14, is_import=0) 1785771225478.139404 ms
[LM/Resume] New function array base=0x5555f2251cd0 count=93
[LM/Resume] Took 0.007000 ms to restore application
[LM/Resume] Resuming bytecode function (1785771225478.148193)
[LM] Server waiting for connection on port 8010...
[LM/Restore] Closed side sock fd 5
[LM/Restore] Read 296284 membrane events
[LM/Restore] Live migration restored at 1785771241849.211426 ms
[WASM] Tick 3800 | Integrity: OK
[WASM] Tick 4000 | Integrity: OK
[WASM] Tick 4200 | Integrity: OK
[WASM] Tick 4400 | Integrity: OK
[WASM] Tick 4600 | Integrity: OK
[WASM] Tick 4800 | Integrity: OK
[WASM] Tick 5000 | Integrity: OK
[WASM] Tick 5200 | Integrity: OK
[WASM] Tick 5400 | Integrity: OK
[WASM] Tick 5600 | Integrity: OK
[WASM] Tick 5800 | Integrity: OK
[WASM] Tick 6000 | Integrity: OK
[WASM] Tick 6200 | Integrity: OK
[WASM] Tick 6400 | Integrity: OK
