[LM] Connecting to migration server 192.168.10.11:8010...
[LM/Restore] Connected to migration server 192.168.10.11:8010
[LM/Restore] Membrane channel connected to 192.168.10.11:8011
[LM/Restore] State metadata loaded
[LM/Restore] Had to enlarge linear memory for migration
[LM/Restore] Linear memory loaded
[LM/Restore] Stack and shadow stack metadata loaded (frame count: 7, frame offset: 1464)
[LM/Restore] State restored
[LM/Restore] Initial state has been reconstructed (1785702695500.839600 ms).
[LM/Restore] Enter membrane replay mode (1785702695500.866211 ms)...
[LM/Checkpoint] Migration server completed its tasks (1785702695508.161865 ms)
[LM/Checkpoint] Migration client completed its tasks (1785702695508.170410 ms)
[LM/Restore] State restoration complete (1785702695508.188477 ms).
[LM] Starting migration server on port 8010 in background...
[LM] Migration server started (1785702695508.261475 ms).
[LM/Restore] Re-entering interpreter loop...
[LM/Resume] exec_env=0x555638c6b0b0 cur_frame=0x555638c70320 module_inst=0x555638c69990 function=0x555638c6a300 prev_frame=0x555638c70214 ip=0x7fff39d6ec40 (offset=14, is_import=0) 1785702695508.272217 ms
[LM/Resume] New function array base=0x555638c69cd0 count=93
[LM/Resume] Took 0.007000 ms to restore application
[LM/Resume] Resuming bytecode function (1785702695508.280762)
[LM] Server waiting for connection on port 8010...
[LM/Restore] Closed side sock fd 5
[LM/Restore] Read 15191 membrane events
[LM/Restore] Live migration restored at 1785702696352.934082 ms
[WASM] Tick 1200 | Integrity: OK
[WASM] Tick 1400 | Integrity: OK
[WASM] Tick 1600 | Integrity: OK
[WASM] Tick 1800 | Integrity: OK
[WASM] Tick 2000 | Integrity: OK
[WASM] Tick 2200 | Integrity: OK
[WASM] Tick 2400 | Integrity: OK
[WASM] Tick 2600 | Integrity: OK
[WASM] Tick 2800 | Integrity: OK
