[LM] Connecting to migration server 192.168.10.11:8010...
[LM/Restore] Connected to migration server 192.168.10.11:8010
[LM/Restore] Membrane channel connected to 192.168.10.11:8011
[LM/Restore] State metadata loaded
[LM/Restore] Had to enlarge linear memory for migration
[LM/Restore] Linear memory loaded
[LM/Restore] Stack and shadow stack metadata loaded (frame count: 7, frame offset: 1464)
[LM/Restore] State restored
[LM/Restore] Initial state has been reconstructed (1785702531112.916260 ms).
[LM/Restore] Enter membrane replay mode (1785702531112.951172 ms)...
[LM/Checkpoint] Migration server completed its tasks (1785702531119.915771 ms)
[LM/Checkpoint] Migration client completed its tasks (1785702531119.927002 ms)
[LM/Restore] State restoration complete (1785702531119.946289 ms).
[LM] Starting migration server on port 8010 in background...
[LM] Migration server started (1785702531120.023193 ms).
[LM/Restore] Re-entering interpreter loop...
[LM/Resume] exec_env=0x5556654830b0 cur_frame=0x555665488320 module_inst=0x555665481990 function=0x555665482300 prev_frame=0x555665488214 ip=0x7fff6f2fec40 (offset=14, is_import=0) 1785702531120.032959 ms
[LM/Resume] New function array base=0x555665481cd0 count=93
[LM/Resume] Took 0.006000 ms to restore application
[LM/Resume] Resuming bytecode function (1785702531120.040039)
[LM] Server waiting for connection on port 8010...
