[LM] Connecting to migration server 192.168.10.11:8010...
[LM/Restore] Connected to migration server 192.168.10.11:8010
[LM/Restore] State metadata loaded
[LM/Restore] Had to enlarge linear memory for migration
[LM/Restore] Linear memory loaded
[LM/Restore] Stack and shadow stack metadata loaded (frame count: 4, frame offset: 548)
[LM/Restore] State restored
[LM/Restore] Initial state has been reconstructed (1785771720768.154297 ms).
[LM/Checkpoint] Migration server completed its tasks (1785771720775.580811 ms)
[LM/Checkpoint] Migration client completed its tasks (1785771720775.592041 ms)
[LM/Restore] State restoration complete (1785771720775.609375 ms).
[LM] Starting migration server on port 8010 in background...
[LM] Migration server started (1785771720775.692383 ms).
[LM/Restore] Re-entering interpreter loop...
[LM/Resume] exec_env=0x5555c2e370b0 cur_frame=0x5555c2e3bf8c module_inst=0x5555c2e35990 function=0x5555c2e35f40 prev_frame=0x5555c2e3be6c ip=0x7fff3c23c695 (offset=833, is_import=0) 1785771720775.704346 ms
[LM/Resume] New function array base=0x5555c2e35cd0 count=93
[LM/Resume] Took 0.007000 ms to restore application
[LM/Resume] Resuming bytecode function (1785771720775.712891)
[LM] Server waiting for connection on port 8010...
[WASM] Tick 800 | Integrity: OK
[WASM] Tick 1000 | Integrity: OK
[WASM] Tick 1200 | Integrity: OK
[WASM] Tick 1400 | Integrity: OK
