[LM] Connecting to migration server 192.168.10.11:8010...
[LM/Restore] Connected to migration server 192.168.10.11:8010
[LM/Restore] Membrane channel connected to 192.168.10.11:8011
[LM/Restore] State metadata loaded
[LM/Restore] Had to enlarge linear memory for migration
[LM/Restore] Linear memory loaded
[LM/Restore] Stack and shadow stack metadata loaded (frame count: 4, frame offset: 548)
[LM/Restore] State restored
[LM/Restore] Initial state has been reconstructed (1785770809208.706299 ms).
[LM/Restore] Enter membrane replay mode (1785770809208.731934 ms)...
[LM/Checkpoint] Migration server completed its tasks (1785770809215.885498 ms)
[LM/Checkpoint] Migration client completed its tasks (1785770809215.896484 ms)
[LM/Restore] State restoration complete (1785770809215.917236 ms).
[LM] Starting migration server on port 8010 in background...
[LM] Migration server started (1785770809215.989014 ms).
[LM/Restore] Re-entering interpreter loop...
[LM/Resume] exec_env=0x55561913b0b0 cur_frame=0x55561913ff8c module_inst=0x555619139990 function=0x555619139f40 prev_frame=0x55561913fe6c ip=0x7fff25b4c695 (offset=833, is_import=0) 1785770809216.001465 ms
[LM/Resume] New function array base=0x555619139cd0 count=93
[LM/Resume] Took 0.009000 ms to restore application
[LM/Resume] Resuming bytecode function (1785770809216.008789)
[LM] Server waiting for connection on port 8010...
[LM/Restore] Closed side sock fd 5
[LM/Restore] Read 105957 membrane events
[LM/Restore] Live migration restored at 1785770815080.403320 ms
[WASM] Tick 2200 | Integrity: OK
[WASM] Tick 2400 | Integrity: OK
[WASM] Tick 2600 | Integrity: OK
[WASM] Tick 2800 | Integrity: OK
[WASM] Tick 3000 | Integrity: OK
[WASM] Tick 3200 | Integrity: OK
[WASM] Tick 3400 | Integrity: OK
[WASM] Tick 3600 | Integrity: OK
[WASM] Tick 3800 | Integrity: OK
[WASM] Tick 4000 | Integrity: OK
[WASM] Tick 4200 | Integrity: OK
[WASM] Tick 4400 | Integrity: OK
[WASM] Tick 4600 | Integrity: OK
[WASM] Tick 4800 | Integrity: OK
[WASM] Tick 5000 | Integrity: OK
