[LM] Connecting to migration server 192.168.10.11:8010...
[LM/Restore] Connected to migration server 192.168.10.11:8010
[LM/Restore] Membrane channel connected to 192.168.10.11:8011
[LM/Restore] State metadata loaded
[LM/Restore] Had to enlarge linear memory for migration
[LM/Restore] Linear memory loaded
[LM/Restore] Stack and shadow stack metadata loaded (frame count: 7, frame offset: 1464)
[LM/Restore] State restored
[LM/Restore] Initial state has been reconstructed (1785702874616.731201 ms).
[LM/Restore] Enter membrane replay mode (1785702874616.756836 ms)...
[LM/Checkpoint] Migration server completed its tasks (1785702874623.869141 ms)
[LM/Checkpoint] Migration client completed its tasks (1785702874623.883545 ms)
[LM/Restore] State restoration complete (1785702874623.900635 ms).
[LM] Starting migration server on port 8010 in background...
[LM] Migration server started (1785702874623.965820 ms).
[LM/Restore] Re-entering interpreter loop...
[LM/Resume] exec_env=0x5555e324b0b0 cur_frame=0x5555e3250320 module_inst=0x5555e3249990 function=0x5555e324a300 prev_frame=0x5555e3250214 ip=0x7fff367aec40 (offset=14, is_import=0) 1785702874623.975586 ms
[LM/Resume] New function array base=0x5555e3249cd0 count=93
[LM/Resume] Took 0.007000 ms to restore application
[LM/Resume] Resuming bytecode function (1785702874623.982666)
[LM] Server waiting for connection on port 8010...
[LM/Restore] Closed side sock fd 5
[LM/Restore] Read 22265 membrane events
[LM/Restore] Live migration restored at 1785702875858.684814 ms
[WASM] Tick 1400 | Integrity: OK
[WASM] Tick 1600 | Integrity: OK
[WASM] Tick 1800 | Integrity: OK
[WASM] Tick 2000 | Integrity: OK
[WASM] Tick 2200 | Integrity: OK
[WASM] Tick 2400 | Integrity: OK
[WASM] Tick 2600 | Integrity: OK
[WASM] Tick 2800 | Integrity: OK
[WASM] Tick 3000 | Integrity: OK
