[LM] Connecting to migration server 192.168.10.11:8010...
[LM/Restore] Connected to migration server 192.168.10.11:8010
[LM/Restore] Membrane channel connected to 192.168.10.11:8011
[LM/Restore] State metadata loaded
[LM/Restore] Had to enlarge linear memory for migration
[LM/Restore] Linear memory loaded
[LM/Restore] Stack and shadow stack metadata loaded (frame count: 4, frame offset: 548)
[LM/Restore] State restored
[LM/Restore] Initial state has been reconstructed (1785771449734.102539 ms).
[LM/Restore] Enter membrane replay mode (1785771449734.125244 ms)...
[LM/Checkpoint] Migration server completed its tasks (1785771449741.264893 ms)
[LM/Checkpoint] Migration client completed its tasks (1785771449741.273926 ms)
[LM/Restore] State restoration complete (1785771449741.294922 ms).
[LM] Starting migration server on port 8010 in background...
[LM] Migration server started (1785771449741.368408 ms).
[LM/Restore] Re-entering interpreter loop...
[LM/Resume] exec_env=0x5555b6eef0b0 cur_frame=0x5555b6ef3f8c module_inst=0x5555b6eed990 function=0x5555b6eedf40 prev_frame=0x5555b6ef3e6c ip=0x7fff7f22c772 (offset=1054, is_import=0) 1785771449741.378662 ms
[LM/Resume] New function array base=0x5555b6eedcd0 count=93
[LM/Resume] Took 0.007000 ms to restore application
[LM/Resume] Resuming bytecode function (1785771449741.385986)
[LM] Server waiting for connection on port 8010...
[LM/Restore] Closed side sock fd 5
[LM/Restore] Read 386877 membrane events
[LM/Restore] Live migration restored at 1785771469759.414307 ms
[WASM] Tick 4200 | Integrity: OK
[WASM] Tick 4400 | Integrity: OK
[WASM] Tick 4600 | Integrity: OK
[WASM] Tick 4800 | Integrity: OK
[WASM] Tick 5000 | Integrity: OK
[WASM] Tick 5200 | Integrity: OK
[WASM] Tick 5400 | Integrity: OK
[WASM] Tick 5600 | Integrity: OK
[WASM] Tick 5800 | Integrity: OK
[WASM] Tick 6000 | Integrity: OK
[WASM] Tick 6200 | Integrity: OK
[WASM] Tick 6400 | Integrity: OK
