[LM] Connecting to migration server 192.168.10.11:8010...
[LM Client] Receiving pre-copy chunk...
[LM Client] Receiving pre-copy chunk...
[LM Client] Receiving pre-copy chunk...
[LM Client] Receiving pre-copy chunk...
[LM Client] Receiving pre-copy chunk...
[LM Client] Pre-copy complete. Proceeding to final handover.
Frame - IP: 14, function_index: 33, func: 0x5555cc396300
  frame->ip: 0x7fffbc34ec40
END

Frame - IP: 317, function_index: 22, func: 0x5555cc3960f0
  frame->ip: 0x7fffbc34ea37
END

Frame - IP: 75, function_index: 23, func: 0x5555cc396120
  frame->ip: 0x7fffbc34eaa4
END

Frame - IP: 1221, function_index: 13, func: 0x5555cc395f40
  frame->ip: 0x7fffbc34c819
END

Frame - IP: 114, function_index: 25, func: 0x5555cc396180
  frame->ip: 0x7fffbc34eb4a
END

Frame - IP: 52, function_index: 12, func: 0x5555cc395f10
  frame->ip: 0x7fffbc34c329
END

[LM Client] Migration successfully completed.
[LM] State received and restored.
[LM] Starting migration server on port 8010 in background...
[LM] Re-entering interpreter loop...
[LM/Resume] exec_env=0x5555cc3970b0 cur_frame=0x5555cc398300 module_inst=0x5555cc395990 function=0x5555cc396300 prev_frame=0x5555cc3981f4 ip=0x7fffbc34ec40 (offset=14)
[LM/Resume] new function array base=0x5555cc395cd0 count=93
[LM/Resume] Took 0.007000 ms to restore application
[LM/Restore] Live migration restored at 1785702398856.930908 ms
[LM] Server waiting for connection on port 8010...
[WASM] Tick 1600 | Integrity: OK
[WASM] Tick 1800 | Integrity: OK
[WASM] Tick 2000 | Integrity: OK
[WASM] Tick 2200 | Integrity: OK
