[LM] Connecting to migration server 192.168.10.11:8010...
[LM/Restore] Connected to migration server 192.168.10.11:8010
[LM/Restore] State metadata loaded
[LM/Restore] Had to enlarge linear memory for migration
[LM/Restore] Linear memory loaded
[LM/Restore] Stack and shadow stack metadata loaded (frame count: 7, frame offset: 1464)
[LM/Restore] State restored
[LM/Restore] Initial state has been reconstructed (1785771782238.596191 ms).
[LM/Checkpoint] Migration server completed its tasks (1785771782245.816895 ms)
[LM/Checkpoint] Migration client completed its tasks (1785771782245.826416 ms)
[LM/Restore] State restoration complete (1785771782245.843506 ms).
[LM] Starting migration server on port 8010 in background...
[LM] Migration server started (1785771782245.934814 ms).
[LM/Restore] Re-entering interpreter loop...
[LM/Resume] exec_env=0x55563dae30b0 cur_frame=0x55563dae8320 module_inst=0x55563dae1990 function=0x55563dae2300 prev_frame=0x55563dae8214 ip=0x7ffed387ec40 (offset=14, is_import=0) 1785771782245.944092 ms
[LM/Resume] New function array base=0x55563dae1cd0 count=93
[LM/Resume] Took 0.007000 ms to restore application
[LM/Resume] Resuming bytecode function (1785771782245.951416)
[LM] Server waiting for connection on port 8010...
[WASM] Tick 1000 | Integrity: OK
[WASM] Tick 1200 | Integrity: OK
[WASM] Tick 1400 | Integrity: OK
