[LM] Starting migration server on port 8010 in background...
[LM] Server waiting for connection on port 8010...
[WASM] Options: Allocating 256 MB | Rate: 60 MB/s | Step: 10 ms (0.60 MB/iter)
[WASM] Writing initial test patterns to all 256 MB of pages...
[WASM] Memory initialized. Starting loop with 60 MB updates per second...
[WASM] Iteration 0 | Dirtied 0.60 MB @ offset 0 MB (Integrity: OK)
[WASM] Iteration 100 | Dirtied 0.60 MB @ offset 59 MB (Integrity: OK)
[WASM] Iteration 200 | Dirtied 0.60 MB @ offset 119 MB (Integrity: OK)
[WASM] Iteration 300 | Dirtied 0.60 MB @ offset 179 MB (Integrity: OK)
[WASM] Iteration 400 | Dirtied 0.60 MB @ offset 239 MB (Integrity: OK)
[WASM] Iteration 500 | Dirtied 0.60 MB @ offset 44 MB (Integrity: OK)
[WASM] Iteration 600 | Dirtied 0.60 MB @ offset 104 MB (Integrity: OK)
[WASM] Iteration 700 | Dirtied 0.60 MB @ offset 164 MB (Integrity: OK)
[LM] Client connected. Migration is initiated (1785171942181.088867 ms)...
[LM] Phase 1: Sending initial bulk memory (256 MB)...
[WASM] Iteration 800 | Dirtied 0.60 MB @ offset 224 MB (Integrity: OK)
[WASM] Iteration 900 | Dirtied 0.60 MB @ offset 29 MB (Integrity: OK)
[LM] Initial pre-copy of bulk memory completed. Took 2321.096436 ms
[LM] Phase 1.5: Starting incremental pre-copy...
[WASM] Iteration 1000 | Dirtied 0.60 MB @ offset 89 MB (Integrity: OK)
[LM] Number of dirty cards transmitted: 280174
[LM] Pre-copy Iteration 1: Sent 143449088 bytes.
[WASM] Iteration 1100 | Dirtied 0.60 MB @ offset 149 MB (Integrity: OK)
[LM] Number of dirty cards transmitted: 149920
[LM] Pre-copy Iteration 2: Sent 76759040 bytes.
[LM] Number of dirty cards transmitted: 79878
[LM] Pre-copy Iteration 3: Sent 40897536 bytes.
[LM] Number of dirty cards transmitted: 43013
[LM] Pre-copy Iteration 4: Sent 22022656 bytes.
[LM] Number of dirty cards transmitted: 22124
[LM] Pre-copy Iteration 5: Sent 11327488 bytes.
[LM] Number of dirty cards transmitted: 11064
[LM] Pre-copy Iteration 6: Sent 5664768 bytes.
[LM] Pre-copy threshold reached. Moving to final handover.
[LM] Incremental pre-copy completed. Took 2576.901367 ms
[LM] Bulk + Precopy duration 962.113000 ms
[LM] Received 0xEOF_RECONSTRUCT, halting execution for final handover...
[LM/Checkpoint] Migration triggered! Dumping state...
[LM/Checkpoint] State synced to frame structures.
[LM] Phase 2: Sending final dirty pages and context...
[LM] Number of dirty cards transmitted: 11064
[LM] Send final dirty pages took 50.754000 ms
[LM] Checkpoint dirty state took 0.103000 ms
[LM/Checkpoint] Live migration completed at 1785171947171.815186 ms. Migration took 4990.726562 ms
[LM/Checkpoint] Took 51.024000 ms to checkpoint application
