[LM] Starting migration server on port 8010 in background...
[LM] Server waiting for connection on port 8010...
[WASM] Options: Allocating 256 MB | Rate: 100 MB/s | Step: 10 ms (1.00 MB/iter)
[WASM] Writing initial test patterns to all 256 MB of pages...
[WASM] Memory initialized. Starting loop with 100 MB updates per second...
[WASM] Iteration 0 | Dirtied 1.00 MB @ offset 0 MB (Integrity: OK)
[WASM] Iteration 100 | Dirtied 1.00 MB @ offset 100 MB (Integrity: OK)
[WASM] Iteration 200 | Dirtied 1.00 MB @ offset 200 MB (Integrity: OK)
[WASM] Iteration 300 | Dirtied 1.00 MB @ offset 45 MB (Integrity: OK)
[WASM] Iteration 400 | Dirtied 1.00 MB @ offset 145 MB (Integrity: OK)
[WASM] Iteration 500 | Dirtied 1.00 MB @ offset 245 MB (Integrity: OK)
[LM] Client connected. Migration is initiated (1785172468045.967529 ms)...
[LM] Phase 1: Sending initial bulk memory (256 MB)...
[WASM] Iteration 600 | Dirtied 1.00 MB @ offset 90 MB (Integrity: OK)
[WASM] Iteration 700 | Dirtied 1.00 MB @ offset 190 MB (Integrity: OK)
[LM] Initial pre-copy of bulk memory completed. Took 2309.683838 ms
[LM] Phase 1.5: Starting incremental pre-copy...
[WASM] Iteration 800 | Dirtied 1.00 MB @ offset 35 MB (Integrity: OK)
[WASM] Iteration 900 | Dirtied 1.00 MB @ offset 135 MB (Integrity: OK)
[LM] Number of dirty cards transmitted: 462855
[LM] Pre-copy Iteration 1: Sent 236981760 bytes.
[WASM] Iteration 1000 | Dirtied 1.00 MB @ offset 235 MB (Integrity: OK)
[WASM] Iteration 1100 | Dirtied 1.00 MB @ offset 80 MB (Integrity: OK)
[LM] Number of dirty cards transmitted: 407559
[LM] Pre-copy Iteration 2: Sent 208670208 bytes.
[WASM] Iteration 1200 | Dirtied 1.00 MB @ offset 180 MB (Integrity: OK)
[LM] Number of dirty cards transmitted: 360456
[LM] Pre-copy Iteration 3: Sent 184553472 bytes.
[WASM] Iteration 1300 | Dirtied 1.00 MB @ offset 25 MB (Integrity: OK)
[LM] Number of dirty cards transmitted: 319495
[LM] Pre-copy Iteration 4: Sent 163581440 bytes.
[WASM] Iteration 1400 | Dirtied 1.00 MB @ offset 125 MB (Integrity: OK)
[WASM] Iteration 1500 | Dirtied 1.00 MB @ offset 225 MB (Integrity: OK)
[LM] Number of dirty cards transmitted: 282632
[LM] Pre-copy Iteration 5: Sent 144707584 bytes.
[WASM] Iteration 1600 | Dirtied 1.00 MB @ offset 70 MB (Integrity: OK)
[LM] Number of dirty cards transmitted: 249863
[LM] Pre-copy Iteration 6: Sent 127929856 bytes.
[WASM] Iteration 1700 | Dirtied 1.00 MB @ offset 170 MB (Integrity: OK)
[LM] Number of dirty cards transmitted: 233480
[LM] Pre-copy Iteration 7: Sent 119541760 bytes.
[WASM] Iteration 1800 | Dirtied 1.00 MB @ offset 15 MB (Integrity: OK)
[LM] Number of dirty cards transmitted: 212999
[LM] Pre-copy Iteration 8: Sent 109055488 bytes.
[WASM] Iteration 1900 | Dirtied 1.00 MB @ offset 115 MB (Integrity: OK)
[LM] Number of dirty cards transmitted: 188424
[LM] Pre-copy Iteration 9: Sent 96473088 bytes.
[LM] Number of dirty cards transmitted: 167944
[LM] Pre-copy Iteration 10: Sent 85987328 bytes.
[WASM] Iteration 2000 | Dirtied 1.00 MB @ offset 215 MB (Integrity: OK)
[LM] Number of dirty cards transmitted: 147460
[LM] Pre-copy Iteration 11: Sent 75499520 bytes.
[WASM] Iteration 2100 | Dirtied 1.00 MB @ offset 60 MB (Integrity: OK)
[LM] Number of dirty cards transmitted: 129032
[LM] Pre-copy Iteration 12: Sent 66064384 bytes.
[LM] Number of dirty cards transmitted: 114696
[LM] Pre-copy Iteration 13: Sent 58724352 bytes.
[LM] Number of dirty cards transmitted: 102405
[LM] Pre-copy Iteration 14: Sent 52431360 bytes.
[WASM] Iteration 2200 | Dirtied 1.00 MB @ offset 160 MB (Integrity: OK)
[LM] Number of dirty cards transmitted: 90116
[LM] Pre-copy Iteration 15: Sent 46139392 bytes.
[LM] Number of dirty cards transmitted: 81928
[LM] Pre-copy Iteration 16: Sent 41947136 bytes.
[WASM] Iteration 2300 | Dirtied 1.00 MB @ offset 5 MB (Integrity: OK)
[LM] Number of dirty cards transmitted: 71685
[LM] Pre-copy Iteration 17: Sent 36702720 bytes.
[LM] Number of dirty cards transmitted: 63496
[LM] Pre-copy Iteration 18: Sent 32509952 bytes.
[LM] Number of dirty cards transmitted: 55301
[LM] Pre-copy Iteration 19: Sent 28314112 bytes.
[LM] Number of dirty cards transmitted: 49157
[LM] Pre-copy Iteration 20: Sent 25168384 bytes.
[LM] Number of dirty cards transmitted: 45061
[LM] Pre-copy Iteration 21: Sent 23071232 bytes.
[WASM] Iteration 2400 | Dirtied 1.00 MB @ offset 105 MB (Integrity: OK)
[LM] Number of dirty cards transmitted: 36869
[LM] Pre-copy Iteration 22: Sent 18876928 bytes.
[LM] Number of dirty cards transmitted: 32776
[LM] Pre-copy Iteration 23: Sent 16781312 bytes.
[LM] Number of dirty cards transmitted: 30724
[LM] Pre-copy Iteration 24: Sent 15730688 bytes.
[LM] Number of dirty cards transmitted: 26629
[LM] Pre-copy Iteration 25: Sent 13634048 bytes.
[LM] Number of dirty cards transmitted: 24581
[LM] Pre-copy Iteration 26: Sent 12585472 bytes.
[LM] Number of dirty cards transmitted: 20485
[LM] Pre-copy Iteration 27: Sent 10488320 bytes.
[LM] Number of dirty cards transmitted: 16389
[LM] Pre-copy Iteration 28: Sent 8391168 bytes.
[LM] Pre-copy threshold reached. Moving to final handover.
[LM] Incremental pre-copy completed. Took 17843.487305 ms
[LM] Bulk + Precopy duration 5557.154000 ms
[LM] Received 0xEOF_RECONSTRUCT, halting execution for final handover...
[LM/Checkpoint] Migration triggered! Dumping state...
[LM/Checkpoint] State synced to frame structures.
[LM] Phase 2: Sending final dirty pages and context...
[LM] Number of dirty cards transmitted: 22533
[LM] Send final dirty pages took 33.553000 ms
[LM] Checkpoint dirty state took 0.073000 ms
[LM/Checkpoint] Live migration completed at 1785172488313.821289 ms. Migration took 20267.853760 ms
[LM/Checkpoint] Took 33.763000 ms to checkpoint application
