[LM] Starting migration server on port 8010 in background...
[LM] Migration server started (1785171477099.788086 ms).
[LM] Server waiting for connection on port 8010...
[WASM] Options: Allocating 256 MB | Rate: 10 MB/s | Step: 10 ms (0.10 MB/iter)
[WASM] Writing initial test patterns to all 256 MB of pages...
[WASM] Memory initialized. Starting loop with 10 MB updates per second...
[WASM] Iteration 0 | Dirtied 0.10 MB @ offset 0 MB (Integrity: OK)
[WASM] Iteration 100 | Dirtied 0.10 MB @ offset 9 MB (Integrity: OK)
[WASM] Iteration 200 | Dirtied 0.10 MB @ offset 19 MB (Integrity: OK)
[WASM] Iteration 300 | Dirtied 0.10 MB @ offset 29 MB (Integrity: OK)
[WASM] Iteration 400 | Dirtied 0.10 MB @ offset 39 MB (Integrity: OK)
[WASM] Iteration 500 | Dirtied 0.10 MB @ offset 49 MB (Integrity: OK)
[LM] Client connected. Migration is initiated (1785171482275.336914 ms)...
[LM/Checkpoint] Server waiting for membrane connection on port 8011...
[LM/Checkpoint] Membrane channel connected on port 8011
[LM/Checkpoint] Sync all to frame at opcode=10 (next=41)
CHECK: frame 0x5555feaf49c0, frame->ip 65
[LM/Checkpoint] Memory snapshot captured after 3.173340 ms
[LM/Checkpoint] Phase 1.1: Sending state metadata...
[LM/Checkpoint] Memory metadata transmitted after 0.040039 ms
[LM/Checkpoint] Phase 1.2: Sending initial bulk memory (256 MB)...
[LM/Checkpoint] Main interpreter thread halted for 1.017000 ms
[WASM] Iteration 600 | Dirtied 0.10 MB @ offset 59 MB (Integrity: OK)
[WASM] Iteration 700 | Dirtied 0.10 MB @ offset 69 MB (Integrity: OK)
[LM/Checkpoint] Linear memory transmitted after 2317.088379 ms
[LM/Checkpoint] Wrote stack and shadow stack frames to stream (frame count: 7, frame offset: 2888)
[LM/Checkpoint] Frames transmitted after 0.019775 ms
[LM/Checkpoint] Capturing the UDP state took 0.002000 ms (fd: 0, port: 0)
[LM/Checkpoint] Initial full linear memory handover duration 102.831000 ms
[LM/Checkpoint] Flushing 0 bytes of buffered membrane events...
[LM/Checkpoint] Received 0xEOF_RECONSTRUCT, halting execution for final handover (1785171484633.615234 ms)...
[LM/Checkpoint] Migration server completed its tasks
[LM/Checkpoint] Initial membrane chunk transmitted after 30.291016 ms
[LM/Checkpoint] Trying to converge membrane replay log...
[LM/Checkpoint] Converged naturally! Lag: 36 events (10.511719 ms).
[LM/Checkpoint] Migration client completed its tasks
[LM/Checkpoint] Migration completed in 2381.333252 ms
[LM/Checkpoint] Live migration completed at 1785171484671.423340 ms.
[LM/Checkpoint] Closing migration connections...
[LM/Checkpoint] Closed all migration connections!
