[LM] Starting migration server on port 8010 in background...
[LM] Server waiting for connection on port 8010...
[WASM] Options: Allocating 256 MB | Rate: 70 MB/s | Step: 10 ms (0.70 MB/iter)
[WASM] Writing initial test patterns to all 256 MB of pages...
[WASM] Memory initialized. Starting loop with 70 MB updates per second...
[WASM] Iteration 0 | Dirtied 0.70 MB @ offset 0 MB (Integrity: OK)
[WASM] Iteration 100 | Dirtied 0.70 MB @ offset 69 MB (Integrity: OK)
[WASM] Iteration 200 | Dirtied 0.70 MB @ offset 139 MB (Integrity: OK)
[WASM] Iteration 300 | Dirtied 0.70 MB @ offset 209 MB (Integrity: OK)
[WASM] Iteration 400 | Dirtied 0.70 MB @ offset 24 MB (Integrity: OK)
[WASM] Iteration 500 | Dirtied 0.70 MB @ offset 94 MB (Integrity: OK)
[WASM] Iteration 600 | Dirtied 0.70 MB @ offset 164 MB (Integrity: OK)
[LM] Client connected. Migration is initiated (1785172055898.742188 ms)...
[LM] Phase 1: Sending initial bulk memory (256 MB)...
[WASM] Iteration 700 | Dirtied 0.70 MB @ offset 234 MB (Integrity: OK)
[WASM] Iteration 800 | Dirtied 0.70 MB @ offset 49 MB (Integrity: OK)
[LM] Initial pre-copy of bulk memory completed. Took 2310.243408 ms
[LM] Phase 1.5: Starting incremental pre-copy...
[WASM] Iteration 900 | Dirtied 0.70 MB @ offset 119 MB (Integrity: OK)
[LM] Number of dirty cards transmitted: 326869
[LM] Pre-copy Iteration 1: Sent 167356928 bytes.
[WASM] Iteration 1000 | Dirtied 0.70 MB @ offset 189 MB (Integrity: OK)
[LM] Number of dirty cards transmitted: 202143
[LM] Pre-copy Iteration 2: Sent 103497216 bytes.
[WASM] Iteration 1100 | Dirtied 0.70 MB @ offset 4 MB (Integrity: OK)
[LM] Number of dirty cards transmitted: 127598
[LM] Pre-copy Iteration 3: Sent 65330176 bytes.
[LM] Number of dirty cards transmitted: 78855
[LM] Pre-copy Iteration 4: Sent 40373760 bytes.
[LM] Number of dirty cards transmitted: 47314
[LM] Pre-copy Iteration 5: Sent 24224768 bytes.
[LM] Number of dirty cards transmitted: 31544
[LM] Pre-copy Iteration 6: Sent 16150528 bytes.
[LM] Number of dirty cards transmitted: 18642
[LM] Pre-copy Iteration 7: Sent 9544704 bytes.
[LM] Pre-copy threshold reached. Moving to final handover.
[LM] Incremental pre-copy completed. Took 3677.534912 ms
[LM] Bulk + Precopy duration 1220.402000 ms
[LM] Received 0xEOF_RECONSTRUCT, halting execution for final handover...
[LM/Checkpoint] Migration triggered! Dumping state...
[LM/Checkpoint] State synced to frame structures.
[LM] Phase 2: Sending final dirty pages and context...
[LM] Number of dirty cards transmitted: 15775
[LM] Send final dirty pages took 28.607000 ms
[LM] Checkpoint dirty state took 0.060000 ms
[LM/Checkpoint] Live migration completed at 1785172061970.398438 ms. Migration took 6071.656250 ms
[LM/Checkpoint] Took 28.809000 ms to checkpoint application
