[LM] Starting migration server on port 8010 in background...
[LM] Server waiting for connection on port 8010...
[WASM] Options: Allocating 256 MB | Rate: 30 MB/s | Step: 10 ms (0.30 MB/iter)
[WASM] Writing initial test patterns to all 256 MB of pages...
[WASM] Memory initialized. Starting loop with 30 MB updates per second...
[WASM] Iteration 0 | Dirtied 0.30 MB @ offset 0 MB (Integrity: OK)
[WASM] Iteration 100 | Dirtied 0.30 MB @ offset 29 MB (Integrity: OK)
[WASM] Iteration 200 | Dirtied 0.30 MB @ offset 59 MB (Integrity: OK)
[WASM] Iteration 300 | Dirtied 0.30 MB @ offset 89 MB (Integrity: OK)
[WASM] Iteration 400 | Dirtied 0.30 MB @ offset 119 MB (Integrity: OK)
[WASM] Iteration 500 | Dirtied 0.30 MB @ offset 149 MB (Integrity: OK)
[LM] Client connected. Migration is initiated (1785171649917.429688 ms)...
[LM] Phase 1: Sending initial bulk memory (256 MB)...
[WASM] Iteration 600 | Dirtied 0.30 MB @ offset 179 MB (Integrity: OK)
[WASM] Iteration 700 | Dirtied 0.30 MB @ offset 209 MB (Integrity: OK)
[LM] Initial pre-copy of bulk memory completed. Took 2311.057861 ms
[LM] Phase 1.5: Starting incremental pre-copy...
[LM] Number of dirty cards transmitted: 140704
[LM] Pre-copy Iteration 1: Sent 72040448 bytes.
[WASM] Iteration 800 | Dirtied 0.30 MB @ offset 239 MB (Integrity: OK)
[LM] Number of dirty cards transmitted: 37483
[LM] Pre-copy Iteration 2: Sent 19191296 bytes.
[LM] Number of dirty cards transmitted: 9838
[LM] Pre-copy Iteration 3: Sent 5037056 bytes.
[LM] Pre-copy threshold reached. Moving to final handover.
[LM] Incremental pre-copy completed. Took 819.334473 ms
[LM] Bulk + Precopy duration 351.774000 ms
[LM] Received 0xEOF_RECONSTRUCT, halting execution for final handover...
[LM/Checkpoint] Migration triggered! Dumping state...
[LM/Checkpoint] State synced to frame structures.
[LM] Phase 2: Sending final dirty pages and context...
[LM] Number of dirty cards transmitted: 4305
[LM] Send final dirty pages took 11.343000 ms
[LM] Checkpoint dirty state took 0.101000 ms
[LM/Checkpoint] Live migration completed at 1785171653096.514160 ms. Migration took 3179.084473 ms
[LM/Checkpoint] Took 11.617000 ms to checkpoint application
