[LM] Connecting to migration server 192.168.10.11:8010...
[LM/Restore] Connected to migration server 192.168.10.11:8010
[LM/Restore] Membrane channel connected to 192.168.10.11:8011
[LM/Restore] State metadata loaded
[LM/Restore] Had to enlarge linear memory for migration
[LM/Restore] Linear memory loaded
[LM/Restore] Stack and shadow stack metadata loaded (frame count: 7, frame offset: 2888)
[LM/Restore] State restored
[LM/Restore] Initial state has been reconstructed (1785172826916.825684 ms).
[LM/Restore] Enter membrane replay mode (1785172826916.849365 ms)...
[LM/Checkpoint] Migration server completed its tasks (1785172826924.265137 ms)
[LM/Checkpoint] Migration client completed its tasks (1785172826924.273682 ms)
[LM/Restore] State restoration complete (1785172826924.291748 ms).
[LM] Starting migration server on port 8010 in background...
[LM] Migration server started (1785172826924.362793 ms).
[LM/Restore] Re-entering interpreter loop...
[LM/Resume] exec_env=0x555640f1b1c0 cur_frame=0x555640f209c0 module_inst=0x555640f19a80 function=0x555640f1a400 prev_frame=0x555640f208b4 ip=0x7fff758131f8 (offset=14, is_import=0) 1785172826924.372803 ms
[LM/Resume] New function array base=0x555640f19ef0 count=88
[LM/Resume] Took 0.007000 ms to restore application
[LM/Resume] Resuming bytecode function (1785172826924.379883)
[LM] Server waiting for connection on port 8010...
[LM/Restore] Closed side sock fd 5
[LM/Restore] Live migration restored at 1785172826976.231934 ms
[WASM] Iteration 800 | Dirtied 1.40 MB @ offset 101 MB (Integrity: OK)
[WASM] Iteration 900 | Dirtied 1.40 MB @ offset 241 MB (Integrity: OK)
[WASM] Iteration 1000 | Dirtied 1.40 MB @ offset 126 MB (Integrity: OK)
[WASM] Iteration 1100 | Dirtied 1.40 MB @ offset 12 MB (Integrity: OK)
