[LM] Connecting to migration server 192.168.10.11:8010...
[LM/Restore] Connected to migration server 192.168.10.11:8010
[LM/Restore] Membrane channel connected to 192.168.10.11:8011
[LM/Restore] State metadata loaded
[LM/Restore] Had to enlarge linear memory for migration
[LM/Restore] Linear memory loaded
[LM/Restore] Stack and shadow stack metadata loaded (frame count: 7, frame offset: 2888)
[LM/Restore] State restored
[LM/Restore] Initial state has been reconstructed (1785171804827.560059 ms).
[LM/Restore] Enter membrane replay mode (1785171804827.595947 ms)...
[LM/Checkpoint] Migration server completed its tasks (1785171804834.987305 ms)
[LM/Checkpoint] Migration client completed its tasks (1785171804834.997314 ms)
[LM/Restore] State restoration complete (1785171804835.015381 ms).
[LM] Starting migration server on port 8010 in background...
[LM] Migration server started (1785171804835.088867 ms).
[LM/Restore] Re-entering interpreter loop...
[LM/Resume] exec_env=0x55557e42f1c0 cur_frame=0x55557e4349c0 module_inst=0x55557e42da80 function=0x55557e42e400 prev_frame=0x55557e4348b4 ip=0x7fff884131f8 (offset=14, is_import=0) 1785171804835.102539 ms
[LM/Resume] New function array base=0x55557e42def0 count=88
[LM/Resume] Took 0.010000 ms to restore application
[LM/Resume] Resuming bytecode function (1785171804835.111328)
[LM] Server waiting for connection on port 8010...
[LM/Restore] Closed side sock fd 5
[LM/Restore] Live migration restored at 1785171804872.830566 ms
[WASM] Iteration 700 | Dirtied 0.50 MB @ offset 94 MB (Integrity: OK)
[WASM] Iteration 800 | Dirtied 0.50 MB @ offset 144 MB (Integrity: OK)
[WASM] Iteration 900 | Dirtied 0.50 MB @ offset 194 MB (Integrity: OK)
[WASM] Iteration 1000 | Dirtied 0.50 MB @ offset 244 MB (Integrity: OK)
[WASM] Iteration 1100 | Dirtied 0.50 MB @ offset 39 MB (Integrity: OK)
