[LM] Connecting to migration server 192.168.10.11:8010...
[LM/Restore] Connected to migration server 192.168.10.11:8010
[LM/Restore] State metadata loaded
[LM/Restore] Had to enlarge linear memory for migration
[LM/Restore] Linear memory loaded
[LM/Restore] Stack and shadow stack metadata loaded (frame count: 7, frame offset: 2888)
[LM/Restore] State restored
[LM/Restore] Initial state has been reconstructed (1785244702544.393555 ms).
[LM/Checkpoint] Migration server completed its tasks (1785244702551.611816 ms)
[LM/Checkpoint] Migration client completed its tasks (1785244702551.622803 ms)
[LM/Restore] State restoration complete (1785244702551.641846 ms).
[LM] Starting migration server on port 8010 in background...
[LM] Migration server started (1785244702551.725098 ms).
[LM/Restore] Re-entering interpreter loop...
[LM/Resume] exec_env=0x5555daf0b1c0 cur_frame=0x5555daf109c0 module_inst=0x5555daf09a80 function=0x5555daf0a400 prev_frame=0x5555daf108b4 ip=0x7fff5dff31f8 (offset=14, is_import=0) 1785244702551.737061 ms
[LM/Resume] New function array base=0x5555daf09ef0 count=88
[LM/Resume] Took 0.008000 ms to restore application
[LM/Resume] Resuming bytecode function (1785244702551.746094)
[LM] Server waiting for connection on port 8010...
[WASM] Iteration 700 | Dirtied 0.10 MB @ offset 69 MB (Integrity: OK)
[WASM] Iteration 800 | Dirtied 0.10 MB @ offset 79 MB (Integrity: OK)
[WASM] Iteration 900 | Dirtied 0.10 MB @ offset 89 MB (Integrity: OK)
