[LM] Connecting to migration server 192.168.10.11:8010...
[LM/Restore] Connected to migration server 192.168.10.11:8010
[LM/Restore] Membrane channel connected to 192.168.10.11:8011
[LM/Restore] State metadata loaded
[LM/Restore] Had to enlarge linear memory for migration
[LM/Restore] Linear memory loaded
[LM/Restore] Stack and shadow stack metadata loaded (frame count: 7, frame offset: 2888)
[LM/Restore] State restored
[LM/Restore] Initial state has been reconstructed (1785172766476.496338 ms).
[LM/Restore] Enter membrane replay mode (1785172766476.520508 ms)...
[LM/Checkpoint] Migration server completed its tasks (1785172766483.733154 ms)
[LM/Checkpoint] Migration client completed its tasks (1785172766483.743164 ms)
[LM/Restore] State restoration complete (1785172766483.761963 ms).
[LM] Starting migration server on port 8010 in background...
[LM] Migration server started (1785172766483.840576 ms).
[LM/Restore] Re-entering interpreter loop...
[LM/Resume] exec_env=0x5556709a71c0 cur_frame=0x5556709ac9c0 module_inst=0x5556709a5a80 function=0x5556709a6400 prev_frame=0x5556709ac8b4 ip=0x7fff7c2731f8 (offset=14, is_import=0) 1785172766483.850098 ms
[LM/Resume] New function array base=0x5556709a5ef0 count=88
[LM/Resume] Took 0.008000 ms to restore application
[LM/Resume] Resuming bytecode function (1785172766483.857666)
[LM] Server waiting for connection on port 8010...
[LM/Restore] Closed side sock fd 5
[LM/Restore] Live migration restored at 1785172766531.905762 ms
[WASM] Iteration 1000 | Dirtied 1.20 MB @ offset 180 MB (Integrity: OK)
[WASM] Iteration 1100 | Dirtied 1.20 MB @ offset 45 MB (Integrity: OK)
[WASM] Iteration 1200 | Dirtied 1.20 MB @ offset 165 MB (Integrity: OK)
[WASM] Iteration 1300 | Dirtied 1.20 MB @ offset 31 MB (Integrity: OK)
[WASM] Iteration 1400 | Dirtied 1.20 MB @ offset 151 MB (Integrity: OK)
[WASM] Iteration 1500 | Dirtied 1.20 MB @ offset 16 MB (Integrity: OK)
[WASM] Iteration 1600 | Dirtied 1.20 MB @ offset 136 MB (Integrity: OK)
