[LM] Connecting to migration server 192.168.10.11:8010...
[LM/Restore] Connected to migration server 192.168.10.11:8010
[LM/Restore] Membrane channel connected to 192.168.10.11:8011
[LM/Restore] State metadata loaded
[LM/Restore] Had to enlarge linear memory for migration
[LM/Restore] Linear memory loaded
[LM/Restore] Stack and shadow stack metadata loaded (frame count: 7, frame offset: 2888)
[LM/Restore] State restored
[LM/Restore] Initial state has been reconstructed (1785171622096.554443 ms).
[LM/Restore] Enter membrane replay mode (1785171622096.578613 ms)...
[LM/Checkpoint] Migration server completed its tasks (1785171622104.048096 ms)
[LM/Checkpoint] Migration client completed its tasks (1785171622104.057373 ms)
[LM/Restore] State restoration complete (1785171622104.074219 ms).
[LM] Starting migration server on port 8010 in background...
[LM] Migration server started (1785171622104.148193 ms).
[LM/Restore] Re-entering interpreter loop...
[LM/Resume] exec_env=0x55560e6fb1c0 cur_frame=0x55560e7009c0 module_inst=0x55560e6f9a80 function=0x55560e6fa400 prev_frame=0x55560e7008b4 ip=0x7ffef92e31f8 (offset=14, is_import=0) 1785171622104.159424 ms
[LM/Resume] New function array base=0x55560e6f9ef0 count=88
[LM/Resume] Took 0.008000 ms to restore application
[LM/Resume] Resuming bytecode function (1785171622104.167236)
[LM] Server waiting for connection on port 8010...
[LM/Restore] Closed side sock fd 5
[LM/Restore] Live migration restored at 1785171622142.016357 ms
[WASM] Iteration 800 | Dirtied 0.30 MB @ offset 239 MB (Integrity: OK)
[WASM] Iteration 900 | Dirtied 0.30 MB @ offset 14 MB (Integrity: OK)
[WASM] Iteration 1000 | Dirtied 0.30 MB @ offset 44 MB (Integrity: OK)
[WASM] Iteration 1100 | Dirtied 0.30 MB @ offset 74 MB (Integrity: OK)
