[LM] Connecting to migration server 192.168.10.11:8010...
[LM/Restore] Connected to migration server 192.168.10.11:8010
[LM/Restore] Membrane channel connected to 192.168.10.11:8011
[LM/Restore] State metadata loaded
[LM/Restore] Had to enlarge linear memory for migration
[LM/Restore] Linear memory loaded
[LM/Restore] Stack and shadow stack metadata loaded (frame count: 7, frame offset: 2888)
[LM/Restore] State restored
[LM/Restore] Initial state has been reconstructed (1785172295057.866455 ms).
[LM/Restore] Enter membrane replay mode (1785172295057.891113 ms)...
[LM/Checkpoint] Migration server completed its tasks (1785172295064.973145 ms)
[LM/Checkpoint] Migration client completed its tasks (1785172295064.981934 ms)
[LM/Restore] State restoration complete (1785172295064.999512 ms).
[LM] Starting migration server on port 8010 in background...
[LM] Migration server started (1785172295065.079102 ms).
[LM/Restore] Re-entering interpreter loop...
[LM/Resume] exec_env=0x55555f37f1c0 cur_frame=0x55555f3849c0 module_inst=0x55555f37da80 function=0x55555f37e400 prev_frame=0x55555f3848b4 ip=0x7fff2d1d31f8 (offset=14, is_import=0) 1785172295065.088135 ms
[LM/Resume] New function array base=0x55555f37def0 count=88
[LM/Resume] Took 0.007000 ms to restore application
[LM/Resume] Resuming bytecode function (1785172295065.095215)
[LM] Server waiting for connection on port 8010...
[LM/Restore] Closed side sock fd 5
[LM/Restore] Live migration restored at 1785172295105.557373 ms
[WASM] Iteration 800 | Dirtied 0.90 MB @ offset 209 MB (Integrity: OK)
[WASM] Iteration 900 | Dirtied 0.90 MB @ offset 44 MB (Integrity: OK)
[WASM] Iteration 1000 | Dirtied 0.90 MB @ offset 134 MB (Integrity: OK)
