[LM] Connecting to migration server 192.168.10.11:8010...
[LM/Restore] Connected to migration server 192.168.10.11:8010
[LM/Restore] Membrane channel connected to 192.168.10.11:8011
[LM/Restore] State metadata loaded
[LM/Restore] Had to enlarge linear memory for migration
[LM/Restore] Linear memory loaded
[LM/Restore] Stack and shadow stack metadata loaded (frame count: 7, frame offset: 2888)
[LM/Restore] State restored
[LM/Restore] Initial state has been reconstructed (1785172797745.792480 ms).
[LM/Restore] Enter membrane replay mode (1785172797745.817871 ms)...
[LM/Checkpoint] Migration server completed its tasks (1785172797752.741211 ms)
[LM/Checkpoint] Migration client completed its tasks (1785172797752.751709 ms)
[LM/Restore] State restoration complete (1785172797752.771240 ms).
[LM] Starting migration server on port 8010 in background...
[LM] Migration server started (1785172797752.843018 ms).
[LM/Restore] Re-entering interpreter loop...
[LM/Resume] exec_env=0x5556340931c0 cur_frame=0x5556340989c0 module_inst=0x555634091a80 function=0x555634092400 prev_frame=0x5556340988b4 ip=0x7fff38a531f8 (offset=14, is_import=0) 1785172797752.852295 ms
[LM/Resume] New function array base=0x555634091ef0 count=88
[LM/Resume] Took 0.008000 ms to restore application
[LM/Resume] Resuming bytecode function (1785172797752.860596)
[LM] Server waiting for connection on port 8010...
[LM/Restore] Closed side sock fd 5
[LM/Restore] Live migration restored at 1785172797803.363037 ms
[WASM] Iteration 700 | Dirtied 1.30 MB @ offset 145 MB (Integrity: OK)
[WASM] Iteration 800 | Dirtied 1.30 MB @ offset 21 MB (Integrity: OK)
[WASM] Iteration 900 | Dirtied 1.30 MB @ offset 151 MB (Integrity: OK)
