[LM] Connecting to migration server 192.168.10.11:8010...
[LM/Restore] Connected to migration server 192.168.10.11:8010
[LM/Restore] Membrane channel connected to 192.168.10.11:8011
[LM/Restore] State metadata loaded
[LM/Restore] Had to enlarge linear memory for migration
[LM/Restore] Linear memory loaded
[LM/Restore] Stack and shadow stack metadata loaded (frame count: 7, frame offset: 2888)
[LM/Restore] State restored
[LM/Restore] Initial state has been reconstructed (1785171484627.275146 ms).
[LM/Restore] Enter membrane replay mode (1785171484627.299561 ms)...
[LM/Checkpoint] Migration server completed its tasks (1785171484634.480469 ms)
[LM/Checkpoint] Migration client completed its tasks (1785171484634.491211 ms)
[LM/Restore] State restoration complete (1785171484634.508057 ms).
[LM] Starting migration server on port 8010 in background...
[LM] Migration server started (1785171484634.582764 ms).
[LM/Restore] Re-entering interpreter loop...
[LM/Resume] exec_env=0x5555d4f2b1c0 cur_frame=0x5555d4f309c0 module_inst=0x5555d4f29a80 function=0x5555d4f2a400 prev_frame=0x5555d4f308b4 ip=0x7ffedb0031f8 (offset=14, is_import=0) 1785171484634.592773 ms
[LM/Resume] New function array base=0x5555d4f29ef0 count=88
[LM/Resume] Took 0.008000 ms to restore application
[LM/Resume] Resuming bytecode function (1785171484634.601807)
[LM] Server waiting for connection on port 8010...
[LM/Restore] Closed side sock fd 5
[LM/Restore] Live migration restored at 1785171484672.407715 ms
[WASM] Iteration 800 | Dirtied 0.10 MB @ offset 79 MB (Integrity: OK)
[WASM] Iteration 900 | Dirtied 0.10 MB @ offset 89 MB (Integrity: OK)
[WASM] Iteration 1000 | Dirtied 0.10 MB @ offset 99 MB (Integrity: OK)
[WASM] Iteration 1100 | Dirtied 0.10 MB @ offset 109 MB (Integrity: OK)
