[LM] Connecting to migration server 192.168.10.11:8010...
[LM/Restore] Connected to migration server 192.168.10.11:8010
[LM/Restore] Membrane channel connected to 192.168.10.11:8011
[LM/Restore] State metadata loaded
[LM/Restore] Had to enlarge linear memory for migration
[LM/Restore] Linear memory loaded
[LM/Restore] Stack and shadow stack metadata loaded (frame count: 7, frame offset: 2888)
[LM/Restore] State restored
[LM/Restore] Initial state has been reconstructed (1785171546145.703857 ms).
[LM/Restore] Enter membrane replay mode (1785171546145.727783 ms)...
[LM/Checkpoint] Migration server completed its tasks (1785171546152.840820 ms)
[LM/Checkpoint] Migration client completed its tasks (1785171546152.850342 ms)
[LM/Restore] State restoration complete (1785171546152.867920 ms).
[LM] Starting migration server on port 8010 in background...
[LM] Migration server started (1785171546152.937988 ms).
[LM/Restore] Re-entering interpreter loop...
[LM/Resume] exec_env=0x55559e6af1c0 cur_frame=0x55559e6b49c0 module_inst=0x55559e6ada80 function=0x55559e6ae400 prev_frame=0x55559e6b48b4 ip=0x7fffbd9631f8 (offset=14, is_import=0) 1785171546152.948486 ms
[LM/Resume] New function array base=0x55559e6adef0 count=88
[LM/Resume] Took 0.008000 ms to restore application
[LM/Resume] Resuming bytecode function (1785171546152.957520)
[LM] Server waiting for connection on port 8010...
[LM/Restore] Closed side sock fd 5
[LM/Restore] Live migration restored at 1785171546191.035645 ms
[WASM] Iteration 700 | Dirtied 0.20 MB @ offset 139 MB (Integrity: OK)
[WASM] Iteration 800 | Dirtied 0.20 MB @ offset 159 MB (Integrity: OK)
[WASM] Iteration 900 | Dirtied 0.20 MB @ offset 179 MB (Integrity: OK)
[WASM] Iteration 1000 | Dirtied 0.20 MB @ offset 199 MB (Integrity: OK)
