[LM] Starting migration server on port 8010 in background...
[LM] Migration server started (1785687383504.088867 ms).
[LM/Checkpoint] Server waiting for connection on port 8010...
[WASM] Options: Allocating 450 MB | Rate: 64 MB/s | Step: 10 ms (0.64 MB/iter)
[WASM] Writing initial test patterns to all 450 MB of pages...
[WASM] Memory initialized. Starting loop with 64 MB updates per second...
[WASM] Iteration 0 | Dirtied 0.64 MB @ offset 0 MB (Integrity: OK)
[WASM] Iteration 100 | Dirtied 0.64 MB @ offset 63 MB (Integrity: OK)
[WASM] Iteration 200 | Dirtied 0.64 MB @ offset 127 MB (Integrity: OK)
[WASM] Iteration 300 | Dirtied 0.64 MB @ offset 191 MB (Integrity: OK)
[WASM] Iteration 400 | Dirtied 0.64 MB @ offset 255 MB (Integrity: OK)
[WASM] Iteration 500 | Dirtied 0.64 MB @ offset 319 MB (Integrity: OK)
[LM/Checkpoint] Client connected. Initiating Post-Copy (1785687388702.402100 ms)...
[LM/Checkpoint] Halting execution for state extraction...
[LM/Checkpoint] Sync all to frame at opcode=10 (next=41)
[LM/Checkpoint] Sync of stack, shadow stack and linear memory took 0.010254 ms (at 1785687388708.480225 ms)
[LM/Checkpoint] Total of 7202 memory pages
[LM/Checkpoint] Capturing the UDP state took 0.001000 ms (fd: 0, port: 0)
[LM/Checkpoint] Execution state transferred in 6.444824 ms. Target is resuming.
[LM/Checkpoint] Entering background page server mode (at 1785687388708.849609 ms)...
[LM/Checkpoint] Received LM_EOF_COMPLETE_CLIENT. Transmitted 7202 pages in 49812.667480 ms (at 1785687438521.520020 ms).
[LM/Checkpoint] Migration server shutting down (at 1785687438521.571777 ms)...
[LM/Checkpoint] Total session duration: 49819.172607 ms
[LM/Checkpoint] Closed migration connections!
