[LM] Starting migration server on port 8010 in background...
[LM] Migration server started (1785686860068.451660 ms).
[LM/Checkpoint] Server waiting for connection on port 8010...
[WASM] Options: Allocating 300 MB | Rate: 64 MB/s | Step: 10 ms (0.64 MB/iter)
[WASM] Writing initial test patterns to all 300 MB of pages...
[WASM] Memory initialized. Starting loop with 64 MB updates per second...
[WASM] Iteration 0 | Dirtied 0.64 MB @ offset 0 MB (Integrity: OK)
[WASM] Iteration 100 | Dirtied 0.64 MB @ offset 63 MB (Integrity: OK)
[WASM] Iteration 200 | Dirtied 0.64 MB @ offset 127 MB (Integrity: OK)
[WASM] Iteration 300 | Dirtied 0.64 MB @ offset 191 MB (Integrity: OK)
[WASM] Iteration 400 | Dirtied 0.64 MB @ offset 255 MB (Integrity: OK)
[LM/Checkpoint] Client connected. Initiating Post-Copy (1785686864451.176270 ms)...
[LM/Checkpoint] Halting execution for state extraction...
[LM/Checkpoint] Sync all to frame at opcode=10 (next=41)
[LM/Checkpoint] Sync of stack, shadow stack and linear memory took 0.009521 ms (at 1785686864453.276367 ms)
[LM/Checkpoint] Total of 4802 memory pages
[LM/Checkpoint] Capturing the UDP state took 0.001000 ms (fd: 0, port: 0)
[LM/Checkpoint] Execution state transferred in 2.238037 ms. Target is resuming.
[LM/Checkpoint] Entering background page server mode (at 1785686864453.416992 ms)...
[LM/Checkpoint] Received LM_EOF_COMPLETE_CLIENT. Transmitted 4802 pages in 32898.915527 ms (at 1785686897352.335693 ms).
[LM/Checkpoint] Migration server shutting down (at 1785686897352.373047 ms)...
[LM/Checkpoint] Total session duration: 32901.199463 ms
[LM/Checkpoint] Closed migration connections!
