[LM] Starting migration server on port 8010 in background...
[LM] Migration server started (1785686260619.863281 ms).
[LM/Checkpoint] Server waiting for connection on port 8010...
[WASM] Options: Allocating 100 MB | Rate: 64 MB/s | Step: 10 ms (0.64 MB/iter)
[WASM] Writing initial test patterns to all 100 MB of pages...
[WASM] Memory initialized. Starting loop with 64 MB updates per second...
[WASM] Iteration 0 | Dirtied 0.64 MB @ offset 0 MB (Integrity: OK)
[WASM] Iteration 100 | Dirtied 0.64 MB @ offset 63 MB (Integrity: OK)
[WASM] Iteration 200 | Dirtied 0.64 MB @ offset 28 MB (Integrity: OK)
[WASM] Iteration 300 | Dirtied 0.64 MB @ offset 92 MB (Integrity: OK)
[WASM] Iteration 400 | Dirtied 0.64 MB @ offset 57 MB (Integrity: OK)
[LM/Checkpoint] Client connected. Initiating Post-Copy (1785686264848.265137 ms)...
[LM/Checkpoint] Halting execution for state extraction...
[LM/Checkpoint] Sync all to frame at opcode=10 (next=41)
[LM/Checkpoint] Sync of stack, shadow stack and linear memory took 0.008789 ms (at 1785686264849.864014 ms)
[LM/Checkpoint] Total of 1602 memory pages
[LM/Checkpoint] Capturing the UDP state took 0.001000 ms (fd: 0, port: 0)
[LM/Checkpoint] Execution state transferred in 2.245361 ms. Target is resuming.
[LM/Checkpoint] Entering background page server mode (at 1785686264850.512939 ms)...
[LM/Checkpoint] Received LM_EOF_COMPLETE_CLIENT. Transmitted 1602 pages in 13825.997803 ms (at 1785686278676.513916 ms).
[LM/Checkpoint] Migration server shutting down (at 1785686278676.551514 ms)...
[LM/Checkpoint] Total session duration: 13828.288574 ms
[LM/Checkpoint] Closed migration connections!
