[LM] Starting migration server on port 8010 in background...
[LM] Migration server started (1785686546829.305908 ms).
[LM/Checkpoint] Server waiting for connection on port 8010...
[WASM] Options: Allocating 200 MB | Rate: 64 MB/s | Step: 10 ms (0.64 MB/iter)
[WASM] Writing initial test patterns to all 200 MB of pages...
[WASM] Memory initialized. Starting loop with 64 MB updates per second...
[WASM] Iteration 0 | Dirtied 0.64 MB @ offset 0 MB (Integrity: OK)
[WASM] Iteration 100 | Dirtied 0.64 MB @ offset 63 MB (Integrity: OK)
[WASM] Iteration 200 | Dirtied 0.64 MB @ offset 127 MB (Integrity: OK)
[WASM] Iteration 300 | Dirtied 0.64 MB @ offset 191 MB (Integrity: OK)
[WASM] Iteration 400 | Dirtied 0.64 MB @ offset 56 MB (Integrity: OK)
[WASM] Iteration 500 | Dirtied 0.64 MB @ offset 120 MB (Integrity: OK)
[LM/Checkpoint] Client connected. Initiating Post-Copy (1785686552200.064697 ms)...
[LM/Checkpoint] Halting execution for state extraction...
[LM/Checkpoint] Sync all to frame at opcode=10 (next=41)
[LM/Checkpoint] Sync of stack, shadow stack and linear memory took 0.013672 ms (at 1785686552207.093506 ms)
[LM/Checkpoint] Total of 3202 memory pages
[LM/Checkpoint] Capturing the UDP state took 0.002000 ms (fd: 0, port: 0)
[LM/Checkpoint] Execution state transferred in 7.515137 ms. Target is resuming.
[LM/Checkpoint] Entering background page server mode (at 1785686552207.582520 ms)...
