[LM] Starting migration server on port 8010 in background...
[LM] Migration server started (1785690699001.693115 ms).
[LM/Checkpoint] Server waiting for connection on port 8010...
[WASM] Options: Allocating 250 MB | Rate: 64 MB/s | Step: 10 ms (0.64 MB/iter)
[WASM] Writing initial test patterns to all 250 MB of pages...
[WASM] Memory initialized. Starting loop with 64 MB updates per second...
[WASM] Iteration 0 | Dirtied 0.64 MB @ offset 0 MB (Integrity: OK)
[WASM] Iteration 100 | Dirtied 0.64 MB @ offset 63 MB (Integrity: OK)
[WASM] Iteration 200 | Dirtied 0.64 MB @ offset 127 MB (Integrity: OK)
[WASM] Iteration 300 | Dirtied 0.64 MB @ offset 191 MB (Integrity: OK)
[WASM] Iteration 400 | Dirtied 0.64 MB @ offset 6 MB (Integrity: OK)
[WASM] Iteration 500 | Dirtied 0.64 MB @ offset 70 MB (Integrity: OK)
[LM/Checkpoint] Client connected. Initiating Post-Copy (1785690704213.059814 ms)...
[LM/Checkpoint] Halting execution for state extraction...
[LM/Checkpoint] Sync all to frame at opcode=10 (next=41)
[LM/Checkpoint] Sync of stack, shadow stack and linear memory took 0.011475 ms (at 1785690704217.437744 ms)
[LM/Checkpoint] Total of 4002 memory pages
[LM/Checkpoint] Capturing the UDP state took 0.001000 ms (fd: 0, port: 0)
[LM/Checkpoint] Execution state transferred in 5.391602 ms. Target is resuming.
[LM/Checkpoint] Entering background page server mode (at 1785690704218.454102 ms)...
