[LM] Starting migration server on port 8010 in background...
[LM] Migration server started (1785170216457.178955 ms).
[LM] Server waiting for connection on port 8010...
[WASM] Options: Allocating 256 MB | Rate: 30 MB/s | Step: 10 ms (0.30 MB/iter)
[WASM] Writing initial test patterns to all 256 MB of pages...
[WASM] Memory initialized. Starting loop with 30 MB updates per second...
[WASM] Iteration 0 | Dirtied 0.30 MB @ offset 0 MB (Integrity: OK)
[WASM] Iteration 100 | Dirtied 0.30 MB @ offset 29 MB (Integrity: OK)
[WASM] Iteration 200 | Dirtied 0.30 MB @ offset 59 MB (Integrity: OK)
[WASM] Iteration 300 | Dirtied 0.30 MB @ offset 89 MB (Integrity: OK)
[WASM] Iteration 400 | Dirtied 0.30 MB @ offset 119 MB (Integrity: OK)
[WASM] Iteration 500 | Dirtied 0.30 MB @ offset 149 MB (Integrity: OK)
[WASM] Iteration 600 | Dirtied 0.30 MB @ offset 179 MB (Integrity: OK)
[WASM] Iteration 700 | Dirtied 0.30 MB @ offset 209 MB (Integrity: OK)
[LM] Client connected. Migration is initiated (1785170223625.014160 ms)...
[LM/Checkpoint] Server waiting for membrane connection on port 8011...
[LM/Checkpoint] Membrane channel connected on port 8011
[LM/Checkpoint] Sync all to frame at opcode=10 (next=41)
CHECK: frame 0x55562a1cc9c0, frame->ip 65
[LM/Checkpoint] Memory snapshot captured after 4.234131 ms
[LM/Checkpoint] Phase 1.1: Sending state metadata...
[LM/Checkpoint] Memory metadata transmitted after 0.038330 ms
[LM/Checkpoint] Phase 1.2: Sending initial bulk memory (256 MB)...
[LM/Checkpoint] Main interpreter thread halted for 0.589000 ms
[WASM] Iteration 800 | Dirtied 0.30 MB @ offset 239 MB (Integrity: OK)
[WASM] Iteration 900 | Dirtied 0.30 MB @ offset 14 MB (Integrity: OK)
[LM/Checkpoint] Linear memory transmitted after 2324.426270 ms
[LM/Checkpoint] Wrote stack and shadow stack frames to stream (frame count: 7, frame offset: 2888)
[LM/Checkpoint] Frames transmitted after 0.019775 ms
[LM/Checkpoint] Capturing the UDP state took 0.001000 ms (fd: 0, port: 0)
[LM/Checkpoint] Initial full linear memory handover duration 102.526000 ms
[LM/Checkpoint] Flushing 0 bytes of buffered membrane events...
[LM/Checkpoint] Received 0xEOF_RECONSTRUCT, halting execution for final handover (1785170225991.631104 ms)...
[LM/Checkpoint] Migration server completed its tasks
[LM/Checkpoint] Initial membrane chunk transmitted after 30.423340 ms
[LM/Checkpoint] Trying to converge membrane replay log...
[LM/Checkpoint] Converged naturally! Lag: 36 events (10.528320 ms).
[LM/Checkpoint] Migration client completed its tasks
[LM/Checkpoint] Migration completed in 2389.857422 ms
[LM/Checkpoint] Live migration completed at 1785170226029.698242 ms.
[LM/Checkpoint] Closing migration connections...
[LM/Checkpoint] Closed all migration connections!
