[LM] Starting migration server on port 8010 in background...
[LM] Migration server started (1785244381520.068848 ms).
[LM] Server waiting for connection on port 8010...
[WASM] Options: Allocating 256 MB | Rate: 50 MB/s | Step: 10 ms (0.50 MB/iter)
[WASM] Writing initial test patterns to all 256 MB of pages...
[WASM] Memory initialized. Starting loop with 50 MB updates per second...
[WASM] Iteration 0 | Dirtied 0.50 MB @ offset 0 MB (Integrity: OK)
[WASM] Iteration 100 | Dirtied 0.50 MB @ offset 50 MB (Integrity: OK)
[WASM] Iteration 200 | Dirtied 0.50 MB @ offset 100 MB (Integrity: OK)
[WASM] Iteration 300 | Dirtied 0.50 MB @ offset 150 MB (Integrity: OK)
[WASM] Iteration 400 | Dirtied 0.50 MB @ offset 200 MB (Integrity: OK)
[LM] Client connected. Migration is initiated (1785244385705.544189 ms)...
[LM/Checkpoint] Sync all to frame at opcode=10 (next=41)
CHECK: frame 0x555645a489c0, frame->ip 65
[LM/Checkpoint] Memory snapshot captured after 6.369873 ms
[LM/Checkpoint] Phase 1.1: Sending state metadata...
[LM/Checkpoint] Memory metadata transmitted after 0.033936 ms
[LM/Checkpoint] Phase 1.2: Sending initial bulk memory (256 MB)...
[LM/Checkpoint] Main interpreter thread halted for 0.046000 ms
[WASM] Iteration 500 | Dirtied 0.50 MB @ offset 250 MB (Integrity: OK)
[WASM] Iteration 600 | Dirtied 0.50 MB @ offset 44 MB (Integrity: OK)
[LM/Checkpoint] Linear memory transmitted after 2317.936035 ms
[LM/Checkpoint] Wrote stack and shadow stack frames to stream (frame count: 7, frame offset: 2888)
[LM/Checkpoint] Frames transmitted after 0.023438 ms
[LM/Checkpoint] Capturing the UDP state took 0.001000 ms (fd: 0, port: 0)
[LM/Checkpoint] Initial full linear memory handover duration 106.336000 ms
[LM/Checkpoint] Received 0xEOF_RECONSTRUCT, halting execution for final handover (1785244388055.709717 ms)...
[LM/Checkpoint] Migration server completed its tasks
[LM/Checkpoint] Initial membrane chunk transmitted after 33.097168 ms
[LM/Checkpoint] Migration client completed its tasks
[LM/Checkpoint] Migration completed in 2367.598145 ms
[LM/Checkpoint] Live migration completed at 1785244385705.608887 ms.
[LM/Checkpoint] Program halts at 1785244388073.173828 ms.
[LM/Checkpoint] Closing migration connections...
[LM/Checkpoint] Closed all migration connections!
