[LM] Starting migration server on port 8010 in background...
[LM] Migration server started (1785171417919.318848 ms).
[LM] Server waiting for connection on port 8010...
[WASM] Options: Allocating 256 MB | Rate: 130 MB/s | Step: 10 ms (1.30 MB/iter)
[WASM] Writing initial test patterns to all 256 MB of pages...
[WASM] Memory initialized. Starting loop with 130 MB updates per second...
[WASM] Iteration 0 | Dirtied 1.30 MB @ offset 0 MB (Integrity: OK)
[WASM] Iteration 100 | Dirtied 1.30 MB @ offset 129 MB (Integrity: OK)
[WASM] Iteration 200 | Dirtied 1.30 MB @ offset 5 MB (Integrity: OK)
[WASM] Iteration 300 | Dirtied 1.30 MB @ offset 135 MB (Integrity: OK)
[WASM] Iteration 400 | Dirtied 1.30 MB @ offset 10 MB (Integrity: OK)
[LM] Client connected. Migration is initiated (1785171423079.512939 ms)...
[LM/Checkpoint] Server waiting for membrane connection on port 8011...
[WASM] Iteration 500 | Dirtied 1.30 MB @ offset 140 MB (Integrity: OK)
[LM/Checkpoint] Membrane channel connected on port 8011
[LM/Checkpoint] Sync all to frame at opcode=10 (next=41)
CHECK: frame 0x5555e60009c0, frame->ip 65
[LM/Checkpoint] Memory snapshot captured after 6.334961 ms
[LM/Checkpoint] Phase 1.1: Sending state metadata...
[LM/Checkpoint] Memory metadata transmitted after 0.042969 ms
[LM/Checkpoint] Phase 1.2: Sending initial bulk memory (256 MB)...
[LM/Checkpoint] Main interpreter thread halted for 0.233000 ms
[WASM] Iteration 600 | Dirtied 1.30 MB @ offset 15 MB (Integrity: OK)
[WASM] Iteration 700 | Dirtied 1.30 MB @ offset 145 MB (Integrity: OK)
[LM/Checkpoint] Linear memory transmitted after 2318.755371 ms
[LM/Checkpoint] Wrote stack and shadow stack frames to stream (frame count: 7, frame offset: 2888)
[LM/Checkpoint] Frames transmitted after 0.009277 ms
[LM/Checkpoint] Capturing the UDP state took 0.002000 ms (fd: 0, port: 0)
[LM/Checkpoint] Initial full linear memory handover duration 134.803000 ms
[LM/Checkpoint] Flushing 0 bytes of buffered membrane events...
[LM/Checkpoint] Received 0xEOF_RECONSTRUCT, halting execution for final handover (1785171425448.146973 ms)...
[LM/Checkpoint] Migration server completed its tasks
[LM/Checkpoint] Initial membrane chunk transmitted after 36.021729 ms
[LM/Checkpoint] Trying to converge membrane replay log...
[LM/Checkpoint] Converged naturally! Lag: 34 events (22.740967 ms).
[LM/Checkpoint] Migration client completed its tasks
[LM/Checkpoint] Migration completed in 2404.096680 ms
[LM/Checkpoint] Live migration completed at 1785171425498.186279 ms.
[LM/Checkpoint] Closing migration connections...
[LM/Checkpoint] Closed all migration connections!
