[LM] Starting migration server on port 8010 in background...
[LM] Server waiting for connection on port 8010...
[WASM] Options: Allocating 256 MB | Rate: 100 MB/s | Step: 10 ms (1.00 MB/iter)
[WASM] Writing initial test patterns to all 256 MB of pages...
[WASM] Memory initialized. Starting loop with 100 MB updates per second...
[WASM] Iteration 0 | Dirtied 1.00 MB @ offset 0 MB (Integrity: OK)
[WASM] Iteration 100 | Dirtied 1.00 MB @ offset 100 MB (Integrity: OK)
[WASM] Iteration 200 | Dirtied 1.00 MB @ offset 200 MB (Integrity: OK)
[WASM] Iteration 300 | Dirtied 1.00 MB @ offset 45 MB (Integrity: OK)
[WASM] Iteration 400 | Dirtied 1.00 MB @ offset 145 MB (Integrity: OK)
[WASM] Iteration 500 | Dirtied 1.00 MB @ offset 245 MB (Integrity: OK)
[LM] Client connected. Migration is initiated (1785171095099.540527 ms)...
[LM] Phase 1: Sending initial bulk memory (256 MB)...
[WASM] Iteration 600 | Dirtied 1.00 MB @ offset 90 MB (Integrity: OK)
[WASM] Iteration 700 | Dirtied 1.00 MB @ offset 190 MB (Integrity: OK)
[WASM] Iteration 800 | Dirtied 1.00 MB @ offset 35 MB (Integrity: OK)
[LM] Initial pre-copy of bulk memory completed. Took 2311.413818 ms
[LM] Phase 1.5: Starting incremental pre-copy...
[WASM] Iteration 900 | Dirtied 1.00 MB @ offset 135 MB (Integrity: OK)
[WASM] Iteration 1000 | Dirtied 1.00 MB @ offset 235 MB (Integrity: OK)
[LM] Number of dirty cards transmitted: 464903
[LM] Pre-copy Iteration 1: Sent 238030336 bytes.
[WASM] Iteration 1100 | Dirtied 1.00 MB @ offset 80 MB (Integrity: OK)
[WASM] Iteration 1200 | Dirtied 1.00 MB @ offset 180 MB (Integrity: OK)
[LM] Number of dirty cards transmitted: 407559
[LM] Pre-copy Iteration 2: Sent 208670208 bytes.
[WASM] Iteration 1300 | Dirtied 1.00 MB @ offset 25 MB (Integrity: OK)
[LM] Number of dirty cards transmitted: 362503
[LM] Pre-copy Iteration 3: Sent 185601536 bytes.
[WASM] Iteration 1400 | Dirtied 1.00 MB @ offset 125 MB (Integrity: OK)
[LM] Number of dirty cards transmitted: 319496
[LM] Pre-copy Iteration 4: Sent 163581952 bytes.
[WASM] Iteration 1500 | Dirtied 1.00 MB @ offset 225 MB (Integrity: OK)
[WASM] Iteration 1600 | Dirtied 1.00 MB @ offset 70 MB (Integrity: OK)
[LM] Number of dirty cards transmitted: 282631
[LM] Pre-copy Iteration 5: Sent 144707072 bytes.
[WASM] Iteration 1700 | Dirtied 1.00 MB @ offset 170 MB (Integrity: OK)
[LM] Number of dirty cards transmitted: 251912
[LM] Pre-copy Iteration 6: Sent 128978944 bytes.
[WASM] Iteration 1800 | Dirtied 1.00 MB @ offset 15 MB (Integrity: OK)
[LM] Number of dirty cards transmitted: 223239
[LM] Pre-copy Iteration 7: Sent 114298368 bytes.
[WASM] Iteration 1900 | Dirtied 1.00 MB @ offset 115 MB (Integrity: OK)
[LM] Number of dirty cards transmitted: 196616
[LM] Pre-copy Iteration 8: Sent 100667392 bytes.
[LM] Number of dirty cards transmitted: 176136
[LM] Pre-copy Iteration 9: Sent 90181632 bytes.
[WASM] Iteration 2000 | Dirtied 1.00 MB @ offset 215 MB (Integrity: OK)
[LM] Number of dirty cards transmitted: 155652
[LM] Pre-copy Iteration 10: Sent 79693824 bytes.
[WASM] Iteration 2100 | Dirtied 1.00 MB @ offset 60 MB (Integrity: OK)
[LM] Number of dirty cards transmitted: 135176
[LM] Pre-copy Iteration 11: Sent 69210112 bytes.
[LM] Number of dirty cards transmitted: 120840
[LM] Pre-copy Iteration 12: Sent 61870080 bytes.
[WASM] Iteration 2200 | Dirtied 1.00 MB @ offset 160 MB (Integrity: OK)
[LM] Number of dirty cards transmitted: 108549
[LM] Pre-copy Iteration 13: Sent 55577088 bytes.
[LM] Number of dirty cards transmitted: 94215
[LM] Pre-copy Iteration 14: Sent 48238080 bytes.
[LM] Number of dirty cards transmitted: 83973
[LM] Pre-copy Iteration 15: Sent 42994176 bytes.
[WASM] Iteration 2300 | Dirtied 1.00 MB @ offset 5 MB (Integrity: OK)
[LM] Number of dirty cards transmitted: 73733
[LM] Pre-copy Iteration 16: Sent 37751296 bytes.
[LM] Number of dirty cards transmitted: 65544
[LM] Pre-copy Iteration 17: Sent 33558528 bytes.
[LM] Number of dirty cards transmitted: 57349
[LM] Pre-copy Iteration 18: Sent 29362688 bytes.
[LM] Number of dirty cards transmitted: 51205
[LM] Pre-copy Iteration 19: Sent 26216960 bytes.
[WASM] Iteration 2400 | Dirtied 1.00 MB @ offset 105 MB (Integrity: OK)
[LM] Number of dirty cards transmitted: 47109
[LM] Pre-copy Iteration 20: Sent 24119808 bytes.
[LM] Number of dirty cards transmitted: 40968
[LM] Pre-copy Iteration 21: Sent 20975616 bytes.
[LM] Number of dirty cards transmitted: 36868
[LM] Pre-copy Iteration 22: Sent 18876416 bytes.
[LM] Number of dirty cards transmitted: 32773
[LM] Pre-copy Iteration 23: Sent 16779776 bytes.
[LM] Number of dirty cards transmitted: 26629
[LM] Pre-copy Iteration 24: Sent 13634048 bytes.
[LM] Number of dirty cards transmitted: 24581
[LM] Pre-copy Iteration 25: Sent 12585472 bytes.
[LM] Number of dirty cards transmitted: 22533
[LM] Pre-copy Iteration 26: Sent 11536896 bytes.
[WASM] Iteration 2500 | Dirtied 1.00 MB @ offset 205 MB (Integrity: OK)
[LM] Number of dirty cards transmitted: 18437
[LM] Pre-copy Iteration 27: Sent 9439744 bytes.
[LM] Pre-copy threshold reached. Moving to final handover.
[LM] Incremental pre-copy completed. Took 17102.497070 ms
[LM] Bulk + Precopy duration 5326.283000 ms
[LM] Received 0xEOF_RECONSTRUCT, halting execution for final handover...
[LM/Checkpoint] Migration triggered! Dumping state...
[LM/Checkpoint] State synced to frame structures.
[LM] Phase 2: Sending final dirty pages and context...
[LM] Number of dirty cards transmitted: 22536
[LM] Send final dirty pages took 36.352000 ms
[LM] Checkpoint dirty state took 0.081000 ms
[LM/Checkpoint] Live migration completed at 1785171114630.197998 ms. Migration took 19530.657715 ms
[LM/Checkpoint] Took 36.565000 ms to checkpoint application
