[LM] Starting migration server on port 8010 in background...
[LM] Migration server started (1785244602344.737549 ms).
[LM] Server waiting for connection on port 8010...
[WASM] Options: Allocating 256 MB | Rate: 120 MB/s | Step: 10 ms (1.20 MB/iter)
[WASM] Writing initial test patterns to all 256 MB of pages...
[WASM] Memory initialized. Starting loop with 120 MB updates per second...
[WASM] Iteration 0 | Dirtied 1.20 MB @ offset 0 MB (Integrity: OK)
[WASM] Iteration 100 | Dirtied 1.20 MB @ offset 119 MB (Integrity: OK)
[WASM] Iteration 200 | Dirtied 1.20 MB @ offset 239 MB (Integrity: OK)
[WASM] Iteration 300 | Dirtied 1.20 MB @ offset 105 MB (Integrity: OK)
[WASM] Iteration 400 | Dirtied 1.20 MB @ offset 225 MB (Integrity: OK)
[WASM] Iteration 500 | Dirtied 1.20 MB @ offset 90 MB (Integrity: OK)
[LM] Client connected. Migration is initiated (1785244607594.121094 ms)...
[LM/Checkpoint] Sync all to frame at opcode=10 (next=41)
CHECK: frame 0x5555ea07c9c0, frame->ip 65
[LM/Checkpoint] Memory snapshot captured after 4.255371 ms
[LM/Checkpoint] Phase 1.1: Sending state metadata...
[LM/Checkpoint] Memory metadata transmitted after 0.036377 ms
[LM/Checkpoint] Phase 1.2: Sending initial bulk memory (256 MB)...
[LM/Checkpoint] Main interpreter thread halted for 0.037000 ms
[WASM] Iteration 600 | Dirtied 1.20 MB @ offset 210 MB (Integrity: OK)
[WASM] Iteration 700 | Dirtied 1.20 MB @ offset 75 MB (Integrity: OK)
[LM/Checkpoint] Linear memory transmitted after 2306.065918 ms
[LM/Checkpoint] Wrote stack and shadow stack frames to stream (frame count: 7, frame offset: 2888)
[LM/Checkpoint] Frames transmitted after 0.020996 ms
[LM/Checkpoint] Capturing the UDP state took 0.002000 ms (fd: 0, port: 0)
[LM/Checkpoint] Initial full linear memory handover duration 137.240000 ms
[LM/Checkpoint] Received 0xEOF_RECONSTRUCT, halting execution for final handover (1785244609934.993408 ms)...
[LM/Checkpoint] Migration server completed its tasks
[LM/Checkpoint] Initial membrane chunk transmitted after 37.691650 ms
[LM/Checkpoint] Migration client completed its tasks
[LM/Checkpoint] Migration completed in 2358.197021 ms
[LM/Checkpoint] Live migration completed at 1785244607594.181152 ms.
[LM/Checkpoint] Program halts at 1785244609952.351807 ms.
[LM/Checkpoint] Closing migration connections...
[LM/Checkpoint] Closed all migration connections!
