[LM] Starting migration server on port 8010 in background...
[LM] Server waiting for connection on port 8010...
[WASM] Options: Allocating 256 MB | Rate: 10 MB/s | Step: 10 ms (0.10 MB/iter)
[WASM] Writing initial test patterns to all 256 MB of pages...
[WASM] Memory initialized. Starting loop with 10 MB updates per second...
[WASM] Iteration 0 | Dirtied 0.10 MB @ offset 0 MB (Integrity: OK)
[WASM] Iteration 100 | Dirtied 0.10 MB @ offset 9 MB (Integrity: OK)
[WASM] Iteration 200 | Dirtied 0.10 MB @ offset 19 MB (Integrity: OK)
[WASM] Iteration 300 | Dirtied 0.10 MB @ offset 29 MB (Integrity: OK)
[WASM] Iteration 400 | Dirtied 0.10 MB @ offset 39 MB (Integrity: OK)
[WASM] Iteration 500 | Dirtied 0.10 MB @ offset 49 MB (Integrity: OK)
[WASM] Iteration 600 | Dirtied 0.10 MB @ offset 59 MB (Integrity: OK)
[LM] Client connected. Migration is initiated (1785170104559.876953 ms)...
[LM] Phase 1: Sending initial bulk memory (256 MB)...
[WASM] Iteration 700 | Dirtied 0.10 MB @ offset 69 MB (Integrity: OK)
[WASM] Iteration 800 | Dirtied 0.10 MB @ offset 79 MB (Integrity: OK)
[LM] Initial pre-copy of bulk memory completed. Took 2318.764404 ms
[LM] Phase 1.5: Starting incremental pre-copy...
[LM] Number of dirty cards transmitted: 47111
[LM] Pre-copy Iteration 1: Sent 24120832 bytes.
[LM] Number of dirty cards transmitted: 4101
[LM] Pre-copy Iteration 2: Sent 2099712 bytes.
[LM] Pre-copy threshold reached. Moving to final handover.
[LM] Incremental pre-copy completed. Took 221.080566 ms
[LM] Bulk + Precopy duration 160.264000 ms
[LM] Received 0xEOF_RECONSTRUCT, halting execution for final handover...
[LM/Checkpoint] Migration triggered! Dumping state...
[LM/Checkpoint] State synced to frame structures.
[LM] Phase 2: Sending final dirty pages and context...
[LM] Number of dirty cards transmitted: 1029
[LM] Send final dirty pages took 2.706000 ms
[LM] Checkpoint dirty state took 0.066000 ms
[LM/Checkpoint] Live migration completed at 1785170107140.794922 ms. Migration took 2580.917969 ms
[LM/Checkpoint] Took 2.915000 ms to checkpoint application
