[LM] Starting migration server on port 8010 in background...
[LM] Server waiting for connection on port 8010...
[WASM] Options: Allocating 256 MB | Rate: 70 MB/s | Step: 10 ms (0.70 MB/iter)
[WASM] Writing initial test patterns to all 256 MB of pages...
[WASM] Memory initialized. Starting loop with 70 MB updates per second...
[WASM] Iteration 0 | Dirtied 0.70 MB @ offset 0 MB (Integrity: OK)
[WASM] Iteration 100 | Dirtied 0.70 MB @ offset 69 MB (Integrity: OK)
[WASM] Iteration 200 | Dirtied 0.70 MB @ offset 139 MB (Integrity: OK)
[WASM] Iteration 300 | Dirtied 0.70 MB @ offset 209 MB (Integrity: OK)
[WASM] Iteration 400 | Dirtied 0.70 MB @ offset 24 MB (Integrity: OK)
[WASM] Iteration 500 | Dirtied 0.70 MB @ offset 94 MB (Integrity: OK)
[LM] Client connected. Migration is initiated (1785170671684.004639 ms)...
[LM] Phase 1: Sending initial bulk memory (256 MB)...
[WASM] Iteration 600 | Dirtied 0.70 MB @ offset 164 MB (Integrity: OK)
[WASM] Iteration 700 | Dirtied 0.70 MB @ offset 234 MB (Integrity: OK)
[LM] Initial pre-copy of bulk memory completed. Took 2305.118408 ms
[LM] Phase 1.5: Starting incremental pre-copy...
[WASM] Iteration 800 | Dirtied 0.70 MB @ offset 49 MB (Integrity: OK)
[LM] Number of dirty cards transmitted: 325434
[LM] Pre-copy Iteration 1: Sent 166622208 bytes.
[WASM] Iteration 900 | Dirtied 0.70 MB @ offset 119 MB (Integrity: OK)
[LM] Number of dirty cards transmitted: 202145
[LM] Pre-copy Iteration 2: Sent 103498240 bytes.
[WASM] Iteration 1000 | Dirtied 0.70 MB @ offset 189 MB (Integrity: OK)
[LM] Number of dirty cards transmitted: 126162
[LM] Pre-copy Iteration 3: Sent 64594944 bytes.
[LM] Number of dirty cards transmitted: 78855
[LM] Pre-copy Iteration 4: Sent 40373760 bytes.
[LM] Number of dirty cards transmitted: 48748
[LM] Pre-copy Iteration 5: Sent 24958976 bytes.
[LM] Number of dirty cards transmitted: 30110
[LM] Pre-copy Iteration 6: Sent 15416320 bytes.
[LM] Number of dirty cards transmitted: 18642
[LM] Pre-copy Iteration 7: Sent 9544704 bytes.
[LM] Pre-copy threshold reached. Moving to final handover.
[LM] Incremental pre-copy completed. Took 3662.926758 ms
[LM] Bulk + Precopy duration 1214.188000 ms
[LM] Received 0xEOF_RECONSTRUCT, halting execution for final handover...
[LM/Checkpoint] Migration triggered! Dumping state...
[LM/Checkpoint] State synced to frame structures.
[LM] Phase 2: Sending final dirty pages and context...
[LM] Number of dirty cards transmitted: 15775
[LM] Send final dirty pages took 24.098000 ms
[LM] Checkpoint dirty state took 0.087000 ms
[LM/Checkpoint] Live migration completed at 1785170677733.359131 ms. Migration took 6049.354736 ms
[LM/Checkpoint] Took 24.322000 ms to checkpoint application
