[LM] Starting migration server on port 8010 in background...
[LM] Server waiting for connection on port 8010...
[WASM] Options: Allocating 256 MB | Rate: 80 MB/s | Step: 10 ms (0.80 MB/iter)
[WASM] Writing initial test patterns to all 256 MB of pages...
[WASM] Memory initialized. Starting loop with 80 MB updates per second...
[WASM] Iteration 0 | Dirtied 0.80 MB @ offset 0 MB (Integrity: OK)
[WASM] Iteration 100 | Dirtied 0.80 MB @ offset 79 MB (Integrity: OK)
[WASM] Iteration 200 | Dirtied 0.80 MB @ offset 159 MB (Integrity: OK)
[WASM] Iteration 300 | Dirtied 0.80 MB @ offset 239 MB (Integrity: OK)
[WASM] Iteration 400 | Dirtied 0.80 MB @ offset 64 MB (Integrity: OK)
[WASM] Iteration 500 | Dirtied 0.80 MB @ offset 144 MB (Integrity: OK)
[WASM] Iteration 600 | Dirtied 0.80 MB @ offset 224 MB (Integrity: OK)
[LM] Client connected. Migration is initiated (1785170803855.551514 ms)...
[LM] Phase 1: Sending initial bulk memory (256 MB)...
[WASM] Iteration 700 | Dirtied 0.80 MB @ offset 49 MB (Integrity: OK)
[WASM] Iteration 800 | Dirtied 0.80 MB @ offset 129 MB (Integrity: OK)
[LM] Initial pre-copy of bulk memory completed. Took 2312.044922 ms
[LM] Phase 1.5: Starting incremental pre-copy...
[WASM] Iteration 900 | Dirtied 0.80 MB @ offset 209 MB (Integrity: OK)
[LM] Number of dirty cards transmitted: 371924
[LM] Pre-copy Iteration 1: Sent 190425088 bytes.
[WASM] Iteration 1000 | Dirtied 0.80 MB @ offset 34 MB (Integrity: OK)
[WASM] Iteration 1100 | Dirtied 0.80 MB @ offset 114 MB (Integrity: OK)
[LM] Number of dirty cards transmitted: 265428
[LM] Pre-copy Iteration 2: Sent 135899136 bytes.
[LM] Number of dirty cards transmitted: 191700
[LM] Pre-copy Iteration 3: Sent 98150400 bytes.
[WASM] Iteration 1200 | Dirtied 0.80 MB @ offset 194 MB (Integrity: OK)
[LM] Number of dirty cards transmitted: 142544
[LM] Pre-copy Iteration 4: Sent 72982528 bytes.
[WASM] Iteration 1300 | Dirtied 0.80 MB @ offset 19 MB (Integrity: OK)
[LM] Number of dirty cards transmitted: 101588
[LM] Pre-copy Iteration 5: Sent 52013056 bytes.
[LM] Number of dirty cards transmitted: 72098
[LM] Pre-copy Iteration 6: Sent 36914176 bytes.
[LM] Number of dirty cards transmitted: 50795
[LM] Pre-copy Iteration 7: Sent 26007040 bytes.
[LM] Number of dirty cards transmitted: 36050
[LM] Pre-copy Iteration 8: Sent 18457600 bytes.
[LM] Number of dirty cards transmitted: 26219
[LM] Pre-copy Iteration 9: Sent 13424128 bytes.
[LM] Number of dirty cards transmitted: 18028
[LM] Pre-copy Iteration 10: Sent 9230336 bytes.
[LM] Pre-copy threshold reached. Moving to final handover.
[LM] Incremental pre-copy completed. Took 5688.082031 ms
[LM] Bulk + Precopy duration 1743.851000 ms
[LM] Received 0xEOF_RECONSTRUCT, halting execution for final handover...
[LM/Checkpoint] Migration triggered! Dumping state...
[LM/Checkpoint] State synced to frame structures.
[LM] Phase 2: Sending final dirty pages and context...
[LM] Number of dirty cards transmitted: 18027
[LM] Send final dirty pages took 95.668000 ms
[LM] Checkpoint dirty state took 0.104000 ms
[LM/Checkpoint] Live migration completed at 1785170811986.489014 ms. Migration took 8130.937500 ms
[LM/Checkpoint] Took 96.396000 ms to checkpoint application
