[LM] Connecting to migration server 192.168.10.11:8010...
[LM Client] Receiving pre-copy chunk...
[LM Client] Receiving pre-copy chunk...
[LM Client] Receiving pre-copy chunk...
[LM Client] Receiving pre-copy chunk...
[LM Client] Receiving pre-copy chunk...
[LM Client] Receiving pre-copy chunk...
[LM Client] Receiving pre-copy chunk...
[LM Client] Receiving pre-copy chunk...
[LM Client] Receiving pre-copy chunk...
[LM Client] Receiving pre-copy chunk...
[LM Client] Receiving pre-copy chunk...
[LM Client] Receiving pre-copy chunk...
[LM Client] Receiving pre-copy chunk...
[LM Client] Receiving pre-copy chunk...
[LM Client] Receiving pre-copy chunk...
[LM Client] Receiving pre-copy chunk...
[LM Client] Receiving pre-copy chunk...
[LM Client] Receiving pre-copy chunk...
[LM Client] Receiving pre-copy chunk...
[LM Client] Receiving pre-copy chunk...
[LM Client] Receiving pre-copy chunk...
[LM Client] Receiving pre-copy chunk...
[LM Client] Receiving pre-copy chunk...
[LM Client] Receiving pre-copy chunk...
[LM Client] Receiving pre-copy chunk...
[LM Client] Receiving pre-copy chunk...
[LM Client] Receiving pre-copy chunk...
[LM Client] Receiving pre-copy chunk...
[LM Client] Receiving pre-copy chunk...
[LM Client] Receiving pre-copy chunk...
[LM Client] Receiving pre-copy chunk...
[LM Client] Receiving pre-copy chunk...
[LM Client] Receiving pre-copy chunk...
[LM Client] Receiving pre-copy chunk...
[LM Client] Receiving pre-copy chunk...
[LM Client] Receiving pre-copy chunk...
[LM Client] Receiving pre-copy chunk...
[LM Client] Receiving pre-copy chunk...
[LM Client] Receiving pre-copy chunk...
[LM Client] Receiving pre-copy chunk...
[LM Client] Receiving pre-copy chunk...
[LM Client] Receiving pre-copy chunk...
[LM Client] Receiving pre-copy chunk...
[LM Client] Receiving pre-copy chunk...
[LM Client] Receiving pre-copy chunk...
[LM Client] Receiving pre-copy chunk...
[LM Client] Receiving pre-copy chunk...
[LM Client] Receiving pre-copy chunk...
[LM Client] Receiving pre-copy chunk...
[LM Client] Receiving pre-copy chunk...
[LM Client] Receiving pre-copy chunk...
[LM Client] Receiving pre-copy chunk...
[LM Client] Receiving pre-copy chunk...
[LM Client] Receiving pre-copy chunk...
[LM Client] Receiving pre-copy chunk...
[LM Client] Receiving pre-copy chunk...
[LM Client] Receiving pre-copy chunk...
[LM Client] Receiving pre-copy chunk...
[LM Client] Receiving pre-copy chunk...
[LM Client] Receiving pre-copy chunk...
[LM Client] Receiving pre-copy chunk...
[LM Client] Receiving pre-copy chunk...
[LM Client] Receiving pre-copy chunk...
[LM Client] Receiving pre-copy chunk...
[LM Client] Receiving pre-copy chunk...
[LM Client] Receiving pre-copy chunk...
[LM Client] Receiving pre-copy chunk...
[LM Client] Receiving pre-copy chunk...
[LM Client] Receiving pre-copy chunk...
[LM Client] Receiving pre-copy chunk...
[LM Client] Receiving pre-copy chunk...
[LM Client] Receiving pre-copy chunk...
[LM Client] Receiving pre-copy chunk...
[LM Client] Receiving pre-copy chunk...
[LM Client] Receiving pre-copy chunk...
[LM Client] Receiving pre-copy chunk...
[LM Client] Receiving pre-copy chunk...
[LM Client] Receiving pre-copy chunk...
[LM Client] Receiving pre-copy chunk...
[LM Client] Receiving pre-copy chunk...
[LM Client] Receiving pre-copy chunk...
[LM Client] Receiving pre-copy chunk...
[LM Client] Receiving pre-copy chunk...
[LM Client] Receiving pre-copy chunk...
[LM Client] Receiving pre-copy chunk...
[LM Client] Receiving pre-copy chunk...
[LM Client] Receiving pre-copy chunk...
[LM Client] Receiving pre-copy chunk...
[LM Client] Receiving pre-copy chunk...
[LM Client] Receiving pre-copy chunk...
[LM Client] Receiving pre-copy chunk...
[LM Client] Receiving pre-copy chunk...
[LM Client] Receiving pre-copy chunk...
[LM Client] Receiving pre-copy chunk...
[LM Client] Receiving pre-copy chunk...
[LM Client] Receiving pre-copy chunk...
[LM Client] Receiving pre-copy chunk...
[LM Client] Receiving pre-copy chunk...
[LM Client] Receiving pre-copy chunk...
[LM Client] Receiving pre-copy chunk...
[LM Client] Pre-copy complete. Proceeding to final handover.
Frame - IP: 14, function_index: 27, func: 0x5555b5686400
  frame->ip: 0x7fff4c2131f8
END

Frame - IP: 317, function_index: 17, func: 0x5555b5686220
  frame->ip: 0x7fff4c213003
END

Frame - IP: 75, function_index: 18, func: 0x5555b5686250
  frame->ip: 0x7fff4c213070
END

Frame - IP: 2891, function_index: 10, func: 0x5555b56860d0
  frame->ip: 0x7fff4c210e87
END

Frame - IP: 114, function_index: 20, func: 0x5555b56862b0
  frame->ip: 0x7fff4c213116
END

Frame - IP: 52, function_index: 9, func: 0x5555b56860a0
  frame->ip: 0x7fff4c21029b
END

[LM Client] Migration successfully completed.
[LM] State received and restored.
[LM] Starting migration server on port 8010 in background...
[LM] Re-entering interpreter loop...
[LM/Resume] exec_env=0x5555b56871c0 cur_frame=0x5555b56889a0 module_inst=0x5555b5685a80 function=0x5555b5686400 prev_frame=0x5555b5688894 ip=0x7fff4c2131f8 (offset=14)
[LM/Resume] new function array base=0x5555b5685ef0 count=88
[LM/Resume] Took 0.008000 ms to restore application
[LM/Restore] Live migration restored at 1785171333400.734619 ms
[LM] Server waiting for connection on port 8010...
[WASM] Iteration 8400 | Dirtied 1.10 MB @ offset 63 MB (Integrity: OK)
[WASM] Iteration 8500 | Dirtied 1.10 MB @ offset 173 MB (Integrity: OK)
[WASM] Iteration 8600 | Dirtied 1.10 MB @ offset 28 MB (Integrity: OK)
[WASM] Iteration 8700 | Dirtied 1.10 MB @ offset 138 MB (Integrity: OK)
[WASM] Iteration 8800 | Dirtied 1.10 MB @ offset 248 MB (Integrity: OK)
[WASM] Iteration 8900 | Dirtied 1.10 MB @ offset 103 MB (Integrity: OK)
[WASM] Iteration 9000 | Dirtied 1.10 MB @ offset 213 MB (Integrity: OK)
[WASM] Iteration 9100 | Dirtied 1.10 MB @ offset 68 MB (Integrity: OK)
[WASM] Iteration 9200 | Dirtied 1.10 MB @ offset 178 MB (Integrity: OK)
[WASM] Iteration 9300 | Dirtied 1.10 MB @ offset 33 MB (Integrity: OK)
[WASM] Iteration 9400 | Dirtied 1.10 MB @ offset 143 MB (Integrity: OK)
[WASM] Iteration 9500 | Dirtied 1.10 MB @ offset 253 MB (Integrity: OK)
[WASM] Iteration 9600 | Dirtied 1.10 MB @ offset 109 MB (Integrity: OK)
[WASM] Iteration 9700 | Dirtied 1.10 MB @ offset 219 MB (Integrity: OK)
[WASM] Iteration 9800 | Dirtied 1.10 MB @ offset 74 MB (Integrity: OK)
[WASM] Iteration 9900 | Dirtied 1.10 MB @ offset 184 MB (Integrity: OK)
[WASM] Iteration 10000 | Dirtied 1.10 MB @ offset 39 MB (Integrity: OK)
[WASM] Iteration 10100 | Dirtied 1.10 MB @ offset 149 MB (Integrity: OK)
[WASM] Iteration 10200 | Dirtied 1.10 MB @ offset 4 MB (Integrity: OK)
[WASM] Iteration 10300 | Dirtied 1.10 MB @ offset 114 MB (Integrity: OK)
[WASM] Iteration 10400 | Dirtied 1.10 MB @ offset 224 MB (Integrity: OK)
[WASM] Iteration 10500 | Dirtied 1.10 MB @ offset 79 MB (Integrity: OK)
[WASM] Iteration 10600 | Dirtied 1.10 MB @ offset 189 MB (Integrity: OK)
[WASM] Iteration 10700 | Dirtied 1.10 MB @ offset 44 MB (Integrity: OK)
[WASM] Iteration 10800 | Dirtied 1.10 MB @ offset 154 MB (Integrity: OK)
[WASM] Iteration 10900 | Dirtied 1.10 MB @ offset 9 MB (Integrity: OK)
[WASM] Iteration 11000 | Dirtied 1.10 MB @ offset 119 MB (Integrity: OK)
[WASM] Iteration 11100 | Dirtied 1.10 MB @ offset 229 MB (Integrity: OK)
[WASM] Iteration 11200 | Dirtied 1.10 MB @ offset 84 MB (Integrity: OK)
[WASM] Iteration 11300 | Dirtied 1.10 MB @ offset 194 MB (Integrity: OK)
[WASM] Iteration 11400 | Dirtied 1.10 MB @ offset 49 MB (Integrity: OK)
[WASM] Iteration 11500 | Dirtied 1.10 MB @ offset 159 MB (Integrity: OK)
