[LM] Connecting to migration server 192.168.10.11:8010...
[LM/Restore] Connected to migration server 192.168.10.11:8010
[LM/Restore] State metadata loaded
[LM/Restore] Had to enlarge linear memory for migration
[LM/Restore] Linear memory loaded
[LM/Restore] Stack and shadow stack metadata loaded (frame count: 7, frame offset: 2888)
[LM/Restore] State restored
[LM/Restore] Initial state has been reconstructed (1785244581852.861084 ms).
[LM/Checkpoint] Migration server completed its tasks (1785244581860.164551 ms)
[LM/Checkpoint] Migration client completed its tasks (1785244581860.174561 ms)
[LM/Restore] State restoration complete (1785244581860.191650 ms).
[LM] Starting migration server on port 8010 in background...
[LM] Migration server started (1785244581860.274658 ms).
[LM/Restore] Re-entering interpreter loop...
[LM/Resume] exec_env=0x55558fecf1c0 cur_frame=0x55558fed49c0 module_inst=0x55558fecda80 function=0x55558fece400 prev_frame=0x55558fed48b4 ip=0x7fff268631f8 (offset=14, is_import=0) 1785244581860.288818 ms
[LM/Resume] New function array base=0x55558fecdef0 count=88
[LM/Resume] Took 0.008000 ms to restore application
[LM/Resume] Resuming bytecode function (1785244581860.295898)
[LM] Server waiting for connection on port 8010...
[WASM] Iteration 600 | Dirtied 1.10 MB @ offset 150 MB (Integrity: OK)
[WASM] Iteration 700 | Dirtied 1.10 MB @ offset 5 MB (Integrity: OK)
