[LM] Connecting to migration server 192.168.10.11:8010...
[LM/Restore] Connected to migration server 192.168.10.11:8010
[LM/Restore] State metadata loaded
[LM/Restore] Had to enlarge linear memory for migration
[LM/Restore] Linear memory loaded
[LM/Restore] Stack and shadow stack metadata loaded (frame count: 7, frame offset: 2888)
[LM/Restore] State restored
[LM/Restore] Initial state has been reconstructed (1785244515013.668701 ms).
[LM/Checkpoint] Migration server completed its tasks (1785244515021.030273 ms)
[LM/Checkpoint] Migration client completed its tasks (1785244515021.041748 ms)
[LM/Restore] State restoration complete (1785244515021.063721 ms).
[LM] Starting migration server on port 8010 in background...
[LM] Migration server started (1785244515021.145996 ms).
[LM/Restore] Re-entering interpreter loop...
[LM/Resume] exec_env=0x5556792cb1c0 cur_frame=0x5556792d09c0 module_inst=0x5556792c9a80 function=0x5556792ca400 prev_frame=0x5556792d08b4 ip=0x7ffec6b031f8 (offset=14, is_import=0) 1785244515021.156738 ms
[LM/Resume] New function array base=0x5556792c9ef0 count=88
[LM/Resume] Took 0.007000 ms to restore application
[LM/Resume] Resuming bytecode function (1785244515021.164795)
[LM] Server waiting for connection on port 8010...
[WASM] Iteration 600 | Dirtied 0.90 MB @ offset 29 MB (Integrity: OK)
[WASM] Iteration 700 | Dirtied 0.90 MB @ offset 119 MB (Integrity: OK)
[WASM] Iteration 800 | Dirtied 0.90 MB @ offset 209 MB (Integrity: OK)
[WASM] Iteration 900 | Dirtied 0.90 MB @ offset 44 MB (Integrity: OK)
