[LM] Connecting to migration server 192.168.10.11:8010...
[LM/Restore] Connected to migration server 192.168.10.11:8010
[LM/Restore] Membrane channel connected to 192.168.10.11:8011
[LM/Restore] State metadata loaded
[LM/Restore] Had to enlarge linear memory for migration
[LM/Restore] Linear memory loaded
[LM/Restore] Stack and shadow stack metadata loaded (frame count: 7, frame offset: 2888)
[LM/Restore] State restored
[LM/Restore] Initial state has been reconstructed (1785171227119.363770 ms).
[LM/Restore] Enter membrane replay mode (1785171227119.391357 ms)...
[LM/Checkpoint] Migration server completed its tasks (1785171227126.727051 ms)
[LM/Checkpoint] Migration client completed its tasks (1785171227126.740967 ms)
[LM/Restore] State restoration complete (1785171227126.761475 ms).
[LM] Starting migration server on port 8010 in background...
[LM] Migration server started (1785171227126.846436 ms).
[LM/Restore] Re-entering interpreter loop...
[LM/Resume] exec_env=0x55562ae9b1c0 cur_frame=0x55562aea09c0 module_inst=0x55562ae99a80 function=0x55562ae9a400 prev_frame=0x55562aea08b4 ip=0x7fff8d0831f8 (offset=14, is_import=0) 1785171227126.858643 ms
[LM/Resume] New function array base=0x55562ae99ef0 count=88
[LM/Resume] Took 0.009000 ms to restore application
[LM/Resume] Resuming bytecode function (1785171227126.868164)
[LM] Server waiting for connection on port 8010...
[LM/Restore] Closed side sock fd 5
[LM/Restore] Live migration restored at 1785171227174.990479 ms
[WASM] Iteration 1100 | Dirtied 1.10 MB @ offset 190 MB (Integrity: OK)
[WASM] Iteration 1200 | Dirtied 1.10 MB @ offset 45 MB (Integrity: OK)
