[LM] Connecting to migration server 192.168.10.11:8010...
[LM/Restore] Connected to migration server 192.168.10.11:8010
[LM/Restore] Membrane channel connected to 192.168.10.11:8011
[LM/Restore] State metadata loaded
[LM/Restore] Had to enlarge linear memory for migration
[LM/Restore] Linear memory loaded
[LM/Restore] Stack and shadow stack metadata loaded (frame count: 7, frame offset: 2888)
[LM/Restore] State restored
[LM/Restore] Initial state has been reconstructed (1785170225989.700684 ms).
[LM/Restore] Enter membrane replay mode (1785170225989.726074 ms)...
[LM/Checkpoint] Migration server completed its tasks (1785170225997.228271 ms)
[LM/Checkpoint] Migration client completed its tasks (1785170225997.237305 ms)
[LM/Restore] State restoration complete (1785170225997.254395 ms).
[LM] Starting migration server on port 8010 in background...
[LM] Migration server started (1785170225997.329834 ms).
[LM/Restore] Re-entering interpreter loop...
[LM/Resume] exec_env=0x5556363971c0 cur_frame=0x55563639c9c0 module_inst=0x555636395a80 function=0x555636396400 prev_frame=0x55563639c8b4 ip=0x7ffef9ae31f8 (offset=14, is_import=0) 1785170225997.339600 ms
[LM/Resume] New function array base=0x555636395ef0 count=88
[LM/Resume] Took 0.008000 ms to restore application
[LM/Resume] Resuming bytecode function (1785170225997.346680)
[LM] Server waiting for connection on port 8010...
[LM/Restore] Closed side sock fd 5
[LM/Restore] Live migration restored at 1785170226035.244873 ms
[WASM] Iteration 1000 | Dirtied 0.30 MB @ offset 44 MB (Integrity: OK)
[WASM] Iteration 1100 | Dirtied 0.30 MB @ offset 74 MB (Integrity: OK)
[WASM] Iteration 1200 | Dirtied 0.30 MB @ offset 104 MB (Integrity: OK)
[WASM] Iteration 1300 | Dirtied 0.30 MB @ offset 134 MB (Integrity: OK)
[WASM] Iteration 1400 | Dirtied 0.30 MB @ offset 164 MB (Integrity: OK)
