[LM] Connecting to migration server 192.168.10.11:8010...
[LM/Restore] Connected to migration server 192.168.10.11:8010
[LM/Restore] State metadata loaded
[LM/Restore] Had to enlarge linear memory for migration
[LM/Restore] Linear memory loaded
[LM/Restore] Stack and shadow stack metadata loaded (frame count: 7, frame offset: 2888)
[LM/Restore] State restored
[LM/Restore] Initial state has been reconstructed (1785244388048.393066 ms).
[LM/Checkpoint] Migration server completed its tasks (1785244388055.541748 ms)
[LM/Checkpoint] Migration client completed its tasks (1785244388055.553223 ms)
[LM/Restore] State restoration complete (1785244388055.572021 ms).
[LM] Starting migration server on port 8010 in background...
[LM] Migration server started (1785244388055.675293 ms).
[LM/Restore] Re-entering interpreter loop...
[LM/Resume] exec_env=0x55563388b1c0 cur_frame=0x5556338909c0 module_inst=0x555633889a80 function=0x55563388a400 prev_frame=0x5556338908b4 ip=0x7ffef11e31f8 (offset=14, is_import=0) 1785244388055.686523 ms
[LM/Resume] New function array base=0x555633889ef0 count=88
[LM/Resume] Took 0.007000 ms to restore application
[LM/Resume] Resuming bytecode function (1785244388055.696777)
[LM] Server waiting for connection on port 8010...
[WASM] Iteration 500 | Dirtied 0.50 MB @ offset 250 MB (Integrity: OK)
[WASM] Iteration 600 | Dirtied 0.50 MB @ offset 44 MB (Integrity: OK)
[WASM] Iteration 700 | Dirtied 0.50 MB @ offset 94 MB (Integrity: OK)
[WASM] Iteration 800 | Dirtied 0.50 MB @ offset 144 MB (Integrity: OK)
