[LM] Connecting to migration server 192.168.10.11:8010...
[LM/Restore] Connected to migration server 192.168.10.11:8010
[LM/Restore] State metadata loaded
[LM/Restore] Had to enlarge linear memory for migration
[LM/Restore] Linear memory loaded
[LM/Restore] Stack and shadow stack metadata loaded (frame count: 7, frame offset: 2888)
[LM/Restore] State restored
[LM/Restore] Initial state has been reconstructed (1785244329505.447998 ms).
[LM/Checkpoint] Migration server completed its tasks (1785244329512.854248 ms)
[LM/Checkpoint] Migration client completed its tasks (1785244329512.865479 ms)
[LM/Restore] State restoration complete (1785244329512.884521 ms).
[LM] Starting migration server on port 8010 in background...
[LM] Migration server started (1785244329512.975586 ms).
[LM/Restore] Re-entering interpreter loop...
[LM/Resume] exec_env=0x555561ec71c0 cur_frame=0x555561ecc9c0 module_inst=0x555561ec5a80 function=0x555561ec6400 prev_frame=0x555561ecc8b4 ip=0x7fffa41831f8 (offset=14, is_import=0) 1785244329512.986328 ms
[LM/Resume] New function array base=0x555561ec5ef0 count=88
[LM/Resume] Took 0.008000 ms to restore application
[LM/Resume] Resuming bytecode function (1785244329512.995605)
[LM] Server waiting for connection on port 8010...
[WASM] Iteration 600 | Dirtied 0.30 MB @ offset 179 MB (Integrity: OK)
[WASM] Iteration 700 | Dirtied 0.30 MB @ offset 209 MB (Integrity: OK)
[WASM] Iteration 800 | Dirtied 0.30 MB @ offset 239 MB (Integrity: OK)
