[LM] Connecting to migration server 192.168.10.11:8010...
[LM/Restore] Connected to migration server 192.168.10.11:8010
[LM/Restore] State metadata loaded
[LM/Restore] Had to enlarge linear memory for migration
[LM/Restore] Linear memory loaded
[LM/Restore] Stack and shadow stack metadata loaded (frame count: 7, frame offset: 2888)
[LM/Restore] State restored
[LM/Restore] Initial state has been reconstructed (1785244483938.065430 ms).
[LM/Checkpoint] Migration server completed its tasks (1785244483945.156006 ms)
[LM/Checkpoint] Migration client completed its tasks (1785244483945.167236 ms)
[LM/Restore] State restoration complete (1785244483945.184570 ms).
[LM] Starting migration server on port 8010 in background...
[LM] Migration server started (1785244483945.267822 ms).
[LM/Restore] Re-entering interpreter loop...
[LM/Resume] exec_env=0x5555dbf7b1c0 cur_frame=0x5555dbf809c0 module_inst=0x5555dbf79a80 function=0x5555dbf7a400 prev_frame=0x5555dbf808b4 ip=0x7ffec1c131f8 (offset=14, is_import=0) 1785244483945.279541 ms
[LM/Resume] New function array base=0x5555dbf79ef0 count=88
[LM/Resume] Took 0.007000 ms to restore application
[LM/Resume] Resuming bytecode function (1785244483945.287109)
[LM] Server waiting for connection on port 8010...
[WASM] Iteration 700 | Dirtied 0.80 MB @ offset 49 MB (Integrity: OK)
[WASM] Iteration 800 | Dirtied 0.80 MB @ offset 129 MB (Integrity: OK)
[WASM] Iteration 900 | Dirtied 0.80 MB @ offset 209 MB (Integrity: OK)
[WASM] Iteration 1000 | Dirtied 0.80 MB @ offset 34 MB (Integrity: OK)
