[LM] Connecting to migration server 192.168.10.11:8010...
[LM/Restore] Connected to migration server 192.168.10.11:8010
[LM/Restore] State metadata loaded
[LM/Restore] Had to enlarge linear memory for migration
[LM/Restore] Linear memory loaded
[LM/Restore] Stack and shadow stack metadata loaded (frame count: 7, frame offset: 2888)
[LM/Restore] State restored
[LM/Restore] Initial state has been reconstructed (1785244641234.286133 ms).
[LM/Checkpoint] Migration server completed its tasks (1785244641241.426758 ms)
[LM/Checkpoint] Migration client completed its tasks (1785244641241.435791 ms)
[LM/Restore] State restoration complete (1785244641241.453125 ms).
[LM] Starting migration server on port 8010 in background...
[LM] Migration server started (1785244641241.536377 ms).
[LM/Restore] Re-entering interpreter loop...
[LM/Resume] exec_env=0x5555901271c0 cur_frame=0x55559012c9c0 module_inst=0x555590125a80 function=0x555590126400 prev_frame=0x55559012c8b4 ip=0x7fff1acc31f8 (offset=14, is_import=0) 1785244641241.546143 ms
[LM/Resume] New function array base=0x555590125ef0 count=88
[LM/Resume] Took 0.007000 ms to restore application
[LM/Resume] Resuming bytecode function (1785244641241.553467)
[LM] Server waiting for connection on port 8010...
[WASM] Iteration 600 | Dirtied 1.30 MB @ offset 15 MB (Integrity: OK)
[WASM] Iteration 700 | Dirtied 1.30 MB @ offset 145 MB (Integrity: OK)
[WASM] Iteration 800 | Dirtied 1.30 MB @ offset 21 MB (Integrity: OK)
[WASM] Iteration 900 | Dirtied 1.30 MB @ offset 151 MB (Integrity: OK)
