[LM] Connecting to migration server 192.168.10.11:8010...
[LM/Restore] Connected to migration server 192.168.10.11:8010
[LM/Restore] Membrane channel connected to 192.168.10.11:8011
[LM/Restore] State metadata loaded
[LM/Restore] Had to enlarge linear memory for migration
[LM/Restore] Linear memory loaded
[LM/Restore] Stack and shadow stack metadata loaded (frame count: 7, frame offset: 2888)
[LM/Restore] State restored
[LM/Restore] Initial state has been reconstructed (1785170522801.342529 ms).
[LM/Restore] Enter membrane replay mode (1785170522801.368652 ms)...
[LM/Checkpoint] Migration server completed its tasks (1785170522808.675293 ms)
[LM/Checkpoint] Migration client completed its tasks (1785170522808.683594 ms)
[LM/Restore] State restoration complete (1785170522808.699951 ms).
[LM] Starting migration server on port 8010 in background...
[LM] Migration server started (1785170522808.775879 ms).
[LM/Restore] Re-entering interpreter loop...
[LM/Resume] exec_env=0x5555fcdeb1c0 cur_frame=0x5555fcdf09c0 module_inst=0x5555fcde9a80 function=0x5555fcdea400 prev_frame=0x5555fcdf08b4 ip=0x7fff690a31f8 (offset=14, is_import=0) 1785170522808.785889 ms
[LM/Resume] New function array base=0x5555fcde9ef0 count=88
[LM/Resume] Took 0.007000 ms to restore application
[LM/Resume] Resuming bytecode function (1785170522808.792969)
[LM] Server waiting for connection on port 8010...
[LM/Restore] Closed side sock fd 5
[LM/Restore] Live migration restored at 1785170522849.124756 ms
[WASM] Iteration 900 | Dirtied 0.60 MB @ offset 29 MB (Integrity: OK)
[WASM] Iteration 1000 | Dirtied 0.60 MB @ offset 89 MB (Integrity: OK)
[WASM] Iteration 1100 | Dirtied 0.60 MB @ offset 149 MB (Integrity: OK)
[WASM] Iteration 1200 | Dirtied 0.60 MB @ offset 209 MB (Integrity: OK)
[WASM] Iteration 1300 | Dirtied 0.60 MB @ offset 13 MB (Integrity: OK)
