[LM] Connecting to migration server 192.168.10.11:8010...
[LM/Restore] Connected to migration server 192.168.10.11:8010
[LM/Restore] State metadata loaded
[LM/Restore] Had to enlarge linear memory for migration
[LM/Restore] Linear memory loaded
[LM/Restore] Stack and shadow stack metadata loaded (frame count: 7, frame offset: 2888)
[LM/Restore] State restored
[LM/Restore] Initial state has been reconstructed (1785244451204.919922 ms).
[LM/Checkpoint] Migration server completed its tasks (1785244451212.155518 ms)
[LM/Checkpoint] Migration client completed its tasks (1785244451212.165039 ms)
[LM/Restore] State restoration complete (1785244451212.182617 ms).
[LM] Starting migration server on port 8010 in background...
[LM] Migration server started (1785244451212.267822 ms).
[LM/Restore] Re-entering interpreter loop...
[LM/Resume] exec_env=0x55559f5931c0 cur_frame=0x55559f5989c0 module_inst=0x55559f591a80 function=0x55559f592400 prev_frame=0x55559f5988b4 ip=0x7fff565131f8 (offset=14, is_import=0) 1785244451212.278564 ms
[LM/Resume] New function array base=0x55559f591ef0 count=88
[LM/Resume] Took 0.006000 ms to restore application
[LM/Resume] Resuming bytecode function (1785244451212.285400)
[LM] Server waiting for connection on port 8010...
[WASM] Iteration 500 | Dirtied 0.70 MB @ offset 94 MB (Integrity: OK)
[WASM] Iteration 600 | Dirtied 0.70 MB @ offset 164 MB (Integrity: OK)
[WASM] Iteration 700 | Dirtied 0.70 MB @ offset 234 MB (Integrity: OK)
[WASM] Iteration 800 | Dirtied 0.70 MB @ offset 49 MB (Integrity: OK)
