[LM] Connecting to migration server 192.168.10.11:8010...
[LM/Restore] Connected to migration server 192.168.10.11:8010
[LM/Restore] Membrane channel connected to 192.168.10.11:8011
[LM/Restore] State metadata loaded
[LM/Restore] Had to enlarge linear memory for migration
[LM/Restore] Linear memory loaded
[LM/Restore] Stack and shadow stack metadata loaded (frame count: 7, frame offset: 2888)
[LM/Restore] State restored
[LM/Restore] Initial state has been reconstructed (1785170412677.018555 ms).
[LM/Restore] Enter membrane replay mode (1785170412677.043213 ms)...
[LM/Checkpoint] Migration server completed its tasks (1785170412684.625000 ms)
[LM/Checkpoint] Migration client completed its tasks (1785170412684.634033 ms)
[LM/Restore] State restoration complete (1785170412684.650879 ms).
[LM] Starting migration server on port 8010 in background...
[LM] Migration server started (1785170412684.724854 ms).
[LM/Restore] Re-entering interpreter loop...
[LM/Resume] exec_env=0x5556261531c0 cur_frame=0x5556261589c0 module_inst=0x555626151a80 function=0x555626152400 prev_frame=0x5556261588b4 ip=0x7fff4fa331f8 (offset=14, is_import=0) 1785170412684.734619 ms
[LM/Resume] New function array base=0x555626151ef0 count=88
[LM/Resume] Took 0.006000 ms to restore application
[LM/Resume] Resuming bytecode function (1785170412684.741943)
[LM] Server waiting for connection on port 8010...
[LM/Restore] Closed side sock fd 5
[LM/Restore] Live migration restored at 1785170412722.610107 ms
[WASM] Iteration 900 | Dirtied 0.50 MB @ offset 194 MB (Integrity: OK)
[WASM] Iteration 1000 | Dirtied 0.50 MB @ offset 244 MB (Integrity: OK)
[WASM] Iteration 1100 | Dirtied 0.50 MB @ offset 39 MB (Integrity: OK)
[WASM] Iteration 1200 | Dirtied 0.50 MB @ offset 89 MB (Integrity: OK)
[WASM] Iteration 1300 | Dirtied 0.50 MB @ offset 139 MB (Integrity: OK)
