[LM] Connecting to migration server 192.168.10.11:8010...
[LM/Restore] Connected to migration server 192.168.10.11:8010
[LM/Restore] Membrane channel connected to 192.168.10.11:8011
[LM/Restore] State metadata loaded
[LM/Restore] Had to enlarge linear memory for migration
[LM/Restore] Linear memory loaded
[LM/Restore] Stack and shadow stack metadata loaded (frame count: 7, frame offset: 2888)
[LM/Restore] State restored
[LM/Restore] Initial state has been reconstructed (1785170077698.449219 ms).
[LM/Restore] Enter membrane replay mode (1785170077698.489258 ms)...
[LM/Checkpoint] Migration server completed its tasks (1785170077705.552002 ms)
[LM/Checkpoint] Migration client completed its tasks (1785170077705.564941 ms)
[LM/Restore] State restoration complete (1785170077705.584961 ms).
[LM] Starting migration server on port 8010 in background...
[LM] Migration server started (1785170077705.669922 ms).
[LM/Restore] Re-entering interpreter loop...
[LM/Resume] exec_env=0x55565ae931c0 cur_frame=0x55565ae989c0 module_inst=0x55565ae91a80 function=0x55565ae92400 prev_frame=0x55565ae988b4 ip=0x7fffb62831f8 (offset=14, is_import=0) 1785170077705.682129 ms
[LM/Resume] New function array base=0x55565ae91ef0 count=88
[LM/Resume] Took 0.009000 ms to restore application
[LM/Resume] Resuming bytecode function (1785170077705.692627)
[LM] Server waiting for connection on port 8010...
[LM/Restore] Closed side sock fd 5
[LM/Restore] Live migration restored at 1785170077743.535156 ms
[WASM] Iteration 1000 | Dirtied 0.10 MB @ offset 99 MB (Integrity: OK)
[WASM] Iteration 1100 | Dirtied 0.10 MB @ offset 109 MB (Integrity: OK)
[WASM] Iteration 1200 | Dirtied 0.10 MB @ offset 119 MB (Integrity: OK)
