[LM] Connecting to migration server 192.168.10.11:8010...
[LM/Restore] Connected to migration server 192.168.10.11:8010
[LM/Restore] Membrane channel connected to 192.168.10.11:8011
[LM/Restore] State metadata loaded
[LM/Restore] Had to enlarge linear memory for migration
[LM/Restore] Linear memory loaded
[LM/Restore] Stack and shadow stack metadata loaded (frame count: 7, frame offset: 2888)
[LM/Restore] State restored
[LM/Restore] Initial state has been reconstructed (1785170770700.842285 ms).
[LM/Restore] Enter membrane replay mode (1785170770700.864258 ms)...
[LM/Checkpoint] Migration server completed its tasks (1785170770707.984375 ms)
[LM/Checkpoint] Migration client completed its tasks (1785170770707.995605 ms)
[LM/Restore] State restoration complete (1785170770708.014893 ms).
[LM] Starting migration server on port 8010 in background...
[LM] Migration server started (1785170770708.085938 ms).
[LM/Restore] Re-entering interpreter loop...
[LM/Resume] exec_env=0x555570d731c0 cur_frame=0x555570d789c0 module_inst=0x555570d71a80 function=0x555570d72400 prev_frame=0x555570d788b4 ip=0x7fff20e131f8 (offset=14, is_import=0) 1785170770708.095459 ms
[LM/Resume] New function array base=0x555570d71ef0 count=88
[LM/Resume] Took 0.007000 ms to restore application
[LM/Resume] Resuming bytecode function (1785170770708.103027)
[LM] Server waiting for connection on port 8010...
[LM/Restore] Closed side sock fd 5
[LM/Restore] Live migration restored at 1785170770746.811523 ms
[WASM] Iteration 700 | Dirtied 0.80 MB @ offset 49 MB (Integrity: OK)
[WASM] Iteration 800 | Dirtied 0.80 MB @ offset 129 MB (Integrity: OK)
[WASM] Iteration 900 | Dirtied 0.80 MB @ offset 209 MB (Integrity: OK)
[WASM] Iteration 1000 | Dirtied 0.80 MB @ offset 34 MB (Integrity: OK)
[WASM] Iteration 1100 | Dirtied 0.80 MB @ offset 114 MB (Integrity: OK)
[WASM] Iteration 1200 | Dirtied 0.80 MB @ offset 194 MB (Integrity: OK)
