[LM] Starting migration server on port 8010 in background...
[LM] Server waiting for connection on port 8010...
[WASM] Options: Allocating 256 MB | Rate: 50 MB/s | Step: 10 ms (0.50 MB/iter)
[WASM] Writing initial test patterns to all 256 MB of pages...
[WASM] Memory initialized. Starting loop with 50 MB updates per second...
[WASM] Iteration 0 | Dirtied 0.50 MB @ offset 0 MB (Integrity: OK)
[WASM] Iteration 100 | Dirtied 0.50 MB @ offset 50 MB (Integrity: OK)
[WASM] Iteration 200 | Dirtied 0.50 MB @ offset 100 MB (Integrity: OK)
[WASM] Iteration 300 | Dirtied 0.50 MB @ offset 150 MB (Integrity: OK)
[WASM] Iteration 400 | Dirtied 0.50 MB @ offset 200 MB (Integrity: OK)
[LM] Client connected. Migration is initiated (1785173215089.810059 ms)...
[LM] Phase 1: Sending initial bulk memory (256 MB)...
[WASM] Iteration 500 | Dirtied 0.50 MB @ offset 250 MB (Integrity: OK)
[WASM] Iteration 600 | Dirtied 0.50 MB @ offset 44 MB (Integrity: OK)
[LM] Initial pre-copy of bulk memory completed. Took 2311.027588 ms
[LM] Phase 1.5: Starting incremental pre-copy...
[WASM] Iteration 700 | Dirtied 0.50 MB @ offset 94 MB (Integrity: OK)
[LM] Number of dirty cards transmitted: 233479
[LM] Pre-copy Iteration 1: Sent 119541248 bytes.
[LM] Number of dirty cards transmitted: 104455
[LM] Pre-copy Iteration 2: Sent 53480960 bytes.
[WASM] Iteration 800 | Dirtied 0.50 MB @ offset 144 MB (Integrity: OK)
[LM] Number of dirty cards transmitted: 46084
[LM] Pre-copy Iteration 3: Sent 23595008 bytes.
[LM] Number of dirty cards transmitted: 20487
[LM] Pre-copy Iteration 4: Sent 10489344 bytes.
[LM] Number of dirty cards transmitted: 10245
[LM] Pre-copy Iteration 5: Sent 5245440 bytes.
[LM] Pre-copy threshold reached. Moving to final handover.
[LM] Incremental pre-copy completed. Took 1825.364990 ms
[LM] Bulk + Precopy duration 643.727000 ms
[LM] Received 0xEOF_RECONSTRUCT, halting execution for final handover...
[LM/Checkpoint] Migration triggered! Dumping state...
[LM/Checkpoint] State synced to frame structures.
[LM] Phase 2: Sending final dirty pages and context...
[LM] Number of dirty cards transmitted: 6149
[LM] Send final dirty pages took 12.205000 ms
[LM] Checkpoint dirty state took 0.078000 ms
[LM/Checkpoint] Live migration completed at 1785173219272.395508 ms. Migration took 4182.585449 ms
[LM/Checkpoint] Took 12.423000 ms to checkpoint application
