[LM] Starting migration server on port 8010 in background...
[LM] Migration server started (1785173820482.009766 ms).
[LM] Server waiting for connection on port 8010...
[WASM] Options: Allocating 256 MB | Rate: 100 MB/s | Step: 10 ms (1.00 MB/iter)
[WASM] Writing initial test patterns to all 256 MB of pages...
[WASM] Memory initialized. Starting loop with 100 MB updates per second...
[WASM] Iteration 0 | Dirtied 1.00 MB @ offset 0 MB (Integrity: OK)
[WASM] Iteration 100 | Dirtied 1.00 MB @ offset 100 MB (Integrity: OK)
[WASM] Iteration 200 | Dirtied 1.00 MB @ offset 200 MB (Integrity: OK)
[WASM] Iteration 300 | Dirtied 1.00 MB @ offset 45 MB (Integrity: OK)
[WASM] Iteration 400 | Dirtied 1.00 MB @ offset 145 MB (Integrity: OK)
[WASM] Iteration 500 | Dirtied 1.00 MB @ offset 245 MB (Integrity: OK)
[LM] Client connected. Migration is initiated (1785173825651.684082 ms)...
[LM/Checkpoint] Server waiting for membrane connection on port 8011...
[LM/Checkpoint] Membrane channel connected on port 8011
[LM/Checkpoint] Sync all to frame at opcode=10 (next=41)
CHECK: frame 0x5555facf89c0, frame->ip 65
[LM/Checkpoint] Memory snapshot captured after 6.332764 ms
[LM/Checkpoint] Phase 1.1: Sending state metadata...
[LM/Checkpoint] Memory metadata transmitted after 0.038818 ms
[LM/Checkpoint] Phase 1.2: Sending initial bulk memory (256 MB)...
[LM/Checkpoint] Main interpreter thread halted for 0.050000 ms
[WASM] Iteration 600 | Dirtied 1.00 MB @ offset 90 MB (Integrity: OK)
[WASM] Iteration 700 | Dirtied 1.00 MB @ offset 190 MB (Integrity: OK)
[LM/Checkpoint] Linear memory transmitted after 2309.395508 ms
[LM/Checkpoint] Wrote stack and shadow stack frames to stream (frame count: 7, frame offset: 2888)
[LM/Checkpoint] Frames transmitted after 0.020264 ms
[LM/Checkpoint] Capturing the UDP state took 0.002000 ms (fd: 0, port: 0)
[LM/Checkpoint] Initial full linear memory handover duration 123.099000 ms
[LM/Checkpoint] Flushing 0 bytes of buffered membrane events...
[LM/Checkpoint] Received 0xEOF_RECONSTRUCT, halting execution for final handover (1785173828013.806885 ms)...
[LM/Checkpoint] Migration server completed its tasks
[LM/Checkpoint] Initial membrane chunk transmitted after 38.737061 ms
[LM/Checkpoint] Trying to converge membrane replay log...
[LM/Checkpoint] Converged naturally! Lag: 34 events (16.091309 ms).
[LM/Checkpoint] Migration client completed its tasks
[LM/Checkpoint] Migration completed in 2390.809326 ms
[LM/Checkpoint] Live migration completed at 1785173828057.077637 ms.
[LM/Checkpoint] Closing migration connections...
[LM/Checkpoint] Closed all migration connections!
