[LM] Starting migration server on port 8010 in background...
[LM] Migration server started (1785173178637.369385 ms).
[LM] Server waiting for connection on port 8010...
[WASM] Options: Allocating 256 MB | Rate: 50 MB/s | Step: 10 ms (0.50 MB/iter)
[WASM] Writing initial test patterns to all 256 MB of pages...
[WASM] Memory initialized. Starting loop with 50 MB updates per second...
[WASM] Iteration 0 | Dirtied 0.50 MB @ offset 0 MB (Integrity: OK)
[WASM] Iteration 100 | Dirtied 0.50 MB @ offset 50 MB (Integrity: OK)
[WASM] Iteration 200 | Dirtied 0.50 MB @ offset 100 MB (Integrity: OK)
[WASM] Iteration 300 | Dirtied 0.50 MB @ offset 150 MB (Integrity: OK)
[WASM] Iteration 400 | Dirtied 0.50 MB @ offset 200 MB (Integrity: OK)
[WASM] Iteration 500 | Dirtied 0.50 MB @ offset 250 MB (Integrity: OK)
[LM] Client connected. Migration is initiated (1785173183812.055664 ms)...
[LM/Checkpoint] Server waiting for membrane connection on port 8011...
[LM/Checkpoint] Membrane channel connected on port 8011
[LM/Checkpoint] Sync all to frame at opcode=10 (next=41)
CHECK: frame 0x555638c289c0, frame->ip 65
[LM/Checkpoint] Memory snapshot captured after 9.496338 ms
[LM/Checkpoint] Phase 1.1: Sending state metadata...
[LM/Checkpoint] Memory metadata transmitted after 0.039062 ms
[LM/Checkpoint] Phase 1.2: Sending initial bulk memory (256 MB)...
[LM/Checkpoint] Main interpreter thread halted for 0.042000 ms
[WASM] Iteration 600 | Dirtied 0.50 MB @ offset 44 MB (Integrity: OK)
[WASM] Iteration 700 | Dirtied 0.50 MB @ offset 94 MB (Integrity: OK)
[LM/Checkpoint] Linear memory transmitted after 2310.041016 ms
[LM/Checkpoint] Wrote stack and shadow stack frames to stream (frame count: 7, frame offset: 2888)
[LM/Checkpoint] Frames transmitted after 0.054932 ms
[LM/Checkpoint] Capturing the UDP state took 0.001000 ms (fd: 0, port: 0)
[LM/Checkpoint] Initial full linear memory handover duration 114.660000 ms
[LM/Checkpoint] Flushing 0 bytes of buffered membrane events...
[LM/Checkpoint] Received 0xEOF_RECONSTRUCT, halting execution for final handover (1785173186176.757080 ms)...
[LM/Checkpoint] Migration server completed its tasks
[LM/Checkpoint] Initial membrane chunk transmitted after 37.963623 ms
[LM/Checkpoint] Trying to converge membrane replay log...
[LM/Checkpoint] Converged naturally! Lag: 35 events (10.501465 ms).
[LM/Checkpoint] Migration client completed its tasks
[LM/Checkpoint] Migration completed in 2388.281738 ms
[LM/Checkpoint] Live migration completed at 1785173186214.644531 ms.
[LM/Checkpoint] Closing migration connections...
[LM/Checkpoint] Closed all migration connections!
