[LM] Starting migration server on port 8010 in background...
[LM] Migration server started (1785174148806.488037 ms).
[LM] Server waiting for connection on port 8010...
[WASM] Options: Allocating 256 MB | Rate: 120 MB/s | Step: 10 ms (1.20 MB/iter)
[WASM] Writing initial test patterns to all 256 MB of pages...
[WASM] Memory initialized. Starting loop with 120 MB updates per second...
[WASM] Iteration 0 | Dirtied 1.20 MB @ offset 0 MB (Integrity: OK)
[WASM] Iteration 100 | Dirtied 1.20 MB @ offset 119 MB (Integrity: OK)
[WASM] Iteration 200 | Dirtied 1.20 MB @ offset 239 MB (Integrity: OK)
[WASM] Iteration 300 | Dirtied 1.20 MB @ offset 105 MB (Integrity: OK)
[WASM] Iteration 400 | Dirtied 1.20 MB @ offset 225 MB (Integrity: OK)
[LM] Client connected. Migration is initiated (1785174152964.560547 ms)...
[LM/Checkpoint] Server waiting for membrane connection on port 8011...
[LM/Checkpoint] Membrane channel connected on port 8011
[LM/Checkpoint] Sync all to frame at opcode=10 (next=41)
CHECK: frame 0x5555e34489c0, frame->ip 65
[LM/Checkpoint] Memory snapshot captured after 7.386963 ms
[LM/Checkpoint] Phase 1.1: Sending state metadata...
[LM/Checkpoint] Memory metadata transmitted after 0.036377 ms
[LM/Checkpoint] Phase 1.2: Sending initial bulk memory (256 MB)...
[LM/Checkpoint] Main interpreter thread halted for 1.008000 ms
[WASM] Iteration 500 | Dirtied 1.20 MB @ offset 90 MB (Integrity: OK)
[WASM] Iteration 600 | Dirtied 1.20 MB @ offset 210 MB (Integrity: OK)
[LM/Checkpoint] Linear memory transmitted after 2316.716064 ms
[LM/Checkpoint] Wrote stack and shadow stack frames to stream (frame count: 7, frame offset: 2888)
[LM/Checkpoint] Frames transmitted after 0.018799 ms
[LM/Checkpoint] Capturing the UDP state took 0.002000 ms (fd: 0, port: 0)
[LM/Checkpoint] Initial full linear memory handover duration 135.360000 ms
[LM/Checkpoint] Flushing 0 bytes of buffered membrane events...
[LM/Checkpoint] Received 0xEOF_RECONSTRUCT, halting execution for final handover (1785174155327.593750 ms)...
[LM/Checkpoint] Migration server completed its tasks
[LM/Checkpoint] Initial membrane chunk transmitted after 31.530762 ms
[LM/Checkpoint] Trying to converge membrane replay log...
[LM/Checkpoint] Converged naturally! Lag: 34 events (20.513916 ms).
[LM/Checkpoint] Migration client completed its tasks
[LM/Checkpoint] Migration completed in 2396.384766 ms
[LM/Checkpoint] Live migration completed at 1785174155375.430420 ms.
[LM/Checkpoint] Closing migration connections...
[LM/Checkpoint] Closed all migration connections!
