[LM] Starting migration server on port 8010 in background...
[LM] Server waiting for connection on port 8010...
[WASM] Options: Allocating 256 MB | Rate: 40 MB/s | Step: 10 ms (0.40 MB/iter)
[WASM] Writing initial test patterns to all 256 MB of pages...
[WASM] Memory initialized. Starting loop with 40 MB updates per second...
[WASM] Iteration 0 | Dirtied 0.40 MB @ offset 0 MB (Integrity: OK)
[WASM] Iteration 100 | Dirtied 0.40 MB @ offset 39 MB (Integrity: OK)
[WASM] Iteration 200 | Dirtied 0.40 MB @ offset 79 MB (Integrity: OK)
[WASM] Iteration 300 | Dirtied 0.40 MB @ offset 119 MB (Integrity: OK)
[WASM] Iteration 400 | Dirtied 0.40 MB @ offset 159 MB (Integrity: OK)
[LM] Client connected. Migration is initiated (1785173116283.402832 ms)...
[LM] Phase 1: Sending initial bulk memory (256 MB)...
[WASM] Iteration 500 | Dirtied 0.40 MB @ offset 199 MB (Integrity: OK)
[WASM] Iteration 600 | Dirtied 0.40 MB @ offset 239 MB (Integrity: OK)
[LM] Initial pre-copy of bulk memory completed. Took 2320.638184 ms
[LM] Phase 1.5: Starting incremental pre-copy...
[WASM] Iteration 700 | Dirtied 0.40 MB @ offset 24 MB (Integrity: OK)
[LM] Number of dirty cards transmitted: 188423
[LM] Pre-copy Iteration 1: Sent 96472576 bytes.
[LM] Number of dirty cards transmitted: 67182
[LM] Pre-copy Iteration 2: Sent 34397184 bytes.
[LM] Number of dirty cards transmitted: 22943
[LM] Pre-copy Iteration 3: Sent 11746816 bytes.
[LM] Number of dirty cards transmitted: 8197
[LM] Pre-copy Iteration 4: Sent 4196864 bytes.
[LM] Pre-copy threshold reached. Moving to final handover.
[LM] Incremental pre-copy completed. Took 1253.207031 ms
[LM] Bulk + Precopy duration 480.831000 ms
[LM] Received 0xEOF_RECONSTRUCT, halting execution for final handover...
[LM/Checkpoint] Migration triggered! Dumping state...
[LM/Checkpoint] State synced to frame structures.
[LM] Phase 2: Sending final dirty pages and context...
[LM] Number of dirty cards transmitted: 5739
[LM] Send final dirty pages took 14.412000 ms
[LM] Checkpoint dirty state took 0.058000 ms
[LM/Checkpoint] Live migration completed at 1785173119913.381348 ms. Migration took 3629.978760 ms
[LM/Checkpoint] Took 14.620000 ms to checkpoint application
