[LM] Starting migration server on port 8010 in background...
[LM] Server waiting for connection on port 8010...
[WASM] Options: Allocating 256 MB | Rate: 60 MB/s | Step: 10 ms (0.60 MB/iter)
[WASM] Writing initial test patterns to all 256 MB of pages...
[WASM] Memory initialized. Starting loop with 60 MB updates per second...
[WASM] Iteration 0 | Dirtied 0.60 MB @ offset 0 MB (Integrity: OK)
[WASM] Iteration 100 | Dirtied 0.60 MB @ offset 59 MB (Integrity: OK)
[WASM] Iteration 200 | Dirtied 0.60 MB @ offset 119 MB (Integrity: OK)
[WASM] Iteration 300 | Dirtied 0.60 MB @ offset 179 MB (Integrity: OK)
[WASM] Iteration 400 | Dirtied 0.60 MB @ offset 239 MB (Integrity: OK)
[WASM] Iteration 500 | Dirtied 0.60 MB @ offset 44 MB (Integrity: OK)
[LM] Client connected. Migration is initiated (1785173321712.991211 ms)...
[LM] Phase 1: Sending initial bulk memory (256 MB)...
[WASM] Iteration 600 | Dirtied 0.60 MB @ offset 104 MB (Integrity: OK)
[WASM] Iteration 700 | Dirtied 0.60 MB @ offset 164 MB (Integrity: OK)
[LM] Initial pre-copy of bulk memory completed. Took 2319.627930 ms
[LM] Phase 1.5: Starting incremental pre-copy...
[WASM] Iteration 800 | Dirtied 0.60 MB @ offset 224 MB (Integrity: OK)
[LM] Number of dirty cards transmitted: 280172
[LM] Pre-copy Iteration 1: Sent 143448064 bytes.
[WASM] Iteration 900 | Dirtied 0.60 MB @ offset 29 MB (Integrity: OK)
[LM] Number of dirty cards transmitted: 148693
[LM] Pre-copy Iteration 2: Sent 76130816 bytes.
[LM] Number of dirty cards transmitted: 79879
[LM] Pre-copy Iteration 3: Sent 40898048 bytes.
[LM] Number of dirty cards transmitted: 43013
[LM] Pre-copy Iteration 4: Sent 22022656 bytes.
[LM] Number of dirty cards transmitted: 23352
[LM] Pre-copy Iteration 5: Sent 11956224 bytes.
[LM] Number of dirty cards transmitted: 12293
[LM] Pre-copy Iteration 6: Sent 6294016 bytes.
[LM] Pre-copy threshold reached. Moving to final handover.
[LM] Incremental pre-copy completed. Took 2589.421387 ms
[LM] Bulk + Precopy duration 869.197000 ms
[LM] Received 0xEOF_RECONSTRUCT, halting execution for final handover...
[LM/Checkpoint] Migration triggered! Dumping state...
[LM/Checkpoint] State synced to frame structures.
[LM] Phase 2: Sending final dirty pages and context...
[LM] Number of dirty cards transmitted: 9835
[LM] Send final dirty pages took 20.441000 ms
[LM] Checkpoint dirty state took 0.102000 ms
[LM/Checkpoint] Live migration completed at 1785173326684.074219 ms. Migration took 4971.083008 ms
[LM/Checkpoint] Took 20.709000 ms to checkpoint application
