[LM] Starting migration server on port 8010 in background...
[LM] Server waiting for connection on port 8010...
[WASM] Options: Allocating 256 MB | Rate: 100 MB/s | Step: 10 ms (1.00 MB/iter)
[WASM] Writing initial test patterns to all 256 MB of pages...
[WASM] Memory initialized. Starting loop with 100 MB updates per second...
[WASM] Iteration 0 | Dirtied 1.00 MB @ offset 0 MB (Integrity: OK)
[WASM] Iteration 100 | Dirtied 1.00 MB @ offset 100 MB (Integrity: OK)
[WASM] Iteration 200 | Dirtied 1.00 MB @ offset 200 MB (Integrity: OK)
[WASM] Iteration 300 | Dirtied 1.00 MB @ offset 45 MB (Integrity: OK)
[WASM] Iteration 400 | Dirtied 1.00 MB @ offset 145 MB (Integrity: OK)
[WASM] Iteration 500 | Dirtied 1.00 MB @ offset 245 MB (Integrity: OK)
[LM] Client connected. Migration is initiated (1785173859826.452637 ms)...
[LM] Phase 1: Sending initial bulk memory (256 MB)...
[WASM] Iteration 600 | Dirtied 1.00 MB @ offset 90 MB (Integrity: OK)
[WASM] Iteration 700 | Dirtied 1.00 MB @ offset 190 MB (Integrity: OK)
[LM] Initial pre-copy of bulk memory completed. Took 2316.398926 ms
[LM] Phase 1.5: Starting incremental pre-copy...
[WASM] Iteration 800 | Dirtied 1.00 MB @ offset 35 MB (Integrity: OK)
[WASM] Iteration 900 | Dirtied 1.00 MB @ offset 135 MB (Integrity: OK)
[LM] Number of dirty cards transmitted: 464903
[LM] Pre-copy Iteration 1: Sent 238030336 bytes.
[WASM] Iteration 1000 | Dirtied 1.00 MB @ offset 235 MB (Integrity: OK)
[WASM] Iteration 1100 | Dirtied 1.00 MB @ offset 80 MB (Integrity: OK)
[LM] Number of dirty cards transmitted: 411655
[LM] Pre-copy Iteration 2: Sent 210767360 bytes.
[WASM] Iteration 1200 | Dirtied 1.00 MB @ offset 180 MB (Integrity: OK)
[LM] Number of dirty cards transmitted: 364552
[LM] Pre-copy Iteration 3: Sent 186650624 bytes.
[WASM] Iteration 1300 | Dirtied 1.00 MB @ offset 25 MB (Integrity: OK)
[WASM] Iteration 1400 | Dirtied 1.00 MB @ offset 125 MB (Integrity: OK)
[LM] Number of dirty cards transmitted: 323591
[LM] Pre-copy Iteration 4: Sent 165678592 bytes.
[WASM] Iteration 1500 | Dirtied 1.00 MB @ offset 225 MB (Integrity: OK)
[LM] Number of dirty cards transmitted: 286727
[LM] Pre-copy Iteration 5: Sent 146804224 bytes.
[WASM] Iteration 1600 | Dirtied 1.00 MB @ offset 70 MB (Integrity: OK)
[LM] Number of dirty cards transmitted: 253960
[LM] Pre-copy Iteration 6: Sent 130027520 bytes.
[WASM] Iteration 1700 | Dirtied 1.00 MB @ offset 170 MB (Integrity: OK)
[LM] Number of dirty cards transmitted: 225287
[LM] Pre-copy Iteration 7: Sent 115346944 bytes.
[WASM] Iteration 1800 | Dirtied 1.00 MB @ offset 15 MB (Integrity: OK)
[LM] Number of dirty cards transmitted: 196615
[LM] Pre-copy Iteration 8: Sent 100666880 bytes.
[LM] Number of dirty cards transmitted: 176136
[LM] Pre-copy Iteration 9: Sent 90181632 bytes.
[WASM] Iteration 1900 | Dirtied 1.00 MB @ offset 115 MB (Integrity: OK)
[LM] Number of dirty cards transmitted: 155653
[LM] Pre-copy Iteration 10: Sent 79694336 bytes.
[WASM] Iteration 2000 | Dirtied 1.00 MB @ offset 215 MB (Integrity: OK)
[LM] Number of dirty cards transmitted: 137223
[LM] Pre-copy Iteration 11: Sent 70258176 bytes.
[LM] Number of dirty cards transmitted: 120840
[LM] Pre-copy Iteration 12: Sent 61870080 bytes.
[WASM] Iteration 2100 | Dirtied 1.00 MB @ offset 60 MB (Integrity: OK)
[LM] Number of dirty cards transmitted: 108549
[LM] Pre-copy Iteration 13: Sent 55577088 bytes.
[LM] Number of dirty cards transmitted: 94216
[LM] Pre-copy Iteration 14: Sent 48238592 bytes.
[LM] Number of dirty cards transmitted: 83973
[LM] Pre-copy Iteration 15: Sent 42994176 bytes.
[WASM] Iteration 2200 | Dirtied 1.00 MB @ offset 160 MB (Integrity: OK)
[LM] Number of dirty cards transmitted: 73732
[LM] Pre-copy Iteration 16: Sent 37750784 bytes.
[LM] Number of dirty cards transmitted: 65544
[LM] Pre-copy Iteration 17: Sent 33558528 bytes.
[LM] Number of dirty cards transmitted: 57349
[LM] Pre-copy Iteration 18: Sent 29362688 bytes.
[WASM] Iteration 2300 | Dirtied 1.00 MB @ offset 5 MB (Integrity: OK)
[LM] Number of dirty cards transmitted: 51205
[LM] Pre-copy Iteration 19: Sent 26216960 bytes.
[LM] Number of dirty cards transmitted: 47112
[LM] Pre-copy Iteration 20: Sent 24121344 bytes.
[LM] Number of dirty cards transmitted: 38917
[LM] Pre-copy Iteration 21: Sent 19925504 bytes.
[LM] Number of dirty cards transmitted: 36869
[LM] Pre-copy Iteration 22: Sent 18876928 bytes.
[LM] Number of dirty cards transmitted: 30725
[LM] Pre-copy Iteration 23: Sent 15731200 bytes.
[LM] Number of dirty cards transmitted: 26629
[LM] Pre-copy Iteration 24: Sent 13634048 bytes.
[LM] Number of dirty cards transmitted: 24581
[LM] Pre-copy Iteration 25: Sent 12585472 bytes.
[WASM] Iteration 2400 | Dirtied 1.00 MB @ offset 105 MB (Integrity: OK)
[LM] Number of dirty cards transmitted: 22533
[LM] Pre-copy Iteration 26: Sent 11536896 bytes.
[LM] Number of dirty cards transmitted: 18440
[LM] Pre-copy Iteration 27: Sent 9441280 bytes.
[LM] Pre-copy threshold reached. Moving to final handover.
[LM] Incremental pre-copy completed. Took 17177.469482 ms
[LM] Bulk + Precopy duration 5343.547000 ms
[LM] Received 0xEOF_RECONSTRUCT, halting execution for final handover...
[LM/Checkpoint] Migration triggered! Dumping state...
[LM/Checkpoint] State synced to frame structures.
[LM] Phase 2: Sending final dirty pages and context...
[LM] Number of dirty cards transmitted: 24581
[LM] Send final dirty pages took 44.071000 ms
[LM] Checkpoint dirty state took 0.062000 ms
[LM/Checkpoint] Live migration completed at 1785173879449.146729 ms. Migration took 19622.694336 ms
[LM/Checkpoint] Took 44.267000 ms to checkpoint application
