[LM] Connecting to migration server 192.168.10.11:8010...
[LM/Restore] Connected to migration server 192.168.10.11:8010
[LM/Restore] Membrane channel connected to 192.168.10.11:8011
[LM/Restore] State metadata loaded
[LM/Restore] Had to enlarge linear memory for migration
[LM/Restore] Linear memory loaded
[LM/Restore] Stack and shadow stack metadata loaded (frame count: 7, frame offset: 2888)
[LM/Restore] State restored
[LM/Restore] Initial state has been reconstructed (1785173291739.961670 ms).
[LM/Restore] Enter membrane replay mode (1785173291739.985352 ms)...
[LM/Checkpoint] Migration server completed its tasks (1785173291747.065918 ms)
[LM/Checkpoint] Migration client completed its tasks (1785173291747.075195 ms)
[LM/Restore] State restoration complete (1785173291747.092285 ms).
[LM] Starting migration server on port 8010 in background...
[LM] Migration server started (1785173291747.165283 ms).
[LM/Restore] Re-entering interpreter loop...
[LM/Resume] exec_env=0x5555a57ef1c0 cur_frame=0x5555a57f49c0 module_inst=0x5555a57eda80 function=0x5555a57ee400 prev_frame=0x5555a57f48b4 ip=0x7fffa63031f8 (offset=14, is_import=0) 1785173291747.175781 ms
[LM/Resume] New function array base=0x5555a57edef0 count=88
[LM/Resume] Took 0.007000 ms to restore application
[LM/Resume] Resuming bytecode function (1785173291747.183838)
[LM] Server waiting for connection on port 8010...
[LM/Restore] Closed side sock fd 5
[LM/Restore] Live migration restored at 1785173291784.970947 ms
[WASM] Iteration 800 | Dirtied 0.60 MB @ offset 224 MB (Integrity: OK)
[WASM] Iteration 900 | Dirtied 0.60 MB @ offset 29 MB (Integrity: OK)
[WASM] Iteration 1000 | Dirtied 0.60 MB @ offset 89 MB (Integrity: OK)
[WASM] Iteration 1100 | Dirtied 0.60 MB @ offset 149 MB (Integrity: OK)
[WASM] Iteration 1200 | Dirtied 0.60 MB @ offset 209 MB (Integrity: OK)
[WASM] Iteration 1300 | Dirtied 0.60 MB @ offset 13 MB (Integrity: OK)
[WASM] Iteration 1400 | Dirtied 0.60 MB @ offset 73 MB (Integrity: OK)
