[LM] Connecting to migration server 192.168.10.11:8010...
[LM/Restore] Connected to migration server 192.168.10.11:8010
[LM/Restore] Membrane channel connected to 192.168.10.11:8011
[LM/Restore] State metadata loaded
[LM/Restore] Had to enlarge linear memory for migration
[LM/Restore] Linear memory loaded
[LM/Restore] Stack and shadow stack metadata loaded (frame count: 7, frame offset: 2888)
[LM/Restore] State restored
[LM/Restore] Initial state has been reconstructed (1785174214773.151855 ms).
[LM/Restore] Enter membrane replay mode (1785174214773.175537 ms)...
[LM/Checkpoint] Migration server completed its tasks (1785174214780.558594 ms)
[LM/Checkpoint] Migration client completed its tasks (1785174214780.569336 ms)
[LM/Restore] State restoration complete (1785174214780.588135 ms).
[LM] Starting migration server on port 8010 in background...
[LM] Migration server started (1785174214780.668945 ms).
[LM/Restore] Re-entering interpreter loop...
[LM/Resume] exec_env=0x55559a8971c0 cur_frame=0x55559a89c9c0 module_inst=0x55559a895a80 function=0x55559a896400 prev_frame=0x55559a89c8b4 ip=0x7fff01f131f8 (offset=14, is_import=0) 1785174214780.678467 ms
[LM/Resume] New function array base=0x55559a895ef0 count=88
[LM/Resume] Took 0.008000 ms to restore application
[LM/Resume] Resuming bytecode function (1785174214780.687256)
[LM] Server waiting for connection on port 8010...
[LM/Restore] Closed side sock fd 5
[LM/Restore] Live migration restored at 1785174214833.744385 ms
[WASM] Iteration 700 | Dirtied 1.40 MB @ offset 216 MB (Integrity: OK)
[WASM] Iteration 800 | Dirtied 1.40 MB @ offset 101 MB (Integrity: OK)
[WASM] Iteration 900 | Dirtied 1.40 MB @ offset 241 MB (Integrity: OK)
[WASM] Iteration 1000 | Dirtied 1.40 MB @ offset 126 MB (Integrity: OK)
[WASM] Iteration 1100 | Dirtied 1.40 MB @ offset 12 MB (Integrity: OK)
