[LM] Connecting to migration server 192.168.10.11:8010...
[LM/Restore] Connected to migration server 192.168.10.11:8010
[LM/Restore] Membrane channel connected to 192.168.10.11:8011
[LM/Restore] State metadata loaded
[LM/Restore] Had to enlarge linear memory for migration
[LM/Restore] Linear memory loaded
[LM/Restore] Stack and shadow stack metadata loaded (frame count: 7, frame offset: 2888)
[LM/Restore] State restored
[LM/Restore] Initial state has been reconstructed (1785172857071.480225 ms).
[LM/Restore] Enter membrane replay mode (1785172857071.505127 ms)...
[LM/Checkpoint] Migration server completed its tasks (1785172857078.724121 ms)
[LM/Checkpoint] Migration client completed its tasks (1785172857078.732910 ms)
[LM/Restore] State restoration complete (1785172857078.749756 ms).
[LM] Starting migration server on port 8010 in background...
[LM] Migration server started (1785172857078.833252 ms).
[LM/Restore] Re-entering interpreter loop...
[LM/Resume] exec_env=0x555620c3f1c0 cur_frame=0x555620c449c0 module_inst=0x555620c3da80 function=0x555620c3e400 prev_frame=0x555620c448b4 ip=0x7fff289831f8 (offset=14, is_import=0) 1785172857078.842285 ms
[LM/Resume] New function array base=0x555620c3def0 count=88
[LM/Resume] Took 0.007000 ms to restore application
[LM/Resume] Resuming bytecode function (1785172857078.849854)
[LM] Server waiting for connection on port 8010...
[LM/Restore] Closed side sock fd 5
[LM/Restore] Live migration restored at 1785172857116.782471 ms
[WASM] Iteration 800 | Dirtied 0.10 MB @ offset 79 MB (Integrity: OK)
[WASM] Iteration 900 | Dirtied 0.10 MB @ offset 89 MB (Integrity: OK)
[WASM] Iteration 1000 | Dirtied 0.10 MB @ offset 99 MB (Integrity: OK)
[WASM] Iteration 1100 | Dirtied 0.10 MB @ offset 109 MB (Integrity: OK)
