[LM] Connecting to migration server 192.168.10.11:8010...
[LM Client] Receiving pre-copy chunk...
[LM Client] Receiving pre-copy chunk...
[LM Client] Receiving pre-copy chunk...
[LM Client] Receiving pre-copy chunk...
[LM Client] Receiving pre-copy chunk...
[LM Client] Receiving pre-copy chunk...
[LM Client] Receiving pre-copy chunk...
[LM Client] Receiving pre-copy chunk...
[LM Client] Receiving pre-copy chunk...
[LM Client] Receiving pre-copy chunk...
[LM Client] Pre-copy complete. Proceeding to final handover.
Frame - IP: 14, function_index: 27, func: 0x5555a8122400
  frame->ip: 0x7fffbdcb31f8
END

Frame - IP: 317, function_index: 17, func: 0x5555a8122220
  frame->ip: 0x7fffbdcb3003
END

Frame - IP: 75, function_index: 18, func: 0x5555a8122250
  frame->ip: 0x7fffbdcb3070
END

Frame - IP: 2891, function_index: 10, func: 0x5555a81220d0
  frame->ip: 0x7fffbdcb0e87
END

Frame - IP: 114, function_index: 20, func: 0x5555a81222b0
  frame->ip: 0x7fffbdcb3116
END

Frame - IP: 52, function_index: 9, func: 0x5555a81220a0
  frame->ip: 0x7fffbdcb029b
END

[LM Client] Migration successfully completed.
[LM] State received and restored.
[LM] Starting migration server on port 8010 in background...
[LM] Re-entering interpreter loop...
[LM/Resume] exec_env=0x5555a81231c0 cur_frame=0x5555a81249a0 module_inst=0x5555a8121a80 function=0x5555a8122400 prev_frame=0x5555a8124894 ip=0x7fffbdcb31f8 (offset=14)
[LM/Resume] new function array base=0x5555a8121ef0 count=88
[LM/Resume] Took 0.007000 ms to restore application
[LM/Restore] Live migration restored at 1785173577772.599365 ms
[LM] Server waiting for connection on port 8010...
[WASM] Iteration 1400 | Dirtied 0.80 MB @ offset 99 MB (Integrity: OK)
[WASM] Iteration 1500 | Dirtied 0.80 MB @ offset 179 MB (Integrity: OK)
[WASM] Iteration 1600 | Dirtied 0.80 MB @ offset 3 MB (Integrity: OK)
[WASM] Iteration 1700 | Dirtied 0.80 MB @ offset 83 MB (Integrity: OK)
[WASM] Iteration 1800 | Dirtied 0.80 MB @ offset 163 MB (Integrity: OK)
[WASM] Iteration 1900 | Dirtied 0.80 MB @ offset 243 MB (Integrity: OK)
[WASM] Iteration 2000 | Dirtied 0.80 MB @ offset 68 MB (Integrity: OK)
[WASM] Iteration 2100 | Dirtied 0.80 MB @ offset 148 MB (Integrity: OK)
[WASM] Iteration 2200 | Dirtied 0.80 MB @ offset 228 MB (Integrity: OK)
[WASM] Iteration 2300 | Dirtied 0.80 MB @ offset 53 MB (Integrity: OK)
[WASM] Iteration 2400 | Dirtied 0.80 MB @ offset 133 MB (Integrity: OK)
[WASM] Iteration 2500 | Dirtied 0.80 MB @ offset 213 MB (Integrity: OK)
[WASM] Iteration 2600 | Dirtied 0.80 MB @ offset 38 MB (Integrity: OK)
[WASM] Iteration 2700 | Dirtied 0.80 MB @ offset 118 MB (Integrity: OK)
[WASM] Iteration 2800 | Dirtied 0.80 MB @ offset 198 MB (Integrity: OK)
[WASM] Iteration 2900 | Dirtied 0.80 MB @ offset 23 MB (Integrity: OK)
[WASM] Iteration 3000 | Dirtied 0.80 MB @ offset 103 MB (Integrity: OK)
[WASM] Iteration 3100 | Dirtied 0.80 MB @ offset 183 MB (Integrity: OK)
[WASM] Iteration 3200 | Dirtied 0.80 MB @ offset 7 MB (Integrity: OK)
[WASM] Iteration 3300 | Dirtied 0.80 MB @ offset 87 MB (Integrity: OK)
[WASM] Iteration 3400 | Dirtied 0.80 MB @ offset 167 MB (Integrity: OK)
[WASM] Iteration 3500 | Dirtied 0.80 MB @ offset 247 MB (Integrity: OK)
[WASM] Iteration 3600 | Dirtied 0.80 MB @ offset 72 MB (Integrity: OK)
[WASM] Iteration 3700 | Dirtied 0.80 MB @ offset 152 MB (Integrity: OK)
[WASM] Iteration 3800 | Dirtied 0.80 MB @ offset 232 MB (Integrity: OK)
[WASM] Iteration 3900 | Dirtied 0.80 MB @ offset 57 MB (Integrity: OK)
[WASM] Iteration 4000 | Dirtied 0.80 MB @ offset 137 MB (Integrity: OK)
[WASM] Iteration 4100 | Dirtied 0.80 MB @ offset 217 MB (Integrity: OK)
[WASM] Iteration 4200 | Dirtied 0.80 MB @ offset 42 MB (Integrity: OK)
[WASM] Iteration 4300 | Dirtied 0.80 MB @ offset 122 MB (Integrity: OK)
[WASM] Iteration 4400 | Dirtied 0.80 MB @ offset 202 MB (Integrity: OK)
[WASM] Iteration 4500 | Dirtied 0.80 MB @ offset 27 MB (Integrity: OK)
[WASM] Iteration 4600 | Dirtied 0.80 MB @ offset 107 MB (Integrity: OK)
[WASM] Iteration 4700 | Dirtied 0.80 MB @ offset 187 MB (Integrity: OK)
[WASM] Iteration 4800 | Dirtied 0.80 MB @ offset 11 MB (Integrity: OK)
[WASM] Iteration 4900 | Dirtied 0.80 MB @ offset 91 MB (Integrity: OK)
[WASM] Iteration 5000 | Dirtied 0.80 MB @ offset 171 MB (Integrity: OK)
[WASM] Iteration 5100 | Dirtied 0.80 MB @ offset 251 MB (Integrity: OK)
[WASM] Iteration 5200 | Dirtied 0.80 MB @ offset 76 MB (Integrity: OK)
[WASM] Iteration 5300 | Dirtied 0.80 MB @ offset 156 MB (Integrity: OK)
[WASM] Iteration 5400 | Dirtied 0.80 MB @ offset 236 MB (Integrity: OK)
[WASM] Iteration 5500 | Dirtied 0.80 MB @ offset 61 MB (Integrity: OK)
[WASM] Iteration 5600 | Dirtied 0.80 MB @ offset 141 MB (Integrity: OK)
[WASM] Iteration 5700 | Dirtied 0.80 MB @ offset 221 MB (Integrity: OK)
[WASM] Iteration 5800 | Dirtied 0.80 MB @ offset 46 MB (Integrity: OK)
[WASM] Iteration 5900 | Dirtied 0.80 MB @ offset 126 MB (Integrity: OK)
[WASM] Iteration 6000 | Dirtied 0.80 MB @ offset 206 MB (Integrity: OK)
[WASM] Iteration 6100 | Dirtied 0.80 MB @ offset 31 MB (Integrity: OK)
[WASM] Iteration 6200 | Dirtied 0.80 MB @ offset 111 MB (Integrity: OK)
[WASM] Iteration 6300 | Dirtied 0.80 MB @ offset 191 MB (Integrity: OK)
[WASM] Iteration 6400 | Dirtied 0.80 MB @ offset 15 MB (Integrity: OK)
[WASM] Iteration 6500 | Dirtied 0.80 MB @ offset 95 MB (Integrity: OK)
[WASM] Iteration 6600 | Dirtied 0.80 MB @ offset 175 MB (Integrity: OK)
[WASM] Iteration 6700 | Dirtied 0.80 MB @ offset 0 MB (Integrity: OK)
[WASM] Iteration 6800 | Dirtied 0.80 MB @ offset 80 MB (Integrity: OK)
[WASM] Iteration 6900 | Dirtied 0.80 MB @ offset 160 MB (Integrity: OK)
[WASM] Iteration 7000 | Dirtied 0.80 MB @ offset 240 MB (Integrity: OK)
[WASM] Iteration 7100 | Dirtied 0.80 MB @ offset 65 MB (Integrity: OK)
[WASM] Iteration 7200 | Dirtied 0.80 MB @ offset 145 MB (Integrity: OK)
[WASM] Iteration 7300 | Dirtied 0.80 MB @ offset 225 MB (Integrity: OK)
[WASM] Iteration 7400 | Dirtied 0.80 MB @ offset 50 MB (Integrity: OK)
[WASM] Iteration 7500 | Dirtied 0.80 MB @ offset 130 MB (Integrity: OK)
[WASM] Iteration 7600 | Dirtied 0.80 MB @ offset 210 MB (Integrity: OK)
[WASM] Iteration 7700 | Dirtied 0.80 MB @ offset 35 MB (Integrity: OK)
[WASM] Iteration 7800 | Dirtied 0.80 MB @ offset 115 MB (Integrity: OK)
[WASM] Iteration 7900 | Dirtied 0.80 MB @ offset 195 MB (Integrity: OK)
[WASM] Iteration 8000 | Dirtied 0.80 MB @ offset 19 MB (Integrity: OK)
[WASM] Iteration 8100 | Dirtied 0.80 MB @ offset 99 MB (Integrity: OK)
[WASM] Iteration 8200 | Dirtied 0.80 MB @ offset 179 MB (Integrity: OK)
[WASM] Iteration 8300 | Dirtied 0.80 MB @ offset 4 MB (Integrity: OK)
[WASM] Iteration 8400 | Dirtied 0.80 MB @ offset 84 MB (Integrity: OK)
[WASM] Iteration 8500 | Dirtied 0.80 MB @ offset 164 MB (Integrity: OK)
[WASM] Iteration 8600 | Dirtied 0.80 MB @ offset 244 MB (Integrity: OK)
[WASM] Iteration 8700 | Dirtied 0.80 MB @ offset 69 MB (Integrity: OK)
