[LM] Connecting to migration server 192.168.10.11:8010...
[LM/Restore] Connected to migration server 192.168.10.11:8010
[LM/Restore] Membrane channel connected to 192.168.10.11:8011
[LM/Restore] State metadata loaded
[LM/Restore] Had to enlarge linear memory for migration
[LM/Restore] Linear memory loaded
[LM/Restore] Stack and shadow stack metadata loaded (frame count: 7, frame offset: 2888)
[LM/Restore] State restored
[LM/Restore] Initial state has been reconstructed (1785173000082.609131 ms).
[LM/Restore] Enter membrane replay mode (1785173000082.632324 ms)...
[LM/Checkpoint] Migration server completed its tasks (1785173000089.735352 ms)
[LM/Checkpoint] Migration client completed its tasks (1785173000089.744629 ms)
[LM/Restore] State restoration complete (1785173000089.762451 ms).
[LM] Starting migration server on port 8010 in background...
[LM] Migration server started (1785173000089.834961 ms).
[LM/Restore] Re-entering interpreter loop...
[LM/Resume] exec_env=0x5555a74c31c0 cur_frame=0x5555a74c89c0 module_inst=0x5555a74c1a80 function=0x5555a74c2400 prev_frame=0x5555a74c88b4 ip=0x7fff427931f8 (offset=14, is_import=0) 1785173000089.844238 ms
[LM/Resume] New function array base=0x5555a74c1ef0 count=88
[LM/Resume] Took 0.007000 ms to restore application
[LM/Resume] Resuming bytecode function (1785173000089.851318)
[LM] Server waiting for connection on port 8010...
[LM/Restore] Closed side sock fd 5
[LM/Restore] Live migration restored at 1785173000127.536865 ms
[WASM] Iteration 800 | Dirtied 0.30 MB @ offset 239 MB (Integrity: OK)
[WASM] Iteration 900 | Dirtied 0.30 MB @ offset 14 MB (Integrity: OK)
[WASM] Iteration 1000 | Dirtied 0.30 MB @ offset 44 MB (Integrity: OK)
