[LM] Connecting to migration server 192.168.10.11:8010...
[LM Client] Receiving pre-copy chunk...
[LM Client] Receiving pre-copy chunk...
[LM Client] Pre-copy complete. Proceeding to final handover.
Frame - IP: 14, function_index: 27, func: 0x5555845ba400
  frame->ip: 0x7fff614931f8
END

Frame - IP: 317, function_index: 17, func: 0x5555845ba220
  frame->ip: 0x7fff61493003
END

Frame - IP: 75, function_index: 18, func: 0x5555845ba250
  frame->ip: 0x7fff61493070
END

Frame - IP: 2891, function_index: 10, func: 0x5555845ba0d0
  frame->ip: 0x7fff61490e87
END

Frame - IP: 114, function_index: 20, func: 0x5555845ba2b0
  frame->ip: 0x7fff61493116
END

Frame - IP: 52, function_index: 9, func: 0x5555845ba0a0
  frame->ip: 0x7fff6149029b
END

[LM Client] Migration successfully completed.
[LM] State received and restored.
[LM] Starting migration server on port 8010 in background...
[LM] Re-entering interpreter loop...
[LM/Resume] exec_env=0x5555845bb1c0 cur_frame=0x5555845bc9a0 module_inst=0x5555845b9a80 function=0x5555845ba400 prev_frame=0x5555845bc894 ip=0x7fff614931f8 (offset=14)
[LM/Resume] new function array base=0x5555845b9ef0 count=88
[LM/Resume] Took 0.007000 ms to restore application
[LM/Restore] Live migration restored at 1785172953333.476318 ms
[LM] Server waiting for connection on port 8010...
[WASM] Iteration 800 | Dirtied 0.20 MB @ offset 159 MB (Integrity: OK)
[WASM] Iteration 900 | Dirtied 0.20 MB @ offset 179 MB (Integrity: OK)
[WASM] Iteration 1000 | Dirtied 0.20 MB @ offset 199 MB (Integrity: OK)
[WASM] Iteration 1100 | Dirtied 0.20 MB @ offset 219 MB (Integrity: OK)
[WASM] Iteration 1200 | Dirtied 0.20 MB @ offset 239 MB (Integrity: OK)
[WASM] Iteration 1300 | Dirtied 0.20 MB @ offset 4 MB (Integrity: OK)
[WASM] Iteration 1400 | Dirtied 0.20 MB @ offset 24 MB (Integrity: OK)
[WASM] Iteration 1500 | Dirtied 0.20 MB @ offset 44 MB (Integrity: OK)
[WASM] Iteration 1600 | Dirtied 0.20 MB @ offset 64 MB (Integrity: OK)
[WASM] Iteration 1700 | Dirtied 0.20 MB @ offset 84 MB (Integrity: OK)
[WASM] Iteration 1800 | Dirtied 0.20 MB @ offset 104 MB (Integrity: OK)
[WASM] Iteration 1900 | Dirtied 0.20 MB @ offset 124 MB (Integrity: OK)
[WASM] Iteration 2000 | Dirtied 0.20 MB @ offset 144 MB (Integrity: OK)
[WASM] Iteration 2100 | Dirtied 0.20 MB @ offset 164 MB (Integrity: OK)
[WASM] Iteration 2200 | Dirtied 0.20 MB @ offset 184 MB (Integrity: OK)
[WASM] Iteration 2300 | Dirtied 0.20 MB @ offset 204 MB (Integrity: OK)
[WASM] Iteration 2400 | Dirtied 0.20 MB @ offset 224 MB (Integrity: OK)
[WASM] Iteration 2500 | Dirtied 0.20 MB @ offset 244 MB (Integrity: OK)
[WASM] Iteration 2600 | Dirtied 0.20 MB @ offset 8 MB (Integrity: OK)
[WASM] Iteration 2700 | Dirtied 0.20 MB @ offset 28 MB (Integrity: OK)
[WASM] Iteration 2800 | Dirtied 0.20 MB @ offset 48 MB (Integrity: OK)
[WASM] Iteration 2900 | Dirtied 0.20 MB @ offset 68 MB (Integrity: OK)
