[LM] Connecting to migration server 192.168.10.11:8010...
[LM/Restore] Connected to migration server 192.168.10.11:8010
[LM/Restore] Membrane channel connected to 192.168.10.11:8011
[LM/Restore] State metadata loaded
[LM/Restore] Had to enlarge linear memory for migration
[LM/Restore] Linear memory loaded
[LM/Restore] Stack and shadow stack metadata loaded (frame count: 7, frame offset: 2888)
[LM/Restore] State restored
[LM/Restore] Initial state has been reconstructed (1785174186574.882324 ms).
[LM/Restore] Enter membrane replay mode (1785174186574.907715 ms)...
[LM/Checkpoint] Migration server completed its tasks (1785174186582.180664 ms)
[LM/Checkpoint] Migration client completed its tasks (1785174186582.189453 ms)
[LM/Restore] State restoration complete (1785174186582.206787 ms).
[LM] Starting migration server on port 8010 in background...
[LM] Migration server started (1785174186582.284912 ms).
[LM/Restore] Re-entering interpreter loop...
[LM/Resume] exec_env=0x555577e9f1c0 cur_frame=0x555577ea49c0 module_inst=0x555577e9da80 function=0x555577e9e400 prev_frame=0x555577ea48b4 ip=0x7fff907531f8 (offset=14, is_import=0) 1785174186582.293213 ms
[LM/Resume] New function array base=0x555577e9def0 count=88
[LM/Resume] Took 0.007000 ms to restore application
[LM/Resume] Resuming bytecode function (1785174186582.301270)
[LM] Server waiting for connection on port 8010...
[LM/Restore] Closed side sock fd 5
[LM/Restore] Live migration restored at 1785174186632.463379 ms
[WASM] Iteration 900 | Dirtied 1.30 MB @ offset 151 MB (Integrity: OK)
[WASM] Iteration 1000 | Dirtied 1.30 MB @ offset 26 MB (Integrity: OK)
[WASM] Iteration 1100 | Dirtied 1.30 MB @ offset 156 MB (Integrity: OK)
