[LM] Connecting to migration server 192.168.10.11:8010...
[LM/Restore] Connected to migration server 192.168.10.11:8010
[LM/Restore] Membrane channel connected to 192.168.10.11:8011
[LM/Restore] State metadata loaded
[LM/Restore] Had to enlarge linear memory for migration
[LM/Restore] Linear memory loaded
[LM/Restore] Stack and shadow stack metadata loaded (frame count: 7, frame offset: 2888)
[LM/Restore] State restored
[LM/Restore] Initial state has been reconstructed (1785172922567.234131 ms).
[LM/Restore] Enter membrane replay mode (1785172922567.259033 ms)...
[LM/Checkpoint] Migration server completed its tasks (1785172922574.423340 ms)
[LM/Checkpoint] Migration client completed its tasks (1785172922574.433105 ms)
[LM/Restore] State restoration complete (1785172922574.452148 ms).
[LM] Starting migration server on port 8010 in background...
[LM] Migration server started (1785172922574.538818 ms).
[LM/Restore] Re-entering interpreter loop...
[LM/Resume] exec_env=0x5555af7071c0 cur_frame=0x5555af70c9c0 module_inst=0x5555af705a80 function=0x5555af706400 prev_frame=0x5555af70c8b4 ip=0x7fffb09c31f8 (offset=14, is_import=0) 1785172922574.549072 ms
[LM/Resume] New function array base=0x5555af705ef0 count=88
[LM/Resume] Took 0.007000 ms to restore application
[LM/Resume] Resuming bytecode function (1785172922574.556396)
[LM] Server waiting for connection on port 8010...
[LM/Restore] Closed side sock fd 5
[LM/Restore] Live migration restored at 1785172922612.499756 ms
[WASM] Iteration 800 | Dirtied 0.20 MB @ offset 159 MB (Integrity: OK)
[WASM] Iteration 900 | Dirtied 0.20 MB @ offset 179 MB (Integrity: OK)
[WASM] Iteration 1000 | Dirtied 0.20 MB @ offset 199 MB (Integrity: OK)
[WASM] Iteration 1100 | Dirtied 0.20 MB @ offset 219 MB (Integrity: OK)
[WASM] Iteration 1200 | Dirtied 0.20 MB @ offset 239 MB (Integrity: OK)
