[LM] Connecting to migration server 192.168.10.11:8010...
[LM Client] Receiving pre-copy chunk...
[LM Client] Receiving pre-copy chunk...
[LM Client] Receiving pre-copy chunk...
[LM Client] Pre-copy complete. Proceeding to final handover.
Frame - IP: 14, function_index: 27, func: 0x555622f6e400
  frame->ip: 0x7fff92f131f8
END

Frame - IP: 317, function_index: 17, func: 0x555622f6e220
  frame->ip: 0x7fff92f13003
END

Frame - IP: 75, function_index: 18, func: 0x555622f6e250
  frame->ip: 0x7fff92f13070
END

Frame - IP: 2891, function_index: 10, func: 0x555622f6e0d0
  frame->ip: 0x7fff92f10e87
END

Frame - IP: 114, function_index: 20, func: 0x555622f6e2b0
  frame->ip: 0x7fff92f13116
END

Frame - IP: 52, function_index: 9, func: 0x555622f6e0a0
  frame->ip: 0x7fff92f1029b
END

[LM Client] Migration successfully completed.
[LM] State received and restored.
[LM] Starting migration server on port 8010 in background...
[LM] Re-entering interpreter loop...
[LM/Resume] exec_env=0x555622f6f1c0 cur_frame=0x555622f709a0 module_inst=0x555622f6da80 function=0x555622f6e400 prev_frame=0x555622f70894 ip=0x7fff92f131f8 (offset=14)
[LM/Resume] new function array base=0x555622f6def0 count=88
[LM/Resume] Took 0.008000 ms to restore application
[LM/Restore] Live migration restored at 1785173033076.888428 ms
[LM] Server waiting for connection on port 8010...
[WASM] Iteration 1100 | Dirtied 0.30 MB @ offset 74 MB (Integrity: OK)
[WASM] Iteration 1200 | Dirtied 0.30 MB @ offset 104 MB (Integrity: OK)
[WASM] Iteration 1300 | Dirtied 0.30 MB @ offset 134 MB (Integrity: OK)
[WASM] Iteration 1400 | Dirtied 0.30 MB @ offset 164 MB (Integrity: OK)
[WASM] Iteration 1500 | Dirtied 0.30 MB @ offset 194 MB (Integrity: OK)
[WASM] Iteration 1600 | Dirtied 0.30 MB @ offset 224 MB (Integrity: OK)
[WASM] Iteration 1700 | Dirtied 0.30 MB @ offset 254 MB (Integrity: OK)
[WASM] Iteration 1800 | Dirtied 0.30 MB @ offset 28 MB (Integrity: OK)
[WASM] Iteration 1900 | Dirtied 0.30 MB @ offset 58 MB (Integrity: OK)
[WASM] Iteration 2000 | Dirtied 0.30 MB @ offset 88 MB (Integrity: OK)
[WASM] Iteration 2100 | Dirtied 0.30 MB @ offset 118 MB (Integrity: OK)
[WASM] Iteration 2200 | Dirtied 0.30 MB @ offset 148 MB (Integrity: OK)
[WASM] Iteration 2300 | Dirtied 0.30 MB @ offset 178 MB (Integrity: OK)
[WASM] Iteration 2400 | Dirtied 0.30 MB @ offset 208 MB (Integrity: OK)
[WASM] Iteration 2500 | Dirtied 0.30 MB @ offset 238 MB (Integrity: OK)
[WASM] Iteration 2600 | Dirtied 0.30 MB @ offset 12 MB (Integrity: OK)
[WASM] Iteration 2700 | Dirtied 0.30 MB @ offset 42 MB (Integrity: OK)
[WASM] Iteration 2800 | Dirtied 0.30 MB @ offset 72 MB (Integrity: OK)
[WASM] Iteration 2900 | Dirtied 0.30 MB @ offset 102 MB (Integrity: OK)
[WASM] Iteration 3000 | Dirtied 0.30 MB @ offset 132 MB (Integrity: OK)
[WASM] Iteration 3100 | Dirtied 0.30 MB @ offset 162 MB (Integrity: OK)
[WASM] Iteration 3200 | Dirtied 0.30 MB @ offset 192 MB (Integrity: OK)
[WASM] Iteration 3300 | Dirtied 0.30 MB @ offset 222 MB (Integrity: OK)
[WASM] Iteration 3400 | Dirtied 0.30 MB @ offset 252 MB (Integrity: OK)
[WASM] Iteration 3500 | Dirtied 0.30 MB @ offset 27 MB (Integrity: OK)
[WASM] Iteration 3600 | Dirtied 0.30 MB @ offset 57 MB (Integrity: OK)
[WASM] Iteration 3700 | Dirtied 0.30 MB @ offset 87 MB (Integrity: OK)
[WASM] Iteration 3800 | Dirtied 0.30 MB @ offset 117 MB (Integrity: OK)
[WASM] Iteration 3900 | Dirtied 0.30 MB @ offset 147 MB (Integrity: OK)
[WASM] Iteration 4000 | Dirtied 0.30 MB @ offset 177 MB (Integrity: OK)
[WASM] Iteration 4100 | Dirtied 0.30 MB @ offset 207 MB (Integrity: OK)
