[LM] Connecting to migration server 192.168.10.11:8010...
[LM/Restore] Connected to migration server 192.168.10.11:8010
[LM/Restore] Membrane channel connected to 192.168.10.11:8011
[LM/Restore] State metadata loaded
[LM/Restore] Had to enlarge linear memory for migration
[LM/Restore] Linear memory loaded
[LM/Restore] Stack and shadow stack metadata loaded (frame count: 7, frame offset: 2888)
[LM/Restore] State restored
[LM/Restore] Initial state has been reconstructed (1785173677808.722168 ms).
[LM/Restore] Enter membrane replay mode (1785173677808.753906 ms)...
[LM/Checkpoint] Migration server completed its tasks (1785173677815.895752 ms)
[LM/Checkpoint] Migration client completed its tasks (1785173677815.920166 ms)
[LM/Restore] State restoration complete (1785173677815.937012 ms).
[LM] Starting migration server on port 8010 in background...
[LM] Migration server started (1785173677816.020020 ms).
[LM/Restore] Re-entering interpreter loop...
[LM/Resume] exec_env=0x5555a0cef1c0 cur_frame=0x5555a0cf49c0 module_inst=0x5555a0ceda80 function=0x5555a0cee400 prev_frame=0x5555a0cf48b4 ip=0x7fff98c031f8 (offset=14, is_import=0) 1785173677816.031982 ms
[LM/Resume] New function array base=0x5555a0cedef0 count=88
[LM/Resume] Took 0.008000 ms to restore application
[LM/Resume] Resuming bytecode function (1785173677816.039795)
[LM] Server waiting for connection on port 8010...
[LM/Restore] Closed side sock fd 5
[LM/Restore] Live migration restored at 1785173677857.290039 ms
[WASM] Iteration 700 | Dirtied 0.90 MB @ offset 119 MB (Integrity: OK)
[WASM] Iteration 800 | Dirtied 0.90 MB @ offset 209 MB (Integrity: OK)
[WASM] Iteration 900 | Dirtied 0.90 MB @ offset 44 MB (Integrity: OK)
[WASM] Iteration 1000 | Dirtied 0.90 MB @ offset 134 MB (Integrity: OK)
[WASM] Iteration 1100 | Dirtied 0.90 MB @ offset 224 MB (Integrity: OK)
