[LM] Connecting to migration server 192.168.10.11:8010...
[LM/Restore] Connected to migration server 192.168.10.11:8010
[LM/Restore] Membrane channel connected to 192.168.10.11:8011
[LM/Restore] State metadata loaded
[LM/Restore] Had to enlarge linear memory for migration
[LM/Restore] Linear memory loaded
[LM/Restore] Stack and shadow stack metadata loaded (frame count: 7, frame offset: 2888)
[LM/Restore] State restored
[LM/Restore] Initial state has been reconstructed (1785173090433.817871 ms).
[LM/Restore] Enter membrane replay mode (1785173090433.842285 ms)...
[LM/Checkpoint] Migration server completed its tasks (1785173090441.100830 ms)
[LM/Checkpoint] Migration client completed its tasks (1785173090441.110596 ms)
[LM/Restore] State restoration complete (1785173090441.127930 ms).
[LM] Starting migration server on port 8010 in background...
[LM] Migration server started (1785173090441.209961 ms).
[LM/Restore] Re-entering interpreter loop...
[LM/Resume] exec_env=0x5555e3cab1c0 cur_frame=0x5555e3cb09c0 module_inst=0x5555e3ca9a80 function=0x5555e3caa400 prev_frame=0x5555e3cb08b4 ip=0x7fff66bc31f8 (offset=14, is_import=0) 1785173090441.218994 ms
[LM/Resume] New function array base=0x5555e3ca9ef0 count=88
[LM/Resume] Took 0.007000 ms to restore application
[LM/Resume] Resuming bytecode function (1785173090441.226318)
[LM] Server waiting for connection on port 8010...
[LM/Restore] Closed side sock fd 5
[LM/Restore] Live migration restored at 1785173090479.135010 ms
[WASM] Iteration 900 | Dirtied 0.40 MB @ offset 104 MB (Integrity: OK)
[WASM] Iteration 1000 | Dirtied 0.40 MB @ offset 144 MB (Integrity: OK)
[WASM] Iteration 1100 | Dirtied 0.40 MB @ offset 184 MB (Integrity: OK)
[WASM] Iteration 1200 | Dirtied 0.40 MB @ offset 224 MB (Integrity: OK)
