[LM] Starting migration server on port 8010 in background...
[LM] Server waiting for connection on port 8010...
[WASM] Options: Allocating 256 MB | Rate: 70 MB/s | Step: 10 ms (0.70 MB/iter)
[WASM] Writing initial test patterns to all 256 MB of pages...
[WASM] Memory initialized. Starting loop with 70 MB updates per second...
[WASM] Iteration 0 | Dirtied 0.70 MB @ offset 0 MB (Integrity: OK)
[WASM] Iteration 100 | Dirtied 0.70 MB @ offset 69 MB (Integrity: OK)
[WASM] Iteration 200 | Dirtied 0.70 MB @ offset 139 MB (Integrity: OK)
[WASM] Iteration 300 | Dirtied 0.70 MB @ offset 209 MB (Integrity: OK)
[WASM] Iteration 400 | Dirtied 0.70 MB @ offset 24 MB (Integrity: OK)
[WASM] Iteration 500 | Dirtied 0.70 MB @ offset 94 MB (Integrity: OK)
[WASM] Iteration 600 | Dirtied 0.70 MB @ offset 164 MB (Integrity: OK)
[LM] Client connected. Migration is initiated (1785168649479.495605 ms)...
[LM] Phase 1: Sending initial bulk memory (256 MB)...
[WASM] Iteration 700 | Dirtied 0.70 MB @ offset 234 MB (Integrity: OK)
[WASM] Iteration 800 | Dirtied 0.70 MB @ offset 49 MB (Integrity: OK)
[LM] Initial pre-copy of bulk memory completed. Took 2316.020996 ms
[LM] Phase 1.5: Starting incremental pre-copy...
[WASM] Iteration 900 | Dirtied 0.70 MB @ offset 119 MB (Integrity: OK)
[LM] Number of dirty cards transmitted: 326869
[LM] Pre-copy Iteration 1: Sent 167356928 bytes.
[WASM] Iteration 1000 | Dirtied 0.70 MB @ offset 189 MB (Integrity: OK)
[LM] Number of dirty cards transmitted: 202143
[LM] Pre-copy Iteration 2: Sent 103497216 bytes.
[WASM] Iteration 1100 | Dirtied 0.70 MB @ offset 4 MB (Integrity: OK)
[LM] Number of dirty cards transmitted: 126164
[LM] Pre-copy Iteration 3: Sent 64595968 bytes.
[LM] Number of dirty cards transmitted: 80289
[LM] Pre-copy Iteration 4: Sent 41107968 bytes.
[LM] Number of dirty cards transmitted: 48747
[LM] Pre-copy Iteration 5: Sent 24958464 bytes.
[WASM] Iteration 1200 | Dirtied 0.70 MB @ offset 74 MB (Integrity: OK)
[LM] Number of dirty cards transmitted: 31545
[LM] Pre-copy Iteration 6: Sent 16151040 bytes.
[LM] Number of dirty cards transmitted: 18643
[LM] Pre-copy Iteration 7: Sent 9545216 bytes.
[LM] Pre-copy threshold reached. Moving to final handover.
[LM] Incremental pre-copy completed. Took 3670.687988 ms
[LM] Bulk + Precopy duration 972.391000 ms
[LM] Received 0xEOF_RECONSTRUCT, halting execution for final handover...
[LM/Checkpoint] Migration triggered! Dumping state...
[LM/Checkpoint] State synced to frame structures.
[LM] Phase 2: Sending final dirty pages and context...
[LM] Number of dirty cards transmitted: 15775
[LM] Send final dirty pages took 19.387000 ms
[LM] Checkpoint dirty state took 0.049000 ms
[LM/Checkpoint] Live migration completed at 1785168655552.849121 ms. Migration took 6073.353516 ms
[LM/Checkpoint] Took 19.556000 ms to checkpoint application
