[LM] Starting migration server on port 8010 in background...
[LM] Server waiting for connection on port 8010...
[WASM] Options: Allocating 256 MB | Rate: 80 MB/s | Step: 10 ms (0.80 MB/iter)
[WASM] Writing initial test patterns to all 256 MB of pages...
[WASM] Memory initialized. Starting loop with 80 MB updates per second...
[WASM] Iteration 0 | Dirtied 0.80 MB @ offset 0 MB (Integrity: OK)
[WASM] Iteration 100 | Dirtied 0.80 MB @ offset 79 MB (Integrity: OK)
[WASM] Iteration 200 | Dirtied 0.80 MB @ offset 159 MB (Integrity: OK)
[WASM] Iteration 300 | Dirtied 0.80 MB @ offset 239 MB (Integrity: OK)
[WASM] Iteration 400 | Dirtied 0.80 MB @ offset 64 MB (Integrity: OK)
[WASM] Iteration 500 | Dirtied 0.80 MB @ offset 144 MB (Integrity: OK)
[WASM] Iteration 600 | Dirtied 0.80 MB @ offset 224 MB (Integrity: OK)
[LM] Client connected. Migration is initiated (1785168781931.665527 ms)...
[LM] Phase 1: Sending initial bulk memory (256 MB)...
[WASM] Iteration 700 | Dirtied 0.80 MB @ offset 49 MB (Integrity: OK)
[WASM] Iteration 800 | Dirtied 0.80 MB @ offset 129 MB (Integrity: OK)
[LM] Initial pre-copy of bulk memory completed. Took 2311.809570 ms
[LM] Phase 1.5: Starting incremental pre-copy...
[WASM] Iteration 900 | Dirtied 0.80 MB @ offset 209 MB (Integrity: OK)
[LM] Number of dirty cards transmitted: 371924
[LM] Pre-copy Iteration 1: Sent 190425088 bytes.
[WASM] Iteration 1000 | Dirtied 0.80 MB @ offset 34 MB (Integrity: OK)
[WASM] Iteration 1100 | Dirtied 0.80 MB @ offset 114 MB (Integrity: OK)
[LM] Number of dirty cards transmitted: 268705
[LM] Pre-copy Iteration 2: Sent 137576960 bytes.
[LM] Number of dirty cards transmitted: 191699
[LM] Pre-copy Iteration 3: Sent 98149888 bytes.
[WASM] Iteration 1200 | Dirtied 0.80 MB @ offset 194 MB (Integrity: OK)
[LM] Number of dirty cards transmitted: 135991
[LM] Pre-copy Iteration 4: Sent 69627392 bytes.
[LM] Number of dirty cards transmitted: 96673
[LM] Pre-copy Iteration 5: Sent 49496576 bytes.
[WASM] Iteration 1300 | Dirtied 0.80 MB @ offset 19 MB (Integrity: OK)
[LM] Number of dirty cards transmitted: 68819
[LM] Pre-copy Iteration 6: Sent 35235328 bytes.
[LM] Number of dirty cards transmitted: 47520
[LM] Pre-copy Iteration 7: Sent 24330240 bytes.
[LM] Number of dirty cards transmitted: 34412
[LM] Pre-copy Iteration 8: Sent 17618944 bytes.
[LM] Number of dirty cards transmitted: 24581
[LM] Pre-copy Iteration 9: Sent 12585472 bytes.
[LM] Number of dirty cards transmitted: 18027
[LM] Pre-copy Iteration 10: Sent 9229824 bytes.
[LM] Pre-copy threshold reached. Moving to final handover.
[LM] Incremental pre-copy completed. Took 5571.397705 ms
[LM] Bulk + Precopy duration 1587.061000 ms
[LM] Received 0xEOF_RECONSTRUCT, halting execution for final handover...
[LM/Checkpoint] Migration triggered! Dumping state...
[LM/Checkpoint] State synced to frame structures.
[LM] Phase 2: Sending final dirty pages and context...
[LM] Number of dirty cards transmitted: 18028
[LM] Send final dirty pages took 29.796000 ms
[LM] Checkpoint dirty state took 0.058000 ms
[LM/Checkpoint] Live migration completed at 1785168789918.421387 ms. Migration took 7986.755859 ms
[LM/Checkpoint] Took 29.991000 ms to checkpoint application
