[LM] Starting migration server on port 8010 in background...
[LM] Migration server started (1785169718261.302002 ms).
[LM] Server waiting for connection on port 8010...
[WASM] Options: Allocating 256 MB | Rate: 140 MB/s | Step: 10 ms (1.40 MB/iter)
[WASM] Writing initial test patterns to all 256 MB of pages...
[WASM] Memory initialized. Starting loop with 140 MB updates per second...
[WASM] Iteration 0 | Dirtied 1.40 MB @ offset 0 MB (Integrity: OK)
[WASM] Iteration 100 | Dirtied 1.40 MB @ offset 139 MB (Integrity: OK)
[WASM] Iteration 200 | Dirtied 1.40 MB @ offset 25 MB (Integrity: OK)
[WASM] Iteration 300 | Dirtied 1.40 MB @ offset 165 MB (Integrity: OK)
[WASM] Iteration 400 | Dirtied 1.40 MB @ offset 50 MB (Integrity: OK)
[WASM] Iteration 500 | Dirtied 1.40 MB @ offset 190 MB (Integrity: OK)
[LM] Client connected. Migration is initiated (1785169723472.412109 ms)...
[LM/Checkpoint] Server waiting for membrane connection on port 8011...
[LM/Checkpoint] Membrane channel connected on port 8011
[LM/Checkpoint] Sync all to frame at opcode=10 (next=41)
CHECK: frame 0x555603cdc9c0, frame->ip 65
[LM/Checkpoint] Memory snapshot captured after 7.387695 ms
[LM/Checkpoint] Phase 1.1: Sending state metadata...
[LM/Checkpoint] Memory metadata transmitted after 0.036133 ms
[LM/Checkpoint] Phase 1.2: Sending initial bulk memory (256 MB)...
[LM/Checkpoint] Main interpreter thread halted for 0.041000 ms
[WASM] Iteration 600 | Dirtied 1.40 MB @ offset 76 MB (Integrity: OK)
[WASM] Iteration 700 | Dirtied 1.40 MB @ offset 216 MB (Integrity: OK)
[LM/Checkpoint] Linear memory transmitted after 2316.736572 ms
[LM/Checkpoint] Wrote stack and shadow stack frames to stream (frame count: 7, frame offset: 2888)
[LM/Checkpoint] Frames transmitted after 0.019775 ms
[LM/Checkpoint] Capturing the UDP state took 0.002000 ms (fd: 0, port: 0)
[LM/Checkpoint] Initial full linear memory handover duration 144.131000 ms
[LM/Checkpoint] Flushing 0 bytes of buffered membrane events...
[LM/Checkpoint] Received 0xEOF_RECONSTRUCT, halting execution for final handover (1785169725833.980225 ms)...
[LM/Checkpoint] Migration server completed its tasks
[LM/Checkpoint] Initial membrane chunk transmitted after 29.874023 ms
[LM/Checkpoint] Trying to converge membrane replay log...
[LM/Checkpoint] Converged naturally! Lag: 33 events (24.924561 ms).
[LM/Checkpoint] Migration client completed its tasks
[LM/Checkpoint] Migration completed in 2399.160889 ms
[LM/Checkpoint] Live migration completed at 1785169725886.392090 ms.
[LM/Checkpoint] Closing migration connections...
[LM/Checkpoint] Closed all migration connections!
