[LM] Starting migration server on port 8010 in background...
[LM] Server waiting for connection on port 8010...
[WASM] Options: Allocating 256 MB | Rate: 100 MB/s | Step: 10 ms (1.00 MB/iter)
[WASM] Writing initial test patterns to all 256 MB of pages...
[WASM] Memory initialized. Starting loop with 100 MB updates per second...
[WASM] Iteration 0 | Dirtied 1.00 MB @ offset 0 MB (Integrity: OK)
[WASM] Iteration 100 | Dirtied 1.00 MB @ offset 100 MB (Integrity: OK)
[WASM] Iteration 200 | Dirtied 1.00 MB @ offset 200 MB (Integrity: OK)
[WASM] Iteration 300 | Dirtied 1.00 MB @ offset 45 MB (Integrity: OK)
[WASM] Iteration 400 | Dirtied 1.00 MB @ offset 145 MB (Integrity: OK)
[LM] Client connected. Migration is initiated (1785169064405.912109 ms)...
[LM] Phase 1: Sending initial bulk memory (256 MB)...
[WASM] Iteration 500 | Dirtied 1.00 MB @ offset 245 MB (Integrity: OK)
[WASM] Iteration 600 | Dirtied 1.00 MB @ offset 90 MB (Integrity: OK)
[LM] Initial pre-copy of bulk memory completed. Took 2313.526611 ms
[LM] Phase 1.5: Starting incremental pre-copy...
[WASM] Iteration 700 | Dirtied 1.00 MB @ offset 190 MB (Integrity: OK)
[WASM] Iteration 800 | Dirtied 1.00 MB @ offset 35 MB (Integrity: OK)
[LM] Number of dirty cards transmitted: 464903
[LM] Pre-copy Iteration 1: Sent 238030336 bytes.
[WASM] Iteration 900 | Dirtied 1.00 MB @ offset 135 MB (Integrity: OK)
[WASM] Iteration 1000 | Dirtied 1.00 MB @ offset 235 MB (Integrity: OK)
[LM] Number of dirty cards transmitted: 409608
[LM] Pre-copy Iteration 2: Sent 209719296 bytes.
[WASM] Iteration 1100 | Dirtied 1.00 MB @ offset 80 MB (Integrity: OK)
[LM] Number of dirty cards transmitted: 362503
[LM] Pre-copy Iteration 3: Sent 185601536 bytes.
[WASM] Iteration 1200 | Dirtied 1.00 MB @ offset 180 MB (Integrity: OK)
[WASM] Iteration 1300 | Dirtied 1.00 MB @ offset 25 MB (Integrity: OK)
[LM] Number of dirty cards transmitted: 319495
[LM] Pre-copy Iteration 4: Sent 163581440 bytes.
[WASM] Iteration 1400 | Dirtied 1.00 MB @ offset 125 MB (Integrity: OK)
[LM] Number of dirty cards transmitted: 282632
[LM] Pre-copy Iteration 5: Sent 144707584 bytes.
[WASM] Iteration 1500 | Dirtied 1.00 MB @ offset 225 MB (Integrity: OK)
[LM] Number of dirty cards transmitted: 253959
[LM] Pre-copy Iteration 6: Sent 130027008 bytes.
[WASM] Iteration 1600 | Dirtied 1.00 MB @ offset 70 MB (Integrity: OK)
[LM] Number of dirty cards transmitted: 251912
[LM] Pre-copy Iteration 7: Sent 128978944 bytes.
[WASM] Iteration 1700 | Dirtied 1.00 MB @ offset 170 MB (Integrity: OK)
[LM] Number of dirty cards transmitted: 223239
[LM] Pre-copy Iteration 8: Sent 114298368 bytes.
[WASM] Iteration 1800 | Dirtied 1.00 MB @ offset 15 MB (Integrity: OK)
[LM] Number of dirty cards transmitted: 196616
[LM] Pre-copy Iteration 9: Sent 100667392 bytes.
[WASM] Iteration 1900 | Dirtied 1.00 MB @ offset 115 MB (Integrity: OK)
[LM] Number of dirty cards transmitted: 176136
[LM] Pre-copy Iteration 10: Sent 90181632 bytes.
[LM] Number of dirty cards transmitted: 153607
[LM] Pre-copy Iteration 11: Sent 78646784 bytes.
[WASM] Iteration 2000 | Dirtied 1.00 MB @ offset 215 MB (Integrity: OK)
[LM] Number of dirty cards transmitted: 139269
[LM] Pre-copy Iteration 12: Sent 71305728 bytes.
[WASM] Iteration 2100 | Dirtied 1.00 MB @ offset 60 MB (Integrity: OK)
[LM] Number of dirty cards transmitted: 120840
[LM] Pre-copy Iteration 13: Sent 61870080 bytes.
[LM] Number of dirty cards transmitted: 108552
[LM] Pre-copy Iteration 14: Sent 55578624 bytes.
[LM] Number of dirty cards transmitted: 94213
[LM] Pre-copy Iteration 15: Sent 48237056 bytes.
[WASM] Iteration 2200 | Dirtied 1.00 MB @ offset 160 MB (Integrity: OK)
[LM] Number of dirty cards transmitted: 83972
[LM] Pre-copy Iteration 16: Sent 42993664 bytes.
[LM] Number of dirty cards transmitted: 73736
[LM] Pre-copy Iteration 17: Sent 37752832 bytes.
[LM] Number of dirty cards transmitted: 65541
[LM] Pre-copy Iteration 18: Sent 33556992 bytes.
[WASM] Iteration 2300 | Dirtied 1.00 MB @ offset 5 MB (Integrity: OK)
[LM] Number of dirty cards transmitted: 59397
[LM] Pre-copy Iteration 19: Sent 30411264 bytes.
[LM] Number of dirty cards transmitted: 51208
[LM] Pre-copy Iteration 20: Sent 26218496 bytes.
[LM] Number of dirty cards transmitted: 47109
[LM] Pre-copy Iteration 21: Sent 24119808 bytes.
[LM] Number of dirty cards transmitted: 40965
[LM] Pre-copy Iteration 22: Sent 20974080 bytes.
[LM] Number of dirty cards transmitted: 36869
[LM] Pre-copy Iteration 23: Sent 18876928 bytes.
[WASM] Iteration 2400 | Dirtied 1.00 MB @ offset 105 MB (Integrity: OK)
[LM] Number of dirty cards transmitted: 30725
[LM] Pre-copy Iteration 24: Sent 15731200 bytes.
[LM] Number of dirty cards transmitted: 26632
[LM] Pre-copy Iteration 25: Sent 13635584 bytes.
[LM] Number of dirty cards transmitted: 24581
[LM] Pre-copy Iteration 26: Sent 12585472 bytes.
[LM] Number of dirty cards transmitted: 22532
[LM] Pre-copy Iteration 27: Sent 11536384 bytes.
[LM] Number of dirty cards transmitted: 18437
[LM] Pre-copy Iteration 28: Sent 9439744 bytes.
[LM] Pre-copy threshold reached. Moving to final handover.
[LM] Incremental pre-copy completed. Took 18388.419189 ms
[LM] Bulk + Precopy duration 5659.627000 ms
[LM] Received 0xEOF_RECONSTRUCT, halting execution for final handover...
[LM/Checkpoint] Migration triggered! Dumping state...
[LM/Checkpoint] State synced to frame structures.
[LM] Phase 2: Sending final dirty pages and context...
[LM] Number of dirty cards transmitted: 22533
[LM] Send final dirty pages took 34.430000 ms
[LM] Checkpoint dirty state took 0.072000 ms
[LM/Checkpoint] Live migration completed at 1785169085221.191650 ms. Migration took 20815.279541 ms
[LM/Checkpoint] Took 34.637000 ms to checkpoint application
