[LM] Connecting to migration server 192.168.10.11:8010...
[LM/Restore] Connected to migration server 192.168.10.11:8010
[LM/Restore] State metadata loaded
[LM/Restore] Had to enlarge linear memory for migration
[LM/Restore] Linear memory loaded
[LM/Restore] Stack and shadow stack metadata loaded (frame count: 7, frame offset: 2888)
[LM/Restore] State restored
[LM/Restore] Initial state has been reconstructed (1785244019129.729248 ms).
[LM/Checkpoint] Migration server completed its tasks (1785244019137.004150 ms)
[LM/Checkpoint] Migration client completed its tasks (1785244019137.012939 ms)
[LM/Restore] State restoration complete (1785244019137.031494 ms).
[LM] Starting migration server on port 8010 in background...
[LM] Migration server started (1785244019137.119873 ms).
[LM/Restore] Re-entering interpreter loop...
[LM/Resume] exec_env=0x5556881f31c0 cur_frame=0x5556881f89c0 module_inst=0x5556881f1a80 function=0x5556881f2400 prev_frame=0x5556881f88b4 ip=0x7fff17e331f8 (offset=14, is_import=0) 1785244019137.131592 ms
[LM/Resume] New function array base=0x5556881f1ef0 count=88
[LM/Resume] Took 0.007000 ms to restore application
[LM/Resume] Resuming bytecode function (1785244019137.139404)
[LM] Server waiting for connection on port 8010...
[WASM] Iteration 800 | Dirtied 0.70 MB @ offset 49 MB (Integrity: OK)
[WASM] Iteration 900 | Dirtied 0.70 MB @ offset 119 MB (Integrity: OK)
[WASM] Iteration 1000 | Dirtied 0.70 MB @ offset 189 MB (Integrity: OK)
[WASM] Iteration 1100 | Dirtied 0.70 MB @ offset 4 MB (Integrity: OK)
