[LM] Connecting to migration server 192.168.10.11:8010...
[LM/Restore] Connected to migration server 192.168.10.11:8010
[LM/Restore] Membrane channel connected to 192.168.10.11:8011
[LM/Restore] State metadata loaded
[LM/Restore] Had to enlarge linear memory for migration
[LM/Restore] Linear memory loaded
[LM/Restore] Stack and shadow stack metadata loaded (frame count: 7, frame offset: 2888)
[LM/Restore] State restored
[LM/Restore] Initial state has been reconstructed (1785168060132.562744 ms).
[LM/Restore] Enter membrane replay mode (1785168060132.583984 ms)...
[LM/Checkpoint] Migration server completed its tasks (1785168060139.703125 ms)
[LM/Checkpoint] Migration client completed its tasks (1785168060139.711914 ms)
[LM/Restore] State restoration complete (1785168060139.729248 ms).
[LM] Starting migration server on port 8010 in background...
[LM] Migration server started (1785168060139.801270 ms).
[LM/Restore] Re-entering interpreter loop...
[LM/Resume] exec_env=0x55566edcf1c0 cur_frame=0x55566edd49c0 module_inst=0x55566edcda80 function=0x55566edce400 prev_frame=0x55566edd48b4 ip=0x7fff4e8231f8 (offset=14, is_import=0) 1785168060139.810791 ms
[LM/Resume] New function array base=0x55566edcdef0 count=88
[LM/Resume] Took 0.008000 ms to restore application
[LM/Resume] Resuming bytecode function (1785168060139.818604)
[LM] Server waiting for connection on port 8010...
[LM/Restore] Closed side sock fd 5
[LM/Restore] Live migration restored at 1785168060177.712158 ms
[WASM] Iteration 800 | Dirtied 0.10 MB @ offset 79 MB (Integrity: OK)
[WASM] Iteration 900 | Dirtied 0.10 MB @ offset 89 MB (Integrity: OK)
[WASM] Iteration 1000 | Dirtied 0.10 MB @ offset 99 MB (Integrity: OK)
