[LM] Connecting to migration server 192.168.10.11:8010...
[LM/Restore] Connected to migration server 192.168.10.11:8010
[LM/Restore] Membrane channel connected to 192.168.10.11:8011
[LM/Restore] State metadata loaded
[LM/Restore] Had to enlarge linear memory for migration
[LM/Restore] Linear memory loaded
[LM/Restore] Stack and shadow stack metadata loaded (frame count: 7, frame offset: 2888)
[LM/Restore] State restored
[LM/Restore] Initial state has been reconstructed (1785168294981.561768 ms).
[LM/Restore] Enter membrane replay mode (1785168294981.587646 ms)...
[LM/Checkpoint] Migration server completed its tasks (1785168294988.776123 ms)
[LM/Checkpoint] Migration client completed its tasks (1785168294988.785645 ms)
[LM/Restore] State restoration complete (1785168294988.802490 ms).
[LM] Starting migration server on port 8010 in background...
[LM] Migration server started (1785168294988.878418 ms).
[LM/Restore] Re-entering interpreter loop...
[LM/Resume] exec_env=0x5555a95831c0 cur_frame=0x5555a95889c0 module_inst=0x5555a9581a80 function=0x5555a9582400 prev_frame=0x5555a95888b4 ip=0x7fffb92e31f8 (offset=14, is_import=0) 1785168294988.887695 ms
[LM/Resume] New function array base=0x5555a9581ef0 count=88
[LM/Resume] Took 0.006000 ms to restore application
[LM/Resume] Resuming bytecode function (1785168294988.894287)
[LM] Server waiting for connection on port 8010...
[LM/Restore] Closed side sock fd 5
[LM/Restore] Live migration restored at 1785168295026.820068 ms
[WASM] Iteration 700 | Dirtied 0.40 MB @ offset 24 MB (Integrity: OK)
[WASM] Iteration 800 | Dirtied 0.40 MB @ offset 64 MB (Integrity: OK)
[WASM] Iteration 900 | Dirtied 0.40 MB @ offset 104 MB (Integrity: OK)
[WASM] Iteration 1000 | Dirtied 0.40 MB @ offset 144 MB (Integrity: OK)
