[LM] Connecting to migration server 192.168.10.11:8010...
[LM/Restore] Connected to migration server 192.168.10.11:8010
[LM/Restore] Membrane channel connected to 192.168.10.11:8011
[LM/Restore] State metadata loaded
[LM/Restore] Had to enlarge linear memory for migration
[LM/Restore] Linear memory loaded
[LM/Restore] Stack and shadow stack metadata loaded (frame count: 7, frame offset: 2888)
[LM/Restore] State restored
[LM/Restore] Initial state has been reconstructed (1785168208845.406250 ms).
[LM/Restore] Enter membrane replay mode (1785168208845.430176 ms)...
[LM/Checkpoint] Migration server completed its tasks (1785168208852.337891 ms)
[LM/Checkpoint] Migration client completed its tasks (1785168208852.348145 ms)
[LM/Restore] State restoration complete (1785168208852.366943 ms).
[LM] Starting migration server on port 8010 in background...
[LM] Migration server started (1785168208852.442383 ms).
[LM/Restore] Re-entering interpreter loop...
[LM/Resume] exec_env=0x5556522571c0 cur_frame=0x55565225c9c0 module_inst=0x555652255a80 function=0x555652256400 prev_frame=0x55565225c8b4 ip=0x7ffee93831f8 (offset=14, is_import=0) 1785168208852.452148 ms
[LM/Resume] New function array base=0x555652255ef0 count=88
[LM/Resume] Took 0.008000 ms to restore application
[LM/Resume] Resuming bytecode function (1785168208852.460449)
[LM] Server waiting for connection on port 8010...
[LM/Restore] Closed side sock fd 5
[LM/Restore] Live migration restored at 1785168208890.334961 ms
[WASM] Iteration 900 | Dirtied 0.30 MB @ offset 14 MB (Integrity: OK)
[WASM] Iteration 1000 | Dirtied 0.30 MB @ offset 44 MB (Integrity: OK)
[WASM] Iteration 1100 | Dirtied 0.30 MB @ offset 74 MB (Integrity: OK)
