[LM] Connecting to migration server 192.168.10.11:8010...
[LM/Restore] Connected to migration server 192.168.10.11:8010
[LM/Restore] State metadata loaded
[LM/Restore] Had to enlarge linear memory for migration
[LM/Restore] Linear memory loaded
[LM/Restore] Stack and shadow stack metadata loaded (frame count: 7, frame offset: 2888)
[LM/Restore] State restored
[LM/Restore] Initial state has been reconstructed (1785244175083.727051 ms).
[LM/Checkpoint] Migration server completed its tasks (1785244175090.794189 ms)
[LM/Checkpoint] Migration client completed its tasks (1785244175090.804199 ms)
[LM/Restore] State restoration complete (1785244175090.822021 ms).
[LM] Starting migration server on port 8010 in background...
[LM] Migration server started (1785244175090.906982 ms).
[LM/Restore] Re-entering interpreter loop...
[LM/Resume] exec_env=0x5555d0b331c0 cur_frame=0x5555d0b389c0 module_inst=0x5555d0b31a80 function=0x5555d0b32400 prev_frame=0x5555d0b388b4 ip=0x7fff2b4a31f8 (offset=14, is_import=0) 1785244175090.920654 ms
[LM/Resume] New function array base=0x5555d0b31ef0 count=88
[LM/Resume] Took 0.010000 ms to restore application
[LM/Resume] Resuming bytecode function (1785244175090.929199)
[LM] Server waiting for connection on port 8010...
[WASM] Iteration 600 | Dirtied 1.20 MB @ offset 210 MB (Integrity: OK)
[WASM] Iteration 700 | Dirtied 1.20 MB @ offset 75 MB (Integrity: OK)
[WASM] Iteration 800 | Dirtied 1.20 MB @ offset 195 MB (Integrity: OK)
[WASM] Iteration 900 | Dirtied 1.20 MB @ offset 60 MB (Integrity: OK)
