[LM] Connecting to migration server 192.168.10.11:8010...
[LM/Restore] Connected to migration server 192.168.10.11:8010
[LM/Restore] Membrane channel connected to 192.168.10.11:8011
[LM/Restore] State metadata loaded
[LM/Restore] Had to enlarge linear memory for migration
[LM/Restore] Linear memory loaded
[LM/Restore] Stack and shadow stack metadata loaded (frame count: 7, frame offset: 2888)
[LM/Restore] State restored
[LM/Restore] Initial state has been reconstructed (1785169190615.774658 ms).
[LM/Restore] Enter membrane replay mode (1785169190615.799072 ms)...
[LM/Checkpoint] Migration server completed its tasks (1785169190623.051025 ms)
[LM/Checkpoint] Migration client completed its tasks (1785169190623.061523 ms)
[LM/Restore] State restoration complete (1785169190623.082764 ms).
[LM] Starting migration server on port 8010 in background...
[LM] Migration server started (1785169190623.195312 ms).
[LM/Restore] Re-entering interpreter loop...
[LM/Resume] exec_env=0x55562604f1c0 cur_frame=0x5556260549c0 module_inst=0x55562604da80 function=0x55562604e400 prev_frame=0x5556260548b4 ip=0x7fff684931f8 (offset=14, is_import=0) 1785169190623.206543 ms
[LM/Resume] New function array base=0x55562604def0 count=88
[LM/Resume] Took 0.008000 ms to restore application
[LM/Resume] Resuming bytecode function (1785169190623.214355)
[LM] Server waiting for connection on port 8010...
[LM/Restore] Closed side sock fd 5
[LM/Restore] Live migration restored at 1785169190668.719482 ms
[WASM] Iteration 700 | Dirtied 1.10 MB @ offset 5 MB (Integrity: OK)
[WASM] Iteration 800 | Dirtied 1.10 MB @ offset 115 MB (Integrity: OK)
[WASM] Iteration 900 | Dirtied 1.10 MB @ offset 225 MB (Integrity: OK)
