[LM] Connecting to migration server 192.168.10.11:8010...
[LM/Restore] Connected to migration server 192.168.10.11:8010
[LM/Restore] State metadata loaded
[LM/Restore] Had to enlarge linear memory for migration
[LM/Restore] Linear memory loaded
[LM/Restore] Stack and shadow stack metadata loaded (frame count: 7, frame offset: 2888)
[LM/Restore] State restored
[LM/Restore] Initial state has been reconstructed (1785243836418.478760 ms).
[LM/Checkpoint] Migration server completed its tasks (1785243836425.572998 ms)
[LM/Checkpoint] Migration client completed its tasks (1785243836425.581543 ms)
[LM/Restore] State restoration complete (1785243836425.598877 ms).
[LM] Starting migration server on port 8010 in background...
[LM] Migration server started (1785243836425.681885 ms).
[LM/Restore] Re-entering interpreter loop...
[LM/Resume] exec_env=0x55564518b1c0 cur_frame=0x5556451909c0 module_inst=0x555645189a80 function=0x55564518a400 prev_frame=0x5556451908b4 ip=0x7fff5da731f8 (offset=14, is_import=0) 1785243836425.691895 ms
[LM/Resume] New function array base=0x555645189ef0 count=88
[LM/Resume] Took 0.007000 ms to restore application
[LM/Resume] Resuming bytecode function (1785243836425.698975)
[LM] Server waiting for connection on port 8010...
[WASM] Iteration 600 | Dirtied 0.10 MB @ offset 59 MB (Integrity: OK)
[WASM] Iteration 700 | Dirtied 0.10 MB @ offset 69 MB (Integrity: OK)
[WASM] Iteration 800 | Dirtied 0.10 MB @ offset 79 MB (Integrity: OK)
[WASM] Iteration 900 | Dirtied 0.10 MB @ offset 89 MB (Integrity: OK)
