[LM] Connecting to migration server 192.168.10.11:8010...
[LM/Restore] Connected to migration server 192.168.10.11:8010
[LM/Restore] State metadata loaded
[LM/Restore] Had to enlarge linear memory for migration
[LM/Restore] Linear memory loaded
[LM/Restore] Stack and shadow stack metadata loaded (frame count: 7, frame offset: 2888)
[LM/Restore] State restored
[LM/Restore] Initial state has been reconstructed (1785244235058.173340 ms).
[LM/Checkpoint] Migration server completed its tasks (1785244235065.334229 ms)
[LM/Checkpoint] Migration client completed its tasks (1785244235065.344238 ms)
[LM/Restore] State restoration complete (1785244235065.362549 ms).
[LM] Starting migration server on port 8010 in background...
[LM] Migration server started (1785244235065.443359 ms).
[LM/Restore] Re-entering interpreter loop...
[LM/Resume] exec_env=0x55566a2b31c0 cur_frame=0x55566a2b89c0 module_inst=0x55566a2b1a80 function=0x55566a2b2400 prev_frame=0x55566a2b88b4 ip=0x7fffb91131f8 (offset=14, is_import=0) 1785244235065.454102 ms
[LM/Resume] New function array base=0x55566a2b1ef0 count=88
[LM/Resume] Took 0.007000 ms to restore application
[LM/Resume] Resuming bytecode function (1785244235065.461670)
[LM] Server waiting for connection on port 8010...
[WASM] Iteration 500 | Dirtied 1.40 MB @ offset 190 MB (Integrity: OK)
[WASM] Iteration 600 | Dirtied 1.40 MB @ offset 76 MB (Integrity: OK)
[WASM] Iteration 700 | Dirtied 1.40 MB @ offset 216 MB (Integrity: OK)
