[LM] Connecting to migration server 192.168.10.11:8010...
[LM/Restore] Connected to migration server 192.168.10.11:8010
[LM/Restore] State metadata loaded
[LM/Restore] Had to enlarge linear memory for migration
[LM/Restore] Linear memory loaded
[LM/Restore] Stack and shadow stack metadata loaded (frame count: 7, frame offset: 2888)
[LM/Restore] State restored
[LM/Restore] Initial state has been reconstructed (1785243896826.572266 ms).
[LM/Checkpoint] Migration server completed its tasks (1785243896833.885254 ms)
[LM/Checkpoint] Migration client completed its tasks (1785243896833.894531 ms)
[LM/Restore] State restoration complete (1785243896833.912842 ms).
[LM] Starting migration server on port 8010 in background...
[LM] Migration server started (1785243896834.006348 ms).
[LM/Restore] Re-entering interpreter loop...
[LM/Resume] exec_env=0x5556001db1c0 cur_frame=0x5556001e09c0 module_inst=0x5556001d9a80 function=0x5556001da400 prev_frame=0x5556001e08b4 ip=0x7fff6c7031f8 (offset=14, is_import=0) 1785243896834.017090 ms
[LM/Resume] New function array base=0x5556001d9ef0 count=88
[LM/Resume] Took 0.008000 ms to restore application
[LM/Resume] Resuming bytecode function (1785243896834.024658)
[LM] Server waiting for connection on port 8010...
[WASM] Iteration 700 | Dirtied 0.30 MB @ offset 209 MB (Integrity: OK)
[WASM] Iteration 800 | Dirtied 0.30 MB @ offset 239 MB (Integrity: OK)
[WASM] Iteration 900 | Dirtied 0.30 MB @ offset 14 MB (Integrity: OK)
