[LM] Connecting to migration server 192.168.10.11:8010...
[LM/Restore] Connected to migration server 192.168.10.11:8010
[LM/Restore] Membrane channel connected to 192.168.10.11:8011
[LM/Restore] State metadata loaded
[LM/Restore] Had to enlarge linear memory for migration
[LM/Restore] Linear memory loaded
[LM/Restore] Stack and shadow stack metadata loaded (frame count: 7, frame offset: 2888)
[LM/Restore] State restored
[LM/Restore] Initial state has been reconstructed (1785168128074.426270 ms).
[LM/Restore] Enter membrane replay mode (1785168128074.451660 ms)...
[LM/Checkpoint] Migration server completed its tasks (1785168128081.736816 ms)
[LM/Checkpoint] Migration client completed its tasks (1785168128081.746094 ms)
[LM/Restore] State restoration complete (1785168128081.765137 ms).
[LM] Starting migration server on port 8010 in background...
[LM] Migration server started (1785168128081.841064 ms).
[LM/Restore] Re-entering interpreter loop...
[LM/Resume] exec_env=0x5556713671c0 cur_frame=0x55567136c9c0 module_inst=0x555671365a80 function=0x555671366400 prev_frame=0x55567136c8b4 ip=0x7fff81b131f8 (offset=14, is_import=0) 1785168128081.854248 ms
[LM/Resume] New function array base=0x555671365ef0 count=88
[LM/Resume] Took 0.009000 ms to restore application
[LM/Resume] Resuming bytecode function (1785168128081.863525)
[LM] Server waiting for connection on port 8010...
[LM/Restore] Closed side sock fd 5
[LM/Restore] Live migration restored at 1785168128119.736084 ms
[WASM] Iteration 700 | Dirtied 0.20 MB @ offset 139 MB (Integrity: OK)
[WASM] Iteration 800 | Dirtied 0.20 MB @ offset 159 MB (Integrity: OK)
[WASM] Iteration 900 | Dirtied 0.20 MB @ offset 179 MB (Integrity: OK)
