[LM] Connecting to migration server 192.168.10.11:8010...
[LM/Restore] Connected to migration server 192.168.10.11:8010
[LM/Restore] Membrane channel connected to 192.168.10.11:8011
[LM/Restore] State metadata loaded
[LM/Restore] Had to enlarge linear memory for migration
[LM/Restore] Linear memory loaded
[LM/Restore] Stack and shadow stack metadata loaded (frame count: 7, frame offset: 2888)
[LM/Restore] State restored
[LM/Restore] Initial state has been reconstructed (1785169038260.806885 ms).
[LM/Restore] Enter membrane replay mode (1785169038260.829102 ms)...
[LM/Checkpoint] Migration server completed its tasks (1785169038268.402100 ms)
[LM/Checkpoint] Migration client completed its tasks (1785169038268.412842 ms)
[LM/Restore] State restoration complete (1785169038268.431152 ms).
[LM] Starting migration server on port 8010 in background...
[LM] Migration server started (1785169038268.502197 ms).
[LM/Restore] Re-entering interpreter loop...
[LM/Resume] exec_env=0x5556551f71c0 cur_frame=0x5556551fc9c0 module_inst=0x5556551f5a80 function=0x5556551f6400 prev_frame=0x5556551fc8b4 ip=0x7fff0e3c31f8 (offset=14, is_import=0) 1785169038268.510742 ms
[LM/Resume] New function array base=0x5556551f5ef0 count=88
[LM/Resume] Took 0.007000 ms to restore application
[LM/Resume] Resuming bytecode function (1785169038268.518066)
[LM] Server waiting for connection on port 8010...
[LM/Restore] Closed side sock fd 5
[LM/Restore] Live migration restored at 1785169038312.068359 ms
[WASM] Iteration 800 | Dirtied 1.00 MB @ offset 35 MB (Integrity: OK)
[WASM] Iteration 900 | Dirtied 1.00 MB @ offset 135 MB (Integrity: OK)
[WASM] Iteration 1000 | Dirtied 1.00 MB @ offset 235 MB (Integrity: OK)
[WASM] Iteration 1100 | Dirtied 1.00 MB @ offset 80 MB (Integrity: OK)
