[LM] Connecting to migration server 192.168.10.11:8010...
[LM/Restore] Connected to migration server 192.168.10.11:8010
[LM/Restore] State metadata loaded
[LM/Restore] Had to enlarge linear memory for migration
[LM/Restore] Linear memory loaded
[LM/Restore] Stack and shadow stack metadata loaded (frame count: 7, frame offset: 2888)
[LM/Restore] State restored
[LM/Restore] Initial state has been reconstructed (1785244112752.233643 ms).
[LM/Checkpoint] Migration server completed its tasks (1785244112759.400635 ms)
[LM/Checkpoint] Migration client completed its tasks (1785244112759.411865 ms)
[LM/Restore] State restoration complete (1785244112759.429688 ms).
[LM] Starting migration server on port 8010 in background...
[LM] Migration server started (1785244112759.513184 ms).
[LM/Restore] Re-entering interpreter loop...
[LM/Resume] exec_env=0x5555e9cef1c0 cur_frame=0x5555e9cf49c0 module_inst=0x5555e9ceda80 function=0x5555e9cee400 prev_frame=0x5555e9cf48b4 ip=0x7fff189831f8 (offset=14, is_import=0) 1785244112759.525879 ms
[LM/Resume] New function array base=0x5555e9cedef0 count=88
[LM/Resume] Took 0.007000 ms to restore application
[LM/Resume] Resuming bytecode function (1785244112759.533203)
[LM] Server waiting for connection on port 8010...
[WASM] Iteration 700 | Dirtied 1.00 MB @ offset 190 MB (Integrity: OK)
[WASM] Iteration 800 | Dirtied 1.00 MB @ offset 35 MB (Integrity: OK)
[WASM] Iteration 900 | Dirtied 1.00 MB @ offset 135 MB (Integrity: OK)
[WASM] Iteration 1000 | Dirtied 1.00 MB @ offset 235 MB (Integrity: OK)
