[LM] Connecting to migration server 192.168.10.11:8010...
[LM/Restore] Connected to migration server 192.168.10.11:8010
[LM/Restore] Membrane channel connected to 192.168.10.11:8011
[LM/Restore] State metadata loaded
[LM/Restore] Had to enlarge linear memory for migration
[LM/Restore] Linear memory loaded
[LM/Restore] Stack and shadow stack metadata loaded (frame count: 7, frame offset: 2888)
[LM/Restore] State restored
[LM/Restore] Initial state has been reconstructed (1785168616631.497559 ms).
[LM/Restore] Enter membrane replay mode (1785168616631.521484 ms)...
[LM/Checkpoint] Migration server completed its tasks (1785168616638.523438 ms)
[LM/Checkpoint] Migration client completed its tasks (1785168616638.532959 ms)
[LM/Restore] State restoration complete (1785168616638.550293 ms).
[LM] Starting migration server on port 8010 in background...
[LM] Migration server started (1785168616638.633057 ms).
[LM/Restore] Re-entering interpreter loop...
[LM/Resume] exec_env=0x55564e1371c0 cur_frame=0x55564e13c9c0 module_inst=0x55564e135a80 function=0x55564e136400 prev_frame=0x55564e13c8b4 ip=0x7fffb50831f8 (offset=14, is_import=0) 1785168616638.642578 ms
[LM/Resume] New function array base=0x55564e135ef0 count=88
[LM/Resume] Took 0.007000 ms to restore application
[LM/Resume] Resuming bytecode function (1785168616638.649414)
[LM] Server waiting for connection on port 8010...
[LM/Restore] Closed side sock fd 5
[LM/Restore] Live migration restored at 1785168616678.039795 ms
[WASM] Iteration 700 | Dirtied 0.70 MB @ offset 234 MB (Integrity: OK)
[WASM] Iteration 800 | Dirtied 0.70 MB @ offset 49 MB (Integrity: OK)
[WASM] Iteration 900 | Dirtied 0.70 MB @ offset 119 MB (Integrity: OK)
[WASM] Iteration 1000 | Dirtied 0.70 MB @ offset 189 MB (Integrity: OK)
[WASM] Iteration 1100 | Dirtied 0.70 MB @ offset 4 MB (Integrity: OK)
[WASM] Iteration 1200 | Dirtied 0.70 MB @ offset 74 MB (Integrity: OK)
