[LM] Connecting to migration server 192.168.10.11:8010...
[LM/Restore] Connected to migration server 192.168.10.11:8010
[LM/Restore] Membrane channel connected to 192.168.10.11:8011
[LM/Restore] State metadata loaded
[LM/Restore] Had to enlarge linear memory for migration
[LM/Restore] Linear memory loaded
[LM/Restore] Stack and shadow stack metadata loaded (frame count: 7, frame offset: 2888)
[LM/Restore] State restored
[LM/Restore] Initial state has been reconstructed (1785169359811.446289 ms).
[LM/Restore] Enter membrane replay mode (1785169359811.470215 ms)...
[LM/Checkpoint] Migration server completed its tasks (1785169359818.887939 ms)
[LM/Checkpoint] Migration client completed its tasks (1785169359818.896973 ms)
[LM/Restore] State restoration complete (1785169359818.913818 ms).
[LM] Starting migration server on port 8010 in background...
[LM] Migration server started (1785169359818.988770 ms).
[LM/Restore] Re-entering interpreter loop...
[LM/Resume] exec_env=0x55562336b1c0 cur_frame=0x5556233709c0 module_inst=0x555623369a80 function=0x55562336a400 prev_frame=0x5556233708b4 ip=0x7fff551831f8 (offset=14, is_import=0) 1785169359818.998047 ms
[LM/Resume] New function array base=0x555623369ef0 count=88
[LM/Resume] Took 0.007000 ms to restore application
[LM/Resume] Resuming bytecode function (1785169359819.004883)
[LM] Server waiting for connection on port 8010...
[LM/Restore] Closed side sock fd 5
[LM/Restore] Live migration restored at 1785169359866.212402 ms
[WASM] Iteration 900 | Dirtied 1.20 MB @ offset 60 MB (Integrity: OK)
[WASM] Iteration 1000 | Dirtied 1.20 MB @ offset 180 MB (Integrity: OK)
[WASM] Iteration 1100 | Dirtied 1.20 MB @ offset 45 MB (Integrity: OK)
[WASM] Iteration 1200 | Dirtied 1.20 MB @ offset 165 MB (Integrity: OK)
