[LM] Starting migration server on port 8010 in background...
[LM] Server waiting for connection on port 8010...
[WASM] Options: Allocating 550 MB | Rate: 64 MB/s | Step: 10 ms (0.64 MB/iter)
[WASM] Writing initial test patterns to all 550 MB of pages...
[WASM] Memory initialized. Starting loop with 64 MB updates per second...
[WASM] Iteration 0 | Dirtied 0.64 MB @ offset 0 MB (Integrity: OK)
[WASM] Iteration 100 | Dirtied 0.64 MB @ offset 63 MB (Integrity: OK)
[WASM] Iteration 200 | Dirtied 0.64 MB @ offset 127 MB (Integrity: OK)
[WASM] Iteration 300 | Dirtied 0.64 MB @ offset 191 MB (Integrity: OK)
[WASM] Iteration 400 | Dirtied 0.64 MB @ offset 255 MB (Integrity: OK)
[WASM] Iteration 500 | Dirtied 0.64 MB @ offset 319 MB (Integrity: OK)
[WASM] Iteration 600 | Dirtied 0.64 MB @ offset 383 MB (Integrity: OK)
[LM] Client connected. Migration is initiated (1785687725912.903076 ms)...
[LM] Phase 1: Sending initial bulk memory (550 MB)...
[WASM] Iteration 700 | Dirtied 0.64 MB @ offset 447 MB (Integrity: OK)
[WASM] Iteration 800 | Dirtied 0.64 MB @ offset 511 MB (Integrity: OK)
[WASM] Iteration 900 | Dirtied 0.64 MB @ offset 26 MB (Integrity: OK)
[WASM] Iteration 1000 | Dirtied 0.64 MB @ offset 90 MB (Integrity: OK)
[LM] Initial pre-copy of bulk memory completed. Took 4948.387939 ms
[LM] Phase 1.5: Starting incremental pre-copy...
[WASM] Iteration 1100 | Dirtied 0.64 MB @ offset 154 MB (Integrity: OK)
[WASM] Iteration 1200 | Dirtied 0.64 MB @ offset 218 MB (Integrity: OK)
[WASM] Iteration 1300 | Dirtied 0.64 MB @ offset 282 MB (Integrity: OK)
[LM] Number of dirty cards transmitted: 638328
[LM] Pre-copy Iteration 1: Sent 326823936 bytes.
[WASM] Iteration 1400 | Dirtied 0.64 MB @ offset 346 MB (Integrity: OK)
[WASM] Iteration 1500 | Dirtied 0.64 MB @ offset 410 MB (Integrity: OK)
[LM] Number of dirty cards transmitted: 361764
[LM] Pre-copy Iteration 2: Sent 185223168 bytes.
[WASM] Iteration 1600 | Dirtied 0.64 MB @ offset 474 MB (Integrity: OK)
[LM] Number of dirty cards transmitted: 207101
[LM] Pre-copy Iteration 3: Sent 106035712 bytes.
[LM] Number of dirty cards transmitted: 117971
[LM] Pre-copy Iteration 4: Sent 60401152 bytes.
[LM] Number of dirty cards transmitted: 66852
[LM] Pre-copy Iteration 5: Sent 34228224 bytes.
[WASM] Iteration 1700 | Dirtied 0.64 MB @ offset 538 MB (Integrity: OK)
[LM] Number of dirty cards transmitted: 36705
[LM] Pre-copy Iteration 6: Sent 18792960 bytes.
[LM] Number of dirty cards transmitted: 22289
[LM] Pre-copy Iteration 7: Sent 11411968 bytes.
[LM] Number of dirty cards transmitted: 13114
[LM] Pre-copy Iteration 8: Sent 6714368 bytes.
[LM] Pre-copy threshold reached. Moving to final handover.
[LM] Incremental pre-copy completed. Took 6449.765381 ms
[LM] Bulk + Precopy duration 2174.368000 ms
[LM] Received 0xEOF_RECONSTRUCT, halting execution for final handover...
[LM/Checkpoint] Migration triggered! Dumping state...
[LM/Checkpoint] State synced to frame structures.
[LM] Phase 2: Sending final dirty pages and context...
[LM] Number of dirty cards transmitted: 10491
[LM] Send final dirty pages took 19.404000 ms
[LM] Checkpoint dirty state took 0.106000 ms
[LM/Checkpoint] Live migration completed at 1785687737375.750244 ms. Migration took 11462.847168 ms
[LM/Checkpoint] Took 19.650000 ms to checkpoint application
