[LM] Starting migration server on port 8010 in background...
[LM] Server waiting for connection on port 8010...
[WASM] Options: Allocating 700 MB | Rate: 64 MB/s | Step: 10 ms (0.64 MB/iter)
[WASM] Writing initial test patterns to all 700 MB of pages...
[WASM] Memory initialized. Starting loop with 64 MB updates per second...
[WASM] Iteration 0 | Dirtied 0.64 MB @ offset 0 MB (Integrity: OK)
[WASM] Iteration 100 | Dirtied 0.64 MB @ offset 63 MB (Integrity: OK)
[WASM] Iteration 200 | Dirtied 0.64 MB @ offset 127 MB (Integrity: OK)
[WASM] Iteration 300 | Dirtied 0.64 MB @ offset 191 MB (Integrity: OK)
[WASM] Iteration 400 | Dirtied 0.64 MB @ offset 255 MB (Integrity: OK)
[WASM] Iteration 500 | Dirtied 0.64 MB @ offset 319 MB (Integrity: OK)
[WASM] Iteration 600 | Dirtied 0.64 MB @ offset 383 MB (Integrity: OK)
[LM] Client connected. Migration is initiated (1785688356572.181641 ms)...
[LM] Phase 1: Sending initial bulk memory (700 MB)...
[WASM] Iteration 700 | Dirtied 0.64 MB @ offset 447 MB (Integrity: OK)
[WASM] Iteration 800 | Dirtied 0.64 MB @ offset 511 MB (Integrity: OK)
[WASM] Iteration 900 | Dirtied 0.64 MB @ offset 575 MB (Integrity: OK)
[WASM] Iteration 1000 | Dirtied 0.64 MB @ offset 639 MB (Integrity: OK)
[WASM] Iteration 1100 | Dirtied 0.64 MB @ offset 4 MB (Integrity: OK)
[WASM] Iteration 1200 | Dirtied 0.64 MB @ offset 68 MB (Integrity: OK)
[LM] Initial pre-copy of bulk memory completed. Took 6299.784668 ms
[LM] Phase 1.5: Starting incremental pre-copy...
[WASM] Iteration 1300 | Dirtied 0.64 MB @ offset 132 MB (Integrity: OK)
[WASM] Iteration 1400 | Dirtied 0.64 MB @ offset 196 MB (Integrity: OK)
[WASM] Iteration 1500 | Dirtied 0.64 MB @ offset 260 MB (Integrity: OK)
[LM] Number of dirty cards transmitted: 812653
[LM] Pre-copy Iteration 1: Sent 416078336 bytes.
[WASM] Iteration 1600 | Dirtied 0.64 MB @ offset 324 MB (Integrity: OK)
[WASM] Iteration 1700 | Dirtied 0.64 MB @ offset 388 MB (Integrity: OK)
[LM] Number of dirty cards transmitted: 462691
[LM] Pre-copy Iteration 2: Sent 236897792 bytes.
[WASM] Iteration 1800 | Dirtied 0.64 MB @ offset 452 MB (Integrity: OK)
[LM] Number of dirty cards transmitted: 264771
[LM] Pre-copy Iteration 3: Sent 135562752 bytes.
[WASM] Iteration 1900 | Dirtied 0.64 MB @ offset 516 MB (Integrity: OK)
[LM] Number of dirty cards transmitted: 150740
[LM] Pre-copy Iteration 4: Sent 77178880 bytes.
[LM] Number of dirty cards transmitted: 85203
[LM] Pre-copy Iteration 5: Sent 43623936 bytes.
[WASM] Iteration 2000 | Dirtied 0.64 MB @ offset 580 MB (Integrity: OK)
[LM] Number of dirty cards transmitted: 48502
[LM] Pre-copy Iteration 6: Sent 24833024 bytes.
[LM] Number of dirty cards transmitted: 28843
[LM] Pre-copy Iteration 7: Sent 14767616 bytes.
[LM] Number of dirty cards transmitted: 15733
[LM] Pre-copy Iteration 8: Sent 8055296 bytes.
[LM] Pre-copy threshold reached. Moving to final handover.
[LM] Incremental pre-copy completed. Took 8248.433350 ms
[LM] Bulk + Precopy duration 2774.754000 ms
[LM] Received 0xEOF_RECONSTRUCT, halting execution for final handover...
[LM/Checkpoint] Migration triggered! Dumping state...
[LM/Checkpoint] State synced to frame structures.
[LM] Phase 2: Sending final dirty pages and context...
[LM] Number of dirty cards transmitted: 13113
[LM] Send final dirty pages took 23.474000 ms
[LM] Checkpoint dirty state took 0.184000 ms
[LM/Checkpoint] Live migration completed at 1785688371197.968262 ms. Migration took 14625.786865 ms
[LM/Checkpoint] Took 23.801000 ms to checkpoint application
