[LM] Starting migration server on port 8010 in background...
[LM] Server waiting for connection on port 8010...
[WASM] Options: Allocating 450 MB | Rate: 64 MB/s | Step: 10 ms (0.64 MB/iter)
[WASM] Writing initial test patterns to all 450 MB of pages...
[WASM] Memory initialized. Starting loop with 64 MB updates per second...
[WASM] Iteration 0 | Dirtied 0.64 MB @ offset 0 MB (Integrity: OK)
[WASM] Iteration 100 | Dirtied 0.64 MB @ offset 63 MB (Integrity: OK)
[WASM] Iteration 200 | Dirtied 0.64 MB @ offset 127 MB (Integrity: OK)
[WASM] Iteration 300 | Dirtied 0.64 MB @ offset 191 MB (Integrity: OK)
[WASM] Iteration 400 | Dirtied 0.64 MB @ offset 255 MB (Integrity: OK)
[LM] Client connected. Migration is initiated (1785687344778.790039 ms)...
[LM] Phase 1: Sending initial bulk memory (450 MB)...
[WASM] Iteration 500 | Dirtied 0.64 MB @ offset 319 MB (Integrity: OK)
[WASM] Iteration 600 | Dirtied 0.64 MB @ offset 383 MB (Integrity: OK)
[WASM] Iteration 700 | Dirtied 0.64 MB @ offset 447 MB (Integrity: OK)
[WASM] Iteration 800 | Dirtied 0.64 MB @ offset 62 MB (Integrity: OK)
[LM] Initial pre-copy of bulk memory completed. Took 4052.313477 ms
[LM] Phase 1.5: Starting incremental pre-copy...
[WASM] Iteration 900 | Dirtied 0.64 MB @ offset 126 MB (Integrity: OK)
[WASM] Iteration 1000 | Dirtied 0.64 MB @ offset 190 MB (Integrity: OK)
[LM] Number of dirty cards transmitted: 522985
[LM] Pre-copy Iteration 1: Sent 267768320 bytes.
[WASM] Iteration 1100 | Dirtied 0.64 MB @ offset 254 MB (Integrity: OK)
[LM] Number of dirty cards transmitted: 296229
[LM] Pre-copy Iteration 2: Sent 151669248 bytes.
[WASM] Iteration 1200 | Dirtied 0.64 MB @ offset 318 MB (Integrity: OK)
[LM] Number of dirty cards transmitted: 169089
[LM] Pre-copy Iteration 3: Sent 86573568 bytes.
[LM] Number of dirty cards transmitted: 95689
[LM] Pre-copy Iteration 4: Sent 48992768 bytes.
[LM] Number of dirty cards transmitted: 55056
[LM] Pre-copy Iteration 5: Sent 28188672 bytes.
[WASM] Iteration 1300 | Dirtied 0.64 MB @ offset 382 MB (Integrity: OK)
[LM] Number of dirty cards transmitted: 30151
[LM] Pre-copy Iteration 6: Sent 15437312 bytes.
[LM] Number of dirty cards transmitted: 18357
[LM] Pre-copy Iteration 7: Sent 9398784 bytes.
[LM] Pre-copy threshold reached. Moving to final handover.
[LM] Incremental pre-copy completed. Took 5232.460205 ms
[LM] Bulk + Precopy duration 1775.960000 ms
[LM] Received 0xEOF_RECONSTRUCT, halting execution for final handover...
[LM/Checkpoint] Migration triggered! Dumping state...
[LM/Checkpoint] State synced to frame structures.
[LM] Phase 2: Sending final dirty pages and context...
[LM] Number of dirty cards transmitted: 14423
[LM] Send final dirty pages took 24.143000 ms
[LM] Checkpoint dirty state took 0.126000 ms
[LM/Checkpoint] Live migration completed at 1785687354146.127197 ms. Migration took 9367.337402 ms
[LM/Checkpoint] Took 24.412000 ms to checkpoint application
