[LM] Starting migration server on port 8010 in background...
[LM] Server waiting for connection on port 8010...
[WASM] Options: Allocating 350 MB | Rate: 64 MB/s | Step: 10 ms (0.64 MB/iter)
[WASM] Writing initial test patterns to all 350 MB of pages...
[WASM] Memory initialized. Starting loop with 64 MB updates per second...
[WASM] Iteration 0 | Dirtied 0.64 MB @ offset 0 MB (Integrity: OK)
[WASM] Iteration 100 | Dirtied 0.64 MB @ offset 63 MB (Integrity: OK)
[WASM] Iteration 200 | Dirtied 0.64 MB @ offset 127 MB (Integrity: OK)
[WASM] Iteration 300 | Dirtied 0.64 MB @ offset 191 MB (Integrity: OK)
[WASM] Iteration 400 | Dirtied 0.64 MB @ offset 255 MB (Integrity: OK)
[WASM] Iteration 500 | Dirtied 0.64 MB @ offset 319 MB (Integrity: OK)
[LM] Client connected. Migration is initiated (1785686991607.101562 ms)...
[LM] Phase 1: Sending initial bulk memory (350 MB)...
[WASM] Iteration 600 | Dirtied 0.64 MB @ offset 34 MB (Integrity: OK)
[WASM] Iteration 700 | Dirtied 0.64 MB @ offset 98 MB (Integrity: OK)
[WASM] Iteration 800 | Dirtied 0.64 MB @ offset 162 MB (Integrity: OK)
[LM] Initial pre-copy of bulk memory completed. Took 3161.117920 ms
[LM] Phase 1.5: Starting incremental pre-copy...
[WASM] Iteration 900 | Dirtied 0.64 MB @ offset 226 MB (Integrity: OK)
[LM] Number of dirty cards transmitted: 408952
[LM] Pre-copy Iteration 1: Sent 209383424 bytes.
[WASM] Iteration 1000 | Dirtied 0.64 MB @ offset 290 MB (Integrity: OK)
[LM] Number of dirty cards transmitted: 232003
[LM] Pre-copy Iteration 2: Sent 118785536 bytes.
[WASM] Iteration 1100 | Dirtied 0.64 MB @ offset 5 MB (Integrity: OK)
[LM] Number of dirty cards transmitted: 132390
[LM] Pre-copy Iteration 3: Sent 67783680 bytes.
[LM] Number of dirty cards transmitted: 76029
[LM] Pre-copy Iteration 4: Sent 38926848 bytes.
[WASM] Iteration 1200 | Dirtied 0.64 MB @ offset 69 MB (Integrity: OK)
[LM] Number of dirty cards transmitted: 43259
[LM] Pre-copy Iteration 5: Sent 22148608 bytes.
[LM] Number of dirty cards transmitted: 23600
[LM] Pre-copy Iteration 6: Sent 12083200 bytes.
[LM] Number of dirty cards transmitted: 13112
[LM] Pre-copy Iteration 7: Sent 6713344 bytes.
[LM] Pre-copy threshold reached. Moving to final handover.
[LM] Incremental pre-copy completed. Took 4087.935791 ms
[LM] Bulk + Precopy duration 1376.034000 ms
[LM] Received 0xEOF_RECONSTRUCT, halting execution for final handover...
[LM/Checkpoint] Migration triggered! Dumping state...
[LM/Checkpoint] State synced to frame structures.
[LM] Phase 2: Sending final dirty pages and context...
[LM] Number of dirty cards transmitted: 11801
[LM] Send final dirty pages took 23.614000 ms
[LM] Checkpoint dirty state took 0.070000 ms
[LM/Checkpoint] Live migration completed at 1785686998930.062012 ms. Migration took 7322.960449 ms
[LM/Checkpoint] Took 23.828000 ms to checkpoint application
