[LM] Starting migration server on port 8010 in background...
[LM] Server waiting for connection on port 8010...
[WASM] Options: Allocating 800 MB | Rate: 64 MB/s | Step: 10 ms (0.64 MB/iter)
[WASM] Writing initial test patterns to all 800 MB of pages...
[WASM] Memory initialized. Starting loop with 64 MB updates per second...
[WASM] Iteration 0 | Dirtied 0.64 MB @ offset 0 MB (Integrity: OK)
[WASM] Iteration 100 | Dirtied 0.64 MB @ offset 63 MB (Integrity: OK)
[WASM] Iteration 200 | Dirtied 0.64 MB @ offset 127 MB (Integrity: OK)
[WASM] Iteration 300 | Dirtied 0.64 MB @ offset 191 MB (Integrity: OK)
[WASM] Iteration 400 | Dirtied 0.64 MB @ offset 255 MB (Integrity: OK)
[LM] Client connected. Migration is initiated (1785688834487.730713 ms)...
[LM] Phase 1: Sending initial bulk memory (800 MB)...
[WASM] Iteration 500 | Dirtied 0.64 MB @ offset 319 MB (Integrity: OK)
[WASM] Iteration 600 | Dirtied 0.64 MB @ offset 383 MB (Integrity: OK)
[WASM] Iteration 700 | Dirtied 0.64 MB @ offset 447 MB (Integrity: OK)
[WASM] Iteration 800 | Dirtied 0.64 MB @ offset 511 MB (Integrity: OK)
[WASM] Iteration 900 | Dirtied 0.64 MB @ offset 575 MB (Integrity: OK)
[WASM] Iteration 1000 | Dirtied 0.64 MB @ offset 639 MB (Integrity: OK)
[WASM] Iteration 1100 | Dirtied 0.64 MB @ offset 703 MB (Integrity: OK)
[LM] Initial pre-copy of bulk memory completed. Took 7195.922607 ms
[LM] Phase 1.5: Starting incremental pre-copy...
[WASM] Iteration 1200 | Dirtied 0.64 MB @ offset 767 MB (Integrity: OK)
[WASM] Iteration 1300 | Dirtied 0.64 MB @ offset 32 MB (Integrity: OK)
[WASM] Iteration 1400 | Dirtied 0.64 MB @ offset 96 MB (Integrity: OK)
[WASM] Iteration 1500 | Dirtied 0.64 MB @ offset 160 MB (Integrity: OK)
[LM] Number of dirty cards transmitted: 929305
[LM] Pre-copy Iteration 1: Sent 475804160 bytes.
[WASM] Iteration 1600 | Dirtied 0.64 MB @ offset 224 MB (Integrity: OK)
[WASM] Iteration 1700 | Dirtied 0.64 MB @ offset 288 MB (Integrity: OK)
[LM] Number of dirty cards transmitted: 529538
[LM] Pre-copy Iteration 2: Sent 271123456 bytes.
[WASM] Iteration 1800 | Dirtied 0.64 MB @ offset 352 MB (Integrity: OK)
[LM] Number of dirty cards transmitted: 301473
[LM] Pre-copy Iteration 3: Sent 154354176 bytes.
[WASM] Iteration 1900 | Dirtied 0.64 MB @ offset 416 MB (Integrity: OK)
[LM] Number of dirty cards transmitted: 171710
[LM] Pre-copy Iteration 4: Sent 87915520 bytes.
[LM] Number of dirty cards transmitted: 97000
[LM] Pre-copy Iteration 5: Sent 49664000 bytes.
[WASM] Iteration 2000 | Dirtied 0.64 MB @ offset 480 MB (Integrity: OK)
[LM] Number of dirty cards transmitted: 56366
[LM] Pre-copy Iteration 6: Sent 28859392 bytes.
[LM] Number of dirty cards transmitted: 31464
[LM] Pre-copy Iteration 7: Sent 16109568 bytes.
[LM] Number of dirty cards transmitted: 18355
[LM] Pre-copy Iteration 8: Sent 9397760 bytes.
[LM] Pre-copy threshold reached. Moving to final handover.
[LM] Incremental pre-copy completed. Took 9412.521729 ms
[LM] Bulk + Precopy duration 3013.303000 ms
[LM] Received 0xEOF_RECONSTRUCT, halting execution for final handover...
[LM/Checkpoint] Migration triggered! Dumping state...
[LM/Checkpoint] State synced to frame structures.
[LM] Phase 2: Sending final dirty pages and context...
[LM] Number of dirty cards transmitted: 13112
[LM] Send final dirty pages took 24.859000 ms
[LM] Checkpoint dirty state took 0.167000 ms
[LM/Checkpoint] Live migration completed at 1785688851162.458252 ms. Migration took 16674.727539 ms
[LM/Checkpoint] Took 25.165000 ms to checkpoint application
