[LM] Connecting to migration server 192.168.10.11:8010...
[LM Client] Receiving pre-copy chunk...
[LM Client] Receiving pre-copy chunk...
[LM Client] Receiving pre-copy chunk...
[LM Client] Receiving pre-copy chunk...
[LM Client] Receiving pre-copy chunk...
[LM Client] Pre-copy complete. Proceeding to final handover.
Frame - IP: 14, function_index: 27, func: 0x55566c636400
  frame->ip: 0x7fff974d31f8
END

Frame - IP: 317, function_index: 17, func: 0x55566c636220
  frame->ip: 0x7fff974d3003
END

Frame - IP: 75, function_index: 18, func: 0x55566c636250
  frame->ip: 0x7fff974d3070
END

Frame - IP: 2891, function_index: 10, func: 0x55566c6360d0
  frame->ip: 0x7fff974d0e87
END

Frame - IP: 114, function_index: 20, func: 0x55566c6362b0
  frame->ip: 0x7fff974d3116
END

Frame - IP: 52, function_index: 9, func: 0x55566c6360a0
  frame->ip: 0x7fff974d029b
END

[LM Client] Migration successfully completed.
[LM] State received and restored.
[LM] Starting migration server on port 8010 in background...
[LM] Re-entering interpreter loop...
[LM/Resume] exec_env=0x55566c6371c0 cur_frame=0x55566c6389a0 module_inst=0x55566c635a80 function=0x55566c636400 prev_frame=0x55566c638894 ip=0x7fff974d31f8 (offset=14)
[LM/Resume] new function array base=0x55566c635ef0 count=88
[LM/Resume] Took 0.007000 ms to restore application
[LM/Restore] Live migration restored at 1785686376588.202637 ms
[LM] Server waiting for connection on port 8010...
[WASM] Iteration 1000 | Dirtied 0.64 MB @ offset 42 MB (Integrity: OK)
[WASM] Iteration 1100 | Dirtied 0.64 MB @ offset 106 MB (Integrity: OK)
[WASM] Iteration 1200 | Dirtied 0.64 MB @ offset 21 MB (Integrity: OK)
[WASM] Iteration 1300 | Dirtied 0.64 MB @ offset 85 MB (Integrity: OK)
[WASM] Iteration 1400 | Dirtied 0.64 MB @ offset 149 MB (Integrity: OK)
[WASM] Iteration 1500 | Dirtied 0.64 MB @ offset 63 MB (Integrity: OK)
[WASM] Iteration 1600 | Dirtied 0.64 MB @ offset 127 MB (Integrity: OK)
[WASM] Iteration 1700 | Dirtied 0.64 MB @ offset 42 MB (Integrity: OK)
