[LM] Starting migration server on port 8010 in background...
[LM] Server waiting for connection on port 8010...
[WASM] Options: Allocating 850 MB | Rate: 64 MB/s | Step: 10 ms (0.64 MB/iter)
[WASM] Writing initial test patterns to all 850 MB of pages...
[WASM] Memory initialized. Starting loop with 64 MB updates per second...
[WASM] Iteration 0 | Dirtied 0.64 MB @ offset 0 MB (Integrity: OK)
[WASM] Iteration 100 | Dirtied 0.64 MB @ offset 63 MB (Integrity: OK)
[WASM] Iteration 200 | Dirtied 0.64 MB @ offset 127 MB (Integrity: OK)
[WASM] Iteration 300 | Dirtied 0.64 MB @ offset 191 MB (Integrity: OK)
[WASM] Iteration 400 | Dirtied 0.64 MB @ offset 255 MB (Integrity: OK)
[LM] Client connected. Migration is initiated (1785689076298.082520 ms)...
[LM] Phase 1: Sending initial bulk memory (850 MB)...
[WASM] Iteration 500 | Dirtied 0.64 MB @ offset 319 MB (Integrity: OK)
[WASM] Iteration 600 | Dirtied 0.64 MB @ offset 383 MB (Integrity: OK)
[WASM] Iteration 700 | Dirtied 0.64 MB @ offset 447 MB (Integrity: OK)
[WASM] Iteration 800 | Dirtied 0.64 MB @ offset 511 MB (Integrity: OK)
[WASM] Iteration 900 | Dirtied 0.64 MB @ offset 575 MB (Integrity: OK)
[WASM] Iteration 1000 | Dirtied 0.64 MB @ offset 639 MB (Integrity: OK)
[WASM] Iteration 1100 | Dirtied 0.64 MB @ offset 703 MB (Integrity: OK)
[WASM] Iteration 1200 | Dirtied 0.64 MB @ offset 767 MB (Integrity: OK)
[LM] Initial pre-copy of bulk memory completed. Took 7637.452148 ms
[LM] Phase 1.5: Starting incremental pre-copy...
[WASM] Iteration 1300 | Dirtied 0.64 MB @ offset 831 MB (Integrity: OK)
[WASM] Iteration 1400 | Dirtied 0.64 MB @ offset 46 MB (Integrity: OK)
[WASM] Iteration 1500 | Dirtied 0.64 MB @ offset 110 MB (Integrity: OK)
[WASM] Iteration 1600 | Dirtied 0.64 MB @ offset 174 MB (Integrity: OK)
[LM] Number of dirty cards transmitted: 985666
[LM] Pre-copy Iteration 1: Sent 504660992 bytes.
[WASM] Iteration 1700 | Dirtied 0.64 MB @ offset 238 MB (Integrity: OK)
[WASM] Iteration 1800 | Dirtied 0.64 MB @ offset 302 MB (Integrity: OK)
[WASM] Iteration 1900 | Dirtied 0.64 MB @ offset 366 MB (Integrity: OK)
[LM] Number of dirty cards transmitted: 560995
[LM] Pre-copy Iteration 2: Sent 287229440 bytes.
[WASM] Iteration 2000 | Dirtied 0.64 MB @ offset 430 MB (Integrity: OK)
[LM] Number of dirty cards transmitted: 318511
[LM] Pre-copy Iteration 3: Sent 163077632 bytes.
[WASM] Iteration 2100 | Dirtied 0.64 MB @ offset 494 MB (Integrity: OK)
[LM] Number of dirty cards transmitted: 182196
[LM] Pre-copy Iteration 4: Sent 93284352 bytes.
[LM] Number of dirty cards transmitted: 103554
[LM] Pre-copy Iteration 5: Sent 53019648 bytes.
[WASM] Iteration 2200 | Dirtied 0.64 MB @ offset 558 MB (Integrity: OK)
[LM] Number of dirty cards transmitted: 60298
[LM] Pre-copy Iteration 6: Sent 30872576 bytes.
[LM] Number of dirty cards transmitted: 32775
[LM] Pre-copy Iteration 7: Sent 16780800 bytes.
[LM] Number of dirty cards transmitted: 18355
[LM] Pre-copy Iteration 8: Sent 9397760 bytes.
[LM] Pre-copy threshold reached. Moving to final handover.
[LM] Incremental pre-copy completed. Took 9975.369873 ms
[LM] Bulk + Precopy duration 3332.699000 ms
[LM] Received 0xEOF_RECONSTRUCT, halting execution for final handover...
[LM/Checkpoint] Migration triggered! Dumping state...
[LM/Checkpoint] State synced to frame structures.
[LM] Phase 2: Sending final dirty pages and context...
[LM] Number of dirty cards transmitted: 14423
[LM] Send final dirty pages took 26.211000 ms
[LM] Checkpoint dirty state took 0.200000 ms
[LM/Checkpoint] Live migration completed at 1785689093990.800293 ms. Migration took 17692.717773 ms
[LM/Checkpoint] Took 26.551000 ms to checkpoint application
