[LM] Connecting to migration server 192.168.10.11:8010...
[LM Client] Receiving pre-copy chunk...
[LM Client] Receiving pre-copy chunk...
[LM Client] Receiving pre-copy chunk...
[LM Client] Receiving pre-copy chunk...
[LM Client] Receiving pre-copy chunk...
[LM Client] Receiving pre-copy chunk...
[LM Client] Receiving pre-copy chunk...
[LM Client] Receiving pre-copy chunk...
[LM Client] Pre-copy complete. Proceeding to final handover.
Frame - IP: 14, function_index: 27, func: 0x55565f606400
  frame->ip: 0x7fff8ccc31f8
END

Frame - IP: 317, function_index: 17, func: 0x55565f606220
  frame->ip: 0x7fff8ccc3003
END

Frame - IP: 75, function_index: 18, func: 0x55565f606250
  frame->ip: 0x7fff8ccc3070
END

Frame - IP: 2891, function_index: 10, func: 0x55565f6060d0
  frame->ip: 0x7fff8ccc0e87
END

Frame - IP: 114, function_index: 20, func: 0x55565f6062b0
  frame->ip: 0x7fff8ccc3116
END

Frame - IP: 52, function_index: 9, func: 0x55565f6060a0
  frame->ip: 0x7fff8ccc029b
END

[LM Client] Migration successfully completed.
[LM] State received and restored.
[LM] Starting migration server on port 8010 in background...
[LM] Re-entering interpreter loop...
[LM/Resume] exec_env=0x55565f6071c0 cur_frame=0x55565f6089a0 module_inst=0x55565f605a80 function=0x55565f606400 prev_frame=0x55565f608894 ip=0x7fff8ccc31f8 (offset=14)
[LM/Resume] new function array base=0x55565f605ef0 count=88
[LM/Resume] Took 0.007000 ms to restore application
[LM/Restore] Live migration restored at 1785687737396.245361 ms
[LM] Server waiting for connection on port 8010...
[WASM] Iteration 1800 | Dirtied 0.64 MB @ offset 53 MB (Integrity: OK)
[WASM] Iteration 1900 | Dirtied 0.64 MB @ offset 117 MB (Integrity: OK)
[WASM] Iteration 2000 | Dirtied 0.64 MB @ offset 181 MB (Integrity: OK)
[WASM] Iteration 2100 | Dirtied 0.64 MB @ offset 245 MB (Integrity: OK)
[WASM] Iteration 2200 | Dirtied 0.64 MB @ offset 309 MB (Integrity: OK)
[WASM] Iteration 2300 | Dirtied 0.64 MB @ offset 373 MB (Integrity: OK)
[WASM] Iteration 2400 | Dirtied 0.64 MB @ offset 437 MB (Integrity: OK)
[WASM] Iteration 2500 | Dirtied 0.64 MB @ offset 501 MB (Integrity: OK)
[WASM] Iteration 2600 | Dirtied 0.64 MB @ offset 15 MB (Integrity: OK)
[WASM] Iteration 2700 | Dirtied 0.64 MB @ offset 79 MB (Integrity: OK)
[WASM] Iteration 2800 | Dirtied 0.64 MB @ offset 143 MB (Integrity: OK)
[WASM] Iteration 2900 | Dirtied 0.64 MB @ offset 207 MB (Integrity: OK)
[WASM] Iteration 3000 | Dirtied 0.64 MB @ offset 271 MB (Integrity: OK)
[WASM] Iteration 3100 | Dirtied 0.64 MB @ offset 335 MB (Integrity: OK)
[WASM] Iteration 3200 | Dirtied 0.64 MB @ offset 399 MB (Integrity: OK)
[WASM] Iteration 3300 | Dirtied 0.64 MB @ offset 463 MB (Integrity: OK)
