[LM] Starting migration server on port 8010 in background...
[LM] Server waiting for connection on port 8010...
[WASM] Options: Allocating 150 MB | Rate: 64 MB/s | Step: 10 ms (0.64 MB/iter)
[WASM] Writing initial test patterns to all 150 MB of pages...
[WASM] Memory initialized. Starting loop with 64 MB updates per second...
[WASM] Iteration 0 | Dirtied 0.64 MB @ offset 0 MB (Integrity: OK)
[WASM] Iteration 100 | Dirtied 0.64 MB @ offset 63 MB (Integrity: OK)
[WASM] Iteration 200 | Dirtied 0.64 MB @ offset 127 MB (Integrity: OK)
[WASM] Iteration 300 | Dirtied 0.64 MB @ offset 42 MB (Integrity: OK)
[WASM] Iteration 400 | Dirtied 0.64 MB @ offset 106 MB (Integrity: OK)
[WASM] Iteration 500 | Dirtied 0.64 MB @ offset 21 MB (Integrity: OK)
[WASM] Iteration 600 | Dirtied 0.64 MB @ offset 85 MB (Integrity: OK)
[LM] Client connected. Migration is initiated (1785686373431.787842 ms)...
[LM] Phase 1: Sending initial bulk memory (150 MB)...
[WASM] Iteration 700 | Dirtied 0.64 MB @ offset 149 MB (Integrity: OK)
[LM] Initial pre-copy of bulk memory completed. Took 1359.097168 ms
[LM] Phase 1.5: Starting incremental pre-copy...
[WASM] Iteration 800 | Dirtied 0.64 MB @ offset 63 MB (Integrity: OK)
[LM] Number of dirty cards transmitted: 175644
[LM] Pre-copy Iteration 1: Sent 89929728 bytes.
[LM] Number of dirty cards transmitted: 100931
[LM] Pre-copy Iteration 2: Sent 51676672 bytes.
[WASM] Iteration 900 | Dirtied 0.64 MB @ offset 127 MB (Integrity: OK)
[LM] Number of dirty cards transmitted: 57677
[LM] Pre-copy Iteration 3: Sent 29530624 bytes.
[LM] Number of dirty cards transmitted: 32775
[LM] Pre-copy Iteration 4: Sent 16780800 bytes.
[LM] Number of dirty cards transmitted: 17045
[LM] Pre-copy Iteration 5: Sent 8727040 bytes.
[LM] Pre-copy threshold reached. Moving to final handover.
[LM] Incremental pre-copy completed. Took 1694.896484 ms
[LM] Bulk + Precopy duration 579.001000 ms
[LM] Received 0xEOF_RECONSTRUCT, halting execution for final handover...
[LM/Checkpoint] Migration triggered! Dumping state...
[LM/Checkpoint] State synced to frame structures.
[LM] Phase 2: Sending final dirty pages and context...
[LM] Number of dirty cards transmitted: 14423
[LM] Send final dirty pages took 26.334000 ms
[LM] Checkpoint dirty state took 0.036000 ms
[LM/Checkpoint] Live migration completed at 1785686376556.556396 ms. Migration took 3124.768555 ms
[LM/Checkpoint] Took 26.521000 ms to checkpoint application
