[LM] Starting migration server on port 8010 in background...
[LM] Server waiting for connection on port 8010...
[WASM] Options: Allocating 200 MB | Rate: 64 MB/s | Step: 10 ms (0.64 MB/iter)
[WASM] Writing initial test patterns to all 200 MB of pages...
[WASM] Memory initialized. Starting loop with 64 MB updates per second...
[WASM] Iteration 0 | Dirtied 0.64 MB @ offset 0 MB (Integrity: OK)
[WASM] Iteration 100 | Dirtied 0.64 MB @ offset 63 MB (Integrity: OK)
[WASM] Iteration 200 | Dirtied 0.64 MB @ offset 127 MB (Integrity: OK)
[WASM] Iteration 300 | Dirtied 0.64 MB @ offset 191 MB (Integrity: OK)
[WASM] Iteration 400 | Dirtied 0.64 MB @ offset 56 MB (Integrity: OK)
[WASM] Iteration 500 | Dirtied 0.64 MB @ offset 120 MB (Integrity: OK)
[LM] Client connected. Migration is initiated (1785686516089.843018 ms)...
[LM] Phase 1: Sending initial bulk memory (200 MB)...
[WASM] Iteration 600 | Dirtied 0.64 MB @ offset 184 MB (Integrity: OK)
[LM] Initial pre-copy of bulk memory completed. Took 1807.135010 ms
[LM] Phase 1.5: Starting incremental pre-copy...
[WASM] Iteration 700 | Dirtied 0.64 MB @ offset 49 MB (Integrity: OK)
[LM] Number of dirty cards transmitted: 233315
[LM] Pre-copy Iteration 1: Sent 119457280 bytes.
[WASM] Iteration 800 | Dirtied 0.64 MB @ offset 113 MB (Integrity: OK)
[LM] Number of dirty cards transmitted: 132389
[LM] Pre-copy Iteration 2: Sent 67783168 bytes.
[LM] Number of dirty cards transmitted: 76028
[LM] Pre-copy Iteration 3: Sent 38926336 bytes.
[LM] Number of dirty cards transmitted: 43258
[LM] Pre-copy Iteration 4: Sent 22148096 bytes.
[WASM] Iteration 900 | Dirtied 0.64 MB @ offset 177 MB (Integrity: OK)
[LM] Number of dirty cards transmitted: 24909
[LM] Pre-copy Iteration 5: Sent 12753408 bytes.
[LM] Number of dirty cards transmitted: 14425
[LM] Pre-copy Iteration 6: Sent 7385600 bytes.
[LM] Pre-copy threshold reached. Moving to final handover.
[LM] Incremental pre-copy completed. Took 2307.090088 ms
[LM] Bulk + Precopy duration 781.703000 ms
[LM] Received 0xEOF_RECONSTRUCT, halting execution for final handover...
[LM/Checkpoint] Migration triggered! Dumping state...
[LM/Checkpoint] State synced to frame structures.
[LM] Phase 2: Sending final dirty pages and context...
[LM] Number of dirty cards transmitted: 11801
[LM] Send final dirty pages took 23.254000 ms
[LM] Checkpoint dirty state took 0.074000 ms
[LM/Checkpoint] Live migration completed at 1785686520280.051758 ms. Migration took 4190.208740 ms
[LM/Checkpoint] Took 23.475000 ms to checkpoint application
