[LM] Starting migration server on port 8010 in background...
[LM] Server waiting for connection on port 8010...
[WASM] Options: Allocating 500 MB | Rate: 64 MB/s | Step: 10 ms (0.64 MB/iter)
[WASM] Writing initial test patterns to all 500 MB of pages...
[WASM] Memory initialized. Starting loop with 64 MB updates per second...
[WASM] Iteration 0 | Dirtied 0.64 MB @ offset 0 MB (Integrity: OK)
[WASM] Iteration 100 | Dirtied 0.64 MB @ offset 63 MB (Integrity: OK)
[WASM] Iteration 200 | Dirtied 0.64 MB @ offset 127 MB (Integrity: OK)
[WASM] Iteration 300 | Dirtied 0.64 MB @ offset 191 MB (Integrity: OK)
[WASM] Iteration 400 | Dirtied 0.64 MB @ offset 255 MB (Integrity: OK)
[WASM] Iteration 500 | Dirtied 0.64 MB @ offset 319 MB (Integrity: OK)
[LM] Client connected. Migration is initiated (1785687530670.404541 ms)...
[LM] Phase 1: Sending initial bulk memory (500 MB)...
[WASM] Iteration 600 | Dirtied 0.64 MB @ offset 383 MB (Integrity: OK)
[WASM] Iteration 700 | Dirtied 0.64 MB @ offset 447 MB (Integrity: OK)
[WASM] Iteration 800 | Dirtied 0.64 MB @ offset 12 MB (Integrity: OK)
[WASM] Iteration 900 | Dirtied 0.64 MB @ offset 76 MB (Integrity: OK)
[LM] Initial pre-copy of bulk memory completed. Took 4497.730713 ms
[LM] Phase 1.5: Starting incremental pre-copy...
[WASM] Iteration 1000 | Dirtied 0.64 MB @ offset 140 MB (Integrity: OK)
[WASM] Iteration 1100 | Dirtied 0.64 MB @ offset 204 MB (Integrity: OK)
[WASM] Iteration 1200 | Dirtied 0.64 MB @ offset 268 MB (Integrity: OK)
[LM] Number of dirty cards transmitted: 579346
[LM] Pre-copy Iteration 1: Sent 296625152 bytes.
[WASM] Iteration 1300 | Dirtied 0.64 MB @ offset 332 MB (Integrity: OK)
[LM] Number of dirty cards transmitted: 328996
[LM] Pre-copy Iteration 2: Sent 168445952 bytes.
[WASM] Iteration 1400 | Dirtied 0.64 MB @ offset 396 MB (Integrity: OK)
[LM] Number of dirty cards transmitted: 188750
[LM] Pre-copy Iteration 3: Sent 96640000 bytes.
[LM] Number of dirty cards transmitted: 106176
[LM] Pre-copy Iteration 4: Sent 54362112 bytes.
[WASM] Iteration 1500 | Dirtied 0.64 MB @ offset 460 MB (Integrity: OK)
[LM] Number of dirty cards transmitted: 60298
[LM] Pre-copy Iteration 5: Sent 30872576 bytes.
[LM] Number of dirty cards transmitted: 35396
[LM] Pre-copy Iteration 6: Sent 18122752 bytes.
[LM] Number of dirty cards transmitted: 19666
[LM] Pre-copy Iteration 7: Sent 10068992 bytes.
[LM] Pre-copy threshold reached. Moving to final handover.
[LM] Incremental pre-copy completed. Took 5820.811768 ms
[LM] Bulk + Precopy duration 1958.212000 ms
[LM] Received 0xEOF_RECONSTRUCT, halting execution for final handover...
[LM/Checkpoint] Migration triggered! Dumping state...
[LM/Checkpoint] State synced to frame structures.
[LM] Phase 2: Sending final dirty pages and context...
[LM] Number of dirty cards transmitted: 14423
[LM] Send final dirty pages took 24.725000 ms
[LM] Checkpoint dirty state took 0.149000 ms
[LM/Checkpoint] Live migration completed at 1785687541066.365967 ms. Migration took 10395.961426 ms
[LM/Checkpoint] Took 24.900000 ms to checkpoint application
