[LM] Connecting to migration server 192.168.10.11:8010...
[LM Client] Receiving pre-copy chunk...
[LM Client] Receiving pre-copy chunk...
[LM Client] Receiving pre-copy chunk...
[LM Client] Receiving pre-copy chunk...
[LM Client] Receiving pre-copy chunk...
[LM Client] Receiving pre-copy chunk...
[LM Client] Receiving pre-copy chunk...
[LM Client] Receiving pre-copy chunk...
[LM Client] Pre-copy complete. Proceeding to final handover.
Frame - IP: 14, function_index: 27, func: 0x5555b3f9a400
  frame->ip: 0x7fff80b031f8
END

Frame - IP: 317, function_index: 17, func: 0x5555b3f9a220
  frame->ip: 0x7fff80b03003
END

Frame - IP: 75, function_index: 18, func: 0x5555b3f9a250
  frame->ip: 0x7fff80b03070
END

Frame - IP: 2891, function_index: 10, func: 0x5555b3f9a0d0
  frame->ip: 0x7fff80b00e87
END

Frame - IP: 114, function_index: 20, func: 0x5555b3f9a2b0
  frame->ip: 0x7fff80b03116
END

Frame - IP: 52, function_index: 9, func: 0x5555b3f9a0a0
  frame->ip: 0x7fff80b0029b
END

[LM Client] Migration successfully completed.
[LM] State received and restored.
[LM] Starting migration server on port 8010 in background...
[LM] Re-entering interpreter loop...
[LM/Resume] exec_env=0x5555b3f9b1c0 cur_frame=0x5555b3f9c9a0 module_inst=0x5555b3f99a80 function=0x5555b3f9a400 prev_frame=0x5555b3f9c894 ip=0x7fff80b031f8 (offset=14)
[LM/Resume] new function array base=0x5555b3f99ef0 count=88
[LM/Resume] Took 0.007000 ms to restore application
[LM/Restore] Live migration restored at 1785688155192.362305 ms
[LM] Server waiting for connection on port 8010...
[WASM] Iteration 1800 | Dirtied 0.64 MB @ offset 502 MB (Integrity: OK)
[WASM] Iteration 1900 | Dirtied 0.64 MB @ offset 566 MB (Integrity: OK)
[WASM] Iteration 2000 | Dirtied 0.64 MB @ offset 630 MB (Integrity: OK)
[WASM] Iteration 2100 | Dirtied 0.64 MB @ offset 45 MB (Integrity: OK)
[WASM] Iteration 2200 | Dirtied 0.64 MB @ offset 109 MB (Integrity: OK)
[WASM] Iteration 2300 | Dirtied 0.64 MB @ offset 173 MB (Integrity: OK)
[WASM] Iteration 2400 | Dirtied 0.64 MB @ offset 237 MB (Integrity: OK)
[WASM] Iteration 2500 | Dirtied 0.64 MB @ offset 301 MB (Integrity: OK)
[WASM] Iteration 2600 | Dirtied 0.64 MB @ offset 365 MB (Integrity: OK)
[WASM] Iteration 2700 | Dirtied 0.64 MB @ offset 429 MB (Integrity: OK)
[WASM] Iteration 2800 | Dirtied 0.64 MB @ offset 493 MB (Integrity: OK)
[WASM] Iteration 2900 | Dirtied 0.64 MB @ offset 557 MB (Integrity: OK)
[WASM] Iteration 3000 | Dirtied 0.64 MB @ offset 621 MB (Integrity: OK)
[WASM] Iteration 3100 | Dirtied 0.64 MB @ offset 35 MB (Integrity: OK)
[WASM] Iteration 3200 | Dirtied 0.64 MB @ offset 99 MB (Integrity: OK)
