[LM] Connecting to migration server 192.168.10.11:8010...
[LM Client] Receiving pre-copy chunk...
[LM Client] Receiving pre-copy chunk...
[LM Client] Receiving pre-copy chunk...
[LM Client] Receiving pre-copy chunk...
[LM Client] Receiving pre-copy chunk...
[LM Client] Pre-copy complete. Proceeding to final handover.
Frame - IP: 14, function_index: 27, func: 0x5555af2de400
  frame->ip: 0x7fff4a3e31f8
END

Frame - IP: 317, function_index: 17, func: 0x5555af2de220
  frame->ip: 0x7fff4a3e3003
END

Frame - IP: 75, function_index: 18, func: 0x5555af2de250
  frame->ip: 0x7fff4a3e3070
END

Frame - IP: 2891, function_index: 10, func: 0x5555af2de0d0
  frame->ip: 0x7fff4a3e0e87
END

Frame - IP: 114, function_index: 20, func: 0x5555af2de2b0
  frame->ip: 0x7fff4a3e3116
END

Frame - IP: 52, function_index: 9, func: 0x5555af2de0a0
  frame->ip: 0x7fff4a3e029b
END

[LM Client] Migration successfully completed.
[LM] State received and restored.
[LM] Starting migration server on port 8010 in background...
[LM] Re-entering interpreter loop...
[LM/Resume] exec_env=0x5555af2df1c0 cur_frame=0x5555af2e09a0 module_inst=0x5555af2dda80 function=0x5555af2de400 prev_frame=0x5555af2e0894 ip=0x7fff4a3e31f8 (offset=14)
[LM/Resume] new function array base=0x5555af2ddef0 count=88
[LM/Resume] Took 0.006000 ms to restore application
[LM/Restore] Live migration restored at 1785686236388.620361 ms
[LM] Server waiting for connection on port 8010...
[WASM] Iteration 700 | Dirtied 0.64 MB @ offset 50 MB (Integrity: OK)
[WASM] Iteration 800 | Dirtied 0.64 MB @ offset 15 MB (Integrity: OK)
[WASM] Iteration 900 | Dirtied 0.64 MB @ offset 79 MB (Integrity: OK)
[WASM] Iteration 1000 | Dirtied 0.64 MB @ offset 43 MB (Integrity: OK)
