[LM] Connecting to migration server 192.168.10.11:8010...
[LM Client] Receiving pre-copy chunk...
[LM Client] Receiving pre-copy chunk...
[LM Client] Receiving pre-copy chunk...
[LM Client] Pre-copy complete. Proceeding to final handover.
Frame - IP: 14, function_index: 27, func: 0x55559535a400
  frame->ip: 0x7fff53d531f8
END

Frame - IP: 317, function_index: 17, func: 0x55559535a220
  frame->ip: 0x7fff53d53003
END

Frame - IP: 75, function_index: 18, func: 0x55559535a250
  frame->ip: 0x7fff53d53070
END

Frame - IP: 2891, function_index: 10, func: 0x55559535a0d0
  frame->ip: 0x7fff53d50e87
END

Frame - IP: 114, function_index: 20, func: 0x55559535a2b0
  frame->ip: 0x7fff53d53116
END

Frame - IP: 52, function_index: 9, func: 0x55559535a0a0
  frame->ip: 0x7fff53d5029b
END

[LM Client] Migration successfully completed.
[LM] State received and restored.
[LM] Starting migration server on port 8010 in background...
[LM] Re-entering interpreter loop...
[LM/Resume] exec_env=0x55559535b1c0 cur_frame=0x55559535c9a0 module_inst=0x555595359a80 function=0x55559535a400 prev_frame=0x55559535c894 ip=0x7fff53d531f8 (offset=14)
[LM/Resume] new function array base=0x555595359ef0 count=88
[LM/Resume] Took 0.007000 ms to restore application
[LM/Restore] Live migration restored at 1785690121350.379639 ms
[LM] Server waiting for connection on port 8010...
[WASM] Iteration 600 | Dirtied 0.64 MB @ offset 38 MB (Integrity: OK)
[WASM] Iteration 700 | Dirtied 0.64 MB @ offset 3 MB (Integrity: OK)
[WASM] Iteration 800 | Dirtied 0.64 MB @ offset 18 MB (Integrity: OK)
