[LM] Starting migration server on port 8010 in background...
[LM] Server waiting for connection on port 8010...
[WASM] Options: Allocating 400 MB | Rate: 64 MB/s | Step: 10 ms (0.64 MB/iter)
[WASM] Writing initial test patterns to all 400 MB of pages...
[WASM] Memory initialized. Starting loop with 64 MB updates per second...
[WASM] Iteration 0 | Dirtied 0.64 MB @ offset 0 MB (Integrity: OK)
[WASM] Iteration 100 | Dirtied 0.64 MB @ offset 63 MB (Integrity: OK)
[WASM] Iteration 200 | Dirtied 0.64 MB @ offset 127 MB (Integrity: OK)
[WASM] Iteration 300 | Dirtied 0.64 MB @ offset 191 MB (Integrity: OK)
[WASM] Iteration 400 | Dirtied 0.64 MB @ offset 255 MB (Integrity: OK)
[WASM] Iteration 500 | Dirtied 0.64 MB @ offset 319 MB (Integrity: OK)
[LM] Client connected. Migration is initiated (1785691166303.229492 ms)...
[LM] Phase 1: Sending initial bulk memory (400 MB)...
[WASM] Iteration 600 | Dirtied 0.64 MB @ offset 383 MB (Integrity: OK)
[WASM] Iteration 700 | Dirtied 0.64 MB @ offset 48 MB (Integrity: OK)
[WASM] Iteration 800 | Dirtied 0.64 MB @ offset 112 MB (Integrity: OK)
[LM] Initial pre-copy of bulk memory completed. Took 3614.243408 ms
[LM] Phase 1.5: Starting incremental pre-copy...
[WASM] Iteration 900 | Dirtied 0.64 MB @ offset 176 MB (Integrity: OK)
[WASM] Iteration 1000 | Dirtied 0.64 MB @ offset 240 MB (Integrity: OK)
[LM] Number of dirty cards transmitted: 466623
[LM] Pre-copy Iteration 1: Sent 238910976 bytes.
[WASM] Iteration 1100 | Dirtied 0.64 MB @ offset 304 MB (Integrity: OK)
[LM] Number of dirty cards transmitted: 266082
[LM] Pre-copy Iteration 2: Sent 136233984 bytes.
[WASM] Iteration 1200 | Dirtied 0.64 MB @ offset 368 MB (Integrity: OK)
[LM] Number of dirty cards transmitted: 150740
[LM] Pre-copy Iteration 3: Sent 77178880 bytes.
[LM] Number of dirty cards transmitted: 86514
[LM] Pre-copy Iteration 4: Sent 44295168 bytes.
[WASM] Iteration 1300 | Dirtied 0.64 MB @ offset 33 MB (Integrity: OK)
[LM] Number of dirty cards transmitted: 48503
[LM] Pre-copy Iteration 5: Sent 24833536 bytes.
[LM] Number of dirty cards transmitted: 27532
[LM] Pre-copy Iteration 6: Sent 14096384 bytes.
[LM] Number of dirty cards transmitted: 15733
[LM] Pre-copy Iteration 7: Sent 8055296 bytes.
[LM] Pre-copy threshold reached. Moving to final handover.
[LM] Incremental pre-copy completed. Took 4675.326660 ms
[LM] Bulk + Precopy duration 1552.466000 ms
[LM] Received 0xEOF_RECONSTRUCT, halting execution for final handover...
[LM/Checkpoint] Migration triggered! Dumping state...
[LM/Checkpoint] State synced to frame structures.
[LM] Phase 2: Sending final dirty pages and context...
[LM] Number of dirty cards transmitted: 13113
[LM] Send final dirty pages took 25.457000 ms
[LM] Checkpoint dirty state took 0.079000 ms
[LM/Checkpoint] Live migration completed at 1785691174664.467773 ms. Migration took 8361.238281 ms
[LM/Checkpoint] Took 25.676000 ms to checkpoint application
