[LM] Starting migration server on port 8010 in background...
[LM] Server waiting for connection on port 8010...
[WASM] Options: Allocating 300 MB | Rate: 64 MB/s | Step: 10 ms (0.64 MB/iter)
[WASM] Writing initial test patterns to all 300 MB of pages...
[WASM] Memory initialized. Starting loop with 64 MB updates per second...
[WASM] Iteration 0 | Dirtied 0.64 MB @ offset 0 MB (Integrity: OK)
[WASM] Iteration 100 | Dirtied 0.64 MB @ offset 63 MB (Integrity: OK)
[WASM] Iteration 200 | Dirtied 0.64 MB @ offset 127 MB (Integrity: OK)
[WASM] Iteration 300 | Dirtied 0.64 MB @ offset 191 MB (Integrity: OK)
[WASM] Iteration 400 | Dirtied 0.64 MB @ offset 255 MB (Integrity: OK)
[WASM] Iteration 500 | Dirtied 0.64 MB @ offset 20 MB (Integrity: OK)
[LM] Client connected. Migration is initiated (1785690826586.309814 ms)...
[LM] Phase 1: Sending initial bulk memory (300 MB)...
[WASM] Iteration 600 | Dirtied 0.64 MB @ offset 84 MB (Integrity: OK)
[WASM] Iteration 700 | Dirtied 0.64 MB @ offset 148 MB (Integrity: OK)
[LM] Initial pre-copy of bulk memory completed. Took 2709.366211 ms
[LM] Phase 1.5: Starting incremental pre-copy...
[WASM] Iteration 800 | Dirtied 0.64 MB @ offset 212 MB (Integrity: OK)
[WASM] Iteration 900 | Dirtied 0.64 MB @ offset 276 MB (Integrity: OK)
[LM] Number of dirty cards transmitted: 349968
[LM] Pre-copy Iteration 1: Sent 179183616 bytes.
[WASM] Iteration 1000 | Dirtied 0.64 MB @ offset 41 MB (Integrity: OK)
[LM] Number of dirty cards transmitted: 203169
[LM] Pre-copy Iteration 2: Sent 104022528 bytes.
[LM] Number of dirty cards transmitted: 115351
[LM] Pre-copy Iteration 3: Sent 59059712 bytes.
[WASM] Iteration 1100 | Dirtied 0.64 MB @ offset 105 MB (Integrity: OK)
[LM] Number of dirty cards transmitted: 66851
[LM] Pre-copy Iteration 4: Sent 34227712 bytes.
[LM] Number of dirty cards transmitted: 38018
[LM] Pre-copy Iteration 5: Sent 19465216 bytes.
[LM] Number of dirty cards transmitted: 20977
[LM] Pre-copy Iteration 6: Sent 10740224 bytes.
[LM] Number of dirty cards transmitted: 11801
[LM] Pre-copy Iteration 7: Sent 6042112 bytes.
[LM] Pre-copy threshold reached. Moving to final handover.
[LM] Incremental pre-copy completed. Took 3591.554932 ms
[LM] Bulk + Precopy duration 1129.804000 ms
[LM] Received 0xEOF_RECONSTRUCT, halting execution for final handover...
[LM/Checkpoint] Migration triggered! Dumping state...
[LM/Checkpoint] State synced to frame structures.
[LM] Phase 2: Sending final dirty pages and context...
[LM] Number of dirty cards transmitted: 10491
[LM] Send final dirty pages took 22.097000 ms
[LM] Checkpoint dirty state took 0.059000 ms
[LM/Checkpoint] Live migration completed at 1785690832937.332764 ms. Migration took 6351.022949 ms
[LM/Checkpoint] Took 22.308000 ms to checkpoint application
