[LM] Starting migration server on port 8010 in background...
[LM] Server waiting for connection on port 8010...
[WASM] Options: Allocating 650 MB | Rate: 64 MB/s | Step: 10 ms (0.64 MB/iter)
[WASM] Writing initial test patterns to all 650 MB of pages...
[WASM] Memory initialized. Starting loop with 64 MB updates per second...
[WASM] Iteration 0 | Dirtied 0.64 MB @ offset 0 MB (Integrity: OK)
[WASM] Iteration 100 | Dirtied 0.64 MB @ offset 63 MB (Integrity: OK)
[WASM] Iteration 200 | Dirtied 0.64 MB @ offset 127 MB (Integrity: OK)
[WASM] Iteration 300 | Dirtied 0.64 MB @ offset 191 MB (Integrity: OK)
[WASM] Iteration 400 | Dirtied 0.64 MB @ offset 255 MB (Integrity: OK)
[WASM] Iteration 500 | Dirtied 0.64 MB @ offset 319 MB (Integrity: OK)
[LM] Client connected. Migration is initiated (1785692156133.129639 ms)...
[LM] Phase 1: Sending initial bulk memory (650 MB)...
[WASM] Iteration 600 | Dirtied 0.64 MB @ offset 383 MB (Integrity: OK)
[WASM] Iteration 700 | Dirtied 0.64 MB @ offset 447 MB (Integrity: OK)
[WASM] Iteration 800 | Dirtied 0.64 MB @ offset 511 MB (Integrity: OK)
[WASM] Iteration 900 | Dirtied 0.64 MB @ offset 575 MB (Integrity: OK)
[WASM] Iteration 1000 | Dirtied 0.64 MB @ offset 639 MB (Integrity: OK)
[WASM] Iteration 1100 | Dirtied 0.64 MB @ offset 54 MB (Integrity: OK)
[LM] Initial pre-copy of bulk memory completed. Took 5856.396484 ms
[LM] Phase 1.5: Starting incremental pre-copy...
[WASM] Iteration 1200 | Dirtied 0.64 MB @ offset 118 MB (Integrity: OK)
[WASM] Iteration 1300 | Dirtied 0.64 MB @ offset 182 MB (Integrity: OK)
[WASM] Iteration 1400 | Dirtied 0.64 MB @ offset 246 MB (Integrity: OK)
[LM] Number of dirty cards transmitted: 756293
[LM] Pre-copy Iteration 1: Sent 387222016 bytes.
[WASM] Iteration 1500 | Dirtied 0.64 MB @ offset 310 MB (Integrity: OK)
[WASM] Iteration 1600 | Dirtied 0.64 MB @ offset 374 MB (Integrity: OK)
[LM] Number of dirty cards transmitted: 428612
[LM] Pre-copy Iteration 2: Sent 219449344 bytes.
[WASM] Iteration 1700 | Dirtied 0.64 MB @ offset 438 MB (Integrity: OK)
[LM] Number of dirty cards transmitted: 245110
[LM] Pre-copy Iteration 3: Sent 125496320 bytes.
[WASM] Iteration 1800 | Dirtied 0.64 MB @ offset 502 MB (Integrity: OK)
[LM] Number of dirty cards transmitted: 138943
[LM] Pre-copy Iteration 4: Sent 71138816 bytes.
[LM] Number of dirty cards transmitted: 78650
[LM] Pre-copy Iteration 5: Sent 40268800 bytes.
[WASM] Iteration 1900 | Dirtied 0.64 MB @ offset 566 MB (Integrity: OK)
[LM] Number of dirty cards transmitted: 45880
[LM] Pre-copy Iteration 6: Sent 23490560 bytes.
[LM] Number of dirty cards transmitted: 24911
[LM] Pre-copy Iteration 7: Sent 12754432 bytes.
[LM] Number of dirty cards transmitted: 15734
[LM] Pre-copy Iteration 8: Sent 8055808 bytes.
[LM] Pre-copy threshold reached. Moving to final handover.
[LM] Incremental pre-copy completed. Took 7641.222656 ms
[LM] Bulk + Precopy duration 2553.893000 ms
[LM] Received 0xEOF_RECONSTRUCT, halting execution for final handover...
[LM/Checkpoint] Migration triggered! Dumping state...
[LM/Checkpoint] State synced to frame structures.
[LM] Phase 2: Sending final dirty pages and context...
[LM] Number of dirty cards transmitted: 11801
[LM] Send final dirty pages took 25.544000 ms
[LM] Checkpoint dirty state took 0.180000 ms
[LM/Checkpoint] Live migration completed at 1785692169695.848145 ms. Migration took 13562.718750 ms
[LM/Checkpoint] Took 25.859000 ms to checkpoint application
