[LM] Connecting to migration server 192.168.10.11:8010...
[LM Client] Receiving pre-copy chunk...
[LM Client] Receiving pre-copy chunk...
[LM Client] Receiving pre-copy chunk...
[LM Client] Receiving pre-copy chunk...
[LM Client] Receiving pre-copy chunk...
[LM Client] Receiving pre-copy chunk...
[LM Client] Receiving pre-copy chunk...
[LM Client] Pre-copy complete. Proceeding to final handover.
Frame - IP: 14, function_index: 27, func: 0x555587626400
  frame->ip: 0x7fff884331f8
END

Frame - IP: 317, function_index: 17, func: 0x555587626220
  frame->ip: 0x7fff88433003
END

Frame - IP: 75, function_index: 18, func: 0x555587626250
  frame->ip: 0x7fff88433070
END

Frame - IP: 2891, function_index: 10, func: 0x5555876260d0
  frame->ip: 0x7fff88430e87
END

Frame - IP: 114, function_index: 20, func: 0x5555876262b0
  frame->ip: 0x7fff88433116
END

Frame - IP: 52, function_index: 9, func: 0x5555876260a0
  frame->ip: 0x7fff8843029b
END

[LM Client] Migration successfully completed.
[LM] State received and restored.
[LM] Starting migration server on port 8010 in background...
[LM] Re-entering interpreter loop...
[LM/Resume] exec_env=0x5555876271c0 cur_frame=0x5555876289a0 module_inst=0x555587625a80 function=0x555587626400 prev_frame=0x555587628894 ip=0x7fff884331f8 (offset=14)
[LM/Resume] new function array base=0x555587625ef0 count=88
[LM/Resume] Took 0.007000 ms to restore application
[LM/Restore] Live migration restored at 1785690996014.300537 ms
[LM] Server waiting for connection on port 8010...
[WASM] Iteration 1300 | Dirtied 0.64 MB @ offset 133 MB (Integrity: OK)
[WASM] Iteration 1400 | Dirtied 0.64 MB @ offset 197 MB (Integrity: OK)
[WASM] Iteration 1500 | Dirtied 0.64 MB @ offset 261 MB (Integrity: OK)
[WASM] Iteration 1600 | Dirtied 0.64 MB @ offset 325 MB (Integrity: OK)
[WASM] Iteration 1700 | Dirtied 0.64 MB @ offset 39 MB (Integrity: OK)
[WASM] Iteration 1800 | Dirtied 0.64 MB @ offset 103 MB (Integrity: OK)
[WASM] Iteration 1900 | Dirtied 0.64 MB @ offset 167 MB (Integrity: OK)
[WASM] Iteration 2000 | Dirtied 0.64 MB @ offset 231 MB (Integrity: OK)
[WASM] Iteration 2100 | Dirtied 0.64 MB @ offset 295 MB (Integrity: OK)
[WASM] Iteration 2200 | Dirtied 0.64 MB @ offset 10 MB (Integrity: OK)
[WASM] Iteration 2300 | Dirtied 0.64 MB @ offset 74 MB (Integrity: OK)
