[LM] Starting migration server on port 8010 in background...
[LM] Server waiting for connection on port 8010...
[WASM] Options: Allocating 50 MB | Rate: 64 MB/s | Step: 10 ms (0.64 MB/iter)
[WASM] Writing initial test patterns to all 50 MB of pages...
[WASM] Memory initialized. Starting loop with 64 MB updates per second...
[WASM] Iteration 0 | Dirtied 0.64 MB @ offset 0 MB (Integrity: OK)
[WASM] Iteration 100 | Dirtied 0.64 MB @ offset 14 MB (Integrity: OK)
[WASM] Iteration 200 | Dirtied 0.64 MB @ offset 29 MB (Integrity: OK)
[WASM] Iteration 300 | Dirtied 0.64 MB @ offset 43 MB (Integrity: OK)
[WASM] Iteration 400 | Dirtied 0.64 MB @ offset 9 MB (Integrity: OK)
[LM] Client connected. Migration is initiated (1785690120272.126465 ms)...
[LM] Phase 1: Sending initial bulk memory (50 MB)...
[LM] Initial pre-copy of bulk memory completed. Took 472.991455 ms
[LM] Phase 1.5: Starting incremental pre-copy...
[LM] Number of dirty cards transmitted: 61608
[LM] Pre-copy Iteration 1: Sent 31543296 bytes.
[LM] Number of dirty cards transmitted: 34085
[LM] Pre-copy Iteration 2: Sent 17451520 bytes.
[WASM] Iteration 500 | Dirtied 0.64 MB @ offset 23 MB (Integrity: OK)
[LM] Number of dirty cards transmitted: 19665
[LM] Pre-copy Iteration 3: Sent 10068480 bytes.
[LM] Pre-copy threshold reached. Moving to final handover.
[LM] Incremental pre-copy completed. Took 501.854736 ms
[LM] Bulk + Precopy duration 186.159000 ms
[LM] Received 0xEOF_RECONSTRUCT, halting execution for final handover...
[LM/Checkpoint] Migration triggered! Dumping state...
[LM/Checkpoint] State synced to frame structures.
[LM] Phase 2: Sending final dirty pages and context...
[LM] Number of dirty cards transmitted: 14424
[LM] Send final dirty pages took 26.236000 ms
[LM] Checkpoint dirty state took 0.033000 ms
[LM/Checkpoint] Live migration completed at 1785690121328.457520 ms. Migration took 1056.331055 ms
[LM/Checkpoint] Took 26.405000 ms to checkpoint application
