[LM] Starting migration server on port 8010 in background...
[LM] Server waiting for connection on port 8010...
[WASM] Options: Allocating 600 MB | Rate: 64 MB/s | Step: 10 ms (0.64 MB/iter)
[WASM] Writing initial test patterns to all 600 MB of pages...
[WASM] Memory initialized. Starting loop with 64 MB updates per second...
[WASM] Iteration 0 | Dirtied 0.64 MB @ offset 0 MB (Integrity: OK)
[WASM] Iteration 100 | Dirtied 0.64 MB @ offset 63 MB (Integrity: OK)
[WASM] Iteration 200 | Dirtied 0.64 MB @ offset 127 MB (Integrity: OK)
[WASM] Iteration 300 | Dirtied 0.64 MB @ offset 191 MB (Integrity: OK)
[WASM] Iteration 400 | Dirtied 0.64 MB @ offset 255 MB (Integrity: OK)
[WASM] Iteration 500 | Dirtied 0.64 MB @ offset 319 MB (Integrity: OK)
[LM] Client connected. Migration is initiated (1785691933649.501953 ms)...
[LM] Phase 1: Sending initial bulk memory (600 MB)...
[WASM] Iteration 600 | Dirtied 0.64 MB @ offset 383 MB (Integrity: OK)
[WASM] Iteration 700 | Dirtied 0.64 MB @ offset 447 MB (Integrity: OK)
[WASM] Iteration 800 | Dirtied 0.64 MB @ offset 511 MB (Integrity: OK)
[WASM] Iteration 900 | Dirtied 0.64 MB @ offset 575 MB (Integrity: OK)
[WASM] Iteration 1000 | Dirtied 0.64 MB @ offset 40 MB (Integrity: OK)
[LM] Initial pre-copy of bulk memory completed. Took 5403.730225 ms
[LM] Phase 1.5: Starting incremental pre-copy...
[WASM] Iteration 1100 | Dirtied 0.64 MB @ offset 104 MB (Integrity: OK)
[WASM] Iteration 1200 | Dirtied 0.64 MB @ offset 168 MB (Integrity: OK)
[WASM] Iteration 1300 | Dirtied 0.64 MB @ offset 232 MB (Integrity: OK)
[LM] Number of dirty cards transmitted: 697310
[LM] Pre-copy Iteration 1: Sent 357022720 bytes.
[WASM] Iteration 1400 | Dirtied 0.64 MB @ offset 296 MB (Integrity: OK)
[WASM] Iteration 1500 | Dirtied 0.64 MB @ offset 360 MB (Integrity: OK)
[LM] Number of dirty cards transmitted: 397155
[LM] Pre-copy Iteration 2: Sent 203343360 bytes.
[WASM] Iteration 1600 | Dirtied 0.64 MB @ offset 424 MB (Integrity: OK)
[LM] Number of dirty cards transmitted: 225449
[LM] Pre-copy Iteration 3: Sent 115429888 bytes.
[LM] Number of dirty cards transmitted: 128458
[LM] Pre-copy Iteration 4: Sent 65770496 bytes.
[LM] Number of dirty cards transmitted: 74716
[LM] Pre-copy Iteration 5: Sent 38254592 bytes.
[WASM] Iteration 1700 | Dirtied 0.64 MB @ offset 488 MB (Integrity: OK)
[LM] Number of dirty cards transmitted: 40637
[LM] Pre-copy Iteration 6: Sent 20806144 bytes.
[LM] Number of dirty cards transmitted: 23600
[LM] Pre-copy Iteration 7: Sent 12083200 bytes.
[LM] Number of dirty cards transmitted: 14423
[LM] Pre-copy Iteration 8: Sent 7384576 bytes.
[LM] Pre-copy threshold reached. Moving to final handover.
[LM] Incremental pre-copy completed. Took 7054.737793 ms
[LM] Bulk + Precopy duration 2376.589000 ms
[LM] Received 0xEOF_RECONSTRUCT, halting execution for final handover...
[LM/Checkpoint] Migration triggered! Dumping state...
[LM/Checkpoint] State synced to frame structures.
[LM] Phase 2: Sending final dirty pages and context...
[LM] Number of dirty cards transmitted: 11801
[LM] Send final dirty pages took 25.048000 ms
[LM] Checkpoint dirty state took 0.164000 ms
[LM/Checkpoint] Live migration completed at 1785691946187.689209 ms. Migration took 12538.187256 ms
[LM/Checkpoint] Took 25.349000 ms to checkpoint application
