[LM] Starting migration server on port 8010 in background...
[LM] Server waiting for connection on port 8010...
[WASM] Options: Allocating 250 MB | Rate: 64 MB/s | Step: 10 ms (0.64 MB/iter)
[WASM] Writing initial test patterns to all 250 MB of pages...
[WASM] Memory initialized. Starting loop with 64 MB updates per second...
[WASM] Iteration 0 | Dirtied 0.64 MB @ offset 0 MB (Integrity: OK)
[WASM] Iteration 100 | Dirtied 0.64 MB @ offset 63 MB (Integrity: OK)
[WASM] Iteration 200 | Dirtied 0.64 MB @ offset 127 MB (Integrity: OK)
[WASM] Iteration 300 | Dirtied 0.64 MB @ offset 191 MB (Integrity: OK)
[WASM] Iteration 400 | Dirtied 0.64 MB @ offset 6 MB (Integrity: OK)
[LM] Client connected. Migration is initiated (1785690666928.052490 ms)...
[LM] Phase 1: Sending initial bulk memory (250 MB)...
[WASM] Iteration 500 | Dirtied 0.64 MB @ offset 70 MB (Integrity: OK)
[WASM] Iteration 600 | Dirtied 0.64 MB @ offset 134 MB (Integrity: OK)
[LM] Initial pre-copy of bulk memory completed. Took 2249.135254 ms
[LM] Phase 1.5: Starting incremental pre-copy...
[WASM] Iteration 700 | Dirtied 0.64 MB @ offset 198 MB (Integrity: OK)
[LM] Number of dirty cards transmitted: 290985
[LM] Pre-copy Iteration 1: Sent 148984320 bytes.
[WASM] Iteration 800 | Dirtied 0.64 MB @ offset 13 MB (Integrity: OK)
[LM] Number of dirty cards transmitted: 167780
[LM] Pre-copy Iteration 2: Sent 85903360 bytes.
[WASM] Iteration 900 | Dirtied 0.64 MB @ offset 77 MB (Integrity: OK)
[LM] Number of dirty cards transmitted: 95689
[LM] Pre-copy Iteration 3: Sent 48992768 bytes.
[LM] Number of dirty cards transmitted: 55058
[LM] Pre-copy Iteration 4: Sent 28189696 bytes.
[LM] Number of dirty cards transmitted: 30151
[LM] Pre-copy Iteration 5: Sent 15437312 bytes.
[LM] Number of dirty cards transmitted: 18355
[LM] Pre-copy Iteration 6: Sent 9397760 bytes.
[LM] Pre-copy threshold reached. Moving to final handover.
[LM] Incremental pre-copy completed. Took 2920.737549 ms
[LM] Bulk + Precopy duration 873.125000 ms
[LM] Received 0xEOF_RECONSTRUCT, halting execution for final handover...
[LM/Checkpoint] Migration triggered! Dumping state...
[LM/Checkpoint] State synced to frame structures.
[LM] Phase 2: Sending final dirty pages and context...
[LM] Number of dirty cards transmitted: 13112
[LM] Send final dirty pages took 60.807000 ms
[LM] Checkpoint dirty state took 0.184000 ms
[LM/Checkpoint] Live migration completed at 1785690672187.839111 ms. Migration took 5259.786621 ms
[LM/Checkpoint] Took 61.283000 ms to checkpoint application
