[LM] Connecting to migration server 192.168.10.11:8010...
[LM Client] Receiving pre-copy chunk...
[LM Client] Receiving pre-copy chunk...
[LM Client] Receiving pre-copy chunk...
[LM Client] Receiving pre-copy chunk...
[LM Client] Receiving pre-copy chunk...
[LM Client] Receiving pre-copy chunk...
[LM Client] Pre-copy complete. Proceeding to final handover.
Frame - IP: 14, function_index: 27, func: 0x5555b44be400
  frame->ip: 0x7ffecc5e31f8
END

Frame - IP: 317, function_index: 17, func: 0x5555b44be220
  frame->ip: 0x7ffecc5e3003
END

Frame - IP: 75, function_index: 18, func: 0x5555b44be250
  frame->ip: 0x7ffecc5e3070
END

Frame - IP: 2891, function_index: 10, func: 0x5555b44be0d0
  frame->ip: 0x7ffecc5e0e87
END

Frame - IP: 114, function_index: 20, func: 0x5555b44be2b0
  frame->ip: 0x7ffecc5e3116
END

Frame - IP: 52, function_index: 9, func: 0x5555b44be0a0
  frame->ip: 0x7ffecc5e029b
END

[LM Client] Migration successfully completed.
[LM] State received and restored.
[LM] Starting migration server on port 8010 in background...
[LM] Re-entering interpreter loop...
[LM/Resume] exec_env=0x5555b44bf1c0 cur_frame=0x5555b44c09a0 module_inst=0x5555b44bda80 function=0x5555b44be400 prev_frame=0x5555b44c0894 ip=0x7ffecc5e31f8 (offset=14)
[LM/Resume] new function array base=0x5555b44bdef0 count=88
[LM/Resume] Took 0.006000 ms to restore application
[LM/Restore] Live migration restored at 1785690672191.913330 ms
[LM] Server waiting for connection on port 8010...
[WASM] Iteration 1000 | Dirtied 0.64 MB @ offset 141 MB (Integrity: OK)
[WASM] Iteration 1100 | Dirtied 0.64 MB @ offset 205 MB (Integrity: OK)
[WASM] Iteration 1200 | Dirtied 0.64 MB @ offset 19 MB (Integrity: OK)
[WASM] Iteration 1300 | Dirtied 0.64 MB @ offset 83 MB (Integrity: OK)
[WASM] Iteration 1400 | Dirtied 0.64 MB @ offset 147 MB (Integrity: OK)
[WASM] Iteration 1500 | Dirtied 0.64 MB @ offset 211 MB (Integrity: OK)
[WASM] Iteration 1600 | Dirtied 0.64 MB @ offset 26 MB (Integrity: OK)
[WASM] Iteration 1700 | Dirtied 0.64 MB @ offset 90 MB (Integrity: OK)
