[LM] Starting migration server on port 8010 in background...
[LM] Server waiting for connection on port 8010...
[WASM] Options: Allocating 750 MB | Rate: 64 MB/s | Step: 10 ms (0.64 MB/iter)
[WASM] Writing initial test patterns to all 750 MB of pages...
[WASM] Memory initialized. Starting loop with 64 MB updates per second...
[WASM] Iteration 0 | Dirtied 0.64 MB @ offset 0 MB (Integrity: OK)
[WASM] Iteration 100 | Dirtied 0.64 MB @ offset 63 MB (Integrity: OK)
[WASM] Iteration 200 | Dirtied 0.64 MB @ offset 127 MB (Integrity: OK)
[WASM] Iteration 300 | Dirtied 0.64 MB @ offset 191 MB (Integrity: OK)
[WASM] Iteration 400 | Dirtied 0.64 MB @ offset 255 MB (Integrity: OK)
[LM] Client connected. Migration is initiated (1785692616200.185791 ms)...
[LM] Phase 1: Sending initial bulk memory (750 MB)...
[WASM] Iteration 500 | Dirtied 0.64 MB @ offset 319 MB (Integrity: OK)
[WASM] Iteration 600 | Dirtied 0.64 MB @ offset 383 MB (Integrity: OK)
[WASM] Iteration 700 | Dirtied 0.64 MB @ offset 447 MB (Integrity: OK)
[WASM] Iteration 800 | Dirtied 0.64 MB @ offset 511 MB (Integrity: OK)
[WASM] Iteration 900 | Dirtied 0.64 MB @ offset 575 MB (Integrity: OK)
[WASM] Iteration 1000 | Dirtied 0.64 MB @ offset 639 MB (Integrity: OK)
[WASM] Iteration 1100 | Dirtied 0.64 MB @ offset 703 MB (Integrity: OK)
[LM] Initial pre-copy of bulk memory completed. Took 6727.726562 ms
[LM] Phase 1.5: Starting incremental pre-copy...
[WASM] Iteration 1200 | Dirtied 0.64 MB @ offset 18 MB (Integrity: OK)
[WASM] Iteration 1300 | Dirtied 0.64 MB @ offset 82 MB (Integrity: OK)
[WASM] Iteration 1400 | Dirtied 0.64 MB @ offset 146 MB (Integrity: OK)
[WASM] Iteration 1500 | Dirtied 0.64 MB @ offset 210 MB (Integrity: OK)
[LM] Number of dirty cards transmitted: 867702
[LM] Pre-copy Iteration 1: Sent 444263424 bytes.
[WASM] Iteration 1600 | Dirtied 0.64 MB @ offset 274 MB (Integrity: OK)
[WASM] Iteration 1700 | Dirtied 0.64 MB @ offset 338 MB (Integrity: OK)
[LM] Number of dirty cards transmitted: 494148
[LM] Pre-copy Iteration 2: Sent 253003776 bytes.
[WASM] Iteration 1800 | Dirtied 0.64 MB @ offset 402 MB (Integrity: OK)
[LM] Number of dirty cards transmitted: 281812
[LM] Pre-copy Iteration 3: Sent 144287744 bytes.
[WASM] Iteration 1900 | Dirtied 0.64 MB @ offset 466 MB (Integrity: OK)
[LM] Number of dirty cards transmitted: 159914
[LM] Pre-copy Iteration 4: Sent 81875968 bytes.
[LM] Number of dirty cards transmitted: 91757
[LM] Pre-copy Iteration 5: Sent 46979584 bytes.
[WASM] Iteration 2000 | Dirtied 0.64 MB @ offset 530 MB (Integrity: OK)
[LM] Number of dirty cards transmitted: 52434
[LM] Pre-copy Iteration 6: Sent 26846208 bytes.
[LM] Number of dirty cards transmitted: 30153
[LM] Pre-copy Iteration 7: Sent 15438336 bytes.
[LM] Number of dirty cards transmitted: 15734
[LM] Pre-copy Iteration 8: Sent 8055808 bytes.
[LM] Pre-copy threshold reached. Moving to final handover.
[LM] Incremental pre-copy completed. Took 8788.152832 ms
[LM] Bulk + Precopy duration 2929.381000 ms
[LM] Received 0xEOF_RECONSTRUCT, halting execution for final handover...
[LM/Checkpoint] Migration triggered! Dumping state...
[LM/Checkpoint] State synced to frame structures.
[LM] Phase 2: Sending final dirty pages and context...
[LM] Number of dirty cards transmitted: 13112
[LM] Send final dirty pages took 26.400000 ms
[LM] Checkpoint dirty state took 0.179000 ms
[LM/Checkpoint] Live migration completed at 1785692631787.560547 ms. Migration took 15587.375000 ms
[LM/Checkpoint] Took 26.714000 ms to checkpoint application
