[LM] Starting migration server on port 8010 in background...
[LM] Server waiting for connection on port 8010...
[WASM] Options: Allocating 150 MB | Rate: 64 MB/s | Step: 10 ms (0.64 MB/iter)
[WASM] Writing initial test patterns to all 150 MB of pages...
[WASM] Memory initialized. Starting loop with 64 MB updates per second...
[WASM] Iteration 0 | Dirtied 0.64 MB @ offset 0 MB (Integrity: OK)
[WASM] Iteration 100 | Dirtied 0.64 MB @ offset 63 MB (Integrity: OK)
[WASM] Iteration 200 | Dirtied 0.64 MB @ offset 127 MB (Integrity: OK)
[WASM] Iteration 300 | Dirtied 0.64 MB @ offset 42 MB (Integrity: OK)
[WASM] Iteration 400 | Dirtied 0.64 MB @ offset 106 MB (Integrity: OK)
[WASM] Iteration 500 | Dirtied 0.64 MB @ offset 21 MB (Integrity: OK)
[LM] Client connected. Migration is initiated (1785690377091.338623 ms)...
[LM] Phase 1: Sending initial bulk memory (150 MB)...
[WASM] Iteration 600 | Dirtied 0.64 MB @ offset 85 MB (Integrity: OK)
[LM] Initial pre-copy of bulk memory completed. Took 1361.298096 ms
[LM] Phase 1.5: Starting incremental pre-copy...
[WASM] Iteration 700 | Dirtied 0.64 MB @ offset 149 MB (Integrity: OK)
[LM] Number of dirty cards transmitted: 175642
[LM] Pre-copy Iteration 1: Sent 89928704 bytes.
[LM] Number of dirty cards transmitted: 99622
[LM] Pre-copy Iteration 2: Sent 51006464 bytes.
[LM] Number of dirty cards transmitted: 56366
[LM] Pre-copy Iteration 3: Sent 28859392 bytes.
[WASM] Iteration 800 | Dirtied 0.64 MB @ offset 63 MB (Integrity: OK)
[LM] Number of dirty cards transmitted: 31463
[LM] Pre-copy Iteration 4: Sent 16109056 bytes.
[LM] Number of dirty cards transmitted: 18357
[LM] Pre-copy Iteration 5: Sent 9398784 bytes.
[LM] Pre-copy threshold reached. Moving to final handover.
[LM] Incremental pre-copy completed. Took 1675.352539 ms
[LM] Bulk + Precopy duration 581.408000 ms
[LM] Received 0xEOF_RECONSTRUCT, halting execution for final handover...
[LM/Checkpoint] Migration triggered! Dumping state...
[LM/Checkpoint] State synced to frame structures.
[LM] Phase 2: Sending final dirty pages and context...
[LM] Number of dirty cards transmitted: 14422
[LM] Send final dirty pages took 28.845000 ms
[LM] Checkpoint dirty state took 0.048000 ms
[LM/Checkpoint] Live migration completed at 1785690380212.831055 ms. Migration took 3121.492432 ms
[LM/Checkpoint] Took 29.036000 ms to checkpoint application
