[LM] Connecting to migration server 192.168.10.11:8010...
[LM Client] Receiving pre-copy chunk...
[LM Client] Receiving pre-copy chunk...
[LM Client] Receiving pre-copy chunk...
[LM Client] Receiving pre-copy chunk...
[LM Client] Receiving pre-copy chunk...
[LM Client] Receiving pre-copy chunk...
[LM Client] Receiving pre-copy chunk...
[LM Client] Pre-copy complete. Proceeding to final handover.
Frame - IP: 14, function_index: 27, func: 0x5555f8e0a400
  frame->ip: 0x7fff69fa31f8
END

Frame - IP: 317, function_index: 17, func: 0x5555f8e0a220
  frame->ip: 0x7fff69fa3003
END

Frame - IP: 75, function_index: 18, func: 0x5555f8e0a250
  frame->ip: 0x7fff69fa3070
END

Frame - IP: 2891, function_index: 10, func: 0x5555f8e0a0d0
  frame->ip: 0x7fff69fa0e87
END

Frame - IP: 114, function_index: 20, func: 0x5555f8e0a2b0
  frame->ip: 0x7fff69fa3116
END

Frame - IP: 52, function_index: 9, func: 0x5555f8e0a0a0
  frame->ip: 0x7fff69fa029b
END

[LM Client] Migration successfully completed.
[LM] State received and restored.
[LM] Starting migration server on port 8010 in background...
[LM] Re-entering interpreter loop...
[LM/Resume] exec_env=0x5555f8e0b1c0 cur_frame=0x5555f8e0c9a0 module_inst=0x5555f8e09a80 function=0x5555f8e0a400 prev_frame=0x5555f8e0c894 ip=0x7fff69fa31f8 (offset=14)
[LM/Resume] new function array base=0x5555f8e09ef0 count=88
[LM/Resume] Took 0.007000 ms to restore application
[LM/Restore] Live migration restored at 1785691174693.598633 ms
[LM] Server waiting for connection on port 8010...
[WASM] Iteration 1400 | Dirtied 0.64 MB @ offset 97 MB (Integrity: OK)
[WASM] Iteration 1500 | Dirtied 0.64 MB @ offset 161 MB (Integrity: OK)
[WASM] Iteration 1600 | Dirtied 0.64 MB @ offset 225 MB (Integrity: OK)
[WASM] Iteration 1700 | Dirtied 0.64 MB @ offset 289 MB (Integrity: OK)
[WASM] Iteration 1800 | Dirtied 0.64 MB @ offset 353 MB (Integrity: OK)
[WASM] Iteration 1900 | Dirtied 0.64 MB @ offset 17 MB (Integrity: OK)
[WASM] Iteration 2000 | Dirtied 0.64 MB @ offset 81 MB (Integrity: OK)
[WASM] Iteration 2100 | Dirtied 0.64 MB @ offset 145 MB (Integrity: OK)
[WASM] Iteration 2200 | Dirtied 0.64 MB @ offset 209 MB (Integrity: OK)
[WASM] Iteration 2300 | Dirtied 0.64 MB @ offset 273 MB (Integrity: OK)
[WASM] Iteration 2400 | Dirtied 0.64 MB @ offset 337 MB (Integrity: OK)
[WASM] Iteration 2500 | Dirtied 0.64 MB @ offset 2 MB (Integrity: OK)
