[LM] Starting migration server on port 8010 in background...
[LM] Server waiting for connection on port 8010...
[WASM] Options: Allocating 900 MB | Rate: 64 MB/s | Step: 10 ms (0.64 MB/iter)
[WASM] Writing initial test patterns to all 900 MB of pages...
[WASM] Memory initialized. Starting loop with 64 MB updates per second...
[WASM] Iteration 0 | Dirtied 0.64 MB @ offset 0 MB (Integrity: OK)
[WASM] Iteration 100 | Dirtied 0.64 MB @ offset 63 MB (Integrity: OK)
[WASM] Iteration 200 | Dirtied 0.64 MB @ offset 127 MB (Integrity: OK)
[WASM] Iteration 300 | Dirtied 0.64 MB @ offset 191 MB (Integrity: OK)
[LM] Client connected. Migration is initiated (1785693347646.129639 ms)...
[LM] Phase 1: Sending initial bulk memory (900 MB)...
[WASM] Iteration 400 | Dirtied 0.64 MB @ offset 255 MB (Integrity: OK)
[WASM] Iteration 500 | Dirtied 0.64 MB @ offset 319 MB (Integrity: OK)
[WASM] Iteration 600 | Dirtied 0.64 MB @ offset 383 MB (Integrity: OK)
[WASM] Iteration 700 | Dirtied 0.64 MB @ offset 447 MB (Integrity: OK)
[WASM] Iteration 800 | Dirtied 0.64 MB @ offset 511 MB (Integrity: OK)
[WASM] Iteration 900 | Dirtied 0.64 MB @ offset 575 MB (Integrity: OK)
[WASM] Iteration 1000 | Dirtied 0.64 MB @ offset 639 MB (Integrity: OK)
[WASM] Iteration 1100 | Dirtied 0.64 MB @ offset 703 MB (Integrity: OK)
[LM] Initial pre-copy of bulk memory completed. Took 8087.354248 ms
[LM] Phase 1.5: Starting incremental pre-copy...
[WASM] Iteration 1200 | Dirtied 0.64 MB @ offset 767 MB (Integrity: OK)
[WASM] Iteration 1300 | Dirtied 0.64 MB @ offset 831 MB (Integrity: OK)
[WASM] Iteration 1400 | Dirtied 0.64 MB @ offset 895 MB (Integrity: OK)
[WASM] Iteration 1500 | Dirtied 0.64 MB @ offset 60 MB (Integrity: OK)
[WASM] Iteration 1600 | Dirtied 0.64 MB @ offset 124 MB (Integrity: OK)
[LM] Number of dirty cards transmitted: 1043338
[LM] Pre-copy Iteration 1: Sent 534189056 bytes.
[WASM] Iteration 1700 | Dirtied 0.64 MB @ offset 188 MB (Integrity: OK)
[WASM] Iteration 1800 | Dirtied 0.64 MB @ offset 252 MB (Integrity: OK)
[WASM] Iteration 1900 | Dirtied 0.64 MB @ offset 316 MB (Integrity: OK)
[LM] Number of dirty cards transmitted: 599006
[LM] Pre-copy Iteration 2: Sent 306691072 bytes.
[WASM] Iteration 2000 | Dirtied 0.64 MB @ offset 380 MB (Integrity: OK)
[LM] Number of dirty cards transmitted: 342105
[LM] Pre-copy Iteration 3: Sent 175157760 bytes.
[WASM] Iteration 2100 | Dirtied 0.64 MB @ offset 444 MB (Integrity: OK)
[LM] Number of dirty cards transmitted: 193993
[LM] Pre-copy Iteration 4: Sent 99324416 bytes.
[LM] Number of dirty cards transmitted: 110106
[LM] Pre-copy Iteration 5: Sent 56374272 bytes.
[WASM] Iteration 2200 | Dirtied 0.64 MB @ offset 508 MB (Integrity: OK)
[LM] Number of dirty cards transmitted: 62920
[LM] Pre-copy Iteration 6: Sent 32215040 bytes.
[LM] Number of dirty cards transmitted: 36707
[LM] Pre-copy Iteration 7: Sent 18793984 bytes.
[LM] Number of dirty cards transmitted: 19666
[LM] Pre-copy Iteration 8: Sent 10068992 bytes.
[LM] Pre-copy threshold reached. Moving to final handover.
[LM] Incremental pre-copy completed. Took 10653.184326 ms
[LM] Bulk + Precopy duration 3531.782000 ms
[LM] Received 0xEOF_RECONSTRUCT, halting execution for final handover...
[LM/Checkpoint] Migration triggered! Dumping state...
[LM/Checkpoint] State synced to frame structures.
[LM] Phase 2: Sending final dirty pages and context...
[LM] Number of dirty cards transmitted: 15733
[LM] Send final dirty pages took 69.761000 ms
[LM] Checkpoint dirty state took 0.235000 ms
[LM/Checkpoint] Live migration completed at 1785693366490.944824 ms. Migration took 18844.815430 ms
[LM/Checkpoint] Took 70.146000 ms to checkpoint application
