[LM] Connecting to migration server 192.168.10.11:8010...
[LM Client] Receiving pre-copy chunk...
[LM Client] Receiving pre-copy chunk...
[LM Client] Receiving pre-copy chunk...
[LM Client] Receiving pre-copy chunk...
[LM Client] Receiving pre-copy chunk...
[LM Client] Receiving pre-copy chunk...
[LM Client] Receiving pre-copy chunk...
[LM Client] Pre-copy complete. Proceeding to final handover.
Frame - IP: 14, function_index: 27, func: 0x55558067e400
  frame->ip: 0x7fff1e4231f8
END

Frame - IP: 317, function_index: 17, func: 0x55558067e220
  frame->ip: 0x7fff1e423003
END

Frame - IP: 75, function_index: 18, func: 0x55558067e250
  frame->ip: 0x7fff1e423070
END

Frame - IP: 2891, function_index: 10, func: 0x55558067e0d0
  frame->ip: 0x7fff1e420e87
END

Frame - IP: 114, function_index: 20, func: 0x55558067e2b0
  frame->ip: 0x7fff1e423116
END

Frame - IP: 52, function_index: 9, func: 0x55558067e0a0
  frame->ip: 0x7fff1e42029b
END

[LM Client] Migration successfully completed.
[LM] State received and restored.
[LM] Starting migration server on port 8010 in background...
[LM] Re-entering interpreter loop...
[LM/Resume] exec_env=0x55558067f1c0 cur_frame=0x5555806809a0 module_inst=0x55558067da80 function=0x55558067e400 prev_frame=0x555580680894 ip=0x7fff1e4231f8 (offset=14)
[LM/Resume] new function array base=0x55558067def0 count=88
[LM/Resume] Took 0.008000 ms to restore application
[LM/Restore] Live migration restored at 1785691358095.294189 ms
[LM] Server waiting for connection on port 8010...
[WASM] Iteration 1500 | Dirtied 0.64 MB @ offset 61 MB (Integrity: OK)
[WASM] Iteration 1600 | Dirtied 0.64 MB @ offset 125 MB (Integrity: OK)
[WASM] Iteration 1700 | Dirtied 0.64 MB @ offset 189 MB (Integrity: OK)
[WASM] Iteration 1800 | Dirtied 0.64 MB @ offset 253 MB (Integrity: OK)
[WASM] Iteration 1900 | Dirtied 0.64 MB @ offset 317 MB (Integrity: OK)
[WASM] Iteration 2000 | Dirtied 0.64 MB @ offset 381 MB (Integrity: OK)
[WASM] Iteration 2100 | Dirtied 0.64 MB @ offset 445 MB (Integrity: OK)
[WASM] Iteration 2200 | Dirtied 0.64 MB @ offset 59 MB (Integrity: OK)
[WASM] Iteration 2300 | Dirtied 0.64 MB @ offset 123 MB (Integrity: OK)
[WASM] Iteration 2400 | Dirtied 0.64 MB @ offset 187 MB (Integrity: OK)
[WASM] Iteration 2500 | Dirtied 0.64 MB @ offset 251 MB (Integrity: OK)
