[LM] Starting migration server on port 8010 in background...
[LM] Server waiting for connection on port 8010...
[WASM] Options: Allocating 700 MB | Rate: 64 MB/s | Step: 10 ms (0.64 MB/iter)
[WASM] Writing initial test patterns to all 700 MB of pages...
[WASM] Memory initialized. Starting loop with 64 MB updates per second...
[WASM] Iteration 0 | Dirtied 0.64 MB @ offset 0 MB (Integrity: OK)
[WASM] Iteration 100 | Dirtied 0.64 MB @ offset 63 MB (Integrity: OK)
[WASM] Iteration 200 | Dirtied 0.64 MB @ offset 127 MB (Integrity: OK)
[WASM] Iteration 300 | Dirtied 0.64 MB @ offset 191 MB (Integrity: OK)
[WASM] Iteration 400 | Dirtied 0.64 MB @ offset 255 MB (Integrity: OK)
[LM] Client connected. Migration is initiated (1785175261848.964600 ms)...
[LM] Phase 1: Sending initial bulk memory (700 MB)...
[WASM] Iteration 500 | Dirtied 0.64 MB @ offset 319 MB (Integrity: OK)
[WASM] Iteration 600 | Dirtied 0.64 MB @ offset 383 MB (Integrity: OK)
[WASM] Iteration 700 | Dirtied 0.64 MB @ offset 447 MB (Integrity: OK)
[WASM] Iteration 800 | Dirtied 0.64 MB @ offset 511 MB (Integrity: OK)
[WASM] Iteration 900 | Dirtied 0.64 MB @ offset 575 MB (Integrity: OK)
[WASM] Iteration 1000 | Dirtied 0.64 MB @ offset 639 MB (Integrity: OK)
[WASM] Iteration 1100 | Dirtied 0.64 MB @ offset 4 MB (Integrity: OK)
[LM] Initial pre-copy of bulk memory completed. Took 6289.347656 ms
[LM] Phase 1.5: Starting incremental pre-copy...
[WASM] Iteration 1200 | Dirtied 0.64 MB @ offset 68 MB (Integrity: OK)
[WASM] Iteration 1300 | Dirtied 0.64 MB @ offset 132 MB (Integrity: OK)
[WASM] Iteration 1400 | Dirtied 0.64 MB @ offset 196 MB (Integrity: OK)
[LM] Number of dirty cards transmitted: 811342
[LM] Pre-copy Iteration 1: Sent 415407104 bytes.
[WASM] Iteration 1500 | Dirtied 0.64 MB @ offset 260 MB (Integrity: OK)
[WASM] Iteration 1600 | Dirtied 0.64 MB @ offset 324 MB (Integrity: OK)
[WASM] Iteration 1700 | Dirtied 0.64 MB @ offset 388 MB (Integrity: OK)
[LM] Number of dirty cards transmitted: 487594
[LM] Pre-copy Iteration 2: Sent 249648128 bytes.
[WASM] Iteration 1800 | Dirtied 0.64 MB @ offset 452 MB (Integrity: OK)
[LM] Number of dirty cards transmitted: 302782
[LM] Pre-copy Iteration 3: Sent 155024384 bytes.
[WASM] Iteration 1900 | Dirtied 0.64 MB @ offset 516 MB (Integrity: OK)
[LM] Number of dirty cards transmitted: 173022
[LM] Pre-copy Iteration 4: Sent 88587264 bytes.
[LM] Number of dirty cards transmitted: 98311
[LM] Pre-copy Iteration 5: Sent 50335232 bytes.
[LM] Number of dirty cards transmitted: 56366
[LM] Pre-copy Iteration 6: Sent 28859392 bytes.
[WASM] Iteration 2000 | Dirtied 0.64 MB @ offset 580 MB (Integrity: OK)
[LM] Number of dirty cards transmitted: 31462
[LM] Pre-copy Iteration 7: Sent 16108544 bytes.
[LM] Number of dirty cards transmitted: 18357
[LM] Pre-copy Iteration 8: Sent 9398784 bytes.
[LM] Pre-copy threshold reached. Moving to final handover.
[LM] Incremental pre-copy completed. Took 9122.533691 ms
[LM] Bulk + Precopy duration 3130.448000 ms
[LM] Received 0xEOF_RECONSTRUCT, halting execution for final handover...
[LM/Checkpoint] Migration triggered! Dumping state...
[LM/Checkpoint] State synced to frame structures.
[LM] Phase 2: Sending final dirty pages and context...
[LM] Number of dirty cards transmitted: 14423
[LM] Send final dirty pages took 86.513000 ms
[LM] Checkpoint dirty state took 0.569000 ms
[LM/Checkpoint] Live migration completed at 1785175277382.372803 ms. Migration took 15533.408447 ms
[LM/Checkpoint] Took 87.106000 ms to checkpoint application
