[LM] Starting migration server on port 8010 in background...
[LM] Migration server started (1785245945661.653320 ms).
[LM] Server waiting for connection on port 8010...
[WASM] Options: Allocating 700 MB | Rate: 64 MB/s | Step: 10 ms (0.64 MB/iter)
[WASM] Writing initial test patterns to all 700 MB of pages...
[WASM] Memory initialized. Starting loop with 64 MB updates per second...
[WASM] Iteration 0 | Dirtied 0.64 MB @ offset 0 MB (Integrity: OK)
[WASM] Iteration 100 | Dirtied 0.64 MB @ offset 63 MB (Integrity: OK)
[WASM] Iteration 200 | Dirtied 0.64 MB @ offset 127 MB (Integrity: OK)
[WASM] Iteration 300 | Dirtied 0.64 MB @ offset 191 MB (Integrity: OK)
[WASM] Iteration 400 | Dirtied 0.64 MB @ offset 255 MB (Integrity: OK)
[WASM] Iteration 500 | Dirtied 0.64 MB @ offset 319 MB (Integrity: OK)
[WASM] Iteration 600 | Dirtied 0.64 MB @ offset 383 MB (Integrity: OK)
[LM] Client connected. Migration is initiated (1785245952862.977051 ms)...
[LM/Checkpoint] Sync all to frame at opcode=10 (next=41)
CHECK: frame 0x5555c94089c0, frame->ip 65
[LM/Checkpoint] Memory snapshot captured after 10.573242 ms
[LM/Checkpoint] Phase 1.1: Sending state metadata...
[LM/Checkpoint] Memory metadata transmitted after 0.035889 ms
[LM/Checkpoint] Phase 1.2: Sending initial bulk memory (700 MB)...
[LM/Checkpoint] Main interpreter thread halted for 0.387000 ms
[WASM] Iteration 700 | Dirtied 0.64 MB @ offset 447 MB (Integrity: OK)
[WASM] Iteration 800 | Dirtied 0.64 MB @ offset 511 MB (Integrity: OK)
[WASM] Iteration 900 | Dirtied 0.64 MB @ offset 575 MB (Integrity: OK)
[WASM] Iteration 1000 | Dirtied 0.64 MB @ offset 639 MB (Integrity: OK)
[WASM] Iteration 1100 | Dirtied 0.64 MB @ offset 4 MB (Integrity: OK)
[WASM] Iteration 1200 | Dirtied 0.64 MB @ offset 68 MB (Integrity: OK)
[WASM] Iteration 1300 | Dirtied 0.64 MB @ offset 132 MB (Integrity: OK)
[LM/Checkpoint] Linear memory transmitted after 6298.296387 ms
[LM/Checkpoint] Wrote stack and shadow stack frames to stream (frame count: 7, frame offset: 2888)
[LM/Checkpoint] Frames transmitted after 0.041260 ms
[LM/Checkpoint] Capturing the UDP state took 0.002000 ms (fd: 0, port: 0)
[LM/Checkpoint] Initial full linear memory handover duration 326.036000 ms
[LM/Checkpoint] Received 0xEOF_RECONSTRUCT, halting execution for final handover (1785245959196.047119 ms)...
[LM/Checkpoint] Migration server completed its tasks
[LM/Checkpoint] Initial membrane chunk transmitted after 31.398926 ms
[LM/Checkpoint] Migration client completed its tasks
[LM/Checkpoint] Migration completed in 6350.473633 ms
[LM/Checkpoint] Live migration completed at 1785245952863.037109 ms.
[LM/Checkpoint] Program halts at 1785245959213.491699 ms.
[LM/Checkpoint] Closing migration connections...
[LM/Checkpoint] Closed all migration connections!
