[LM] Starting migration server on port 8010 in background...
[LM] Migration server started (1785245026670.039795 ms).
[LM] Server waiting for connection on port 8010...
[WASM] Options: Allocating 200 MB | Rate: 64 MB/s | Step: 10 ms (0.64 MB/iter)
[WASM] Writing initial test patterns to all 200 MB of pages...
[WASM] Memory initialized. Starting loop with 64 MB updates per second...
[WASM] Iteration 0 | Dirtied 0.64 MB @ offset 0 MB (Integrity: OK)
[WASM] Iteration 100 | Dirtied 0.64 MB @ offset 63 MB (Integrity: OK)
[WASM] Iteration 200 | Dirtied 0.64 MB @ offset 127 MB (Integrity: OK)
[WASM] Iteration 300 | Dirtied 0.64 MB @ offset 191 MB (Integrity: OK)
[WASM] Iteration 400 | Dirtied 0.64 MB @ offset 56 MB (Integrity: OK)
[LM] Client connected. Migration is initiated (1785245030860.809570 ms)...
[LM/Checkpoint] Sync all to frame at opcode=10 (next=41)
CHECK: frame 0x5555c93089c0, frame->ip 65
[LM/Checkpoint] Memory snapshot captured after 3.205078 ms
[LM/Checkpoint] Phase 1.1: Sending state metadata...
[LM/Checkpoint] Memory metadata transmitted after 0.032471 ms
[LM/Checkpoint] Phase 1.2: Sending initial bulk memory (200 MB)...
[LM/Checkpoint] Main interpreter thread halted for 0.036000 ms
[WASM] Iteration 500 | Dirtied 0.64 MB @ offset 120 MB (Integrity: OK)
[LM/Checkpoint] Linear memory transmitted after 1817.646240 ms
[LM/Checkpoint] Wrote stack and shadow stack frames to stream (frame count: 7, frame offset: 2888)
[LM/Checkpoint] Frames transmitted after 0.022949 ms
[LM/Checkpoint] Capturing the UDP state took 0.001000 ms (fd: 0, port: 0)
[LM/Checkpoint] Initial full linear memory handover duration 92.920000 ms
[LM/Checkpoint] Received 0xEOF_RECONSTRUCT, halting execution for final handover (1785245032702.768555 ms)...
[LM/Checkpoint] Migration server completed its tasks
[LM/Checkpoint] Initial membrane chunk transmitted after 28.000488 ms
[LM/Checkpoint] Migration client completed its tasks
[LM/Checkpoint] Migration completed in 1859.032959 ms
[LM/Checkpoint] Live migration completed at 1785245030860.871094 ms.
[LM/Checkpoint] Program halts at 1785245032719.877930 ms.
[LM/Checkpoint] Closing migration connections...
[LM/Checkpoint] Closed all migration connections!
