[LM] Starting migration server on port 8010 in background...
[LM] Server waiting for connection on port 8010...
[WASM] Options: Allocating 450 MB | Rate: 64 MB/s | Step: 10 ms (0.64 MB/iter)
[WASM] Writing initial test patterns to all 450 MB of pages...
[WASM] Memory initialized. Starting loop with 64 MB updates per second...
[WASM] Iteration 0 | Dirtied 0.64 MB @ offset 0 MB (Integrity: OK)
[WASM] Iteration 100 | Dirtied 0.64 MB @ offset 63 MB (Integrity: OK)
[WASM] Iteration 200 | Dirtied 0.64 MB @ offset 127 MB (Integrity: OK)
[WASM] Iteration 300 | Dirtied 0.64 MB @ offset 191 MB (Integrity: OK)
[WASM] Iteration 400 | Dirtied 0.64 MB @ offset 255 MB (Integrity: OK)
[WASM] Iteration 500 | Dirtied 0.64 MB @ offset 319 MB (Integrity: OK)
[LM] Client connected. Migration is initiated (1785174818239.721924 ms)...
[LM] Phase 1: Sending initial bulk memory (450 MB)...
[WASM] Iteration 600 | Dirtied 0.64 MB @ offset 383 MB (Integrity: OK)
[WASM] Iteration 700 | Dirtied 0.64 MB @ offset 447 MB (Integrity: OK)
[WASM] Iteration 800 | Dirtied 0.64 MB @ offset 62 MB (Integrity: OK)
[LM] Initial pre-copy of bulk memory completed. Took 4048.840332 ms
[LM] Phase 1.5: Starting incremental pre-copy...
[WASM] Iteration 900 | Dirtied 0.64 MB @ offset 126 MB (Integrity: OK)
[WASM] Iteration 1000 | Dirtied 0.64 MB @ offset 190 MB (Integrity: OK)
[WASM] Iteration 1100 | Dirtied 0.64 MB @ offset 254 MB (Integrity: OK)
[LM] Number of dirty cards transmitted: 522984
[LM] Pre-copy Iteration 1: Sent 267767808 bytes.
[WASM] Iteration 1200 | Dirtied 0.64 MB @ offset 318 MB (Integrity: OK)
[LM] Number of dirty cards transmitted: 297539
[LM] Pre-copy Iteration 2: Sent 152339968 bytes.
[WASM] Iteration 1300 | Dirtied 0.64 MB @ offset 382 MB (Integrity: OK)
[LM] Number of dirty cards transmitted: 169090
[LM] Pre-copy Iteration 3: Sent 86574080 bytes.
[LM] Number of dirty cards transmitted: 97000
[LM] Pre-copy Iteration 4: Sent 49664000 bytes.
[LM] Number of dirty cards transmitted: 53745
[LM] Pre-copy Iteration 5: Sent 27517440 bytes.
[WASM] Iteration 1400 | Dirtied 0.64 MB @ offset 446 MB (Integrity: OK)
[LM] Number of dirty cards transmitted: 31462
[LM] Pre-copy Iteration 6: Sent 16108544 bytes.
[LM] Number of dirty cards transmitted: 17047
[LM] Pre-copy Iteration 7: Sent 8728064 bytes.
[LM] Pre-copy threshold reached. Moving to final handover.
[LM] Incremental pre-copy completed. Took 5235.729492 ms
[LM] Bulk + Precopy duration 1762.420000 ms
[LM] Received 0xEOF_RECONSTRUCT, halting execution for final handover...
[LM/Checkpoint] Migration triggered! Dumping state...
[LM/Checkpoint] State synced to frame structures.
[LM] Phase 2: Sending final dirty pages and context...
[LM] Number of dirty cards transmitted: 14423
[LM] Send final dirty pages took 22.800000 ms
[LM] Checkpoint dirty state took 0.088000 ms
[LM/Checkpoint] Live migration completed at 1785174827611.913086 ms. Migration took 9372.191162 ms
[LM/Checkpoint] Took 23.028000 ms to checkpoint application
