[LM] Starting migration server on port 8010 in background...
[LM] Server waiting for connection on port 8010...
[WASM] Options: Allocating 100 MB | Rate: 64 MB/s | Step: 10 ms (0.64 MB/iter)
[WASM] Writing initial test patterns to all 100 MB of pages...
[WASM] Memory initialized. Starting loop with 64 MB updates per second...
[WASM] Iteration 0 | Dirtied 0.64 MB @ offset 0 MB (Integrity: OK)
[WASM] Iteration 100 | Dirtied 0.64 MB @ offset 63 MB (Integrity: OK)
[WASM] Iteration 200 | Dirtied 0.64 MB @ offset 28 MB (Integrity: OK)
[WASM] Iteration 300 | Dirtied 0.64 MB @ offset 92 MB (Integrity: OK)
[WASM] Iteration 400 | Dirtied 0.64 MB @ offset 57 MB (Integrity: OK)
[WASM] Iteration 500 | Dirtied 0.64 MB @ offset 21 MB (Integrity: OK)
[LM] Client connected. Migration is initiated (1785174327433.968506 ms)...
[LM] Phase 1: Sending initial bulk memory (100 MB)...
[LM] Initial pre-copy of bulk memory completed. Took 915.250732 ms
[LM] Phase 1.5: Starting incremental pre-copy...
[WASM] Iteration 600 | Dirtied 0.64 MB @ offset 85 MB (Integrity: OK)
[LM] Number of dirty cards transmitted: 117969
[LM] Pre-copy Iteration 1: Sent 60400128 bytes.
[LM] Number of dirty cards transmitted: 66854
[LM] Pre-copy Iteration 2: Sent 34229248 bytes.
[LM] Number of dirty cards transmitted: 38016
[LM] Pre-copy Iteration 3: Sent 19464192 bytes.
[WASM] Iteration 700 | Dirtied 0.64 MB @ offset 50 MB (Integrity: OK)
[LM] Number of dirty cards transmitted: 22287
[LM] Pre-copy Iteration 4: Sent 11410944 bytes.
[LM] Number of dirty cards transmitted: 13113
[LM] Pre-copy Iteration 5: Sent 6713856 bytes.
[LM] Pre-copy threshold reached. Moving to final handover.
[LM] Incremental pre-copy completed. Took 1131.556152 ms
[LM] Bulk + Precopy duration 392.701000 ms
[LM] Received 0xEOF_RECONSTRUCT, halting execution for final handover...
[LM/Checkpoint] Migration triggered! Dumping state...
[LM/Checkpoint] State synced to frame structures.
[LM] Phase 2: Sending final dirty pages and context...
[LM] Number of dirty cards transmitted: 10491
[LM] Send final dirty pages took 22.918000 ms
[LM] Checkpoint dirty state took 0.041000 ms
[LM/Checkpoint] Live migration completed at 1785174329558.808350 ms. Migration took 2124.839844 ms
[LM/Checkpoint] Took 23.111000 ms to checkpoint application
