[LM] Starting migration server on port 8010 in background...
[LM] Migration server started (1785245004310.995605 ms).
[LM] Server waiting for connection on port 8010...
[WASM] Options: Allocating 150 MB | Rate: 64 MB/s | Step: 10 ms (0.64 MB/iter)
[WASM] Writing initial test patterns to all 150 MB of pages...
[WASM] Memory initialized. Starting loop with 64 MB updates per second...
[WASM] Iteration 0 | Dirtied 0.64 MB @ offset 0 MB (Integrity: OK)
[WASM] Iteration 100 | Dirtied 0.64 MB @ offset 63 MB (Integrity: OK)
[WASM] Iteration 200 | Dirtied 0.64 MB @ offset 127 MB (Integrity: OK)
[WASM] Iteration 300 | Dirtied 0.64 MB @ offset 42 MB (Integrity: OK)
[WASM] Iteration 400 | Dirtied 0.64 MB @ offset 106 MB (Integrity: OK)
[LM] Client connected. Migration is initiated (1785245008470.471436 ms)...
[LM/Checkpoint] Sync all to frame at opcode=10 (next=41)
CHECK: frame 0x5555f83289c0, frame->ip 65
[LM/Checkpoint] Memory snapshot captured after 2.151367 ms
[LM/Checkpoint] Phase 1.1: Sending state metadata...
[LM/Checkpoint] Memory metadata transmitted after 0.031738 ms
[LM/Checkpoint] Phase 1.2: Sending initial bulk memory (150 MB)...
[LM/Checkpoint] Main interpreter thread halted for 0.043000 ms
[WASM] Iteration 500 | Dirtied 0.64 MB @ offset 21 MB (Integrity: OK)
[LM/Checkpoint] Linear memory transmitted after 1362.004150 ms
[LM/Checkpoint] Wrote stack and shadow stack frames to stream (frame count: 7, frame offset: 2888)
[LM/Checkpoint] Frames transmitted after 0.031738 ms
[LM/Checkpoint] Capturing the UDP state took 0.001000 ms (fd: 0, port: 0)
[LM/Checkpoint] Initial full linear memory handover duration 67.295000 ms
[LM/Checkpoint] Received 0xEOF_RECONSTRUCT, halting execution for final handover (1785245009861.594971 ms)...
[LM/Checkpoint] Migration server completed its tasks
[LM/Checkpoint] Initial membrane chunk transmitted after 34.299072 ms
[LM/Checkpoint] Migration client completed its tasks
[LM/Checkpoint] Migration completed in 1408.638428 ms
[LM/Checkpoint] Live migration completed at 1785245008470.531250 ms.
[LM/Checkpoint] Program halts at 1785245009879.139160 ms.
[LM/Checkpoint] Closing migration connections...
[LM/Checkpoint] Closed all migration connections!
