[LM] Starting migration server on port 8010 in background...
[LM] Server waiting for connection on port 8010...
[WASM] Options: Allocating 600 MB | Rate: 64 MB/s | Step: 10 ms (0.64 MB/iter)
[WASM] Writing initial test patterns to all 600 MB of pages...
[WASM] Memory initialized. Starting loop with 64 MB updates per second...
[WASM] Iteration 0 | Dirtied 0.64 MB @ offset 0 MB (Integrity: OK)
[WASM] Iteration 100 | Dirtied 0.64 MB @ offset 63 MB (Integrity: OK)
[WASM] Iteration 200 | Dirtied 0.64 MB @ offset 127 MB (Integrity: OK)
[WASM] Iteration 300 | Dirtied 0.64 MB @ offset 191 MB (Integrity: OK)
[WASM] Iteration 400 | Dirtied 0.64 MB @ offset 255 MB (Integrity: OK)
[WASM] Iteration 500 | Dirtied 0.64 MB @ offset 319 MB (Integrity: OK)
[LM] Client connected. Migration is initiated (1785175074063.957520 ms)...
[LM] Phase 1: Sending initial bulk memory (600 MB)...
[WASM] Iteration 600 | Dirtied 0.64 MB @ offset 383 MB (Integrity: OK)
[WASM] Iteration 700 | Dirtied 0.64 MB @ offset 447 MB (Integrity: OK)
[WASM] Iteration 800 | Dirtied 0.64 MB @ offset 511 MB (Integrity: OK)
[WASM] Iteration 900 | Dirtied 0.64 MB @ offset 575 MB (Integrity: OK)
[WASM] Iteration 1000 | Dirtied 0.64 MB @ offset 40 MB (Integrity: OK)
[LM] Initial pre-copy of bulk memory completed. Took 5396.125977 ms
[LM] Phase 1.5: Starting incremental pre-copy...
[WASM] Iteration 1100 | Dirtied 0.64 MB @ offset 104 MB (Integrity: OK)
[WASM] Iteration 1200 | Dirtied 0.64 MB @ offset 168 MB (Integrity: OK)
[WASM] Iteration 1300 | Dirtied 0.64 MB @ offset 232 MB (Integrity: OK)
[LM] Number of dirty cards transmitted: 695999
[LM] Pre-copy Iteration 1: Sent 356351488 bytes.
[WASM] Iteration 1400 | Dirtied 0.64 MB @ offset 296 MB (Integrity: OK)
[WASM] Iteration 1500 | Dirtied 0.64 MB @ offset 360 MB (Integrity: OK)
[LM] Number of dirty cards transmitted: 397155
[LM] Pre-copy Iteration 2: Sent 203343360 bytes.
[WASM] Iteration 1600 | Dirtied 0.64 MB @ offset 424 MB (Integrity: OK)
[LM] Number of dirty cards transmitted: 225450
[LM] Pre-copy Iteration 3: Sent 115430400 bytes.
[LM] Number of dirty cards transmitted: 128457
[LM] Pre-copy Iteration 4: Sent 65769984 bytes.
[LM] Number of dirty cards transmitted: 73405
[LM] Pre-copy Iteration 5: Sent 37583360 bytes.
[WASM] Iteration 1700 | Dirtied 0.64 MB @ offset 488 MB (Integrity: OK)
[LM] Number of dirty cards transmitted: 41948
[LM] Pre-copy Iteration 6: Sent 21477376 bytes.
[LM] Number of dirty cards transmitted: 23600
[LM] Pre-copy Iteration 7: Sent 12083200 bytes.
[LM] Number of dirty cards transmitted: 13112
[LM] Pre-copy Iteration 8: Sent 6713344 bytes.
[LM] Pre-copy threshold reached. Moving to final handover.
[LM] Incremental pre-copy completed. Took 7055.237549 ms
[LM] Bulk + Precopy duration 2358.516000 ms
[LM] Received 0xEOF_RECONSTRUCT, halting execution for final handover...
[LM/Checkpoint] Migration triggered! Dumping state...
[LM/Checkpoint] State synced to frame structures.
[LM] Phase 2: Sending final dirty pages and context...
[LM] Number of dirty cards transmitted: 11802
[LM] Send final dirty pages took 70.874000 ms
[LM] Checkpoint dirty state took 0.386000 ms
[LM/Checkpoint] Live migration completed at 1785175086619.503662 ms. Migration took 12555.546143 ms
[LM/Checkpoint] Took 71.287000 ms to checkpoint application
