[LM] Connecting to migration server 192.168.10.11:8010...
[LM Client] Receiving pre-copy chunk...
[LM Client] Receiving pre-copy chunk...
[LM Client] Receiving pre-copy chunk...
[LM Client] Receiving pre-copy chunk...
[LM Client] Receiving pre-copy chunk...
[LM Client] Receiving pre-copy chunk...
[LM Client] Pre-copy complete. Proceeding to final handover.
Frame - IP: 14, function_index: 27, func: 0x55563188e400
  frame->ip: 0x7ffed28c31f8
END

Frame - IP: 317, function_index: 17, func: 0x55563188e220
  frame->ip: 0x7ffed28c3003
END

Frame - IP: 75, function_index: 18, func: 0x55563188e250
  frame->ip: 0x7ffed28c3070
END

Frame - IP: 2891, function_index: 10, func: 0x55563188e0d0
  frame->ip: 0x7ffed28c0e87
END

Frame - IP: 114, function_index: 20, func: 0x55563188e2b0
  frame->ip: 0x7ffed28c3116
END

Frame - IP: 52, function_index: 9, func: 0x55563188e0a0
  frame->ip: 0x7ffed28c029b
END

[LM Client] Migration successfully completed.
[LM] State received and restored.
[LM] Starting migration server on port 8010 in background...
[LM] Re-entering interpreter loop...
[LM/Resume] exec_env=0x55563188f1c0 cur_frame=0x5556318909a0 module_inst=0x55563188da80 function=0x55563188e400 prev_frame=0x555631890894 ip=0x7ffed28c31f8 (offset=14)
[LM/Resume] new function array base=0x55563188def0 count=88
[LM/Resume] Took 0.007000 ms to restore application
[LM/Restore] Live migration restored at 1785174592736.398682 ms
[LM] Server waiting for connection on port 8010...
[WASM] Iteration 1300 | Dirtied 0.64 MB @ offset 233 MB (Integrity: OK)
[WASM] Iteration 1400 | Dirtied 0.64 MB @ offset 297 MB (Integrity: OK)
[WASM] Iteration 1500 | Dirtied 0.64 MB @ offset 61 MB (Integrity: OK)
[WASM] Iteration 1600 | Dirtied 0.64 MB @ offset 125 MB (Integrity: OK)
[WASM] Iteration 1700 | Dirtied 0.64 MB @ offset 189 MB (Integrity: OK)
[WASM] Iteration 1800 | Dirtied 0.64 MB @ offset 253 MB (Integrity: OK)
[WASM] Iteration 1900 | Dirtied 0.64 MB @ offset 18 MB (Integrity: OK)
[WASM] Iteration 2000 | Dirtied 0.64 MB @ offset 82 MB (Integrity: OK)
[WASM] Iteration 2100 | Dirtied 0.64 MB @ offset 146 MB (Integrity: OK)
[WASM] Iteration 2200 | Dirtied 0.64 MB @ offset 210 MB (Integrity: OK)
[WASM] Iteration 2300 | Dirtied 0.64 MB @ offset 274 MB (Integrity: OK)
