[LM] Connecting to migration server 192.168.10.11:8010...
[LM/Restore] Connected to migration server 192.168.10.11:8010
[LM/Restore] Membrane channel connected to 192.168.10.11:8011
[LM/Restore] State metadata loaded
[LM/Restore] Had to enlarge linear memory for migration
[LM/Restore] Linear memory loaded
[LM/Restore] Stack and shadow stack metadata loaded (frame count: 7, frame offset: 2888)
[LM/Restore] State restored
[LM/Restore] Initial state has been reconstructed (1785174359078.894775 ms).
[LM/Restore] Enter membrane replay mode (1785174359078.928223 ms)...
[LM/Checkpoint] Migration server completed its tasks (1785174359086.149414 ms)
[LM/Checkpoint] Migration client completed its tasks (1785174359086.160156 ms)
[LM/Restore] State restoration complete (1785174359086.177490 ms).
[LM] Starting migration server on port 8010 in background...
[LM] Migration server started (1785174359086.256836 ms).
[LM/Restore] Re-entering interpreter loop...
[LM/Resume] exec_env=0x55561d1471c0 cur_frame=0x55561d14c9c0 module_inst=0x55561d145a80 function=0x55561d146400 prev_frame=0x55561d14c8b4 ip=0x7ffedeee31f8 (offset=14, is_import=0) 1785174359086.265625 ms
[LM/Resume] New function array base=0x55561d145ef0 count=88
[LM/Resume] Took 0.007000 ms to restore application
[LM/Resume] Resuming bytecode function (1785174359086.272705)
[LM] Server waiting for connection on port 8010...
[LM/Restore] Closed side sock fd 5
[LM/Restore] Live migration restored at 1785174359118.346436 ms
[WASM] Iteration 600 | Dirtied 0.64 MB @ offset 85 MB (Integrity: OK)
[WASM] Iteration 700 | Dirtied 0.64 MB @ offset 149 MB (Integrity: OK)
[WASM] Iteration 800 | Dirtied 0.64 MB @ offset 63 MB (Integrity: OK)
[WASM] Iteration 900 | Dirtied 0.64 MB @ offset 127 MB (Integrity: OK)
[WASM] Iteration 1000 | Dirtied 0.64 MB @ offset 42 MB (Integrity: OK)
