[LM] Connecting to migration server 192.168.10.11:8010...
[LM Client] Receiving pre-copy chunk...
[LM Client] Receiving pre-copy chunk...
[LM Client] Receiving pre-copy chunk...
[LM Client] Receiving pre-copy chunk...
[LM Client] Receiving pre-copy chunk...
[LM Client] Pre-copy complete. Proceeding to final handover.
Frame - IP: 14, function_index: 27, func: 0x5555bbe16400
  frame->ip: 0x7fff423431f8
END

Frame - IP: 317, function_index: 17, func: 0x5555bbe16220
  frame->ip: 0x7fff42343003
END

Frame - IP: 75, function_index: 18, func: 0x5555bbe16250
  frame->ip: 0x7fff42343070
END

Frame - IP: 2891, function_index: 10, func: 0x5555bbe160d0
  frame->ip: 0x7fff42340e87
END

Frame - IP: 114, function_index: 20, func: 0x5555bbe162b0
  frame->ip: 0x7fff42343116
END

Frame - IP: 52, function_index: 9, func: 0x5555bbe160a0
  frame->ip: 0x7fff4234029b
END

[LM Client] Migration successfully completed.
[LM] State received and restored.
[LM] Starting migration server on port 8010 in background...
[LM] Re-entering interpreter loop...
[LM/Resume] exec_env=0x5555bbe171c0 cur_frame=0x5555bbe189a0 module_inst=0x5555bbe15a80 function=0x5555bbe16400 prev_frame=0x5555bbe18894 ip=0x7fff423431f8 (offset=14)
[LM/Resume] new function array base=0x5555bbe15ef0 count=88
[LM/Resume] Took 0.007000 ms to restore application
[LM/Restore] Live migration restored at 1785174329568.726074 ms
[LM] Server waiting for connection on port 8010...
[WASM] Iteration 800 | Dirtied 0.64 MB @ offset 15 MB (Integrity: OK)
[WASM] Iteration 900 | Dirtied 0.64 MB @ offset 79 MB (Integrity: OK)
[WASM] Iteration 1000 | Dirtied 0.64 MB @ offset 43 MB (Integrity: OK)
[WASM] Iteration 1100 | Dirtied 0.64 MB @ offset 8 MB (Integrity: OK)
[WASM] Iteration 1200 | Dirtied 0.64 MB @ offset 72 MB (Integrity: OK)
