[LM] Connecting to migration server 192.168.10.11:8010...
[LM/Restore] Connected to migration server 192.168.10.11:8010
[LM/Restore] Membrane channel connected to 192.168.10.11:8011
[LM/Restore] State metadata loaded
[LM/Restore] Had to enlarge linear memory for migration
[LM/Restore] Linear memory loaded
[LM/Restore] Stack and shadow stack metadata loaded (frame count: 7, frame offset: 2888)
[LM/Restore] State restored
[LM/Restore] Initial state has been reconstructed (1785174422112.750732 ms).
[LM/Restore] Enter membrane replay mode (1785174422112.774170 ms)...
[LM/Checkpoint] Migration server completed its tasks (1785174422120.220703 ms)
[LM/Checkpoint] Migration client completed its tasks (1785174422120.229248 ms)
[LM/Restore] State restoration complete (1785174422120.247559 ms).
[LM] Starting migration server on port 8010 in background...
[LM] Migration server started (1785174422120.327637 ms).
[LM/Restore] Re-entering interpreter loop...
[LM/Resume] exec_env=0x55560afdb1c0 cur_frame=0x55560afe09c0 module_inst=0x55560afd9a80 function=0x55560afda400 prev_frame=0x55560afe08b4 ip=0x7fff446d31f8 (offset=14, is_import=0) 1785174422120.337402 ms
[LM/Resume] New function array base=0x55560afd9ef0 count=88
[LM/Resume] Took 0.008000 ms to restore application
[LM/Resume] Resuming bytecode function (1785174422120.344971)
[LM] Server waiting for connection on port 8010...
[LM/Restore] Closed side sock fd 5
[LM/Restore] Live migration restored at 1785174422155.470215 ms
[WASM] Iteration 700 | Dirtied 0.64 MB @ offset 49 MB (Integrity: OK)
[WASM] Iteration 800 | Dirtied 0.64 MB @ offset 113 MB (Integrity: OK)
[WASM] Iteration 900 | Dirtied 0.64 MB @ offset 177 MB (Integrity: OK)
[WASM] Iteration 1000 | Dirtied 0.64 MB @ offset 41 MB (Integrity: OK)
[WASM] Iteration 1100 | Dirtied 0.64 MB @ offset 105 MB (Integrity: OK)
