[LM] Connecting to migration server 192.168.10.11:8010...
[LM/Restore] Connected to migration server 192.168.10.11:8010
[LM/Restore] State metadata loaded
[LM/Restore] Had to enlarge linear memory for migration
[LM/Restore] Linear memory loaded
[LM/Restore] Stack and shadow stack metadata loaded (frame count: 7, frame offset: 2888)
[LM/Restore] State restored
[LM/Restore] Initial state has been reconstructed (1785245009855.265137 ms).
[LM/Checkpoint] Migration server completed its tasks (1785245009862.618896 ms)
[LM/Checkpoint] Migration client completed its tasks (1785245009862.628906 ms)
[LM/Restore] State restoration complete (1785245009862.646729 ms).
[LM] Starting migration server on port 8010 in background...
[LM] Migration server started (1785245009862.731445 ms).
[LM/Restore] Re-entering interpreter loop...
[LM/Resume] exec_env=0x5556544ff1c0 cur_frame=0x5556545049c0 module_inst=0x5556544fda80 function=0x5556544fe400 prev_frame=0x5556545048b4 ip=0x7fff1a9f31f8 (offset=14, is_import=0) 1785245009862.741943 ms
[LM/Resume] New function array base=0x5556544fdef0 count=88
[LM/Resume] Took 0.008000 ms to restore application
[LM/Resume] Resuming bytecode function (1785245009862.750000)
[LM] Server waiting for connection on port 8010...
[WASM] Iteration 500 | Dirtied 0.64 MB @ offset 21 MB (Integrity: OK)
[WASM] Iteration 600 | Dirtied 0.64 MB @ offset 85 MB (Integrity: OK)
[WASM] Iteration 700 | Dirtied 0.64 MB @ offset 149 MB (Integrity: OK)
