[LM] Connecting to migration server 192.168.10.11:8010...
[LM Client] Receiving pre-copy chunk...
[LM Client] Receiving pre-copy chunk...
[LM Client] Receiving pre-copy chunk...
[LM Client] Receiving pre-copy chunk...
[LM Client] Receiving pre-copy chunk...
[LM Client] Receiving pre-copy chunk...
[LM Client] Pre-copy complete. Proceeding to final handover.
Frame - IP: 14, function_index: 27, func: 0x555595e2e400
  frame->ip: 0x7fff78d031f8
END

Frame - IP: 317, function_index: 17, func: 0x555595e2e220
  frame->ip: 0x7fff78d03003
END

Frame - IP: 75, function_index: 18, func: 0x555595e2e250
  frame->ip: 0x7fff78d03070
END

Frame - IP: 2891, function_index: 10, func: 0x555595e2e0d0
  frame->ip: 0x7fff78d00e87
END

Frame - IP: 114, function_index: 20, func: 0x555595e2e2b0
  frame->ip: 0x7fff78d03116
END

Frame - IP: 52, function_index: 9, func: 0x555595e2e0a0
  frame->ip: 0x7fff78d0029b
END

[LM Client] Migration successfully completed.
[LM] State received and restored.
[LM] Starting migration server on port 8010 in background...
[LM] Re-entering interpreter loop...
[LM/Resume] exec_env=0x555595e2f1c0 cur_frame=0x555595e309a0 module_inst=0x555595e2da80 function=0x555595e2e400 prev_frame=0x555595e30894 ip=0x7fff78d031f8 (offset=14)
[LM/Resume] new function array base=0x555595e2def0 count=88
[LM/Resume] Took 0.006000 ms to restore application
[LM/Restore] Live migration restored at 1785174519687.470703 ms
[LM] Server waiting for connection on port 8010...
[WASM] Iteration 1100 | Dirtied 0.64 MB @ offset 205 MB (Integrity: OK)
[WASM] Iteration 1200 | Dirtied 0.64 MB @ offset 19 MB (Integrity: OK)
[WASM] Iteration 1300 | Dirtied 0.64 MB @ offset 83 MB (Integrity: OK)
[WASM] Iteration 1400 | Dirtied 0.64 MB @ offset 147 MB (Integrity: OK)
[WASM] Iteration 1500 | Dirtied 0.64 MB @ offset 211 MB (Integrity: OK)
[WASM] Iteration 1600 | Dirtied 0.64 MB @ offset 26 MB (Integrity: OK)
[WASM] Iteration 1700 | Dirtied 0.64 MB @ offset 90 MB (Integrity: OK)
