[LM] Connecting to migration server 192.168.10.11:8010...
[LM/Restore] Connected to migration server 192.168.10.11:8010
[LM/Restore] State metadata loaded
[LM/Restore] Had to enlarge linear memory for migration
[LM/Restore] Linear memory loaded
[LM/Restore] Stack and shadow stack metadata loaded (frame count: 7, frame offset: 2888)
[LM/Restore] State restored
[LM/Restore] Initial state has been reconstructed (1785244964403.861328 ms).
[LM/Checkpoint] Migration server completed its tasks (1785244964411.017090 ms)
[LM/Checkpoint] Migration client completed its tasks (1785244964411.027100 ms)
[LM/Restore] State restoration complete (1785244964411.045166 ms).
[LM] Starting migration server on port 8010 in background...
[LM] Migration server started (1785244964411.129883 ms).
[LM/Restore] Re-entering interpreter loop...
[LM/Resume] exec_env=0x5555e85e31c0 cur_frame=0x5555e85e89c0 module_inst=0x5555e85e1a80 function=0x5555e85e2400 prev_frame=0x5555e85e88b4 ip=0x7fffbb7231f8 (offset=14, is_import=0) 1785244964411.138916 ms
[LM/Resume] New function array base=0x5555e85e1ef0 count=88
[LM/Resume] Took 0.006000 ms to restore application
[LM/Resume] Resuming bytecode function (1785244964411.146240)
[LM] Server waiting for connection on port 8010...
[WASM] Iteration 800 | Dirtied 0.64 MB @ offset 18 MB (Integrity: OK)
[WASM] Iteration 900 | Dirtied 0.64 MB @ offset 33 MB (Integrity: OK)
[WASM] Iteration 1000 | Dirtied 0.64 MB @ offset 47 MB (Integrity: OK)
[WASM] Iteration 1100 | Dirtied 0.64 MB @ offset 12 MB (Integrity: OK)
[WASM] Iteration 1200 | Dirtied 0.64 MB @ offset 27 MB (Integrity: OK)
