[LM] Connecting to migration server 192.168.10.11:8010...
[LM Client] Receiving pre-copy chunk...
[LM Client] Receiving pre-copy chunk...
[LM Client] Receiving pre-copy chunk...
[LM Client] Receiving pre-copy chunk...
[LM Client] Receiving pre-copy chunk...
[LM Client] Receiving pre-copy chunk...
[LM Client] Receiving pre-copy chunk...
[LM Client] Receiving pre-copy chunk...
[LM Client] Pre-copy complete. Proceeding to final handover.
Frame - IP: 14, function_index: 27, func: 0x55556de46400
  frame->ip: 0x7fff499f31f8
END

Frame - IP: 317, function_index: 17, func: 0x55556de46220
  frame->ip: 0x7fff499f3003
END

Frame - IP: 75, function_index: 18, func: 0x55556de46250
  frame->ip: 0x7fff499f3070
END

Frame - IP: 2891, function_index: 10, func: 0x55556de460d0
  frame->ip: 0x7fff499f0e87
END

Frame - IP: 114, function_index: 20, func: 0x55556de462b0
  frame->ip: 0x7fff499f3116
END

Frame - IP: 52, function_index: 9, func: 0x55556de460a0
  frame->ip: 0x7fff499f029b
END

[LM Client] Migration successfully completed.
[LM] State received and restored.
[LM] Starting migration server on port 8010 in background...
[LM] Re-entering interpreter loop...
[LM/Resume] exec_env=0x55556de471c0 cur_frame=0x55556de489a0 module_inst=0x55556de45a80 function=0x55556de46400 prev_frame=0x55556de48894 ip=0x7fff499f31f8 (offset=14)
[LM/Resume] new function array base=0x55556de45ef0 count=88
[LM/Resume] Took 0.006000 ms to restore application
[LM/Restore] Live migration restored at 1785175180885.253662 ms
[LM] Server waiting for connection on port 8010...
[WASM] Iteration 1900 | Dirtied 0.64 MB @ offset 566 MB (Integrity: OK)
[WASM] Iteration 2000 | Dirtied 0.64 MB @ offset 630 MB (Integrity: OK)
[WASM] Iteration 2100 | Dirtied 0.64 MB @ offset 45 MB (Integrity: OK)
[WASM] Iteration 2200 | Dirtied 0.64 MB @ offset 109 MB (Integrity: OK)
[WASM] Iteration 2300 | Dirtied 0.64 MB @ offset 173 MB (Integrity: OK)
[WASM] Iteration 2400 | Dirtied 0.64 MB @ offset 237 MB (Integrity: OK)
[WASM] Iteration 2500 | Dirtied 0.64 MB @ offset 301 MB (Integrity: OK)
[WASM] Iteration 2600 | Dirtied 0.64 MB @ offset 365 MB (Integrity: OK)
[WASM] Iteration 2700 | Dirtied 0.64 MB @ offset 429 MB (Integrity: OK)
[WASM] Iteration 2800 | Dirtied 0.64 MB @ offset 493 MB (Integrity: OK)
[WASM] Iteration 2900 | Dirtied 0.64 MB @ offset 557 MB (Integrity: OK)
[WASM] Iteration 3000 | Dirtied 0.64 MB @ offset 621 MB (Integrity: OK)
[WASM] Iteration 3100 | Dirtied 0.64 MB @ offset 35 MB (Integrity: OK)
[WASM] Iteration 3200 | Dirtied 0.64 MB @ offset 99 MB (Integrity: OK)
[WASM] Iteration 3300 | Dirtied 0.64 MB @ offset 163 MB (Integrity: OK)
[WASM] Iteration 3400 | Dirtied 0.64 MB @ offset 227 MB (Integrity: OK)
[WASM] Iteration 3500 | Dirtied 0.64 MB @ offset 291 MB (Integrity: OK)
