[LM] Connecting to migration server 192.168.10.11:8010...
[LM Client] Receiving pre-copy chunk...
[LM Client] Receiving pre-copy chunk...
[LM Client] Receiving pre-copy chunk...
[LM Client] Pre-copy complete. Proceeding to final handover.
Frame - IP: 14, function_index: 27, func: 0x55564a972400
  frame->ip: 0x7fffba7031f8
END

Frame - IP: 317, function_index: 17, func: 0x55564a972220
  frame->ip: 0x7fffba703003
END

Frame - IP: 75, function_index: 18, func: 0x55564a972250
  frame->ip: 0x7fffba703070
END

Frame - IP: 2891, function_index: 10, func: 0x55564a9720d0
  frame->ip: 0x7fffba700e87
END

Frame - IP: 114, function_index: 20, func: 0x55564a9722b0
  frame->ip: 0x7fffba703116
END

Frame - IP: 52, function_index: 9, func: 0x55564a9720a0
  frame->ip: 0x7fffba70029b
END

[LM Client] Migration successfully completed.
[LM] State received and restored.
[LM] Starting migration server on port 8010 in background...
[LM] Re-entering interpreter loop...
[LM/Resume] exec_env=0x55564a9731c0 cur_frame=0x55564a9749a0 module_inst=0x55564a971a80 function=0x55564a972400 prev_frame=0x55564a974894 ip=0x7fffba7031f8 (offset=14)
[LM/Resume] new function array base=0x55564a971ef0 count=88
[LM/Resume] Took 0.007000 ms to restore application
[LM/Restore] Live migration restored at 1785174270028.254639 ms
[LM] Server waiting for connection on port 8010...
[WASM] Iteration 700 | Dirtied 0.64 MB @ offset 3 MB (Integrity: OK)
[WASM] Iteration 800 | Dirtied 0.64 MB @ offset 18 MB (Integrity: OK)
[WASM] Iteration 900 | Dirtied 0.64 MB @ offset 33 MB (Integrity: OK)
[WASM] Iteration 1000 | Dirtied 0.64 MB @ offset 47 MB (Integrity: OK)
