[LM] Connecting to migration server 192.168.10.11:8010...
[LM/Restore] Connected to migration server 192.168.10.11:8010
[LM/Restore] Membrane channel connected to 192.168.10.11:8011
[LM/Restore] State metadata loaded
[LM/Restore] Had to enlarge linear memory for migration
[LM/Restore] Linear memory loaded
[LM/Restore] Stack and shadow stack metadata loaded (frame count: 7, frame offset: 2888)
[LM/Restore] State restored
[LM/Restore] Initial state has been reconstructed (1785174298129.020264 ms).
[LM/Restore] Enter membrane replay mode (1785174298129.042725 ms)...
[LM/Checkpoint] Migration server completed its tasks (1785174298136.137695 ms)
[LM/Checkpoint] Migration client completed its tasks (1785174298136.146973 ms)
[LM/Restore] State restoration complete (1785174298136.163818 ms).
[LM] Starting migration server on port 8010 in background...
[LM] Migration server started (1785174298136.237793 ms).
[LM/Restore] Re-entering interpreter loop...
[LM/Resume] exec_env=0x5555e06ab1c0 cur_frame=0x5555e06b09c0 module_inst=0x5555e06a9a80 function=0x5555e06aa400 prev_frame=0x5555e06b08b4 ip=0x7fff9f5231f8 (offset=14, is_import=0) 1785174298136.247070 ms
[LM/Resume] New function array base=0x5555e06a9ef0 count=88
[LM/Resume] Took 0.007000 ms to restore application
[LM/Resume] Resuming bytecode function (1785174298136.254395)
[LM] Server waiting for connection on port 8010...
[LM/Restore] Closed side sock fd 5
[LM/Restore] Live migration restored at 1785174298166.370361 ms
[WASM] Iteration 600 | Dirtied 0.64 MB @ offset 85 MB (Integrity: OK)
[WASM] Iteration 700 | Dirtied 0.64 MB @ offset 50 MB (Integrity: OK)
[WASM] Iteration 800 | Dirtied 0.64 MB @ offset 15 MB (Integrity: OK)
[WASM] Iteration 900 | Dirtied 0.64 MB @ offset 79 MB (Integrity: OK)
