[LM] Connecting to migration server 192.168.10.11:8010...
[LM/Restore] Connected to migration server 192.168.10.11:8010
[LM/Restore] State metadata loaded
[LM/Restore] Had to enlarge linear memory for migration
[LM/Restore] Linear memory loaded
[LM/Restore] Stack and shadow stack metadata loaded (frame count: 7, frame offset: 2888)
[LM/Restore] State restored
[LM/Restore] Initial state has been reconstructed (1785245988011.137451 ms).
[LM/Checkpoint] Migration server completed its tasks (1785245988018.301514 ms)
[LM/Checkpoint] Migration client completed its tasks (1785245988018.313232 ms)
[LM/Restore] State restoration complete (1785245988018.334717 ms).
[LM] Starting migration server on port 8010 in background...
[LM] Migration server started (1785245988018.429688 ms).
[LM/Restore] Re-entering interpreter loop...
[LM/Resume] exec_env=0x55557f1ff1c0 cur_frame=0x55557f2049c0 module_inst=0x55557f1fda80 function=0x55557f1fe400 prev_frame=0x55557f2048b4 ip=0x7fff216431f8 (offset=14, is_import=0) 1785245988018.462158 ms
[LM/Resume] New function array base=0x55557f1fdef0 count=88
[LM/Resume] Took 0.013000 ms to restore application
[LM/Resume] Resuming bytecode function (1785245988018.475098)
[LM] Server waiting for connection on port 8010...
[WASM] Iteration 600 | Dirtied 0.64 MB @ offset 383 MB (Integrity: OK)
[WASM] Iteration 700 | Dirtied 0.64 MB @ offset 447 MB (Integrity: OK)
[WASM] Iteration 800 | Dirtied 0.64 MB @ offset 511 MB (Integrity: OK)
[WASM] Iteration 900 | Dirtied 0.64 MB @ offset 575 MB (Integrity: OK)
[WASM] Iteration 1000 | Dirtied 0.64 MB @ offset 639 MB (Integrity: OK)
