[LM] Connecting to migration server 192.168.10.11:8010...
[LM/Restore] Connected to migration server 192.168.10.11:8010
[LM/Restore] Membrane channel connected to 192.168.10.11:8011
[LM/Restore] State metadata loaded
[LM/Restore] Had to enlarge linear memory for migration
[LM/Restore] Linear memory loaded
[LM/Restore] Stack and shadow stack metadata loaded (frame count: 7, frame offset: 2888)
[LM/Restore] State restored
[LM/Restore] Initial state has been reconstructed (1785175227998.640137 ms).
[LM/Restore] Enter membrane replay mode (1785175227998.669434 ms)...
[LM/Checkpoint] Migration server completed its tasks (1785175228005.845459 ms)
[LM/Checkpoint] Migration client completed its tasks (1785175228005.857422 ms)
[LM/Restore] State restoration complete (1785175228005.878174 ms).
[LM] Starting migration server on port 8010 in background...
[LM] Migration server started (1785175228005.971191 ms).
[LM/Restore] Re-entering interpreter loop...
[LM/Resume] exec_env=0x5556207c31c0 cur_frame=0x5556207c89c0 module_inst=0x5556207c1a80 function=0x5556207c2400 prev_frame=0x5556207c88b4 ip=0x7fff17ad31f8 (offset=14, is_import=0) 1785175228005.985352 ms
[LM/Resume] New function array base=0x5556207c1ef0 count=88
[LM/Resume] Took 0.011000 ms to restore application
[LM/Resume] Resuming bytecode function (1785175228005.995850)
[LM] Server waiting for connection on port 8010...
[LM/Restore] Closed side sock fd 5
[LM/Restore] Live migration restored at 1785175228079.481934 ms
[WASM] Iteration 1200 | Dirtied 0.64 MB @ offset 68 MB (Integrity: OK)
[WASM] Iteration 1300 | Dirtied 0.64 MB @ offset 132 MB (Integrity: OK)
[WASM] Iteration 1400 | Dirtied 0.64 MB @ offset 196 MB (Integrity: OK)
[WASM] Iteration 1500 | Dirtied 0.64 MB @ offset 260 MB (Integrity: OK)
[WASM] Iteration 1600 | Dirtied 0.64 MB @ offset 324 MB (Integrity: OK)
[WASM] Iteration 1700 | Dirtied 0.64 MB @ offset 388 MB (Integrity: OK)
[WASM] Iteration 1800 | Dirtied 0.64 MB @ offset 452 MB (Integrity: OK)
[WASM] Iteration 1900 | Dirtied 0.64 MB @ offset 516 MB (Integrity: OK)
[WASM] Iteration 2000 | Dirtied 0.64 MB @ offset 580 MB (Integrity: OK)
[WASM] Iteration 2100 | Dirtied 0.64 MB @ offset 644 MB (Integrity: OK)
[WASM] Iteration 2200 | Dirtied 0.64 MB @ offset 9 MB (Integrity: OK)
