[LM] Connecting to migration server 192.168.10.11:8010...
[LM Client] Receiving pre-copy chunk...
[LM Client] Receiving pre-copy chunk...
[LM Client] Receiving pre-copy chunk...
[LM Client] Receiving pre-copy chunk...
[LM Client] Receiving pre-copy chunk...
[LM Client] Receiving pre-copy chunk...
[LM Client] Receiving pre-copy chunk...
[LM Client] Receiving pre-copy chunk...
[LM Client] Pre-copy complete. Proceeding to final handover.
Frame - IP: 14, function_index: 27, func: 0x5555ac8ea400
  frame->ip: 0x7fff121931f8
END

Frame - IP: 317, function_index: 17, func: 0x5555ac8ea220
  frame->ip: 0x7fff12193003
END

Frame - IP: 75, function_index: 18, func: 0x5555ac8ea250
  frame->ip: 0x7fff12193070
END

Frame - IP: 2891, function_index: 10, func: 0x5555ac8ea0d0
  frame->ip: 0x7fff12190e87
END

Frame - IP: 114, function_index: 20, func: 0x5555ac8ea2b0
  frame->ip: 0x7fff12193116
END

Frame - IP: 52, function_index: 9, func: 0x5555ac8ea0a0
  frame->ip: 0x7fff1219029b
END

[LM Client] Migration successfully completed.
[LM] State received and restored.
[LM] Starting migration server on port 8010 in background...
[LM] Re-entering interpreter loop...
[LM/Resume] exec_env=0x5555ac8eb1c0 cur_frame=0x5555ac8ec9a0 module_inst=0x5555ac8e9a80 function=0x5555ac8ea400 prev_frame=0x5555ac8ec894 ip=0x7fff121931f8 (offset=14)
[LM/Resume] new function array base=0x5555ac8e9ef0 count=88
[LM/Resume] Took 0.007000 ms to restore application
[LM/Restore] Live migration restored at 1785175277384.656494 ms
[LM] Server waiting for connection on port 8010...
[WASM] Iteration 2100 | Dirtied 0.64 MB @ offset 644 MB (Integrity: OK)
[WASM] Iteration 2200 | Dirtied 0.64 MB @ offset 9 MB (Integrity: OK)
[WASM] Iteration 2300 | Dirtied 0.64 MB @ offset 73 MB (Integrity: OK)
[WASM] Iteration 2400 | Dirtied 0.64 MB @ offset 137 MB (Integrity: OK)
[WASM] Iteration 2500 | Dirtied 0.64 MB @ offset 201 MB (Integrity: OK)
[WASM] Iteration 2600 | Dirtied 0.64 MB @ offset 265 MB (Integrity: OK)
[WASM] Iteration 2700 | Dirtied 0.64 MB @ offset 329 MB (Integrity: OK)
[WASM] Iteration 2800 | Dirtied 0.64 MB @ offset 393 MB (Integrity: OK)
[WASM] Iteration 2900 | Dirtied 0.64 MB @ offset 457 MB (Integrity: OK)
[WASM] Iteration 3000 | Dirtied 0.64 MB @ offset 521 MB (Integrity: OK)
[WASM] Iteration 3100 | Dirtied 0.64 MB @ offset 585 MB (Integrity: OK)
[WASM] Iteration 3200 | Dirtied 0.64 MB @ offset 649 MB (Integrity: OK)
[WASM] Iteration 3300 | Dirtied 0.64 MB @ offset 13 MB (Integrity: OK)
[WASM] Iteration 3400 | Dirtied 0.64 MB @ offset 77 MB (Integrity: OK)
[WASM] Iteration 3500 | Dirtied 0.64 MB @ offset 141 MB (Integrity: OK)
[WASM] Iteration 3600 | Dirtied 0.64 MB @ offset 205 MB (Integrity: OK)
[WASM] Iteration 3700 | Dirtied 0.64 MB @ offset 269 MB (Integrity: OK)
