[LM] Connecting to migration server 192.168.10.11:8010...
[LM/Restore] Connected to migration server 192.168.10.11:8010
[LM/Restore] State metadata loaded
[LM/Restore] Had to enlarge linear memory for migration
[LM/Restore] Linear memory loaded
[LM/Restore] Stack and shadow stack metadata loaded (frame count: 7, frame offset: 2888)
[LM/Restore] State restored
[LM/Restore] Initial state has been reconstructed (1785245251926.215332 ms).
[LM/Checkpoint] Migration server completed its tasks (1785245251933.683350 ms)
[LM/Checkpoint] Migration client completed its tasks (1785245251933.695312 ms)
[LM/Restore] State restoration complete (1785245251933.712158 ms).
[LM] Starting migration server on port 8010 in background...
[LM] Migration server started (1785245251933.791016 ms).
[LM/Restore] Re-entering interpreter loop...
[LM/Resume] exec_env=0x55562b8671c0 cur_frame=0x55562b86c9c0 module_inst=0x55562b865a80 function=0x55562b866400 prev_frame=0x55562b86c8b4 ip=0x7ffecf0931f8 (offset=14, is_import=0) 1785245251933.804688 ms
[LM/Resume] New function array base=0x55562b865ef0 count=88
[LM/Resume] Took 0.008000 ms to restore application
[LM/Resume] Resuming bytecode function (1785245251933.812500)
[LM] Server waiting for connection on port 8010...
[WASM] Iteration 500 | Dirtied 0.64 MB @ offset 319 MB (Integrity: OK)
