[LM] Connecting to migration server 192.168.10.11:8010...
[LM/Restore] Connected to migration server 192.168.10.11:8010
[LM/Restore] Membrane channel connected to 192.168.10.11:8011
[LM/Restore] State metadata loaded
[LM/Restore] Had to enlarge linear memory for migration
[LM/Restore] Linear memory loaded
[LM/Restore] Stack and shadow stack metadata loaded (frame count: 7, frame offset: 2888)
[LM/Restore] State restored
[LM/Restore] Initial state has been reconstructed (1785174784978.284180 ms).
[LM/Restore] Enter membrane replay mode (1785174784978.321777 ms)...
[LM/Checkpoint] Migration server completed its tasks (1785174784985.545410 ms)
[LM/Checkpoint] Migration client completed its tasks (1785174784985.559570 ms)
[LM/Restore] State restoration complete (1785174784985.581543 ms).
[LM] Starting migration server on port 8010 in background...
[LM] Migration server started (1785174784985.662354 ms).
[LM/Restore] Re-entering interpreter loop...
[LM/Resume] exec_env=0x55562354b1c0 cur_frame=0x5556235509c0 module_inst=0x555623549a80 function=0x55562354a400 prev_frame=0x5556235508b4 ip=0x7fff915b31f8 (offset=14, is_import=0) 1785174784985.675537 ms
[LM/Resume] New function array base=0x555623549ef0 count=88
[LM/Resume] Took 0.011000 ms to restore application
[LM/Resume] Resuming bytecode function (1785174784985.686035)
[LM] Server waiting for connection on port 8010...
[LM/Restore] Closed side sock fd 5
[LM/Restore] Live migration restored at 1785174785037.779297 ms
[WASM] Iteration 900 | Dirtied 0.64 MB @ offset 126 MB (Integrity: OK)
[WASM] Iteration 1000 | Dirtied 0.64 MB @ offset 190 MB (Integrity: OK)
[WASM] Iteration 1100 | Dirtied 0.64 MB @ offset 254 MB (Integrity: OK)
[WASM] Iteration 1200 | Dirtied 0.64 MB @ offset 318 MB (Integrity: OK)
[WASM] Iteration 1300 | Dirtied 0.64 MB @ offset 382 MB (Integrity: OK)
[WASM] Iteration 1400 | Dirtied 0.64 MB @ offset 446 MB (Integrity: OK)
[WASM] Iteration 1500 | Dirtied 0.64 MB @ offset 61 MB (Integrity: OK)
[WASM] Iteration 1600 | Dirtied 0.64 MB @ offset 125 MB (Integrity: OK)
