[LM] Connecting to migration server 192.168.10.11:8010...
[LM/Restore] Connected to migration server 192.168.10.11:8010
[LM/Restore] Membrane channel connected to 192.168.10.11:8011
[LM/Restore] State metadata loaded
[LM/Restore] Had to enlarge linear memory for migration
[LM/Restore] Linear memory loaded
[LM/Restore] Stack and shadow stack metadata loaded (frame count: 7, frame offset: 2888)
[LM/Restore] State restored
[LM/Restore] Initial state has been reconstructed (1785175428166.569580 ms).
[LM/Restore] Enter membrane replay mode (1785175428166.596680 ms)...
[LM/Checkpoint] Migration server completed its tasks (1785175428173.840576 ms)
[LM/Checkpoint] Migration client completed its tasks (1785175428173.852051 ms)
[LM/Restore] State restoration complete (1785175428173.870850 ms).
[LM] Starting migration server on port 8010 in background...
[LM] Migration server started (1785175428173.954834 ms).
[LM/Restore] Re-entering interpreter loop...
[LM/Resume] exec_env=0x55562b4531c0 cur_frame=0x55562b4589c0 module_inst=0x55562b451a80 function=0x55562b452400 prev_frame=0x55562b4588b4 ip=0x7fff60da31f8 (offset=14, is_import=0) 1785175428173.967529 ms
[LM/Resume] New function array base=0x55562b451ef0 count=88
[LM/Resume] Took 0.008000 ms to restore application
[LM/Resume] Resuming bytecode function (1785175428173.976318)
[LM] Server waiting for connection on port 8010...
[LM/Restore] Closed side sock fd 5
[LM/Restore] Live migration restored at 1785175428254.565918 ms
[WASM] Iteration 1300 | Dirtied 0.64 MB @ offset 32 MB (Integrity: OK)
[WASM] Iteration 1400 | Dirtied 0.64 MB @ offset 96 MB (Integrity: OK)
[WASM] Iteration 1500 | Dirtied 0.64 MB @ offset 160 MB (Integrity: OK)
[WASM] Iteration 1600 | Dirtied 0.64 MB @ offset 224 MB (Integrity: OK)
[WASM] Iteration 1700 | Dirtied 0.64 MB @ offset 288 MB (Integrity: OK)
[WASM] Iteration 1800 | Dirtied 0.64 MB @ offset 352 MB (Integrity: OK)
[WASM] Iteration 1900 | Dirtied 0.64 MB @ offset 416 MB (Integrity: OK)
[WASM] Iteration 2000 | Dirtied 0.64 MB @ offset 480 MB (Integrity: OK)
[WASM] Iteration 2100 | Dirtied 0.64 MB @ offset 544 MB (Integrity: OK)
[WASM] Iteration 2200 | Dirtied 0.64 MB @ offset 608 MB (Integrity: OK)
[WASM] Iteration 2300 | Dirtied 0.64 MB @ offset 672 MB (Integrity: OK)
