[LM] Connecting to migration server 192.168.10.11:8010...
[LM/Restore] Connected to migration server 192.168.10.11:8010
[LM/Restore] State metadata loaded
[LM/Restore] Had to enlarge linear memory for migration
[LM/Restore] Linear memory loaded
[LM/Restore] Stack and shadow stack metadata loaded (frame count: 7, frame offset: 2888)
[LM/Restore] State restored
[LM/Restore] Initial state has been reconstructed (1785246019960.435059 ms).
[LM/Checkpoint] Migration server completed its tasks (1785246019967.721191 ms)
[LM/Checkpoint] Migration client completed its tasks (1785246019967.733887 ms)
[LM/Restore] State restoration complete (1785246019967.760254 ms).
[LM] Starting migration server on port 8010 in background...
[LM] Migration server started (1785246019967.851074 ms).
[LM/Restore] Re-entering interpreter loop...
[LM/Resume] exec_env=0x55560924f1c0 cur_frame=0x5556092549c0 module_inst=0x55560924da80 function=0x55560924e400 prev_frame=0x5556092548b4 ip=0x7fff270331f8 (offset=14, is_import=0) 1785246019967.864258 ms
[LM/Resume] New function array base=0x55560924def0 count=88
[LM/Resume] Took 0.008000 ms to restore application
[LM/Resume] Resuming bytecode function (1785246019967.873291)
[LM] Server waiting for connection on port 8010...
[WASM] Iteration 600 | Dirtied 0.64 MB @ offset 383 MB (Integrity: OK)
[WASM] Iteration 700 | Dirtied 0.64 MB @ offset 447 MB (Integrity: OK)
[WASM] Iteration 800 | Dirtied 0.64 MB @ offset 511 MB (Integrity: OK)
