[LM] Connecting to migration server 192.168.10.11:8010...
[LM Client] Receiving pre-copy chunk...
[LM Client] Receiving pre-copy chunk...
[LM Client] Receiving pre-copy chunk...
[LM Client] Receiving pre-copy chunk...
[LM Client] Receiving pre-copy chunk...
[LM Client] Receiving pre-copy chunk...
[LM Client] Receiving pre-copy chunk...
[LM Client] Receiving pre-copy chunk...
[LM Client] Receiving pre-copy chunk...
[LM Client] Pre-copy complete. Proceeding to final handover.
Frame - IP: 14, function_index: 27, func: 0x55561e8be400
  frame->ip: 0x7ffeddff31f8
END

Frame - IP: 317, function_index: 17, func: 0x55561e8be220
  frame->ip: 0x7ffeddff3003
END

Frame - IP: 75, function_index: 18, func: 0x55561e8be250
  frame->ip: 0x7ffeddff3070
END

Frame - IP: 2891, function_index: 10, func: 0x55561e8be0d0
  frame->ip: 0x7ffeddff0e87
END

Frame - IP: 114, function_index: 20, func: 0x55561e8be2b0
  frame->ip: 0x7ffeddff3116
END

Frame - IP: 52, function_index: 9, func: 0x55561e8be0a0
  frame->ip: 0x7ffeddff029b
END

[LM Client] Migration successfully completed.
[LM] State received and restored.
[LM] Starting migration server on port 8010 in background...
[LM] Re-entering interpreter loop...
[LM/Resume] exec_env=0x55561e8bf1c0 cur_frame=0x55561e8c09a0 module_inst=0x55561e8bda80 function=0x55561e8be400 prev_frame=0x55561e8c0894 ip=0x7ffeddff31f8 (offset=14)
[LM/Resume] new function array base=0x55561e8bdef0 count=88
[LM/Resume] Took 0.006000 ms to restore application
[LM/Restore] Live migration restored at 1785175912084.038330 ms
[LM] Server waiting for connection on port 8010...
[WASM] Iteration 2600 | Dirtied 0.64 MB @ offset 664 MB (Integrity: OK)
[WASM] Iteration 2700 | Dirtied 0.64 MB @ offset 728 MB (Integrity: OK)
[WASM] Iteration 2800 | Dirtied 0.64 MB @ offset 792 MB (Integrity: OK)
[WASM] Iteration 2900 | Dirtied 0.64 MB @ offset 856 MB (Integrity: OK)
[WASM] Iteration 3000 | Dirtied 0.64 MB @ offset 920 MB (Integrity: OK)
[WASM] Iteration 3100 | Dirtied 0.64 MB @ offset 984 MB (Integrity: OK)
[WASM] Iteration 3200 | Dirtied 0.64 MB @ offset 49 MB (Integrity: OK)
[WASM] Iteration 3300 | Dirtied 0.64 MB @ offset 113 MB (Integrity: OK)
[WASM] Iteration 3400 | Dirtied 0.64 MB @ offset 177 MB (Integrity: OK)
[WASM] Iteration 3500 | Dirtied 0.64 MB @ offset 241 MB (Integrity: OK)
[WASM] Iteration 3600 | Dirtied 0.64 MB @ offset 305 MB (Integrity: OK)
[WASM] Iteration 3700 | Dirtied 0.64 MB @ offset 369 MB (Integrity: OK)
[WASM] Iteration 3800 | Dirtied 0.64 MB @ offset 433 MB (Integrity: OK)
[WASM] Iteration 3900 | Dirtied 0.64 MB @ offset 497 MB (Integrity: OK)
[WASM] Iteration 4000 | Dirtied 0.64 MB @ offset 561 MB (Integrity: OK)
[WASM] Iteration 4100 | Dirtied 0.64 MB @ offset 625 MB (Integrity: OK)
[WASM] Iteration 4200 | Dirtied 0.64 MB @ offset 689 MB (Integrity: OK)
[WASM] Iteration 4300 | Dirtied 0.64 MB @ offset 753 MB (Integrity: OK)
[WASM] Iteration 4400 | Dirtied 0.64 MB @ offset 817 MB (Integrity: OK)
[WASM] Iteration 4500 | Dirtied 0.64 MB @ offset 881 MB (Integrity: OK)
[WASM] Iteration 4600 | Dirtied 0.64 MB @ offset 945 MB (Integrity: OK)
[WASM] Iteration 4700 | Dirtied 0.64 MB @ offset 9 MB (Integrity: OK)
[WASM] Iteration 4800 | Dirtied 0.64 MB @ offset 73 MB (Integrity: OK)
