[LM] Connecting to migration server 192.168.10.11:8010...
[LM Client] Receiving pre-copy chunk...
[LM Client] Receiving pre-copy chunk...
[LM Client] Receiving pre-copy chunk...
[LM Client] Receiving pre-copy chunk...
[LM Client] Receiving pre-copy chunk...
[LM Client] Receiving pre-copy chunk...
[LM Client] Receiving pre-copy chunk...
[LM Client] Receiving pre-copy chunk...
[LM Client] Pre-copy complete. Proceeding to final handover.
Frame - IP: 14, function_index: 27, func: 0x55562b5be400
  frame->ip: 0x7fff770c31f8
END

Frame - IP: 317, function_index: 17, func: 0x55562b5be220
  frame->ip: 0x7fff770c3003
END

Frame - IP: 75, function_index: 18, func: 0x55562b5be250
  frame->ip: 0x7fff770c3070
END

Frame - IP: 2891, function_index: 10, func: 0x55562b5be0d0
  frame->ip: 0x7fff770c0e87
END

Frame - IP: 114, function_index: 20, func: 0x55562b5be2b0
  frame->ip: 0x7fff770c3116
END

Frame - IP: 52, function_index: 9, func: 0x55562b5be0a0
  frame->ip: 0x7fff770c029b
END

[LM Client] Migration successfully completed.
[LM] State received and restored.
[LM] Starting migration server on port 8010 in background...
[LM] Re-entering interpreter loop...
[LM/Resume] exec_env=0x55562b5bf1c0 cur_frame=0x55562b5c09a0 module_inst=0x55562b5bda80 function=0x55562b5be400 prev_frame=0x55562b5c0894 ip=0x7fff770c31f8 (offset=14)
[LM/Resume] new function array base=0x55562b5bdef0 count=88
[LM/Resume] Took 0.007000 ms to restore application
[LM/Restore] Live migration restored at 1785175380003.201904 ms
[LM] Server waiting for connection on port 8010...
[WASM] Iteration 2100 | Dirtied 0.64 MB @ offset 594 MB (Integrity: OK)
[WASM] Iteration 2200 | Dirtied 0.64 MB @ offset 658 MB (Integrity: OK)
[WASM] Iteration 2300 | Dirtied 0.64 MB @ offset 722 MB (Integrity: OK)
[WASM] Iteration 2400 | Dirtied 0.64 MB @ offset 37 MB (Integrity: OK)
[WASM] Iteration 2500 | Dirtied 0.64 MB @ offset 101 MB (Integrity: OK)
[WASM] Iteration 2600 | Dirtied 0.64 MB @ offset 165 MB (Integrity: OK)
[WASM] Iteration 2700 | Dirtied 0.64 MB @ offset 229 MB (Integrity: OK)
[WASM] Iteration 2800 | Dirtied 0.64 MB @ offset 293 MB (Integrity: OK)
[WASM] Iteration 2900 | Dirtied 0.64 MB @ offset 357 MB (Integrity: OK)
[WASM] Iteration 3000 | Dirtied 0.64 MB @ offset 421 MB (Integrity: OK)
[WASM] Iteration 3100 | Dirtied 0.64 MB @ offset 485 MB (Integrity: OK)
[WASM] Iteration 3200 | Dirtied 0.64 MB @ offset 549 MB (Integrity: OK)
[WASM] Iteration 3300 | Dirtied 0.64 MB @ offset 613 MB (Integrity: OK)
[WASM] Iteration 3400 | Dirtied 0.64 MB @ offset 677 MB (Integrity: OK)
[WASM] Iteration 3500 | Dirtied 0.64 MB @ offset 741 MB (Integrity: OK)
[WASM] Iteration 3600 | Dirtied 0.64 MB @ offset 55 MB (Integrity: OK)
[WASM] Iteration 3700 | Dirtied 0.64 MB @ offset 119 MB (Integrity: OK)
[WASM] Iteration 3800 | Dirtied 0.64 MB @ offset 183 MB (Integrity: OK)
