[LM] Connecting to migration server 192.168.10.11:8010...
[LM/Restore] Connected to migration server 192.168.10.11:8010
[LM/Restore] State metadata loaded
[LM/Restore] Had to enlarge linear memory for migration
[LM/Restore] Linear memory loaded
[LM/Restore] Stack and shadow stack metadata loaded (frame count: 7, frame offset: 2888)
[LM/Restore] State restored
[LM/Restore] Initial state has been reconstructed (1785687278531.564697 ms).
[LM/Checkpoint] Migration server completed its tasks (1785687278538.539795 ms)
[LM/Checkpoint] Migration client completed its tasks (1785687278538.552979 ms)
[LM/Restore] State restoration complete (1785687278538.575195 ms).
[LM] Starting migration server on port 8010 in background...
[LM] Migration server started (1785687278538.666992 ms).
[LM/Restore] Re-entering interpreter loop...
[LM/Resume] exec_env=0x5556496c71c0 cur_frame=0x5556496cc9c0 module_inst=0x5556496c5a80 function=0x5556496c6400 prev_frame=0x5556496cc8b4 ip=0x7fff0fbf31f8 (offset=14, is_import=0) 1785687278538.683594 ms
[LM/Resume] New function array base=0x5556496c5ef0 count=88
[LM/Resume] Took 0.031000 ms to restore application
[LM/Resume] Resuming bytecode function (1785687278538.715820)
[LM] Server waiting for connection on port 8010...
[WASM] Iteration 600 | Dirtied 0.64 MB @ offset 383 MB (Integrity: OK)
[WASM] Iteration 700 | Dirtied 0.64 MB @ offset 48 MB (Integrity: OK)
[WASM] Iteration 800 | Dirtied 0.64 MB @ offset 112 MB (Integrity: OK)
[WASM] Iteration 900 | Dirtied 0.64 MB @ offset 176 MB (Integrity: OK)
[WASM] Iteration 1000 | Dirtied 0.64 MB @ offset 240 MB (Integrity: OK)
[WASM] Iteration 1100 | Dirtied 0.64 MB @ offset 304 MB (Integrity: OK)
[WASM] Iteration 1200 | Dirtied 0.64 MB @ offset 368 MB (Integrity: OK)
[WASM] Iteration 1300 | Dirtied 0.64 MB @ offset 33 MB (Integrity: OK)
[WASM] Iteration 1400 | Dirtied 0.64 MB @ offset 97 MB (Integrity: OK)
