[LM] Connecting to migration server 192.168.10.11:8010...
[LM/Restore] Connected to migration server 192.168.10.11:8010
[LM/Restore] State metadata loaded
[LM/Restore] Had to enlarge linear memory for migration
[LM/Restore] Linear memory loaded
[LM/Restore] Stack and shadow stack metadata loaded (frame count: 7, frame offset: 2888)
[LM/Restore] State restored
[LM/Restore] Initial state has been reconstructed (1785689007592.680908 ms).
[LM/Checkpoint] Migration server completed its tasks (1785689007599.735596 ms)
[LM/Checkpoint] Migration client completed its tasks (1785689007599.749756 ms)
[LM/Restore] State restoration complete (1785689007599.772949 ms).
[LM] Starting migration server on port 8010 in background...
[LM] Migration server started (1785689007599.869141 ms).
[LM/Restore] Re-entering interpreter loop...
[LM/Resume] exec_env=0x55560856f1c0 cur_frame=0x5556085749c0 module_inst=0x55560856da80 function=0x55560856e400 prev_frame=0x5556085748b4 ip=0x7fff607531f8 (offset=14, is_import=0) 1785689007599.881592 ms
[LM/Resume] New function array base=0x55560856def0 count=88
[LM/Resume] Took 0.009000 ms to restore application
[LM/Resume] Resuming bytecode function (1785689007599.891113)
[LM] Server waiting for connection on port 8010...
[WASM] Iteration 600 | Dirtied 0.64 MB @ offset 383 MB (Integrity: OK)
[WASM] Iteration 700 | Dirtied 0.64 MB @ offset 447 MB (Integrity: OK)
[WASM] Iteration 800 | Dirtied 0.64 MB @ offset 511 MB (Integrity: OK)
[WASM] Iteration 900 | Dirtied 0.64 MB @ offset 575 MB (Integrity: OK)
