[LM] Connecting to migration server 192.168.10.11:8010...
[LM/Restore] Connected to migration server 192.168.10.11:8010
[LM/Restore] State metadata loaded
[LM/Restore] Had to enlarge linear memory for migration
[LM/Restore] Linear memory loaded
[LM/Restore] Stack and shadow stack metadata loaded (frame count: 7, frame offset: 2888)
[LM/Restore] State restored
[LM/Restore] Initial state has been reconstructed (1785686762608.623779 ms).
[LM/Checkpoint] Migration server completed its tasks (1785686762615.628174 ms)
[LM/Checkpoint] Migration client completed its tasks (1785686762615.638428 ms)
[LM/Restore] State restoration complete (1785686762615.657715 ms).
[LM] Starting migration server on port 8010 in background...
[LM] Migration server started (1785686762615.762939 ms).
[LM/Restore] Re-entering interpreter loop...
[LM/Resume] exec_env=0x5555988eb1c0 cur_frame=0x5555988f09c0 module_inst=0x5555988e9a80 function=0x5555988ea400 prev_frame=0x5555988f08b4 ip=0x7fff5c9531f8 (offset=14, is_import=0) 1785686762615.783447 ms
[LM/Resume] New function array base=0x5555988e9ef0 count=88
[LM/Resume] Took 0.007000 ms to restore application
[LM/Resume] Resuming bytecode function (1785686762615.791016)
[LM] Server waiting for connection on port 8010...
[WASM] Iteration 500 | Dirtied 0.64 MB @ offset 70 MB (Integrity: OK)
[WASM] Iteration 600 | Dirtied 0.64 MB @ offset 134 MB (Integrity: OK)
[WASM] Iteration 700 | Dirtied 0.64 MB @ offset 198 MB (Integrity: OK)
[WASM] Iteration 800 | Dirtied 0.64 MB @ offset 13 MB (Integrity: OK)
[WASM] Iteration 900 | Dirtied 0.64 MB @ offset 77 MB (Integrity: OK)
[WASM] Iteration 1000 | Dirtied 0.64 MB @ offset 141 MB (Integrity: OK)
[WASM] Iteration 1100 | Dirtied 0.64 MB @ offset 205 MB (Integrity: OK)
