[LM] Starting migration server on port 8010 in background...
[LM] Migration server started (1785689510218.679932 ms).
[LM] Server waiting for connection on port 8010...
[WASM] Options: Allocating 900 MB | Rate: 64 MB/s | Step: 10 ms (0.64 MB/iter)
[WASM] Writing initial test patterns to all 900 MB of pages...
[WASM] Memory initialized. Starting loop with 64 MB updates per second...
[WASM] Iteration 0 | Dirtied 0.64 MB @ offset 0 MB (Integrity: OK)
[WASM] Iteration 100 | Dirtied 0.64 MB @ offset 63 MB (Integrity: OK)
[WASM] Iteration 200 | Dirtied 0.64 MB @ offset 127 MB (Integrity: OK)
[WASM] Iteration 300 | Dirtied 0.64 MB @ offset 191 MB (Integrity: OK)
[LM] Client connected. Migration is initiated (1785689514433.010010 ms)...
[LM/Checkpoint] Sync all to frame at opcode=10 (next=41)
CHECK: frame 0x5555747e09c0, frame->ip 65
[LM/Checkpoint] Memory snapshot captured after 9.528809 ms
[LM/Checkpoint] Phase 1.1: Sending state metadata...
[LM/Checkpoint] Memory metadata transmitted after 0.035889 ms
[LM/Checkpoint] Phase 1.2: Sending initial bulk memory (900 MB)...
[LM/Checkpoint] Main interpreter thread halted for 0.248000 ms
[WASM] Iteration 400 | Dirtied 0.64 MB @ offset 255 MB (Integrity: OK)
[WASM] Iteration 500 | Dirtied 0.64 MB @ offset 319 MB (Integrity: OK)
[WASM] Iteration 600 | Dirtied 0.64 MB @ offset 383 MB (Integrity: OK)
[WASM] Iteration 700 | Dirtied 0.64 MB @ offset 447 MB (Integrity: OK)
[WASM] Iteration 800 | Dirtied 0.64 MB @ offset 511 MB (Integrity: OK)
[WASM] Iteration 900 | Dirtied 0.64 MB @ offset 575 MB (Integrity: OK)
[WASM] Iteration 1000 | Dirtied 0.64 MB @ offset 639 MB (Integrity: OK)
[WASM] Iteration 1100 | Dirtied 0.64 MB @ offset 703 MB (Integrity: OK)
[LM/Checkpoint] Linear memory transmitted after 8080.265625 ms
[LM/Checkpoint] Wrote stack and shadow stack frames to stream (frame count: 7, frame offset: 2888)
[LM/Checkpoint] Frames transmitted after 0.023193 ms
[LM/Checkpoint] Capturing the UDP state took 0.001000 ms (fd: 0, port: 0)
[LM/Checkpoint] Initial full linear memory handover duration 403.107000 ms
[LM/Checkpoint] Received 0xEOF_RECONSTRUCT, halting execution for final handover (1785689522549.944580 ms)...
[LM/Checkpoint] Migration server completed its tasks
[LM/Checkpoint] Initial membrane chunk transmitted after 34.257568 ms
[LM/Checkpoint] Migration client completed its tasks
[LM/Checkpoint] Migration completed in 8134.238770 ms
[LM/Checkpoint] Live migration completed at 1785689514433.071533 ms.
[LM/Checkpoint] Program halts at 1785689522567.278809 ms.
[LM/Checkpoint] Closing migration connections...
[LM/Checkpoint] Closed all migration connections!
