[LM] Connecting to migration server 192.168.10.11:8010...
[LM/Restore] Connected to migration server 192.168.10.11:8010
[LM/Restore] State metadata loaded
[LM/Restore] Had to enlarge linear memory for migration
[LM/Restore] Linear memory loaded
[LM/Restore] Stack and shadow stack metadata loaded (frame count: 7, frame offset: 2888)
[LM/Restore] State restored
[LM/Restore] Initial state has been reconstructed (1785687465688.878662 ms).
[LM/Checkpoint] Migration server completed its tasks (1785687465696.250977 ms)
[LM/Checkpoint] Migration client completed its tasks (1785687465696.264404 ms)
[LM/Restore] State restoration complete (1785687465696.286377 ms).
[LM] Starting migration server on port 8010 in background...
[LM] Migration server started (1785687465696.377686 ms).
[LM/Restore] Re-entering interpreter loop...
[LM/Resume] exec_env=0x5555fa7271c0 cur_frame=0x5555fa72c9c0 module_inst=0x5555fa725a80 function=0x5555fa726400 prev_frame=0x5555fa72c8b4 ip=0x7fff96db31f8 (offset=14, is_import=0) 1785687465696.388916 ms
[LM/Resume] New function array base=0x5555fa725ef0 count=88
[LM/Resume] Took 0.008000 ms to restore application
[LM/Resume] Resuming bytecode function (1785687465696.397949)
[LM] Server waiting for connection on port 8010...
[WASM] Iteration 600 | Dirtied 0.64 MB @ offset 383 MB (Integrity: OK)
[WASM] Iteration 700 | Dirtied 0.64 MB @ offset 447 MB (Integrity: OK)
[WASM] Iteration 800 | Dirtied 0.64 MB @ offset 62 MB (Integrity: OK)
[WASM] Iteration 900 | Dirtied 0.64 MB @ offset 126 MB (Integrity: OK)
[WASM] Iteration 1000 | Dirtied 0.64 MB @ offset 190 MB (Integrity: OK)
