[LM] Starting migration server on port 8010 in background...
[LM] Migration server started (1785690914090.269287 ms).
[LM] Server waiting for connection on port 8010...
[WASM] Options: Allocating 300 MB | Rate: 64 MB/s | Step: 10 ms (0.64 MB/iter)
[WASM] Writing initial test patterns to all 300 MB of pages...
[WASM] Memory initialized. Starting loop with 64 MB updates per second...
[WASM] Iteration 0 | Dirtied 0.64 MB @ offset 0 MB (Integrity: OK)
[WASM] Iteration 100 | Dirtied 0.64 MB @ offset 63 MB (Integrity: OK)
[WASM] Iteration 200 | Dirtied 0.64 MB @ offset 127 MB (Integrity: OK)
[WASM] Iteration 300 | Dirtied 0.64 MB @ offset 191 MB (Integrity: OK)
[WASM] Iteration 400 | Dirtied 0.64 MB @ offset 255 MB (Integrity: OK)
[WASM] Iteration 500 | Dirtied 0.64 MB @ offset 20 MB (Integrity: OK)
[WASM] Iteration 600 | Dirtied 0.64 MB @ offset 84 MB (Integrity: OK)
[LM] Client connected. Migration is initiated (1785690920295.261230 ms)...
[LM/Checkpoint] Sync all to frame at opcode=10 (next=41)
CHECK: frame 0x5555e05409c0, frame->ip 65
[LM/Checkpoint] Memory snapshot captured after 3.204346 ms
[LM/Checkpoint] Phase 1.1: Sending state metadata...
[LM/Checkpoint] Memory metadata transmitted after 0.032715 ms
[LM/Checkpoint] Phase 1.2: Sending initial bulk memory (300 MB)...
[LM/Checkpoint] Main interpreter thread halted for 0.315000 ms
[WASM] Iteration 700 | Dirtied 0.64 MB @ offset 148 MB (Integrity: OK)
[WASM] Iteration 800 | Dirtied 0.64 MB @ offset 212 MB (Integrity: OK)
[LM/Checkpoint] Linear memory transmitted after 2707.698242 ms
[LM/Checkpoint] Wrote stack and shadow stack frames to stream (frame count: 7, frame offset: 2888)
[LM/Checkpoint] Frames transmitted after 0.020996 ms
[LM/Checkpoint] Capturing the UDP state took 0.002000 ms (fd: 0, port: 0)
[LM/Checkpoint] Initial full linear memory handover duration 134.751000 ms
[LM/Checkpoint] Received 0xEOF_RECONSTRUCT, halting execution for final handover (1785690923029.419922 ms)...
[LM/Checkpoint] Migration server completed its tasks
[LM/Checkpoint] Initial membrane chunk transmitted after 30.396973 ms
[LM/Checkpoint] Migration client completed its tasks
[LM/Checkpoint] Migration completed in 2751.482666 ms
[LM/Checkpoint] Live migration completed at 1785690920295.319580 ms.
[LM/Checkpoint] Program halts at 1785690923046.772949 ms.
[LM/Checkpoint] Closing migration connections...
[LM/Checkpoint] Closed all migration connections!
