[LM] Connecting to migration server 192.168.10.11:8010...
[LM/Restore] Connected to migration server 192.168.10.11:8010
[LM/Restore] State metadata loaded
[LM/Restore] Had to enlarge linear memory for migration
[LM/Restore] Linear memory loaded
[LM/Restore] Stack and shadow stack metadata loaded (frame count: 7, frame offset: 2888)
[LM/Restore] State restored
[LM/Restore] Initial state has been reconstructed (1785692312530.404785 ms).
[LM/Checkpoint] Migration server completed its tasks (1785692312537.442139 ms)
[LM/Checkpoint] Migration client completed its tasks (1785692312537.454346 ms)
[LM/Restore] State restoration complete (1785692312537.473389 ms).
[LM] Starting migration server on port 8010 in background...
[LM] Migration server started (1785692312537.568359 ms).
[LM/Restore] Re-entering interpreter loop...
[LM/Resume] exec_env=0x5555ee5db1c0 cur_frame=0x5555ee5e09c0 module_inst=0x5555ee5d9a80 function=0x5555ee5da400 prev_frame=0x5555ee5e08b4 ip=0x7fff96ba31f8 (offset=14, is_import=0) 1785692312537.580811 ms
[LM/Resume] New function array base=0x5555ee5d9ef0 count=88
[LM/Resume] Took 0.009000 ms to restore application
[LM/Resume] Resuming bytecode function (1785692312537.590576)
[LM] Server waiting for connection on port 8010...
[WASM] Iteration 600 | Dirtied 0.64 MB @ offset 383 MB (Integrity: OK)
[WASM] Iteration 700 | Dirtied 0.64 MB @ offset 447 MB (Integrity: OK)
[WASM] Iteration 800 | Dirtied 0.64 MB @ offset 511 MB (Integrity: OK)
[WASM] Iteration 900 | Dirtied 0.64 MB @ offset 575 MB (Integrity: OK)
[WASM] Iteration 1000 | Dirtied 0.64 MB @ offset 639 MB (Integrity: OK)
[WASM] Iteration 1100 | Dirtied 0.64 MB @ offset 54 MB (Integrity: OK)
