[LM] Connecting to migration server 192.168.10.11:8010...
[LM/Restore] Connected to migration server 192.168.10.11:8010
[LM/Restore] State metadata loaded
[LM/Restore] Had to enlarge linear memory for migration
[LM/Restore] Linear memory loaded
[LM/Restore] Stack and shadow stack metadata loaded (frame count: 7, frame offset: 2888)
[LM/Restore] State restored
[LM/Restore] Initial state has been reconstructed (1785691098638.915283 ms).
[LM/Checkpoint] Migration server completed its tasks (1785691098646.010742 ms)
[LM/Checkpoint] Migration client completed its tasks (1785691098646.019775 ms)
[LM/Restore] State restoration complete (1785691098646.037109 ms).
[LM] Starting migration server on port 8010 in background...
[LM] Migration server started (1785691098646.124023 ms).
[LM/Restore] Re-entering interpreter loop...
[LM/Resume] exec_env=0x5555fc62b1c0 cur_frame=0x5555fc6309c0 module_inst=0x5555fc629a80 function=0x5555fc62a400 prev_frame=0x5555fc6308b4 ip=0x7fff0ffb31f8 (offset=14, is_import=0) 1785691098646.134033 ms
[LM/Resume] New function array base=0x5555fc629ef0 count=88
[LM/Resume] Took 0.008000 ms to restore application
[LM/Resume] Resuming bytecode function (1785691098646.141602)
[LM] Server waiting for connection on port 8010...
[WASM] Iteration 600 | Dirtied 0.64 MB @ offset 34 MB (Integrity: OK)
[WASM] Iteration 700 | Dirtied 0.64 MB @ offset 98 MB (Integrity: OK)
[WASM] Iteration 800 | Dirtied 0.64 MB @ offset 162 MB (Integrity: OK)
[WASM] Iteration 900 | Dirtied 0.64 MB @ offset 226 MB (Integrity: OK)
[WASM] Iteration 1000 | Dirtied 0.64 MB @ offset 290 MB (Integrity: OK)
[WASM] Iteration 1100 | Dirtied 0.64 MB @ offset 5 MB (Integrity: OK)
[WASM] Iteration 1200 | Dirtied 0.64 MB @ offset 69 MB (Integrity: OK)
[WASM] Iteration 1300 | Dirtied 0.64 MB @ offset 133 MB (Integrity: OK)
