[LM] Connecting to migration server 192.168.10.11:8010...
[LM/Restore] Connected to migration server 192.168.10.11:8010
[LM/Restore] State metadata loaded
[LM/Restore] Had to enlarge linear memory for migration
[LM/Restore] Linear memory loaded
[LM/Restore] Stack and shadow stack metadata loaded (frame count: 7, frame offset: 2888)
[LM/Restore] State restored
[LM/Restore] Initial state has been reconstructed (1785693279853.273682 ms).
[LM/Checkpoint] Migration server completed its tasks (1785693279860.485840 ms)
[LM/Checkpoint] Migration client completed its tasks (1785693279860.500244 ms)
[LM/Restore] State restoration complete (1785693279860.521240 ms).
[LM] Starting migration server on port 8010 in background...
[LM] Migration server started (1785693279860.616211 ms).
[LM/Restore] Re-entering interpreter loop...
[LM/Resume] exec_env=0x5555e34a31c0 cur_frame=0x5555e34a89c0 module_inst=0x5555e34a1a80 function=0x5555e34a2400 prev_frame=0x5555e34a88b4 ip=0x7fffb8d231f8 (offset=14, is_import=0) 1785693279860.631592 ms
[LM/Resume] New function array base=0x5555e34a1ef0 count=88
[LM/Resume] Took 0.011000 ms to restore application
[LM/Resume] Resuming bytecode function (1785693279860.641357)
[LM] Server waiting for connection on port 8010...
[WASM] Iteration 500 | Dirtied 0.64 MB @ offset 319 MB (Integrity: OK)
[WASM] Iteration 600 | Dirtied 0.64 MB @ offset 383 MB (Integrity: OK)
[WASM] Iteration 700 | Dirtied 0.64 MB @ offset 447 MB (Integrity: OK)
[WASM] Iteration 800 | Dirtied 0.64 MB @ offset 511 MB (Integrity: OK)
