[LM] Connecting to migration server 192.168.10.11:8010...
[LM/Restore] Connected to migration server 192.168.10.11:8010
[LM/Restore] State metadata loaded
[LM/Restore] Had to enlarge linear memory for migration
[LM/Restore] Linear memory loaded
[LM/Restore] Stack and shadow stack metadata loaded (frame count: 7, frame offset: 2888)
[LM/Restore] State restored
[LM/Restore] Initial state has been reconstructed (1785694080628.304932 ms).
[LM/Checkpoint] Migration server completed its tasks (1785694080635.457520 ms)
[LM/Checkpoint] Migration client completed its tasks (1785694080635.473145 ms)
[LM/Restore] State restoration complete (1785694080635.488281 ms).
[LM] Starting migration server on port 8010 in background...
[LM] Migration server started (1785694080635.566895 ms).
[LM/Restore] Re-entering interpreter loop...
[LM/Resume] exec_env=0x5556660e31c0 cur_frame=0x5556660e89c0 module_inst=0x5556660e1a80 function=0x5556660e2400 prev_frame=0x5556660e88b4 ip=0x7fff8fe731f8 (offset=14, is_import=0) 1785694080635.578369 ms
[LM/Resume] New function array base=0x5556660e1ef0 count=88
[LM/Resume] Took 0.007000 ms to restore application
[LM/Resume] Resuming bytecode function (1785694080635.586182)
[LM] Server waiting for connection on port 8010...
[WASM] Iteration 600 | Dirtied 0.64 MB @ offset 383 MB (Integrity: OK)
[WASM] Iteration 700 | Dirtied 0.64 MB @ offset 447 MB (Integrity: OK)
