[LM] Connecting to migration server 192.168.10.11:8010...
[LM/Restore] Connected to migration server 192.168.10.11:8010
[LM/Restore] State metadata loaded
[LM/Restore] Had to enlarge linear memory for migration
[LM/Restore] Linear memory loaded
[LM/Restore] Stack and shadow stack metadata loaded (frame count: 7, frame offset: 2888)
[LM/Restore] State restored
[LM/Restore] Initial state has been reconstructed (1785690601272.239258 ms).
[LM/Checkpoint] Migration server completed its tasks (1785690601279.731445 ms)
[LM/Checkpoint] Migration client completed its tasks (1785690601279.740234 ms)
[LM/Restore] State restoration complete (1785690601279.758057 ms).
[LM] Starting migration server on port 8010 in background...
[LM] Migration server started (1785690601279.847412 ms).
[LM/Restore] Re-entering interpreter loop...
[LM/Resume] exec_env=0x5555eb58b1c0 cur_frame=0x5555eb5909c0 module_inst=0x5555eb589a80 function=0x5555eb58a400 prev_frame=0x5555eb5908b4 ip=0x7fffbd3a31f8 (offset=14, is_import=0) 1785690601279.857666 ms
[LM/Resume] New function array base=0x5555eb589ef0 count=88
[LM/Resume] Took 0.007000 ms to restore application
[LM/Resume] Resuming bytecode function (1785690601279.864502)
[LM] Server waiting for connection on port 8010...
[WASM] Iteration 600 | Dirtied 0.64 MB @ offset 184 MB (Integrity: OK)
[WASM] Iteration 700 | Dirtied 0.64 MB @ offset 49 MB (Integrity: OK)
[WASM] Iteration 800 | Dirtied 0.64 MB @ offset 113 MB (Integrity: OK)
[WASM] Iteration 900 | Dirtied 0.64 MB @ offset 177 MB (Integrity: OK)
[WASM] Iteration 1000 | Dirtied 0.64 MB @ offset 41 MB (Integrity: OK)
[WASM] Iteration 1100 | Dirtied 0.64 MB @ offset 105 MB (Integrity: OK)
[WASM] Iteration 1200 | Dirtied 0.64 MB @ offset 169 MB (Integrity: OK)
[WASM] Iteration 1300 | Dirtied 0.64 MB @ offset 34 MB (Integrity: OK)
[WASM] Iteration 1400 | Dirtied 0.64 MB @ offset 98 MB (Integrity: OK)
