[LM] Connecting to migration server 192.168.10.11:8010...
[LM/Restore] Connected to migration server 192.168.10.11:8010
[LM/Restore] State metadata loaded
[LM/Restore] Had to enlarge linear memory for migration
[LM/Restore] Linear memory loaded
[LM/Restore] Stack and shadow stack metadata loaded (frame count: 7, frame offset: 2888)
[LM/Restore] State restored
[LM/Restore] Initial state has been reconstructed (1785691864238.353760 ms).
[LM/Checkpoint] Migration server completed its tasks (1785691864245.213623 ms)
[LM/Checkpoint] Migration client completed its tasks (1785691864245.241699 ms)
[LM/Restore] State restoration complete (1785691864245.262207 ms).
[LM] Starting migration server on port 8010 in background...
[LM] Migration server started (1785691864245.381348 ms).
[LM/Restore] Re-entering interpreter loop...
[LM/Resume] exec_env=0x55557bbb71c0 cur_frame=0x55557bbbc9c0 module_inst=0x55557bbb5a80 function=0x55557bbb6400 prev_frame=0x55557bbbc8b4 ip=0x7fff318031f8 (offset=14, is_import=0) 1785691864245.396729 ms
[LM/Resume] New function array base=0x55557bbb5ef0 count=88
[LM/Resume] Took 0.009000 ms to restore application
[LM/Resume] Resuming bytecode function (1785691864245.406250)
[LM] Server waiting for connection on port 8010...
[WASM] Iteration 600 | Dirtied 0.64 MB @ offset 383 MB (Integrity: OK)
[WASM] Iteration 700 | Dirtied 0.64 MB @ offset 447 MB (Integrity: OK)
[WASM] Iteration 800 | Dirtied 0.64 MB @ offset 511 MB (Integrity: OK)
[WASM] Iteration 900 | Dirtied 0.64 MB @ offset 26 MB (Integrity: OK)
[WASM] Iteration 1000 | Dirtied 0.64 MB @ offset 90 MB (Integrity: OK)
[WASM] Iteration 1100 | Dirtied 0.64 MB @ offset 154 MB (Integrity: OK)
[WASM] Iteration 1200 | Dirtied 0.64 MB @ offset 218 MB (Integrity: OK)
[WASM] Iteration 1300 | Dirtied 0.64 MB @ offset 282 MB (Integrity: OK)
