[LM] Connecting to migration server 192.168.10.11:8010...
[LM/Restore] Connected to migration server 192.168.10.11:8010
[LM/Restore] State metadata loaded
[LM/Restore] Had to enlarge linear memory for migration
[LM/Restore] Linear memory loaded
[LM/Restore] Stack and shadow stack metadata loaded (frame count: 7, frame offset: 2888)
[LM/Restore] State restored
[LM/Restore] Initial state has been reconstructed (1785690182979.330811 ms).
[LM/Checkpoint] Migration server completed its tasks (1785690182986.525146 ms)
[LM/Checkpoint] Migration client completed its tasks (1785690182986.535156 ms)
[LM/Restore] State restoration complete (1785690182986.552246 ms).
[LM] Starting migration server on port 8010 in background...
[LM] Migration server started (1785690182986.635254 ms).
[LM/Restore] Re-entering interpreter loop...
[LM/Resume] exec_env=0x5555f4e831c0 cur_frame=0x5555f4e889c0 module_inst=0x5555f4e81a80 function=0x5555f4e82400 prev_frame=0x5555f4e888b4 ip=0x7fff2c2e31f8 (offset=14, is_import=0) 1785690182986.646484 ms
[LM/Resume] New function array base=0x5555f4e81ef0 count=88
[LM/Resume] Took 0.007000 ms to restore application
[LM/Resume] Resuming bytecode function (1785690182986.654297)
[LM] Server waiting for connection on port 8010...
[WASM] Iteration 600 | Dirtied 0.64 MB @ offset 38 MB (Integrity: OK)
[WASM] Iteration 700 | Dirtied 0.64 MB @ offset 3 MB (Integrity: OK)
[WASM] Iteration 800 | Dirtied 0.64 MB @ offset 18 MB (Integrity: OK)
[WASM] Iteration 900 | Dirtied 0.64 MB @ offset 33 MB (Integrity: OK)
[WASM] Iteration 1000 | Dirtied 0.64 MB @ offset 47 MB (Integrity: OK)
[WASM] Iteration 1100 | Dirtied 0.64 MB @ offset 12 MB (Integrity: OK)
[WASM] Iteration 1200 | Dirtied 0.64 MB @ offset 27 MB (Integrity: OK)
[WASM] Iteration 1300 | Dirtied 0.64 MB @ offset 42 MB (Integrity: OK)
[WASM] Iteration 1400 | Dirtied 0.64 MB @ offset 7 MB (Integrity: OK)
[WASM] Iteration 1500 | Dirtied 0.64 MB @ offset 22 MB (Integrity: OK)
