[LM] Connecting to migration server 192.168.10.11:8010...
[LM/Restore] Connected to migration server 192.168.10.11:8010
[LM/Restore] Membrane channel connected to 192.168.10.11:8011
[LM/Restore] State metadata loaded
[LM/Restore] Had to enlarge linear memory for migration
[LM/Restore] Linear memory loaded
[LM/Restore] Stack and shadow stack metadata loaded (frame count: 7, frame offset: 2888)
[LM/Restore] State restored
[LM/Restore] Initial state has been reconstructed (1785687897713.668701 ms).
[LM/Restore] Enter membrane replay mode (1785687897713.705078 ms)...
[LM/Checkpoint] Migration server completed its tasks (1785687897720.720947 ms)
[LM/Checkpoint] Migration client completed its tasks (1785687897720.737061 ms)
[LM/Restore] State restoration complete (1785687897720.759766 ms).
[LM] Starting migration server on port 8010 in background...
[LM] Migration server started (1785687897720.852295 ms).
[LM/Restore] Re-entering interpreter loop...
[LM/Resume] exec_env=0x5556400971c0 cur_frame=0x55564009c9c0 module_inst=0x555640095a80 function=0x555640096400 prev_frame=0x55564009c8b4 ip=0x7fff960731f8 (offset=14, is_import=0) 1785687897720.865967 ms
[LM/Resume] New function array base=0x555640095ef0 count=88
[LM/Resume] Took 0.009000 ms to restore application
[LM/Resume] Resuming bytecode function (1785687897720.876953)
[LM] Server waiting for connection on port 8010...
[LM/Restore] Closed side sock fd 5
[LM/Restore] Live migration restored at 1785687897785.353027 ms
[WASM] Iteration 1000 | Dirtied 0.64 MB @ offset 40 MB (Integrity: OK)
[WASM] Iteration 1100 | Dirtied 0.64 MB @ offset 104 MB (Integrity: OK)
[WASM] Iteration 1200 | Dirtied 0.64 MB @ offset 168 MB (Integrity: OK)
[WASM] Iteration 1300 | Dirtied 0.64 MB @ offset 232 MB (Integrity: OK)
[WASM] Iteration 1400 | Dirtied 0.64 MB @ offset 296 MB (Integrity: OK)
[WASM] Iteration 1500 | Dirtied 0.64 MB @ offset 360 MB (Integrity: OK)
[WASM] Iteration 1600 | Dirtied 0.64 MB @ offset 424 MB (Integrity: OK)
[WASM] Iteration 1700 | Dirtied 0.64 MB @ offset 488 MB (Integrity: OK)
[WASM] Iteration 1800 | Dirtied 0.64 MB @ offset 552 MB (Integrity: OK)
