[LM] Connecting to migration server 192.168.10.11:8010...
[LM/Restore] Connected to migration server 192.168.10.11:8010
[LM/Restore] Membrane channel connected to 192.168.10.11:8011
[LM/Restore] State metadata loaded
[LM/Restore] Had to enlarge linear memory for migration
[LM/Restore] Linear memory loaded
[LM/Restore] Stack and shadow stack metadata loaded (frame count: 7, frame offset: 2888)
[LM/Restore] State restored
[LM/Restore] Initial state has been reconstructed (1785687692893.407227 ms).
[LM/Restore] Enter membrane replay mode (1785687692893.437500 ms)...
[LM/Checkpoint] Migration server completed its tasks (1785687692900.814697 ms)
[LM/Checkpoint] Migration client completed its tasks (1785687692900.836426 ms)
[LM/Restore] State restoration complete (1785687692900.856201 ms).
[LM] Starting migration server on port 8010 in background...
[LM] Migration server started (1785687692900.963867 ms).
[LM/Restore] Re-entering interpreter loop...
[LM/Resume] exec_env=0x5555f60371c0 cur_frame=0x5555f603c9c0 module_inst=0x5555f6035a80 function=0x5555f6036400 prev_frame=0x5555f603c8b4 ip=0x7fff56fd31f8 (offset=14, is_import=0) 1785687692900.976318 ms
[LM/Resume] New function array base=0x5555f6035ef0 count=88
[LM/Resume] Took 0.008000 ms to restore application
[LM/Resume] Resuming bytecode function (1785687692900.985596)
[LM] Server waiting for connection on port 8010...
[LM/Restore] Closed side sock fd 5
[LM/Restore] Live migration restored at 1785687692960.912842 ms
[WASM] Iteration 1000 | Dirtied 0.64 MB @ offset 90 MB (Integrity: OK)
[WASM] Iteration 1100 | Dirtied 0.64 MB @ offset 154 MB (Integrity: OK)
[WASM] Iteration 1200 | Dirtied 0.64 MB @ offset 218 MB (Integrity: OK)
[WASM] Iteration 1300 | Dirtied 0.64 MB @ offset 282 MB (Integrity: OK)
[WASM] Iteration 1400 | Dirtied 0.64 MB @ offset 346 MB (Integrity: OK)
[WASM] Iteration 1500 | Dirtied 0.64 MB @ offset 410 MB (Integrity: OK)
[WASM] Iteration 1600 | Dirtied 0.64 MB @ offset 474 MB (Integrity: OK)
[WASM] Iteration 1700 | Dirtied 0.64 MB @ offset 538 MB (Integrity: OK)
[WASM] Iteration 1800 | Dirtied 0.64 MB @ offset 53 MB (Integrity: OK)
