[LM] Connecting to migration server 192.168.10.11:8010...
[LM/Restore] Connected to migration server 192.168.10.11:8010
[LM/Restore] Membrane channel connected to 192.168.10.11:8011
[LM/Restore] State metadata loaded
[LM/Restore] Had to enlarge linear memory for migration
[LM/Restore] Linear memory loaded
[LM/Restore] Stack and shadow stack metadata loaded (frame count: 7, frame offset: 2888)
[LM/Restore] State restored
[LM/Restore] Initial state has been reconstructed (1785686485932.657227 ms).
[LM/Restore] Enter membrane replay mode (1785686485932.682129 ms)...
[LM/Checkpoint] Migration server completed its tasks (1785686485940.073975 ms)
[LM/Checkpoint] Migration client completed its tasks (1785686485940.082520 ms)
[LM/Restore] State restoration complete (1785686485940.101074 ms).
[LM] Starting migration server on port 8010 in background...
[LM] Migration server started (1785686485940.183594 ms).
[LM/Restore] Re-entering interpreter loop...
[LM/Resume] exec_env=0x555583a931c0 cur_frame=0x555583a989c0 module_inst=0x555583a91a80 function=0x555583a92400 prev_frame=0x555583a988b4 ip=0x7ffee61731f8 (offset=14, is_import=0) 1785686485940.194580 ms
[LM/Resume] New function array base=0x555583a91ef0 count=88
[LM/Resume] Took 0.008000 ms to restore application
[LM/Resume] Resuming bytecode function (1785686485940.203613)
[LM] Server waiting for connection on port 8010...
[LM/Restore] Closed side sock fd 5
[LM/Restore] Live migration restored at 1785686485975.335693 ms
[WASM] Iteration 600 | Dirtied 0.64 MB @ offset 184 MB (Integrity: OK)
[WASM] Iteration 700 | Dirtied 0.64 MB @ offset 49 MB (Integrity: OK)
[WASM] Iteration 800 | Dirtied 0.64 MB @ offset 113 MB (Integrity: OK)
[WASM] Iteration 900 | Dirtied 0.64 MB @ offset 177 MB (Integrity: OK)
[WASM] Iteration 1000 | Dirtied 0.64 MB @ offset 41 MB (Integrity: OK)
[WASM] Iteration 1100 | Dirtied 0.64 MB @ offset 105 MB (Integrity: OK)
