[LM] Connecting to migration server 192.168.10.11:8010...
[LM/Restore] Connected to migration server 192.168.10.11:8010
[LM/Restore] Membrane channel connected to 192.168.10.11:8011
[LM/Restore] State metadata loaded
[LM/Restore] Had to enlarge linear memory for migration
[LM/Restore] Linear memory loaded
[LM/Restore] Stack and shadow stack metadata loaded (frame count: 7, frame offset: 2888)
[LM/Restore] State restored
[LM/Restore] Initial state has been reconstructed (1785686208420.020508 ms).
[LM/Restore] Enter membrane replay mode (1785686208420.044189 ms)...
[LM/Checkpoint] Migration server completed its tasks (1785686208427.303467 ms)
[LM/Checkpoint] Migration client completed its tasks (1785686208427.312744 ms)
[LM/Restore] State restoration complete (1785686208427.329834 ms).
[LM] Starting migration server on port 8010 in background...
[LM] Migration server started (1785686208427.413330 ms).
[LM/Restore] Re-entering interpreter loop...
[LM/Resume] exec_env=0x555594e871c0 cur_frame=0x555594e8c9c0 module_inst=0x555594e85a80 function=0x555594e86400 prev_frame=0x555594e8c8b4 ip=0x7ffec68731f8 (offset=14, is_import=0) 1785686208427.424805 ms
[LM/Resume] New function array base=0x555594e85ef0 count=88
[LM/Resume] Took 0.008000 ms to restore application
[LM/Resume] Resuming bytecode function (1785686208427.433105)
[LM] Server waiting for connection on port 8010...
[LM/Restore] Closed side sock fd 5
[LM/Restore] Live migration restored at 1785686208457.590332 ms
[WASM] Iteration 800 | Dirtied 0.64 MB @ offset 15 MB (Integrity: OK)
[WASM] Iteration 900 | Dirtied 0.64 MB @ offset 79 MB (Integrity: OK)
[WASM] Iteration 1000 | Dirtied 0.64 MB @ offset 43 MB (Integrity: OK)
