[LM] Connecting to migration server 192.168.10.11:8010...
[LM/Restore] Connected to migration server 192.168.10.11:8010
[LM/Restore] Membrane channel connected to 192.168.10.11:8011
[LM/Restore] State metadata loaded
[LM/Restore] Had to enlarge linear memory for migration
[LM/Restore] Linear memory loaded
[LM/Restore] Stack and shadow stack metadata loaded (frame count: 7, frame offset: 2888)
[LM/Restore] State restored
[LM/Restore] Initial state has been reconstructed (1785686795948.392578 ms).
[LM/Restore] Enter membrane replay mode (1785686795948.417236 ms)...
[LM/Checkpoint] Migration server completed its tasks (1785686795955.541260 ms)
[LM/Checkpoint] Migration client completed its tasks (1785686795955.550537 ms)
[LM/Restore] State restoration complete (1785686795955.568604 ms).
[LM] Starting migration server on port 8010 in background...
[LM] Migration server started (1785686795955.651611 ms).
[LM/Restore] Re-entering interpreter loop...
[LM/Resume] exec_env=0x5555d012b1c0 cur_frame=0x5555d01309c0 module_inst=0x5555d0129a80 function=0x5555d012a400 prev_frame=0x5555d01308b4 ip=0x7fff3f9d31f8 (offset=14, is_import=0) 1785686795955.661133 ms
[LM/Resume] New function array base=0x5555d0129ef0 count=88
[LM/Resume] Took 0.007000 ms to restore application
[LM/Resume] Resuming bytecode function (1785686795955.667969)
[LM] Server waiting for connection on port 8010...
[LM/Restore] Closed side sock fd 5
[LM/Restore] Live migration restored at 1785686795997.264893 ms
[WASM] Iteration 700 | Dirtied 0.64 MB @ offset 148 MB (Integrity: OK)
[WASM] Iteration 800 | Dirtied 0.64 MB @ offset 212 MB (Integrity: OK)
[WASM] Iteration 900 | Dirtied 0.64 MB @ offset 276 MB (Integrity: OK)
[WASM] Iteration 1000 | Dirtied 0.64 MB @ offset 41 MB (Integrity: OK)
[WASM] Iteration 1100 | Dirtied 0.64 MB @ offset 105 MB (Integrity: OK)
[WASM] Iteration 1200 | Dirtied 0.64 MB @ offset 169 MB (Integrity: OK)
[WASM] Iteration 1300 | Dirtied 0.64 MB @ offset 233 MB (Integrity: OK)
