[LM] Connecting to migration server 192.168.10.11:8010...
[LM/Restore] Connected to migration server 192.168.10.11:8010
[LM/Restore] Membrane channel connected to 192.168.10.11:8011
[LM/Restore] State metadata loaded
[LM/Restore] Had to enlarge linear memory for migration
[LM/Restore] Linear memory loaded
[LM/Restore] Stack and shadow stack metadata loaded (frame count: 7, frame offset: 2888)
[LM/Restore] State restored
[LM/Restore] Initial state has been reconstructed (1785689040722.849854 ms).
[LM/Restore] Enter membrane replay mode (1785689040722.891846 ms)...
[LM/Checkpoint] Migration server completed its tasks (1785689040730.345703 ms)
[LM/Checkpoint] Migration client completed its tasks (1785689040730.358398 ms)
[LM/Restore] State restoration complete (1785689040730.378662 ms).
[LM] Starting migration server on port 8010 in background...
[LM] Migration server started (1785689040730.462158 ms).
[LM/Restore] Re-entering interpreter loop...
[LM/Resume] exec_env=0x5555e36931c0 cur_frame=0x5555e36989c0 module_inst=0x5555e3691a80 function=0x5555e3692400 prev_frame=0x5555e36988b4 ip=0x7fff3bea31f8 (offset=14, is_import=0) 1785689040730.475098 ms
[LM/Resume] New function array base=0x5555e3691ef0 count=88
[LM/Resume] Took 0.010000 ms to restore application
[LM/Resume] Resuming bytecode function (1785689040730.485352)
[LM] Server waiting for connection on port 8010...
[LM/Restore] Closed side sock fd 5
[LM/Restore] Live migration restored at 1785689040816.659912 ms
[WASM] Iteration 1200 | Dirtied 0.64 MB @ offset 767 MB (Integrity: OK)
[WASM] Iteration 1300 | Dirtied 0.64 MB @ offset 831 MB (Integrity: OK)
[WASM] Iteration 1400 | Dirtied 0.64 MB @ offset 46 MB (Integrity: OK)
[WASM] Iteration 1500 | Dirtied 0.64 MB @ offset 110 MB (Integrity: OK)
[WASM] Iteration 1600 | Dirtied 0.64 MB @ offset 174 MB (Integrity: OK)
[WASM] Iteration 1700 | Dirtied 0.64 MB @ offset 238 MB (Integrity: OK)
[WASM] Iteration 1800 | Dirtied 0.64 MB @ offset 302 MB (Integrity: OK)
[WASM] Iteration 1900 | Dirtied 0.64 MB @ offset 366 MB (Integrity: OK)
[WASM] Iteration 2000 | Dirtied 0.64 MB @ offset 430 MB (Integrity: OK)
[WASM] Iteration 2100 | Dirtied 0.64 MB @ offset 494 MB (Integrity: OK)
[WASM] Iteration 2200 | Dirtied 0.64 MB @ offset 558 MB (Integrity: OK)
[WASM] Iteration 2300 | Dirtied 0.64 MB @ offset 622 MB (Integrity: OK)
