[LM] Connecting to migration server 192.168.10.11:8010...
[LM/Restore] Connected to migration server 192.168.10.11:8010
[LM/Restore] Membrane channel connected to 192.168.10.11:8011
[LM/Restore] State metadata loaded
[LM/Restore] Had to enlarge linear memory for migration
[LM/Restore] Linear memory loaded
[LM/Restore] Stack and shadow stack metadata loaded (frame count: 7, frame offset: 2888)
[LM/Restore] State restored
[LM/Restore] Initial state has been reconstructed (1785691696987.754639 ms).
[LM/Restore] Enter membrane replay mode (1785691696987.788330 ms)...
[LM/Checkpoint] Migration server completed its tasks (1785691696994.833252 ms)
[LM/Checkpoint] Migration client completed its tasks (1785691696994.845947 ms)
[LM/Restore] State restoration complete (1785691696994.867432 ms).
[LM] Starting migration server on port 8010 in background...
[LM] Migration server started (1785691696994.960693 ms).
[LM/Restore] Re-entering interpreter loop...
[LM/Resume] exec_env=0x5555fab871c0 cur_frame=0x5555fab8c9c0 module_inst=0x5555fab85a80 function=0x5555fab86400 prev_frame=0x5555fab8c8b4 ip=0x7fff958a31f8 (offset=14, is_import=0) 1785691696994.974365 ms
[LM/Resume] New function array base=0x5555fab85ef0 count=88
[LM/Resume] Took 0.010000 ms to restore application
[LM/Resume] Resuming bytecode function (1785691696994.986084)
[LM] Server waiting for connection on port 8010...
[LM/Restore] Closed side sock fd 5
[LM/Restore] Live migration restored at 1785691697055.554199 ms
[WASM] Iteration 1000 | Dirtied 0.64 MB @ offset 90 MB (Integrity: OK)
[WASM] Iteration 1100 | Dirtied 0.64 MB @ offset 154 MB (Integrity: OK)
[WASM] Iteration 1200 | Dirtied 0.64 MB @ offset 218 MB (Integrity: OK)
[WASM] Iteration 1300 | Dirtied 0.64 MB @ offset 282 MB (Integrity: OK)
[WASM] Iteration 1400 | Dirtied 0.64 MB @ offset 346 MB (Integrity: OK)
[WASM] Iteration 1500 | Dirtied 0.64 MB @ offset 410 MB (Integrity: OK)
[WASM] Iteration 1600 | Dirtied 0.64 MB @ offset 474 MB (Integrity: OK)
[WASM] Iteration 1700 | Dirtied 0.64 MB @ offset 538 MB (Integrity: OK)
