[LM] Connecting to migration server 192.168.10.11:8010...
[LM/Restore] Connected to migration server 192.168.10.11:8010
[LM/Restore] Membrane channel connected to 192.168.10.11:8011
[LM/Restore] State metadata loaded
[LM/Restore] Had to enlarge linear memory for migration
[LM/Restore] Linear memory loaded
[LM/Restore] Stack and shadow stack metadata loaded (frame count: 7, frame offset: 2888)
[LM/Restore] State restored
[LM/Restore] Initial state has been reconstructed (1785690218468.720703 ms).
[LM/Restore] Enter membrane replay mode (1785690218468.742188 ms)...
[LM/Checkpoint] Migration server completed its tasks (1785690218475.917480 ms)
[LM/Checkpoint] Migration client completed its tasks (1785690218475.927979 ms)
[LM/Restore] State restoration complete (1785690218475.946777 ms).
[LM] Starting migration server on port 8010 in background...
[LM] Migration server started (1785690218476.020508 ms).
[LM/Restore] Re-entering interpreter loop...
[LM/Resume] exec_env=0x5555d678f1c0 cur_frame=0x5555d67949c0 module_inst=0x5555d678da80 function=0x5555d678e400 prev_frame=0x5555d67948b4 ip=0x7fffadf931f8 (offset=14, is_import=0) 1785690218476.029297 ms
[LM/Resume] New function array base=0x5555d678def0 count=88
[LM/Resume] Took 0.007000 ms to restore application
[LM/Resume] Resuming bytecode function (1785690218476.036621)
[LM] Server waiting for connection on port 8010...
[LM/Restore] Closed side sock fd 5
[LM/Restore] Live migration restored at 1785690218505.835449 ms
[WASM] Iteration 700 | Dirtied 0.64 MB @ offset 50 MB (Integrity: OK)
[WASM] Iteration 800 | Dirtied 0.64 MB @ offset 15 MB (Integrity: OK)
[WASM] Iteration 900 | Dirtied 0.64 MB @ offset 79 MB (Integrity: OK)
