[LM] Connecting to migration server 192.168.10.11:8010...
[LM/Restore] Connected to migration server 192.168.10.11:8010
[LM/Restore] Membrane channel connected to 192.168.10.11:8011
[LM/Restore] State metadata loaded
[LM/Restore] Had to enlarge linear memory for migration
[LM/Restore] Linear memory loaded
[LM/Restore] Stack and shadow stack metadata loaded (frame count: 7, frame offset: 2888)
[LM/Restore] State restored
[LM/Restore] Initial state has been reconstructed (1785690636985.249268 ms).
[LM/Restore] Enter membrane replay mode (1785690636985.272217 ms)...
[LM/Checkpoint] Migration server completed its tasks (1785690636992.354980 ms)
[LM/Checkpoint] Migration client completed its tasks (1785690636992.364258 ms)
[LM/Restore] State restoration complete (1785690636992.381348 ms).
[LM] Starting migration server on port 8010 in background...
[LM] Migration server started (1785690636992.457031 ms).
[LM/Restore] Re-entering interpreter loop...
[LM/Resume] exec_env=0x55558e7a71c0 cur_frame=0x55558e7ac9c0 module_inst=0x55558e7a5a80 function=0x55558e7a6400 prev_frame=0x55558e7ac8b4 ip=0x7fff055631f8 (offset=14, is_import=0) 1785690636992.467773 ms
[LM/Resume] New function array base=0x55558e7a5ef0 count=88
[LM/Resume] Took 0.007000 ms to restore application
[LM/Resume] Resuming bytecode function (1785690636992.475586)
[LM] Server waiting for connection on port 8010...
[LM/Restore] Closed side sock fd 5
[LM/Restore] Live migration restored at 1785690637029.752197 ms
[WASM] Iteration 700 | Dirtied 0.64 MB @ offset 198 MB (Integrity: OK)
[WASM] Iteration 800 | Dirtied 0.64 MB @ offset 13 MB (Integrity: OK)
[WASM] Iteration 900 | Dirtied 0.64 MB @ offset 77 MB (Integrity: OK)
[WASM] Iteration 1000 | Dirtied 0.64 MB @ offset 141 MB (Integrity: OK)
[WASM] Iteration 1100 | Dirtied 0.64 MB @ offset 205 MB (Integrity: OK)
[WASM] Iteration 1200 | Dirtied 0.64 MB @ offset 19 MB (Integrity: OK)
[WASM] Iteration 1300 | Dirtied 0.64 MB @ offset 83 MB (Integrity: OK)
[WASM] Iteration 1400 | Dirtied 0.64 MB @ offset 147 MB (Integrity: OK)
