[LM] Connecting to migration server 192.168.10.11:8010...
[LM/Restore] Connected to migration server 192.168.10.11:8010
[LM/Restore] Membrane channel connected to 192.168.10.11:8011
[LM/Restore] State metadata loaded
[LM/Restore] Had to enlarge linear memory for migration
[LM/Restore] Linear memory loaded
[LM/Restore] Stack and shadow stack metadata loaded (frame count: 7, frame offset: 2888)
[LM/Restore] State restored
[LM/Restore] Initial state has been reconstructed (1785690346348.697021 ms).
[LM/Restore] Enter membrane replay mode (1785690346348.721924 ms)...
[LM/Checkpoint] Migration server completed its tasks (1785690346355.863281 ms)
[LM/Checkpoint] Migration client completed its tasks (1785690346355.874512 ms)
[LM/Restore] State restoration complete (1785690346355.891357 ms).
[LM] Starting migration server on port 8010 in background...
[LM] Migration server started (1785690346355.982422 ms).
[LM/Restore] Re-entering interpreter loop...
[LM/Resume] exec_env=0x5555d4f8b1c0 cur_frame=0x5555d4f909c0 module_inst=0x5555d4f89a80 function=0x5555d4f8a400 prev_frame=0x5555d4f908b4 ip=0x7fffb28631f8 (offset=14, is_import=0) 1785690346355.993652 ms
[LM/Resume] New function array base=0x5555d4f89ef0 count=88
[LM/Resume] Took 0.007000 ms to restore application
[LM/Resume] Resuming bytecode function (1785690346356.001221)
[LM] Server waiting for connection on port 8010...
[LM/Restore] Closed side sock fd 5
[LM/Restore] Live migration restored at 1785690346388.916748 ms
[WASM] Iteration 600 | Dirtied 0.64 MB @ offset 85 MB (Integrity: OK)
[WASM] Iteration 700 | Dirtied 0.64 MB @ offset 149 MB (Integrity: OK)
[WASM] Iteration 800 | Dirtied 0.64 MB @ offset 63 MB (Integrity: OK)
[WASM] Iteration 900 | Dirtied 0.64 MB @ offset 127 MB (Integrity: OK)
[WASM] Iteration 1000 | Dirtied 0.64 MB @ offset 42 MB (Integrity: OK)
[WASM] Iteration 1100 | Dirtied 0.64 MB @ offset 106 MB (Integrity: OK)
