[LM] Connecting to migration server 192.168.10.11:8010...
[LM/Restore] Connected to migration server 192.168.10.11:8010
[LM/Restore] Membrane channel connected to 192.168.10.11:8011
[LM/Restore] State metadata loaded
[LM/Restore] Had to enlarge linear memory for migration
[LM/Restore] Linear memory loaded
[LM/Restore] Stack and shadow stack metadata loaded (frame count: 7, frame offset: 2888)
[LM/Restore] State restored
[LM/Restore] Initial state has been reconstructed (1785691505196.756104 ms).
[LM/Restore] Enter membrane replay mode (1785691505196.784912 ms)...
[LM/Checkpoint] Migration server completed its tasks (1785691505204.085693 ms)
[LM/Checkpoint] Migration client completed its tasks (1785691505204.098633 ms)
[LM/Restore] State restoration complete (1785691505204.117920 ms).
[LM] Starting migration server on port 8010 in background...
[LM] Migration server started (1785691505204.197266 ms).
[LM/Restore] Re-entering interpreter loop...
[LM/Resume] exec_env=0x5555f8c431c0 cur_frame=0x5555f8c489c0 module_inst=0x5555f8c41a80 function=0x5555f8c42400 prev_frame=0x5555f8c488b4 ip=0x7fffa04631f8 (offset=14, is_import=0) 1785691505204.208496 ms
[LM/Resume] New function array base=0x5555f8c41ef0 count=88
[LM/Resume] Took 0.008000 ms to restore application
[LM/Resume] Resuming bytecode function (1785691505204.217773)
[LM] Server waiting for connection on port 8010...
[LM/Restore] Closed side sock fd 5
[LM/Restore] Live migration restored at 1785691505259.614502 ms
[WASM] Iteration 1100 | Dirtied 0.64 MB @ offset 204 MB (Integrity: OK)
[WASM] Iteration 1200 | Dirtied 0.64 MB @ offset 268 MB (Integrity: OK)
[WASM] Iteration 1300 | Dirtied 0.64 MB @ offset 332 MB (Integrity: OK)
[WASM] Iteration 1400 | Dirtied 0.64 MB @ offset 396 MB (Integrity: OK)
[WASM] Iteration 1500 | Dirtied 0.64 MB @ offset 460 MB (Integrity: OK)
[WASM] Iteration 1600 | Dirtied 0.64 MB @ offset 25 MB (Integrity: OK)
[WASM] Iteration 1700 | Dirtied 0.64 MB @ offset 89 MB (Integrity: OK)
[WASM] Iteration 1800 | Dirtied 0.64 MB @ offset 153 MB (Integrity: OK)
[WASM] Iteration 1900 | Dirtied 0.64 MB @ offset 217 MB (Integrity: OK)
