[LM] Connecting to migration server 192.168.10.11:8010...
[LM/Restore] Connected to migration server 192.168.10.11:8010
[LM/Restore] Membrane channel connected to 192.168.10.11:8011
[LM/Restore] State metadata loaded
[LM/Restore] Had to enlarge linear memory for migration
[LM/Restore] Linear memory loaded
[LM/Restore] Stack and shadow stack metadata loaded (frame count: 7, frame offset: 2888)
[LM/Restore] State restored
[LM/Restore] Initial state has been reconstructed (1785691317345.989502 ms).
[LM/Restore] Enter membrane replay mode (1785691317346.027832 ms)...
[LM/Checkpoint] Migration server completed its tasks (1785691317353.121582 ms)
[LM/Checkpoint] Migration client completed its tasks (1785691317353.133301 ms)
[LM/Restore] State restoration complete (1785691317353.153320 ms).
[LM] Starting migration server on port 8010 in background...
[LM] Migration server started (1785691317353.234131 ms).
[LM/Restore] Re-entering interpreter loop...
[LM/Resume] exec_env=0x555622bd71c0 cur_frame=0x555622bdc9c0 module_inst=0x555622bd5a80 function=0x555622bd6400 prev_frame=0x555622bdc8b4 ip=0x7fff856431f8 (offset=14, is_import=0) 1785691317353.244873 ms
[LM/Resume] New function array base=0x555622bd5ef0 count=88
[LM/Resume] Took 0.008000 ms to restore application
[LM/Resume] Resuming bytecode function (1785691317353.253906)
[LM] Server waiting for connection on port 8010...
[LM/Restore] Closed side sock fd 5
[LM/Restore] Live migration restored at 1785691317404.612793 ms
[WASM] Iteration 1000 | Dirtied 0.64 MB @ offset 190 MB (Integrity: OK)
[WASM] Iteration 1100 | Dirtied 0.64 MB @ offset 254 MB (Integrity: OK)
[WASM] Iteration 1200 | Dirtied 0.64 MB @ offset 318 MB (Integrity: OK)
[WASM] Iteration 1300 | Dirtied 0.64 MB @ offset 382 MB (Integrity: OK)
[WASM] Iteration 1400 | Dirtied 0.64 MB @ offset 446 MB (Integrity: OK)
[WASM] Iteration 1500 | Dirtied 0.64 MB @ offset 61 MB (Integrity: OK)
[WASM] Iteration 1600 | Dirtied 0.64 MB @ offset 125 MB (Integrity: OK)
