[LM] Connecting to migration server 192.168.10.11:8010...
[LM/Restore] Connected to migration server 192.168.10.11:8010
[LM/Restore] Membrane channel connected to 192.168.10.11:8011
[LM/Restore] State metadata loaded
[LM/Restore] Had to enlarge linear memory for migration
[LM/Restore] Linear memory loaded
[LM/Restore] Stack and shadow stack metadata loaded (frame count: 7, frame offset: 2888)
[LM/Restore] State restored
[LM/Restore] Initial state has been reconstructed (1785691134070.360596 ms).
[LM/Restore] Enter membrane replay mode (1785691134070.388428 ms)...
[LM/Checkpoint] Migration server completed its tasks (1785691134077.583740 ms)
[LM/Checkpoint] Migration client completed its tasks (1785691134077.595703 ms)
[LM/Restore] State restoration complete (1785691134077.617188 ms).
[LM] Starting migration server on port 8010 in background...
[LM] Migration server started (1785691134077.703369 ms).
[LM/Restore] Re-entering interpreter loop...
[LM/Resume] exec_env=0x555653e631c0 cur_frame=0x555653e689c0 module_inst=0x555653e61a80 function=0x555653e62400 prev_frame=0x555653e688b4 ip=0x7fff490a31f8 (offset=14, is_import=0) 1785691134077.716553 ms
[LM/Resume] New function array base=0x555653e61ef0 count=88
[LM/Resume] Took 0.011000 ms to restore application
[LM/Resume] Resuming bytecode function (1785691134077.728516)
[LM] Server waiting for connection on port 8010...
[LM/Restore] Closed side sock fd 5
[LM/Restore] Live migration restored at 1785691134125.950195 ms
[WASM] Iteration 900 | Dirtied 0.64 MB @ offset 176 MB (Integrity: OK)
[WASM] Iteration 1000 | Dirtied 0.64 MB @ offset 240 MB (Integrity: OK)
[WASM] Iteration 1100 | Dirtied 0.64 MB @ offset 304 MB (Integrity: OK)
[WASM] Iteration 1200 | Dirtied 0.64 MB @ offset 368 MB (Integrity: OK)
[WASM] Iteration 1300 | Dirtied 0.64 MB @ offset 33 MB (Integrity: OK)
[WASM] Iteration 1400 | Dirtied 0.64 MB @ offset 97 MB (Integrity: OK)
[WASM] Iteration 1500 | Dirtied 0.64 MB @ offset 161 MB (Integrity: OK)
[WASM] Iteration 1600 | Dirtied 0.64 MB @ offset 225 MB (Integrity: OK)
[WASM] Iteration 1700 | Dirtied 0.64 MB @ offset 289 MB (Integrity: OK)
