[LM] Starting migration server on port 8010 in background...
[LM] Migration server started (1785690212328.679688 ms).
[LM] Server waiting for connection on port 8010...
[WASM] Options: Allocating 100 MB | Rate: 64 MB/s | Step: 10 ms (0.64 MB/iter)
[WASM] Writing initial test patterns to all 100 MB of pages...
[WASM] Memory initialized. Starting loop with 64 MB updates per second...
[WASM] Iteration 0 | Dirtied 0.64 MB @ offset 0 MB (Integrity: OK)
[WASM] Iteration 100 | Dirtied 0.64 MB @ offset 63 MB (Integrity: OK)
[WASM] Iteration 200 | Dirtied 0.64 MB @ offset 28 MB (Integrity: OK)
[WASM] Iteration 300 | Dirtied 0.64 MB @ offset 92 MB (Integrity: OK)
[WASM] Iteration 400 | Dirtied 0.64 MB @ offset 57 MB (Integrity: OK)
[WASM] Iteration 500 | Dirtied 0.64 MB @ offset 21 MB (Integrity: OK)
[LM] Client connected. Migration is initiated (1785690217513.707520 ms)...
[LM/Checkpoint] Server waiting for membrane connection on port 8011...
[LM/Checkpoint] Membrane channel connected on port 8011
[LM/Checkpoint] Sync all to frame at opcode=10 (next=41)
CHECK: frame 0x5555e6cbc9c0, frame->ip 65
[LM/Checkpoint] Memory snapshot captured after 3.173828 ms
[LM/Checkpoint] Phase 1.1: Sending state metadata...
[LM/Checkpoint] Memory metadata transmitted after 0.037109 ms
[LM/Checkpoint] Phase 1.2: Sending initial bulk memory (100 MB)...
[LM/Checkpoint] Main interpreter thread halted for 0.049000 ms
[WASM] Iteration 600 | Dirtied 0.64 MB @ offset 85 MB (Integrity: OK)
[LM/Checkpoint] Linear memory transmitted after 918.211914 ms
[LM/Checkpoint] Wrote stack and shadow stack frames to stream (frame count: 7, frame offset: 2888)
[LM/Checkpoint] Frames transmitted after 0.019043 ms
[LM/Checkpoint] Capturing the UDP state took 0.001000 ms (fd: 0, port: 0)
[LM/Checkpoint] Initial full linear memory handover duration 45.337000 ms
[LM/Checkpoint] Flushing 0 bytes of buffered membrane events...
[LM/Checkpoint] Received 0xEOF_RECONSTRUCT, halting execution for final handover (1785690218472.207520 ms)...
[LM/Checkpoint] Migration server completed its tasks
[LM/Checkpoint] Initial membrane chunk transmitted after 29.274658 ms
[LM/Checkpoint] Trying to converge membrane replay log...
[LM/Checkpoint] Converged naturally! Lag: 35 events (2.775146 ms).
[LM/Checkpoint] Migration client completed its tasks
[LM/Checkpoint] Migration completed in 973.657715 ms
[LM/Checkpoint] Live migration completed at 1785690218502.143555 ms.
[LM/Checkpoint] Closing migration connections...
[LM/Checkpoint] Closed all migration connections!
