[LM] Connecting to migration server 192.168.10.11:8010...
[LM/Restore] Connected to migration server 192.168.10.11:8010
[LM/Restore] Membrane channel connected to 192.168.10.11:8011
[LM/Restore] State metadata loaded
[LM/Restore] Had to enlarge linear memory for migration
[LM/Restore] Linear memory loaded
[LM/Restore] Stack and shadow stack metadata loaded (frame count: 7, frame offset: 2888)
[LM/Restore] State restored
[LM/Restore] Initial state has been reconstructed (1785690094559.057373 ms).
[LM/Restore] Enter membrane replay mode (1785690094559.082275 ms)...
[LM/Checkpoint] Migration server completed its tasks (1785690094566.307373 ms)
[LM/Checkpoint] Migration client completed its tasks (1785690094566.317627 ms)
[LM/Restore] State restoration complete (1785690094566.335938 ms).
[LM] Starting migration server on port 8010 in background...
[LM] Migration server started (1785690094566.418213 ms).
[LM/Restore] Re-entering interpreter loop...
[LM/Resume] exec_env=0x5556165931c0 cur_frame=0x5556165989c0 module_inst=0x555616591a80 function=0x555616592400 prev_frame=0x5556165988b4 ip=0x7fffaf6931f8 (offset=14, is_import=0) 1785690094566.428955 ms
[LM/Resume] New function array base=0x555616591ef0 count=88
[LM/Resume] Took 0.008000 ms to restore application
[LM/Resume] Resuming bytecode function (1785690094566.436279)
[LM] Server waiting for connection on port 8010...
[LM/Restore] Closed side sock fd 5
[LM/Restore] Live migration restored at 1785690094593.659180 ms
[WASM] Iteration 700 | Dirtied 0.64 MB @ offset 3 MB (Integrity: OK)
[WASM] Iteration 800 | Dirtied 0.64 MB @ offset 18 MB (Integrity: OK)
[WASM] Iteration 900 | Dirtied 0.64 MB @ offset 33 MB (Integrity: OK)
