[LM] Connecting to migration server 192.168.10.11:8010...
[LM/Restore] Connected to migration server 192.168.10.11:8010
[LM/Restore] State metadata loaded
[LM/Restore] Had to enlarge linear memory for migration
[LM/Restore] Linear memory loaded
[LM/Restore] Stack and shadow stack metadata loaded (frame count: 7, frame offset: 2888)
[LM/Restore] State restored
[LM/Restore] Initial state has been reconstructed (1785676154406.438965 ms).
[LM/Checkpoint] Migration server completed its tasks (1785676154413.716553 ms)
[LM/Checkpoint] Migration client completed its tasks (1785676154413.726318 ms)
[LM/Restore] State restoration complete (1785676154413.745117 ms).
[LM] Starting migration server on port 8010 in background...
[LM] Migration server started (1785676154413.828125 ms).
[LM/Restore] Re-entering interpreter loop...
[LM/Resume] exec_env=0x5555b69071c0 cur_frame=0x5555b690c9c0 module_inst=0x5555b6905a80 function=0x5555b6906400 prev_frame=0x5555b690c8b4 ip=0x7ffefd1531f8 (offset=14, is_import=0) 1785676154413.838135 ms
[LM/Resume] New function array base=0x5555b6905ef0 count=88
[LM/Resume] Took 0.006000 ms to restore application
[LM/Resume] Resuming bytecode function (1785676154413.845459)
[LM] Server waiting for connection on port 8010...
[WASM] Iteration 700 | Dirtied 0.70 MB @ offset 234 MB (Integrity: OK)
[WASM] Iteration 800 | Dirtied 0.70 MB @ offset 49 MB (Integrity: OK)
[WASM] Iteration 900 | Dirtied 0.70 MB @ offset 119 MB (Integrity: OK)
[WASM] Iteration 1000 | Dirtied 0.70 MB @ offset 189 MB (Integrity: OK)
