[LM] Starting migration server on port 8010 in background...
[LM] Migration server started (1785675257986.939697 ms).
[LM] Server waiting for connection on port 8010...
[WASM] Options: Allocating 256 MB | Rate: 30 MB/s | Step: 10 ms (0.30 MB/iter)
[WASM] Writing initial test patterns to all 256 MB of pages...
[WASM] Memory initialized. Starting loop with 30 MB updates per second...
[WASM] Iteration 0 | Dirtied 0.30 MB @ offset 0 MB (Integrity: OK)
[WASM] Iteration 100 | Dirtied 0.30 MB @ offset 29 MB (Integrity: OK)
[WASM] Iteration 200 | Dirtied 0.30 MB @ offset 59 MB (Integrity: OK)
[WASM] Iteration 300 | Dirtied 0.30 MB @ offset 89 MB (Integrity: OK)
[WASM] Iteration 400 | Dirtied 0.30 MB @ offset 119 MB (Integrity: OK)
[WASM] Iteration 500 | Dirtied 0.30 MB @ offset 149 MB (Integrity: OK)
[WASM] Iteration 600 | Dirtied 0.30 MB @ offset 179 MB (Integrity: OK)
[LM] Client connected. Migration is initiated (1785675264165.911133 ms)...
[LM/Checkpoint] Sync all to frame at opcode=10 (next=41)
CHECK: frame 0x555596af09c0, frame->ip 65
[LM/Checkpoint] Memory snapshot captured after 8.477295 ms
[LM/Checkpoint] Phase 1.1: Sending state metadata...
[LM/Checkpoint] Memory metadata transmitted after 0.035889 ms
[LM/Checkpoint] Phase 1.2: Sending initial bulk memory (256 MB)...
[LM/Checkpoint] Main interpreter thread halted for 0.040000 ms
[WASM] Iteration 700 | Dirtied 0.30 MB @ offset 209 MB (Integrity: OK)
[WASM] Iteration 800 | Dirtied 0.30 MB @ offset 239 MB (Integrity: OK)
[LM/Checkpoint] Linear memory transmitted after 2312.520996 ms
[LM/Checkpoint] Wrote stack and shadow stack frames to stream (frame count: 7, frame offset: 2888)
[LM/Checkpoint] Frames transmitted after 0.010498 ms
[LM/Checkpoint] Capturing the UDP state took 0.002000 ms (fd: 0, port: 0)
[LM/Checkpoint] Initial full linear memory handover duration 93.705000 ms
[LM/Checkpoint] Received 0xEOF_RECONSTRUCT, halting execution for final handover (1785675266519.728027 ms)...
[LM/Checkpoint] Migration server completed its tasks
[LM/Checkpoint] Initial membrane chunk transmitted after 39.981689 ms
[LM/Checkpoint] Migration client completed its tasks
[LM/Checkpoint] Migration completed in 2371.145020 ms
[LM/Checkpoint] Live migration completed at 1785675264165.977051 ms.
[LM/Checkpoint] Program halts at 1785675266537.087891 ms.
[LM/Checkpoint] Closing migration connections...
[LM/Checkpoint] Closed all migration connections!
