[LM] Connecting to migration server 192.168.10.11:8010...
[LM/Restore] Connected to migration server 192.168.10.11:8010
[LM/Restore] State metadata loaded
[LM/Restore] Had to enlarge linear memory for migration
[LM/Restore] Linear memory loaded
[LM/Restore] Stack and shadow stack metadata loaded (frame count: 7, frame offset: 2888)
[LM/Restore] State restored
[LM/Restore] Initial state has been reconstructed (1785675899998.376221 ms).
[LM/Checkpoint] Migration server completed its tasks (1785675900005.511475 ms)
[LM/Checkpoint] Migration client completed its tasks (1785675900005.520020 ms)
[LM/Restore] State restoration complete (1785675900005.537354 ms).
[LM] Starting migration server on port 8010 in background...
[LM] Migration server started (1785675900005.618164 ms).
[LM/Restore] Re-entering interpreter loop...
[LM/Resume] exec_env=0x5555c28471c0 cur_frame=0x5555c284c9c0 module_inst=0x5555c2845a80 function=0x5555c2846400 prev_frame=0x5555c284c8b4 ip=0x7ffedb9b31f8 (offset=14, is_import=0) 1785675900005.628174 ms
[LM/Resume] New function array base=0x5555c2845ef0 count=88
[LM/Resume] Took 0.006000 ms to restore application
[LM/Resume] Resuming bytecode function (1785675900005.635010)
[LM] Server waiting for connection on port 8010...
[WASM] Iteration 700 | Dirtied 0.60 MB @ offset 164 MB (Integrity: OK)
[WASM] Iteration 800 | Dirtied 0.60 MB @ offset 224 MB (Integrity: OK)
[WASM] Iteration 900 | Dirtied 0.60 MB @ offset 29 MB (Integrity: OK)
[WASM] Iteration 1000 | Dirtied 0.60 MB @ offset 89 MB (Integrity: OK)
