[LM] Connecting to migration server 192.168.10.11:8010...
[LM/Restore] Connected to migration server 192.168.10.11:8010
[LM/Restore] State metadata loaded
[LM/Restore] Had to enlarge linear memory for migration
[LM/Restore] Linear memory loaded
[LM/Restore] Stack and shadow stack metadata loaded (frame count: 7, frame offset: 2888)
[LM/Restore] State restored
[LM/Restore] Initial state has been reconstructed (1785678017889.292969 ms).
[LM/Checkpoint] Migration server completed its tasks (1785678017896.692139 ms)
[LM/Checkpoint] Migration client completed its tasks (1785678017896.702881 ms)
[LM/Restore] State restoration complete (1785678017896.719971 ms).
[LM] Starting migration server on port 8010 in background...
[LM] Migration server started (1785678017896.809570 ms).
[LM/Restore] Re-entering interpreter loop...
[LM/Resume] exec_env=0x5555822f71c0 cur_frame=0x5555822fc9c0 module_inst=0x5555822f5a80 function=0x5555822f6400 prev_frame=0x5555822fc8b4 ip=0x7fff793031f8 (offset=14, is_import=0) 1785678017896.819336 ms
[LM/Resume] New function array base=0x5555822f5ef0 count=88
[LM/Resume] Took 0.007000 ms to restore application
[LM/Resume] Resuming bytecode function (1785678017896.826416)
[LM] Server waiting for connection on port 8010...
[WASM] Iteration 600 | Dirtied 1.40 MB @ offset 76 MB (Integrity: OK)
[WASM] Iteration 700 | Dirtied 1.40 MB @ offset 216 MB (Integrity: OK)
[WASM] Iteration 800 | Dirtied 1.40 MB @ offset 101 MB (Integrity: OK)
