[LM] Connecting to migration server 192.168.10.11:8010...
[LM/Restore] Connected to migration server 192.168.10.11:8010
[LM/Restore] State metadata loaded
[LM/Restore] Had to enlarge linear memory for migration
[LM/Restore] Linear memory loaded
[LM/Restore] Stack and shadow stack metadata loaded (frame count: 7, frame offset: 2888)
[LM/Restore] State restored
[LM/Restore] Initial state has been reconstructed (1785675095975.623291 ms).
[LM/Checkpoint] Migration server completed its tasks (1785675095982.869629 ms)
[LM/Checkpoint] Migration client completed its tasks (1785675095982.879395 ms)
[LM/Restore] State restoration complete (1785675095982.897217 ms).
[LM] Starting migration server on port 8010 in background...
[LM] Migration server started (1785675095982.990723 ms).
[LM/Restore] Re-entering interpreter loop...
[LM/Resume] exec_env=0x555638c1f1c0 cur_frame=0x555638c249c0 module_inst=0x555638c1da80 function=0x555638c1e400 prev_frame=0x555638c248b4 ip=0x7ffebf4b31f8 (offset=14, is_import=0) 1785675095983.001953 ms
[LM/Resume] New function array base=0x555638c1def0 count=88
[LM/Resume] Took 0.008000 ms to restore application
[LM/Resume] Resuming bytecode function (1785675095983.010498)
[LM] Server waiting for connection on port 8010...
[WASM] Iteration 600 | Dirtied 0.20 MB @ offset 119 MB (Integrity: OK)
[WASM] Iteration 700 | Dirtied 0.20 MB @ offset 139 MB (Integrity: OK)
[WASM] Iteration 800 | Dirtied 0.20 MB @ offset 159 MB (Integrity: OK)
[WASM] Iteration 900 | Dirtied 0.20 MB @ offset 179 MB (Integrity: OK)
