[LM] Connecting to migration server 192.168.10.11:8010...
[LM/Restore] Connected to migration server 192.168.10.11:8010
[LM/Restore] State metadata loaded
[LM/Restore] Had to enlarge linear memory for migration
[LM/Restore] Linear memory loaded
[LM/Restore] Stack and shadow stack metadata loaded (frame count: 7, frame offset: 2888)
[LM/Restore] State restored
[LM/Restore] Initial state has been reconstructed (1785677787461.239746 ms).
[LM/Checkpoint] Migration server completed its tasks (1785677787468.554443 ms)
[LM/Checkpoint] Migration client completed its tasks (1785677787468.563965 ms)
[LM/Restore] State restoration complete (1785677787468.581299 ms).
[LM] Starting migration server on port 8010 in background...
[LM] Migration server started (1785677787468.663574 ms).
[LM/Restore] Re-entering interpreter loop...
[LM/Resume] exec_env=0x5556521831c0 cur_frame=0x5556521889c0 module_inst=0x555652181a80 function=0x555652182400 prev_frame=0x5556521888b4 ip=0x7fff630b31f8 (offset=14, is_import=0) 1785677787468.674805 ms
[LM/Resume] New function array base=0x555652181ef0 count=88
[LM/Resume] Took 0.008000 ms to restore application
[LM/Resume] Resuming bytecode function (1785677787468.682861)
[LM] Server waiting for connection on port 8010...
[WASM] Iteration 600 | Dirtied 1.30 MB @ offset 15 MB (Integrity: OK)
[WASM] Iteration 700 | Dirtied 1.30 MB @ offset 145 MB (Integrity: OK)
[WASM] Iteration 800 | Dirtied 1.30 MB @ offset 21 MB (Integrity: OK)
