[LM] Connecting to migration server 192.168.10.11:8010...
[LM/Restore] Connected to migration server 192.168.10.11:8010
[LM/Restore] State metadata loaded
[LM/Restore] Had to enlarge linear memory for migration
[LM/Restore] Linear memory loaded
[LM/Restore] Stack and shadow stack metadata loaded (frame count: 7, frame offset: 2888)
[LM/Restore] State restored
[LM/Restore] Initial state has been reconstructed (1785676720462.702637 ms).
[LM/Checkpoint] Migration server completed its tasks (1785676720470.173584 ms)
[LM/Checkpoint] Migration client completed its tasks (1785676720470.183594 ms)
[LM/Restore] State restoration complete (1785676720470.199951 ms).
[LM] Starting migration server on port 8010 in background...
[LM] Migration server started (1785676720470.282715 ms).
[LM/Restore] Re-entering interpreter loop...
[LM/Resume] exec_env=0x5555a6f571c0 cur_frame=0x5555a6f5c9c0 module_inst=0x5555a6f55a80 function=0x5555a6f56400 prev_frame=0x5555a6f5c8b4 ip=0x7fff86bf31f8 (offset=14, is_import=0) 1785676720470.292969 ms
[LM/Resume] New function array base=0x5555a6f55ef0 count=88
[LM/Resume] Took 0.008000 ms to restore application
[LM/Resume] Resuming bytecode function (1785676720470.300293)
[LM] Server waiting for connection on port 8010...
[WASM] Iteration 600 | Dirtied 0.90 MB @ offset 29 MB (Integrity: OK)
[WASM] Iteration 700 | Dirtied 0.90 MB @ offset 119 MB (Integrity: OK)
