[LM] Connecting to migration server 192.168.10.11:8010...
[LM/Restore] Connected to migration server 192.168.10.11:8010
[LM/Restore] State metadata loaded
[LM/Restore] Had to enlarge linear memory for migration
[LM/Restore] Linear memory loaded
[LM/Restore] Stack and shadow stack metadata loaded (frame count: 7, frame offset: 2888)
[LM/Restore] State restored
[LM/Restore] Initial state has been reconstructed (1785677032219.542236 ms).
[LM/Checkpoint] Migration server completed its tasks (1785677032226.627686 ms)
[LM/Checkpoint] Migration client completed its tasks (1785677032226.637939 ms)
[LM/Restore] State restoration complete (1785677032226.655029 ms).
[LM] Starting migration server on port 8010 in background...
[LM] Migration server started (1785677032226.747070 ms).
[LM/Restore] Re-entering interpreter loop...
[LM/Resume] exec_env=0x5555aba0b1c0 cur_frame=0x5555aba109c0 module_inst=0x5555aba09a80 function=0x5555aba0a400 prev_frame=0x5555aba108b4 ip=0x7fff5cc531f8 (offset=14, is_import=0) 1785677032226.757568 ms
[LM/Resume] New function array base=0x5555aba09ef0 count=88
[LM/Resume] Took 0.008000 ms to restore application
[LM/Resume] Resuming bytecode function (1785677032226.765381)
[LM] Server waiting for connection on port 8010...
[WASM] Iteration 700 | Dirtied 1.00 MB @ offset 190 MB (Integrity: OK)
[WASM] Iteration 800 | Dirtied 1.00 MB @ offset 35 MB (Integrity: OK)
[WASM] Iteration 900 | Dirtied 1.00 MB @ offset 135 MB (Integrity: OK)
[WASM] Iteration 1000 | Dirtied 1.00 MB @ offset 235 MB (Integrity: OK)
