[LM] Connecting to migration server 192.168.10.11:8010...
[LM/Restore] Connected to migration server 192.168.10.11:8010
[LM/Restore] State metadata loaded
[LM/Restore] Had to enlarge linear memory for migration
[LM/Restore] Linear memory loaded
[LM/Restore] Stack and shadow stack metadata loaded (frame count: 7, frame offset: 2888)
[LM/Restore] State restored
[LM/Restore] Initial state has been reconstructed (1785676427776.933594 ms).
[LM/Checkpoint] Migration server completed its tasks (1785676427783.915039 ms)
[LM/Checkpoint] Migration client completed its tasks (1785676427783.924561 ms)
[LM/Restore] State restoration complete (1785676427783.941650 ms).
[LM] Starting migration server on port 8010 in background...
[LM] Migration server started (1785676427784.023438 ms).
[LM/Restore] Re-entering interpreter loop...
[LM/Resume] exec_env=0x5556463a71c0 cur_frame=0x5556463ac9c0 module_inst=0x5556463a5a80 function=0x5556463a6400 prev_frame=0x5556463ac8b4 ip=0x7fffb46331f8 (offset=14, is_import=0) 1785676427784.034912 ms
[LM/Resume] New function array base=0x5556463a5ef0 count=88
[LM/Resume] Took 0.007000 ms to restore application
[LM/Resume] Resuming bytecode function (1785676427784.041504)
[LM] Server waiting for connection on port 8010...
[WASM] Iteration 600 | Dirtied 0.80 MB @ offset 224 MB (Integrity: OK)
[WASM] Iteration 700 | Dirtied 0.80 MB @ offset 49 MB (Integrity: OK)
[WASM] Iteration 800 | Dirtied 0.80 MB @ offset 129 MB (Integrity: OK)
[WASM] Iteration 900 | Dirtied 0.80 MB @ offset 209 MB (Integrity: OK)
[WASM] Iteration 1000 | Dirtied 0.80 MB @ offset 34 MB (Integrity: OK)
