[LM] Connecting to migration server 192.168.10.11:8010...
[LM/Restore] Connected to migration server 192.168.10.11:8010
[LM/Restore] State metadata loaded
[LM/Restore] Had to enlarge linear memory for migration
[LM/Restore] Linear memory loaded
[LM/Restore] Stack and shadow stack metadata loaded (frame count: 7, frame offset: 2888)
[LM/Restore] State restored
[LM/Restore] Initial state has been reconstructed (1785677365420.792236 ms).
[LM/Checkpoint] Migration server completed its tasks (1785677365428.104004 ms)
[LM/Checkpoint] Migration client completed its tasks (1785677365428.115723 ms)
[LM/Restore] State restoration complete (1785677365428.133545 ms).
[LM] Starting migration server on port 8010 in background...
[LM] Migration server started (1785677365428.225830 ms).
[LM/Restore] Re-entering interpreter loop...
[LM/Resume] exec_env=0x5555752231c0 cur_frame=0x5555752289c0 module_inst=0x555575221a80 function=0x555575222400 prev_frame=0x5555752288b4 ip=0x7ffef86631f8 (offset=14, is_import=0) 1785677365428.237793 ms
[LM/Resume] New function array base=0x555575221ef0 count=88
[LM/Resume] Took 0.008000 ms to restore application
[LM/Resume] Resuming bytecode function (1785677365428.245850)
[LM] Server waiting for connection on port 8010...
[WASM] Iteration 600 | Dirtied 1.10 MB @ offset 150 MB (Integrity: OK)
[WASM] Iteration 700 | Dirtied 1.10 MB @ offset 5 MB (Integrity: OK)
[WASM] Iteration 800 | Dirtied 1.10 MB @ offset 115 MB (Integrity: OK)
