[LM] Connecting to migration server 192.168.10.11:8010...
[LM/Restore] Connected to migration server 192.168.10.11:8010
[LM/Restore] State metadata loaded
[LM/Restore] Had to enlarge linear memory for migration
[LM/Restore] Linear memory loaded
[LM/Restore] Stack and shadow stack metadata loaded (frame count: 7, frame offset: 2888)
[LM/Restore] State restored
[LM/Restore] Initial state has been reconstructed (1785675266550.661377 ms).
[LM/Checkpoint] Migration server completed its tasks (1785675266557.972656 ms)
[LM/Checkpoint] Migration client completed its tasks (1785675266557.982910 ms)
[LM/Restore] State restoration complete (1785675266558.000732 ms).
[LM] Starting migration server on port 8010 in background...
[LM] Migration server started (1785675266558.096436 ms).
[LM/Restore] Re-entering interpreter loop...
[LM/Resume] exec_env=0x555680f1b1c0 cur_frame=0x555680f209c0 module_inst=0x555680f19a80 function=0x555680f1a400 prev_frame=0x555680f208b4 ip=0x7fffbb0931f8 (offset=14, is_import=0) 1785675266558.108643 ms
[LM/Resume] New function array base=0x555680f19ef0 count=88
[LM/Resume] Took 0.009000 ms to restore application
[LM/Resume] Resuming bytecode function (1785675266558.117676)
[LM] Server waiting for connection on port 8010...
[WASM] Iteration 700 | Dirtied 0.30 MB @ offset 209 MB (Integrity: OK)
[WASM] Iteration 800 | Dirtied 0.30 MB @ offset 239 MB (Integrity: OK)
