[LM] Connecting to migration server 192.168.10.11:8010...
[LM/Restore] Connected to migration server 192.168.10.11:8010
[LM/Restore] State metadata loaded
[LM/Restore] Had to enlarge linear memory for migration
[LM/Restore] Linear memory loaded
[LM/Restore] Stack and shadow stack metadata loaded (frame count: 7, frame offset: 2888)
[LM/Restore] State restored
[LM/Restore] Initial state has been reconstructed (1785677573190.924072 ms).
[LM/Checkpoint] Migration server completed its tasks (1785677573198.115723 ms)
[LM/Checkpoint] Migration client completed its tasks (1785677573198.126221 ms)
[LM/Restore] State restoration complete (1785677573198.143799 ms).
[LM] Starting migration server on port 8010 in background...
[LM] Migration server started (1785677573198.229004 ms).
[LM/Restore] Re-entering interpreter loop...
[LM/Resume] exec_env=0x555606be71c0 cur_frame=0x555606bec9c0 module_inst=0x555606be5a80 function=0x555606be6400 prev_frame=0x555606bec8b4 ip=0x7ffed51f31f8 (offset=14, is_import=0) 1785677573198.240967 ms
[LM/Resume] New function array base=0x555606be5ef0 count=88
[LM/Resume] Took 0.009000 ms to restore application
[LM/Resume] Resuming bytecode function (1785677573198.248535)
[LM] Server waiting for connection on port 8010...
[WASM] Iteration 600 | Dirtied 1.20 MB @ offset 210 MB (Integrity: OK)
[WASM] Iteration 700 | Dirtied 1.20 MB @ offset 75 MB (Integrity: OK)
[WASM] Iteration 800 | Dirtied 1.20 MB @ offset 195 MB (Integrity: OK)
