[LM] Connecting to migration server 192.168.10.11:8010...
[LM/Restore] Connected to migration server 192.168.10.11:8010
[LM/Restore] State metadata loaded
[LM/Restore] Had to enlarge linear memory for migration
[LM/Restore] Linear memory loaded
[LM/Restore] Stack and shadow stack metadata loaded (frame count: 7, frame offset: 2888)
[LM/Restore] State restored
[LM/Restore] Initial state has been reconstructed (1785678890811.276367 ms).
[LM/Checkpoint] Migration server completed its tasks (1785678890818.425293 ms)
[LM/Checkpoint] Migration client completed its tasks (1785678890818.434326 ms)
[LM/Restore] State restoration complete (1785678890818.451904 ms).
[LM] Starting migration server on port 8010 in background...
[LM] Migration server started (1785678890818.537109 ms).
[LM/Restore] Re-entering interpreter loop...
[LM/Resume] exec_env=0x5555df0071c0 cur_frame=0x5555df00c9c0 module_inst=0x5555df005a80 function=0x5555df006400 prev_frame=0x5555df00c8b4 ip=0x7fff5a1b31f8 (offset=14, is_import=0) 1785678890818.548340 ms
[LM/Resume] New function array base=0x5555df005ef0 count=88
[LM/Resume] Took 0.007000 ms to restore application
[LM/Resume] Resuming bytecode function (1785678890818.555420)
[LM] Server waiting for connection on port 8010...
[WASM] Iteration 500 | Dirtied 0.50 MB @ offset 250 MB (Integrity: OK)
[WASM] Iteration 600 | Dirtied 0.50 MB @ offset 44 MB (Integrity: OK)
[WASM] Iteration 700 | Dirtied 0.50 MB @ offset 94 MB (Integrity: OK)
[WASM] Iteration 800 | Dirtied 0.50 MB @ offset 144 MB (Integrity: OK)
[WASM] Iteration 900 | Dirtied 0.50 MB @ offset 194 MB (Integrity: OK)
