[LM] Connecting to migration server 192.168.10.11:8010...
[LM/Restore] Connected to migration server 192.168.10.11:8010
[LM/Restore] State metadata loaded
[LM/Restore] Had to enlarge linear memory for migration
[LM/Restore] Linear memory loaded
[LM/Restore] Stack and shadow stack metadata loaded (frame count: 7, frame offset: 2888)
[LM/Restore] State restored
[LM/Restore] Initial state has been reconstructed (1785681236769.698975 ms).
[LM/Checkpoint] Migration server completed its tasks (1785681236776.840820 ms)
[LM/Checkpoint] Migration client completed its tasks (1785681236776.850098 ms)
[LM/Restore] State restoration complete (1785681236776.867188 ms).
[LM] Starting migration server on port 8010 in background...
[LM] Migration server started (1785681236776.952637 ms).
[LM/Restore] Re-entering interpreter loop...
[LM/Resume] exec_env=0x5555fdb3b1c0 cur_frame=0x5555fdb409c0 module_inst=0x5555fdb39a80 function=0x5555fdb3a400 prev_frame=0x5555fdb408b4 ip=0x7fff25ad31f8 (offset=14, is_import=0) 1785681236776.962402 ms
[LM/Resume] New function array base=0x5555fdb39ef0 count=88
[LM/Resume] Took 0.007000 ms to restore application
[LM/Resume] Resuming bytecode function (1785681236776.969727)
[LM] Server waiting for connection on port 8010...
[WASM] Iteration 600 | Dirtied 1.40 MB @ offset 76 MB (Integrity: OK)
[WASM] Iteration 700 | Dirtied 1.40 MB @ offset 216 MB (Integrity: OK)
