[LM] Connecting to migration server 192.168.10.11:8010...
[LM/Restore] Connected to migration server 192.168.10.11:8010
[LM/Restore] State metadata loaded
[LM/Restore] Had to enlarge linear memory for migration
[LM/Restore] Linear memory loaded
[LM/Restore] Stack and shadow stack metadata loaded (frame count: 7, frame offset: 2888)
[LM/Restore] State restored
[LM/Restore] Initial state has been reconstructed (1785681009872.690674 ms).
[LM/Checkpoint] Migration server completed its tasks (1785681009880.208252 ms)
[LM/Checkpoint] Migration client completed its tasks (1785681009880.218018 ms)
[LM/Restore] State restoration complete (1785681009880.235107 ms).
[LM] Starting migration server on port 8010 in background...
[LM] Migration server started (1785681009880.317627 ms).
[LM/Restore] Re-entering interpreter loop...
[LM/Resume] exec_env=0x5555924df1c0 cur_frame=0x5555924e49c0 module_inst=0x5555924dda80 function=0x5555924de400 prev_frame=0x5555924e48b4 ip=0x7ffeeafe31f8 (offset=14, is_import=0) 1785681009880.329102 ms
[LM/Resume] New function array base=0x5555924ddef0 count=88
[LM/Resume] Took 0.007000 ms to restore application
[LM/Resume] Resuming bytecode function (1785681009880.336670)
[LM] Server waiting for connection on port 8010...
[WASM] Iteration 700 | Dirtied 1.30 MB @ offset 145 MB (Integrity: OK)
[WASM] Iteration 800 | Dirtied 1.30 MB @ offset 21 MB (Integrity: OK)
[WASM] Iteration 900 | Dirtied 1.30 MB @ offset 151 MB (Integrity: OK)
[WASM] Iteration 1000 | Dirtied 1.30 MB @ offset 26 MB (Integrity: OK)
[WASM] Iteration 1100 | Dirtied 1.30 MB @ offset 156 MB (Integrity: OK)
[WASM] Iteration 1200 | Dirtied 1.30 MB @ offset 31 MB (Integrity: OK)
