[LM] Starting migration server on port 8010 in background...
[LM] Migration server started (1785678298823.552979 ms).
[LM] Server waiting for connection on port 8010...
[WASM] Options: Allocating 256 MB | Rate: 20 MB/s | Step: 10 ms (0.20 MB/iter)
[WASM] Writing initial test patterns to all 256 MB of pages...
[WASM] Memory initialized. Starting loop with 20 MB updates per second...
[WASM] Iteration 0 | Dirtied 0.20 MB @ offset 0 MB (Integrity: OK)
[WASM] Iteration 100 | Dirtied 0.20 MB @ offset 19 MB (Integrity: OK)
[WASM] Iteration 200 | Dirtied 0.20 MB @ offset 39 MB (Integrity: OK)
[WASM] Iteration 300 | Dirtied 0.20 MB @ offset 59 MB (Integrity: OK)
[WASM] Iteration 400 | Dirtied 0.20 MB @ offset 79 MB (Integrity: OK)
[WASM] Iteration 500 | Dirtied 0.20 MB @ offset 99 MB (Integrity: OK)
[WASM] Iteration 600 | Dirtied 0.20 MB @ offset 119 MB (Integrity: OK)
[LM] Client connected. Migration is initiated (1785678305032.453125 ms)...
[LM/Checkpoint] Sync all to frame at opcode=10 (next=41)
CHECK: frame 0x555595e449c0, frame->ip 65
[LM/Checkpoint] Memory snapshot captured after 1.093262 ms
[LM/Checkpoint] Phase 1.1: Sending state metadata...
[LM/Checkpoint] Memory metadata transmitted after 0.033203 ms
[LM/Checkpoint] Phase 1.2: Sending initial bulk memory (256 MB)...
[LM/Checkpoint] Main interpreter thread halted for 0.041000 ms
[WASM] Iteration 700 | Dirtied 0.20 MB @ offset 139 MB (Integrity: OK)
[WASM] Iteration 800 | Dirtied 0.20 MB @ offset 159 MB (Integrity: OK)
[LM/Checkpoint] Linear memory transmitted after 2310.488281 ms
[LM/Checkpoint] Wrote stack and shadow stack frames to stream (frame count: 7, frame offset: 2888)
[LM/Checkpoint] Frames transmitted after 0.020508 ms
[LM/Checkpoint] Capturing the UDP state took 0.001000 ms (fd: 0, port: 0)
[LM/Checkpoint] Initial full linear memory handover duration 98.182000 ms
[LM/Checkpoint] Received 0xEOF_RECONSTRUCT, halting execution for final handover (1785678307370.569092 ms)...
[LM/Checkpoint] Migration server completed its tasks
[LM/Checkpoint] Initial membrane chunk transmitted after 33.649170 ms
[LM/Checkpoint] Migration client completed its tasks
[LM/Checkpoint] Migration completed in 2355.403809 ms
[LM/Checkpoint] Live migration completed at 1785678305032.508789 ms.
[LM/Checkpoint] Program halts at 1785678307387.886475 ms.
[LM/Checkpoint] Closing migration connections...
[LM/Checkpoint] Closed all migration connections!
