[LM] Connecting to migration server 192.168.10.11:8010...
[LM/Restore] Connected to migration server 192.168.10.11:8010
[LM/Restore] State metadata loaded
[LM/Restore] Had to enlarge linear memory for migration
[LM/Restore] Linear memory loaded
[LM/Restore] Stack and shadow stack metadata loaded (frame count: 7, frame offset: 2888)
[LM/Restore] State restored
[LM/Restore] Initial state has been reconstructed (1785680260727.433105 ms).
[LM/Checkpoint] Migration server completed its tasks (1785680260734.583740 ms)
[LM/Checkpoint] Migration client completed its tasks (1785680260734.592529 ms)
[LM/Restore] State restoration complete (1785680260734.610352 ms).
[LM] Starting migration server on port 8010 in background...
[LM] Migration server started (1785680260734.692871 ms).
[LM/Restore] Re-entering interpreter loop...
[LM/Resume] exec_env=0x555686b671c0 cur_frame=0x555686b6c9c0 module_inst=0x555686b65a80 function=0x555686b66400 prev_frame=0x555686b6c8b4 ip=0x7fffa65f31f8 (offset=14, is_import=0) 1785680260734.702881 ms
[LM/Resume] New function array base=0x555686b65ef0 count=88
[LM/Resume] Took 0.007000 ms to restore application
[LM/Resume] Resuming bytecode function (1785680260734.710449)
[LM] Server waiting for connection on port 8010...
[WASM] Iteration 600 | Dirtied 1.00 MB @ offset 90 MB (Integrity: OK)
[WASM] Iteration 700 | Dirtied 1.00 MB @ offset 190 MB (Integrity: OK)
[WASM] Iteration 800 | Dirtied 1.00 MB @ offset 35 MB (Integrity: OK)
[WASM] Iteration 900 | Dirtied 1.00 MB @ offset 135 MB (Integrity: OK)
