[LM] Connecting to migration server 192.168.10.11:8010...
[LM/Restore] Connected to migration server 192.168.10.11:8010
[LM/Restore] State metadata loaded
[LM/Restore] Had to enlarge linear memory for migration
[LM/Restore] Linear memory loaded
[LM/Restore] Stack and shadow stack metadata loaded (frame count: 7, frame offset: 2888)
[LM/Restore] State restored
[LM/Restore] Initial state has been reconstructed (1785678307400.683350 ms).
[LM/Checkpoint] Migration server completed its tasks (1785678307408.091309 ms)
[LM/Checkpoint] Migration client completed its tasks (1785678307408.100098 ms)
[LM/Restore] State restoration complete (1785678307408.116699 ms).
[LM] Starting migration server on port 8010 in background...
[LM] Migration server started (1785678307408.206299 ms).
[LM/Restore] Re-entering interpreter loop...
[LM/Resume] exec_env=0x5555b53b71c0 cur_frame=0x5555b53bc9c0 module_inst=0x5555b53b5a80 function=0x5555b53b6400 prev_frame=0x5555b53bc8b4 ip=0x7fffa67931f8 (offset=14, is_import=0) 1785678307408.216553 ms
[LM/Resume] New function array base=0x5555b53b5ef0 count=88
[LM/Resume] Took 0.007000 ms to restore application
[LM/Resume] Resuming bytecode function (1785678307408.223633)
[LM] Server waiting for connection on port 8010...
[WASM] Iteration 700 | Dirtied 0.20 MB @ offset 139 MB (Integrity: OK)
[WASM] Iteration 800 | Dirtied 0.20 MB @ offset 159 MB (Integrity: OK)
[WASM] Iteration 900 | Dirtied 0.20 MB @ offset 179 MB (Integrity: OK)
[WASM] Iteration 1000 | Dirtied 0.20 MB @ offset 199 MB (Integrity: OK)
