[LM] Starting migration server on port 8010 in background...
[LM] Migration server started (1785679117018.968262 ms).
[LM] Server waiting for connection on port 8010...
[WASM] Options: Allocating 256 MB | Rate: 60 MB/s | Step: 10 ms (0.60 MB/iter)
[WASM] Writing initial test patterns to all 256 MB of pages...
[WASM] Memory initialized. Starting loop with 60 MB updates per second...
[WASM] Iteration 0 | Dirtied 0.60 MB @ offset 0 MB (Integrity: OK)
[WASM] Iteration 100 | Dirtied 0.60 MB @ offset 59 MB (Integrity: OK)
[WASM] Iteration 200 | Dirtied 0.60 MB @ offset 119 MB (Integrity: OK)
[WASM] Iteration 300 | Dirtied 0.60 MB @ offset 179 MB (Integrity: OK)
[WASM] Iteration 400 | Dirtied 0.60 MB @ offset 239 MB (Integrity: OK)
[LM] Client connected. Migration is initiated (1785679121197.928711 ms)...
[LM/Checkpoint] Sync all to frame at opcode=10 (next=41)
CHECK: frame 0x5555f65a49c0, frame->ip 65
[LM/Checkpoint] Memory snapshot captured after 2.158936 ms
[LM/Checkpoint] Phase 1.1: Sending state metadata...
[LM/Checkpoint] Memory metadata transmitted after 0.033203 ms
[LM/Checkpoint] Phase 1.2: Sending initial bulk memory (256 MB)...
[LM/Checkpoint] Main interpreter thread halted for 0.047000 ms
[WASM] Iteration 500 | Dirtied 0.60 MB @ offset 44 MB (Integrity: OK)
[WASM] Iteration 600 | Dirtied 0.60 MB @ offset 104 MB (Integrity: OK)
[LM/Checkpoint] Linear memory transmitted after 2339.682617 ms
[LM/Checkpoint] Wrote stack and shadow stack frames to stream (frame count: 7, frame offset: 2888)
[LM/Checkpoint] Frames transmitted after 0.020264 ms
[LM/Checkpoint] Capturing the UDP state took 0.002000 ms (fd: 0, port: 0)
[LM/Checkpoint] Initial full linear memory handover duration 111.634000 ms
[LM/Checkpoint] Received 0xEOF_RECONSTRUCT, halting execution for final handover (1785679123565.908691 ms)...
[LM/Checkpoint] Migration server completed its tasks
[LM/Checkpoint] Initial membrane chunk transmitted after 33.248047 ms
[LM/Checkpoint] Migration client completed its tasks
[LM/Checkpoint] Migration completed in 2385.266602 ms
[LM/Checkpoint] Live migration completed at 1785679121197.997070 ms.
[LM/Checkpoint] Program halts at 1785679123583.227539 ms.
[LM/Checkpoint] Closing migration connections...
[LM/Checkpoint] Closed all migration connections!
