[LM] Connecting to migration server 192.168.10.11:8010...
[LM/Restore] Connected to migration server 192.168.10.11:8010
[LM/Restore] State metadata loaded
[LM/Restore] Had to enlarge linear memory for migration
[LM/Restore] Linear memory loaded
[LM/Restore] Stack and shadow stack metadata loaded (frame count: 7, frame offset: 2888)
[LM/Restore] State restored
[LM/Restore] Initial state has been reconstructed (1785678681071.460693 ms).
[LM/Checkpoint] Migration server completed its tasks (1785678681078.717529 ms)
[LM/Checkpoint] Migration client completed its tasks (1785678681078.726074 ms)
[LM/Restore] State restoration complete (1785678681078.743652 ms).
[LM] Starting migration server on port 8010 in background...
[LM] Migration server started (1785678681078.829834 ms).
[LM/Restore] Re-entering interpreter loop...
[LM/Resume] exec_env=0x5555f64c71c0 cur_frame=0x5555f64cc9c0 module_inst=0x5555f64c5a80 function=0x5555f64c6400 prev_frame=0x5555f64cc8b4 ip=0x7ffee6ff31f8 (offset=14, is_import=0) 1785678681078.840820 ms
[LM/Resume] New function array base=0x5555f64c5ef0 count=88
[LM/Resume] Took 0.008000 ms to restore application
[LM/Resume] Resuming bytecode function (1785678681078.848877)
[LM] Server waiting for connection on port 8010...
[WASM] Iteration 600 | Dirtied 0.40 MB @ offset 239 MB (Integrity: OK)
[WASM] Iteration 700 | Dirtied 0.40 MB @ offset 24 MB (Integrity: OK)
[WASM] Iteration 800 | Dirtied 0.40 MB @ offset 64 MB (Integrity: OK)
[WASM] Iteration 900 | Dirtied 0.40 MB @ offset 104 MB (Integrity: OK)
