[LM] Connecting to migration server 192.168.10.11:8010...
[LM/Restore] Connected to migration server 192.168.10.11:8010
[LM/Restore] State metadata loaded
[LM/Restore] Had to enlarge linear memory for migration
[LM/Restore] Linear memory loaded
[LM/Restore] Stack and shadow stack metadata loaded (frame count: 7, frame offset: 2888)
[LM/Restore] State restored
[LM/Restore] Initial state has been reconstructed (1785679947499.075439 ms).
[LM/Checkpoint] Migration server completed its tasks (1785679947506.153564 ms)
[LM/Checkpoint] Migration client completed its tasks (1785679947506.164307 ms)
[LM/Restore] State restoration complete (1785679947506.183350 ms).
[LM] Starting migration server on port 8010 in background...
[LM] Migration server started (1785679947506.266602 ms).
[LM/Restore] Re-entering interpreter loop...
[LM/Resume] exec_env=0x55560476b1c0 cur_frame=0x5556047709c0 module_inst=0x555604769a80 function=0x55560476a400 prev_frame=0x5556047708b4 ip=0x7fff4da931f8 (offset=14, is_import=0) 1785679947506.276855 ms
[LM/Resume] New function array base=0x555604769ef0 count=88
[LM/Resume] Took 0.007000 ms to restore application
[LM/Resume] Resuming bytecode function (1785679947506.284912)
[LM] Server waiting for connection on port 8010...
[WASM] Iteration 600 | Dirtied 0.90 MB @ offset 29 MB (Integrity: OK)
[WASM] Iteration 700 | Dirtied 0.90 MB @ offset 119 MB (Integrity: OK)
[WASM] Iteration 800 | Dirtied 0.90 MB @ offset 209 MB (Integrity: OK)
