[LM] Connecting to migration server 192.168.10.11:8010...
[LM/Restore] Connected to migration server 192.168.10.11:8010
[LM/Restore] State metadata loaded
[LM/Restore] Had to enlarge linear memory for migration
[LM/Restore] Linear memory loaded
[LM/Restore] Stack and shadow stack metadata loaded (frame count: 7, frame offset: 2888)
[LM/Restore] State restored
[LM/Restore] Initial state has been reconstructed (1785683468868.402100 ms).
[LM/Checkpoint] Migration server completed its tasks (1785683468875.637451 ms)
[LM/Checkpoint] Migration client completed its tasks (1785683468875.645996 ms)
[LM/Restore] State restoration complete (1785683468875.662842 ms).
[LM] Starting migration server on port 8010 in background...
[LM] Migration server started (1785683468875.747314 ms).
[LM/Restore] Re-entering interpreter loop...
[LM/Resume] exec_env=0x5555e5eab1c0 cur_frame=0x5555e5eb09c0 module_inst=0x5555e5ea9a80 function=0x5555e5eaa400 prev_frame=0x5555e5eb08b4 ip=0x7ffeceed31f8 (offset=14, is_import=0) 1785683468875.757080 ms
[LM/Resume] New function array base=0x5555e5ea9ef0 count=88
[LM/Resume] Took 0.008000 ms to restore application
[LM/Resume] Resuming bytecode function (1785683468875.764648)
[LM] Server waiting for connection on port 8010...
[WASM] Iteration 700 | Dirtied 1.00 MB @ offset 190 MB (Integrity: OK)
[WASM] Iteration 800 | Dirtied 1.00 MB @ offset 35 MB (Integrity: OK)
[WASM] Iteration 900 | Dirtied 1.00 MB @ offset 135 MB (Integrity: OK)
