[LM] Connecting to migration server 192.168.10.11:8010...
[LM/Restore] Connected to migration server 192.168.10.11:8010
[LM/Restore] State metadata loaded
[LM/Restore] Had to enlarge linear memory for migration
[LM/Restore] Linear memory loaded
[LM/Restore] Stack and shadow stack metadata loaded (frame count: 7, frame offset: 2888)
[LM/Restore] State restored
[LM/Restore] Initial state has been reconstructed (1785684436711.389893 ms).
[LM/Checkpoint] Migration server completed its tasks (1785684436718.847656 ms)
[LM/Checkpoint] Migration client completed its tasks (1785684436718.857910 ms)
[LM/Restore] State restoration complete (1785684436718.877197 ms).
[LM] Starting migration server on port 8010 in background...
[LM] Migration server started (1785684436718.961914 ms).
[LM/Restore] Re-entering interpreter loop...
[LM/Resume] exec_env=0x555588a8b1c0 cur_frame=0x555588a909c0 module_inst=0x555588a89a80 function=0x555588a8a400 prev_frame=0x555588a908b4 ip=0x7fff80bb31f8 (offset=14, is_import=0) 1785684436718.973877 ms
[LM/Resume] New function array base=0x555588a89ef0 count=88
[LM/Resume] Took 0.008000 ms to restore application
[LM/Resume] Resuming bytecode function (1785684436718.982666)
[LM] Server waiting for connection on port 8010...
[WASM] Iteration 600 | Dirtied 1.40 MB @ offset 76 MB (Integrity: OK)
[WASM] Iteration 700 | Dirtied 1.40 MB @ offset 216 MB (Integrity: OK)
[WASM] Iteration 800 | Dirtied 1.40 MB @ offset 101 MB (Integrity: OK)
[WASM] Iteration 900 | Dirtied 1.40 MB @ offset 241 MB (Integrity: OK)
