[LM] Connecting to migration server 192.168.10.11:8010...
[LM/Restore] Connected to migration server 192.168.10.11:8010
[LM/Restore] State metadata loaded
[LM/Restore] Had to enlarge linear memory for migration
[LM/Restore] Linear memory loaded
[LM/Restore] Stack and shadow stack metadata loaded (frame count: 7, frame offset: 2888)
[LM/Restore] State restored
[LM/Restore] Initial state has been reconstructed (1785681526007.286133 ms).
[LM/Checkpoint] Migration server completed its tasks (1785681526014.574951 ms)
[LM/Checkpoint] Migration client completed its tasks (1785681526014.584473 ms)
[LM/Restore] State restoration complete (1785681526014.602539 ms).
[LM] Starting migration server on port 8010 in background...
[LM] Migration server started (1785681526014.693848 ms).
[LM/Restore] Re-entering interpreter loop...
[LM/Resume] exec_env=0x55565f21f1c0 cur_frame=0x55565f2249c0 module_inst=0x55565f21da80 function=0x55565f21e400 prev_frame=0x55565f2248b4 ip=0x7fff1dcc31f8 (offset=14, is_import=0) 1785681526014.703857 ms
[LM/Resume] New function array base=0x55565f21def0 count=88
[LM/Resume] Took 0.007000 ms to restore application
[LM/Resume] Resuming bytecode function (1785681526014.711670)
[LM] Server waiting for connection on port 8010...
[WASM] Iteration 600 | Dirtied 0.20 MB @ offset 119 MB (Integrity: OK)
[WASM] Iteration 700 | Dirtied 0.20 MB @ offset 139 MB (Integrity: OK)
[WASM] Iteration 800 | Dirtied 0.20 MB @ offset 159 MB (Integrity: OK)
