[LM] Connecting to migration server 192.168.10.11:8010...
[LM/Restore] Connected to migration server 192.168.10.11:8010
[LM/Restore] State metadata loaded
[LM/Restore] Had to enlarge linear memory for migration
[LM/Restore] Linear memory loaded
[LM/Restore] Stack and shadow stack metadata loaded (frame count: 7, frame offset: 2888)
[LM/Restore] State restored
[LM/Restore] Initial state has been reconstructed (1785681893209.341797 ms).
[LM/Checkpoint] Migration server completed its tasks (1785681893216.380371 ms)
[LM/Checkpoint] Migration client completed its tasks (1785681893216.389648 ms)
[LM/Restore] State restoration complete (1785681893216.407471 ms).
[LM] Starting migration server on port 8010 in background...
[LM] Migration server started (1785681893216.504150 ms).
[LM/Restore] Re-entering interpreter loop...
[LM/Resume] exec_env=0x55559752b1c0 cur_frame=0x5555975309c0 module_inst=0x555597529a80 function=0x55559752a400 prev_frame=0x5555975308b4 ip=0x7fff4c9131f8 (offset=14, is_import=0) 1785681893216.514404 ms
[LM/Resume] New function array base=0x555597529ef0 count=88
[LM/Resume] Took 0.007000 ms to restore application
[LM/Resume] Resuming bytecode function (1785681893216.522461)
[LM] Server waiting for connection on port 8010...
[WASM] Iteration 700 | Dirtied 0.40 MB @ offset 24 MB (Integrity: OK)
[WASM] Iteration 800 | Dirtied 0.40 MB @ offset 64 MB (Integrity: OK)
