[LM] Connecting to migration server 192.168.10.11:8010...
[LM/Restore] Connected to migration server 192.168.10.11:8010
[LM/Restore] State metadata loaded
[LM/Restore] Had to enlarge linear memory for migration
[LM/Restore] Linear memory loaded
[LM/Restore] Stack and shadow stack metadata loaded (frame count: 7, frame offset: 2888)
[LM/Restore] State restored
[LM/Restore] Initial state has been reconstructed (1785683999049.669434 ms).
[LM/Checkpoint] Migration server completed its tasks (1785683999056.963135 ms)
[LM/Checkpoint] Migration client completed its tasks (1785683999056.974121 ms)
[LM/Restore] State restoration complete (1785683999056.992676 ms).
[LM] Starting migration server on port 8010 in background...
[LM] Migration server started (1785683999057.077393 ms).
[LM/Restore] Re-entering interpreter loop...
[LM/Resume] exec_env=0x5555d1b331c0 cur_frame=0x5555d1b389c0 module_inst=0x5555d1b31a80 function=0x5555d1b32400 prev_frame=0x5555d1b388b4 ip=0x7ffed9d131f8 (offset=14, is_import=0) 1785683999057.087891 ms
[LM/Resume] New function array base=0x5555d1b31ef0 count=88
[LM/Resume] Took 0.008000 ms to restore application
[LM/Resume] Resuming bytecode function (1785683999057.095459)
[LM] Server waiting for connection on port 8010...
[WASM] Iteration 500 | Dirtied 1.20 MB @ offset 90 MB (Integrity: OK)
[WASM] Iteration 600 | Dirtied 1.20 MB @ offset 210 MB (Integrity: OK)
[WASM] Iteration 700 | Dirtied 1.20 MB @ offset 75 MB (Integrity: OK)
