[LM] Starting migration server on port 8010 in background...
[LM] Migration server started (1785681518482.756592 ms).
[LM] Server waiting for connection on port 8010...
[WASM] Options: Allocating 256 MB | Rate: 20 MB/s | Step: 10 ms (0.20 MB/iter)
[WASM] Writing initial test patterns to all 256 MB of pages...
[WASM] Memory initialized. Starting loop with 20 MB updates per second...
[WASM] Iteration 0 | Dirtied 0.20 MB @ offset 0 MB (Integrity: OK)
[WASM] Iteration 100 | Dirtied 0.20 MB @ offset 19 MB (Integrity: OK)
[WASM] Iteration 200 | Dirtied 0.20 MB @ offset 39 MB (Integrity: OK)
[WASM] Iteration 300 | Dirtied 0.20 MB @ offset 59 MB (Integrity: OK)
[WASM] Iteration 400 | Dirtied 0.20 MB @ offset 79 MB (Integrity: OK)
[WASM] Iteration 500 | Dirtied 0.20 MB @ offset 99 MB (Integrity: OK)
[LM] Client connected. Migration is initiated (1785681523649.511719 ms)...
[LM/Checkpoint] Sync all to frame at opcode=10 (next=41)
CHECK: frame 0x5556440e09c0, frame->ip 65
[LM/Checkpoint] Memory snapshot captured after 10.578125 ms
[LM/Checkpoint] Phase 1.1: Sending state metadata...
[LM/Checkpoint] Memory metadata transmitted after 0.035889 ms
[LM/Checkpoint] Phase 1.2: Sending initial bulk memory (256 MB)...
[LM/Checkpoint] Main interpreter thread halted for 0.041000 ms
[WASM] Iteration 600 | Dirtied 0.20 MB @ offset 119 MB (Integrity: OK)
[WASM] Iteration 700 | Dirtied 0.20 MB @ offset 139 MB (Integrity: OK)
[LM/Checkpoint] Linear memory transmitted after 2310.375488 ms
[LM/Checkpoint] Wrote stack and shadow stack frames to stream (frame count: 7, frame offset: 2888)
[LM/Checkpoint] Frames transmitted after 0.020996 ms
[LM/Checkpoint] Capturing the UDP state took 0.002000 ms (fd: 0, port: 0)
[LM/Checkpoint] Initial full linear memory handover duration 97.297000 ms
[LM/Checkpoint] Received 0xEOF_RECONSTRUCT, halting execution for final handover (1785681525997.126953 ms)...
[LM/Checkpoint] Migration server completed its tasks
[LM/Checkpoint] Initial membrane chunk transmitted after 33.876709 ms
[LM/Checkpoint] Migration client completed its tasks
[LM/Checkpoint] Migration completed in 2365.010254 ms
[LM/Checkpoint] Live migration completed at 1785681523649.569336 ms.
[LM/Checkpoint] Program halts at 1785681526014.552246 ms.
[LM/Checkpoint] Closing migration connections...
[LM/Checkpoint] Closed all migration connections!
