[LM] Connecting to migration server 192.168.10.11:8010...
[LM/Restore] Connected to migration server 192.168.10.11:8010
[LM/Restore] State metadata loaded
[LM/Restore] Had to enlarge linear memory for migration
[LM/Restore] Linear memory loaded
[LM/Restore] Stack and shadow stack metadata loaded (frame count: 7, frame offset: 2888)
[LM/Restore] State restored
[LM/Restore] Initial state has been reconstructed (1785682100286.503418 ms).
[LM/Checkpoint] Migration server completed its tasks (1785682100293.657959 ms)
[LM/Checkpoint] Migration client completed its tasks (1785682100293.667480 ms)
[LM/Restore] State restoration complete (1785682100293.685303 ms).
[LM] Starting migration server on port 8010 in background...
[LM] Migration server started (1785682100293.778076 ms).
[LM/Restore] Re-entering interpreter loop...
[LM/Resume] exec_env=0x55555bdfb1c0 cur_frame=0x55555be009c0 module_inst=0x55555bdf9a80 function=0x55555bdfa400 prev_frame=0x55555be008b4 ip=0x7ffec4e331f8 (offset=14, is_import=0) 1785682100293.788086 ms
[LM/Resume] New function array base=0x55555bdf9ef0 count=88
[LM/Resume] Took 0.007000 ms to restore application
[LM/Resume] Resuming bytecode function (1785682100293.795410)
[LM] Server waiting for connection on port 8010...
[WASM] Iteration 500 | Dirtied 0.50 MB @ offset 250 MB (Integrity: OK)
[WASM] Iteration 600 | Dirtied 0.50 MB @ offset 44 MB (Integrity: OK)
[WASM] Iteration 700 | Dirtied 0.50 MB @ offset 94 MB (Integrity: OK)
[WASM] Iteration 800 | Dirtied 0.50 MB @ offset 144 MB (Integrity: OK)
[WASM] Iteration 900 | Dirtied 0.50 MB @ offset 194 MB (Integrity: OK)
