[LM] Connecting to migration server 192.168.10.11:8010...
[LM/Restore] Connected to migration server 192.168.10.11:8010
[LM/Restore] State metadata loaded
[LM/Restore] Had to enlarge linear memory for migration
[LM/Restore] Linear memory loaded
[LM/Restore] Stack and shadow stack metadata loaded (frame count: 7, frame offset: 2888)
[LM/Restore] State restored
[LM/Restore] Initial state has been reconstructed (1785683796276.535645 ms).
[LM/Checkpoint] Migration server completed its tasks (1785683796283.770264 ms)
[LM/Checkpoint] Migration client completed its tasks (1785683796283.779541 ms)
[LM/Restore] State restoration complete (1785683796283.796387 ms).
[LM] Starting migration server on port 8010 in background...
[LM] Migration server started (1785683796283.879150 ms).
[LM/Restore] Re-entering interpreter loop...
[LM/Resume] exec_env=0x55561e7cb1c0 cur_frame=0x55561e7d09c0 module_inst=0x55561e7c9a80 function=0x55561e7ca400 prev_frame=0x55561e7d08b4 ip=0x7fff155631f8 (offset=14, is_import=0) 1785683796283.889648 ms
[LM/Resume] New function array base=0x55561e7c9ef0 count=88
[LM/Resume] Took 0.008000 ms to restore application
[LM/Resume] Resuming bytecode function (1785683796283.897461)
[LM] Server waiting for connection on port 8010...
[WASM] Iteration 500 | Dirtied 1.10 MB @ offset 40 MB (Integrity: OK)
[WASM] Iteration 600 | Dirtied 1.10 MB @ offset 150 MB (Integrity: OK)
[WASM] Iteration 700 | Dirtied 1.10 MB @ offset 5 MB (Integrity: OK)
[WASM] Iteration 800 | Dirtied 1.10 MB @ offset 115 MB (Integrity: OK)
