[LM] Starting migration server on port 8010 in background...
[LM] Migration server started (1785682857953.638672 ms).
[LM] Server waiting for connection on port 8010...
[WASM] Options: Allocating 256 MB | Rate: 80 MB/s | Step: 10 ms (0.80 MB/iter)
[WASM] Writing initial test patterns to all 256 MB of pages...
[WASM] Memory initialized. Starting loop with 80 MB updates per second...
[WASM] Iteration 0 | Dirtied 0.80 MB @ offset 0 MB (Integrity: OK)
[WASM] Iteration 100 | Dirtied 0.80 MB @ offset 79 MB (Integrity: OK)
[WASM] Iteration 200 | Dirtied 0.80 MB @ offset 159 MB (Integrity: OK)
[WASM] Iteration 300 | Dirtied 0.80 MB @ offset 239 MB (Integrity: OK)
[WASM] Iteration 400 | Dirtied 0.80 MB @ offset 64 MB (Integrity: OK)
[WASM] Iteration 500 | Dirtied 0.80 MB @ offset 144 MB (Integrity: OK)
[LM] Client connected. Migration is initiated (1785682863117.227539 ms)...
[LM/Checkpoint] Sync all to frame at opcode=10 (next=41)
CHECK: frame 0x55561e0c89c0, frame->ip 65
[LM/Checkpoint] Memory snapshot captured after 4.260742 ms
[LM/Checkpoint] Phase 1.1: Sending state metadata...
[LM/Checkpoint] Memory metadata transmitted after 0.034912 ms
[LM/Checkpoint] Phase 1.2: Sending initial bulk memory (256 MB)...
[LM/Checkpoint] Main interpreter thread halted for 0.037000 ms
[WASM] Iteration 600 | Dirtied 0.80 MB @ offset 224 MB (Integrity: OK)
[WASM] Iteration 700 | Dirtied 0.80 MB @ offset 49 MB (Integrity: OK)
[LM/Checkpoint] Linear memory transmitted after 2306.196533 ms
[LM/Checkpoint] Wrote stack and shadow stack frames to stream (frame count: 7, frame offset: 2888)
[LM/Checkpoint] Frames transmitted after 0.020752 ms
[LM/Checkpoint] Capturing the UDP state took 0.003000 ms (fd: 0, port: 0)
[LM/Checkpoint] Initial full linear memory handover duration 119.298000 ms
[LM/Checkpoint] Received 0xEOF_RECONSTRUCT, halting execution for final handover (1785682865458.383789 ms)...
[LM/Checkpoint] Migration server completed its tasks
[LM/Checkpoint] Initial membrane chunk transmitted after 37.930908 ms
[LM/Checkpoint] Migration client completed its tasks
[LM/Checkpoint] Migration completed in 2358.564697 ms
[LM/Checkpoint] Live migration completed at 1785682863117.288330 ms.
[LM/Checkpoint] Program halts at 1785682865475.822266 ms.
[LM/Checkpoint] Closing migration connections...
[LM/Checkpoint] Closed all migration connections!
