[LM] Connecting to migration server 192.168.10.11:8010...
[LM/Restore] Connected to migration server 192.168.10.11:8010
[LM/Restore] State metadata loaded
[LM/Restore] Had to enlarge linear memory for migration
[LM/Restore] Linear memory loaded
[LM/Restore] Stack and shadow stack metadata loaded (frame count: 7, frame offset: 2888)
[LM/Restore] State restored
[LM/Restore] Initial state has been reconstructed (1785684213822.071533 ms).
[LM/Checkpoint] Migration server completed its tasks (1785684213829.171631 ms)
[LM/Checkpoint] Migration client completed its tasks (1785684213829.181152 ms)
[LM/Restore] State restoration complete (1785684213829.198730 ms).
[LM] Starting migration server on port 8010 in background...
[LM] Migration server started (1785684213829.283203 ms).
[LM/Restore] Re-entering interpreter loop...
[LM/Resume] exec_env=0x55566de571c0 cur_frame=0x55566de5c9c0 module_inst=0x55566de55a80 function=0x55566de56400 prev_frame=0x55566de5c8b4 ip=0x7fff01c631f8 (offset=14, is_import=0) 1785684213829.292969 ms
[LM/Resume] New function array base=0x55566de55ef0 count=88
[LM/Resume] Took 0.007000 ms to restore application
[LM/Resume] Resuming bytecode function (1785684213829.300537)
[LM] Server waiting for connection on port 8010...
[WASM] Iteration 700 | Dirtied 1.30 MB @ offset 145 MB (Integrity: OK)
[WASM] Iteration 800 | Dirtied 1.30 MB @ offset 21 MB (Integrity: OK)
