[LM] Connecting to migration server 192.168.10.11:8010...
[LM/Restore] Connected to migration server 192.168.10.11:8010
[LM/Restore] State metadata loaded
[LM/Restore] Had to enlarge linear memory for migration
[LM/Restore] Linear memory loaded
[LM/Restore] Stack and shadow stack metadata loaded (frame count: 7, frame offset: 2888)
[LM/Restore] State restored
[LM/Restore] Initial state has been reconstructed (1785682592322.224609 ms).
[LM/Checkpoint] Migration server completed its tasks (1785682592329.369629 ms)
[LM/Checkpoint] Migration client completed its tasks (1785682592329.380127 ms)
[LM/Restore] State restoration complete (1785682592329.398438 ms).
[LM] Starting migration server on port 8010 in background...
[LM] Migration server started (1785682592329.488281 ms).
[LM/Restore] Re-entering interpreter loop...
[LM/Resume] exec_env=0x5555c02071c0 cur_frame=0x5555c020c9c0 module_inst=0x5555c0205a80 function=0x5555c0206400 prev_frame=0x5555c020c8b4 ip=0x7ffee21931f8 (offset=14, is_import=0) 1785682592329.498779 ms
[LM/Resume] New function array base=0x5555c0205ef0 count=88
[LM/Resume] Took 0.008000 ms to restore application
[LM/Resume] Resuming bytecode function (1785682592329.507324)
[LM] Server waiting for connection on port 8010...
[WASM] Iteration 600 | Dirtied 0.70 MB @ offset 164 MB (Integrity: OK)
[WASM] Iteration 700 | Dirtied 0.70 MB @ offset 234 MB (Integrity: OK)
