[LM] Starting migration server on port 8010 in background...
[LM] Server waiting for connection on port 8010...
[WASM] Options: Allocating 256 MB | Rate: 10 MB/s | Step: 10 ms (0.10 MB/iter)
[WASM] Writing initial test patterns to all 256 MB of pages...
[WASM] Memory initialized. Starting loop with 10 MB updates per second...
[WASM] Iteration 0 | Dirtied 0.10 MB @ offset 0 MB (Integrity: OK)
[WASM] Iteration 100 | Dirtied 0.10 MB @ offset 9 MB (Integrity: OK)
[WASM] Iteration 200 | Dirtied 0.10 MB @ offset 19 MB (Integrity: OK)
[WASM] Iteration 300 | Dirtied 0.10 MB @ offset 29 MB (Integrity: OK)
[WASM] Iteration 400 | Dirtied 0.10 MB @ offset 39 MB (Integrity: OK)
[LM] Client connected. Migration is initiated (1785161979514.613525 ms)...
[LM] Phase 1: Sending initial bulk memory (256 MB)...
[WASM] Iteration 500 | Dirtied 0.10 MB @ offset 49 MB (Integrity: OK)
[WASM] Iteration 600 | Dirtied 0.10 MB @ offset 59 MB (Integrity: OK)
[LM] Initial pre-copy of bulk memory completed. Took 2311.733398 ms
[LM] Phase 1.5: Starting incremental pre-copy...
[LM] Number of dirty cards transmitted: 46906
[LM] Pre-copy Iteration 1: Sent 24015872 bytes.
[LM] Number of dirty cards transmitted: 4306
[LM] Pre-copy Iteration 2: Sent 2204672 bytes.
[LM] Pre-copy threshold reached. Moving to final handover.
[LM] Incremental pre-copy completed. Took 233.447266 ms
[LM] Bulk + Precopy duration 183.479000 ms
[LM] Received 0xEOF_RECONSTRUCT, halting execution for final handover...
[LM/Checkpoint] Migration triggered! Dumping state...
[LM/Checkpoint] State synced to frame structures.
[LM] Phase 2: Sending final dirty pages and context...
[LM] Number of dirty cards transmitted: 824
[LM] Send final dirty pages took 1.716000 ms
[LM] Checkpoint dirty state took 0.049000 ms
[LM/Checkpoint] Live migration completed at 1785161982091.662598 ms. Migration took 2577.049316 ms
[LM/Checkpoint] Took 1.889000 ms to checkpoint application
