[LM] Starting migration server on port 8010 in background...
[LM] Server waiting for connection on port 8010...
[WASM] Options: Allocating 256 MB | Rate: 90 MB/s | Step: 10 ms (0.90 MB/iter)
[WASM] Writing initial test patterns to all 256 MB of pages...
[WASM] Memory initialized. Starting loop with 90 MB updates per second...
[WASM] Iteration 0 | Dirtied 0.90 MB @ offset 0 MB (Integrity: OK)
[WASM] Iteration 100 | Dirtied 0.90 MB @ offset 89 MB (Integrity: OK)
[WASM] Iteration 200 | Dirtied 0.90 MB @ offset 179 MB (Integrity: OK)
[WASM] Iteration 300 | Dirtied 0.90 MB @ offset 14 MB (Integrity: OK)
[WASM] Iteration 400 | Dirtied 0.90 MB @ offset 104 MB (Integrity: OK)
[WASM] Iteration 500 | Dirtied 0.90 MB @ offset 194 MB (Integrity: OK)
[LM] Client connected. Migration is initiated (1785162881985.311035 ms)...
[LM] Phase 1: Sending initial bulk memory (256 MB)...
[WASM] Iteration 600 | Dirtied 0.90 MB @ offset 29 MB (Integrity: OK)
[WASM] Iteration 700 | Dirtied 0.90 MB @ offset 119 MB (Integrity: OK)
[LM] Initial pre-copy of bulk memory completed. Took 2312.278320 ms
[LM] Phase 1.5: Starting incremental pre-copy...
[WASM] Iteration 800 | Dirtied 0.90 MB @ offset 209 MB (Integrity: OK)
[WASM] Iteration 900 | Dirtied 0.90 MB @ offset 44 MB (Integrity: OK)
[LM] Number of dirty cards transmitted: 418413
[LM] Pre-copy Iteration 1: Sent 214227456 bytes.
[WASM] Iteration 1000 | Dirtied 0.90 MB @ offset 134 MB (Integrity: OK)
[WASM] Iteration 1100 | Dirtied 0.90 MB @ offset 224 MB (Integrity: OK)
[LM] Number of dirty cards transmitted: 342843
[LM] Pre-copy Iteration 2: Sent 175535616 bytes.
[WASM] Iteration 1200 | Dirtied 0.90 MB @ offset 59 MB (Integrity: OK)
[LM] Number of dirty cards transmitted: 317037
[LM] Pre-copy Iteration 3: Sent 162322944 bytes.
[WASM] Iteration 1300 | Dirtied 0.90 MB @ offset 149 MB (Integrity: OK)
[WASM] Iteration 1400 | Dirtied 0.90 MB @ offset 239 MB (Integrity: OK)
[LM] Number of dirty cards transmitted: 305979
[LM] Pre-copy Iteration 4: Sent 156661248 bytes.
[WASM] Iteration 1500 | Dirtied 0.90 MB @ offset 74 MB (Integrity: OK)
[LM] Number of dirty cards transmitted: 250681
[LM] Pre-copy Iteration 5: Sent 128348672 bytes.
[LM] Number of dirty cards transmitted: 199074
[LM] Pre-copy Iteration 6: Sent 101925888 bytes.
[WASM] Iteration 1600 | Dirtied 0.90 MB @ offset 164 MB (Integrity: OK)
[LM] Number of dirty cards transmitted: 158519
[LM] Pre-copy Iteration 7: Sent 81161728 bytes.
[WASM] Iteration 1700 | Dirtied 0.90 MB @ offset 254 MB (Integrity: OK)
[LM] Number of dirty cards transmitted: 127188
[LM] Pre-copy Iteration 8: Sent 65120256 bytes.
[LM] Number of dirty cards transmitted: 101384
[LM] Pre-copy Iteration 9: Sent 51908608 bytes.
[LM] Number of dirty cards transmitted: 81106
[LM] Pre-copy Iteration 10: Sent 41526272 bytes.
[WASM] Iteration 1800 | Dirtied 0.90 MB @ offset 89 MB (Integrity: OK)
[LM] Number of dirty cards transmitted: 64517
[LM] Pre-copy Iteration 11: Sent 33032704 bytes.
[LM] Number of dirty cards transmitted: 53459
[LM] Pre-copy Iteration 12: Sent 27371008 bytes.
[LM] Number of dirty cards transmitted: 42398
[LM] Pre-copy Iteration 13: Sent 21707776 bytes.
[LM] Number of dirty cards transmitted: 33182
[LM] Pre-copy Iteration 14: Sent 16989184 bytes.
[LM] Number of dirty cards transmitted: 25810
[LM] Pre-copy Iteration 15: Sent 13214720 bytes.
[WASM] Iteration 1900 | Dirtied 0.90 MB @ offset 179 MB (Integrity: OK)
[LM] Number of dirty cards transmitted: 20280
[LM] Pre-copy Iteration 16: Sent 10383360 bytes.
[LM] Pre-copy threshold reached. Moving to final handover.
[LM] Incremental pre-copy completed. Took 11822.672607 ms
[LM] Bulk + Precopy duration 3410.328000 ms
[LM] Received 0xEOF_RECONSTRUCT, halting execution for final handover...
[LM/Checkpoint] Migration triggered! Dumping state...
[LM/Checkpoint] State synced to frame structures.
[LM] Phase 2: Sending final dirty pages and context...
[LM] Number of dirty cards transmitted: 22126
[LM] Send final dirty pages took 32.680000 ms
[LM] Checkpoint dirty state took 0.073000 ms
[LM/Checkpoint] Live migration completed at 1785162896235.271240 ms. Migration took 14249.960205 ms
[LM/Checkpoint] Took 32.777000 ms to checkpoint application
