[LM] Starting migration server on port 8010 in background...
[LM] Migration server started (1785162257359.361328 ms).
[LM] Server waiting for connection on port 8010...
[WASM] Options: Allocating 256 MB | Rate: 40 MB/s | Step: 10 ms (0.40 MB/iter)
[WASM] Writing initial test patterns to all 256 MB of pages...
[WASM] Memory initialized. Starting loop with 40 MB updates per second...
[WASM] Iteration 0 | Dirtied 0.40 MB @ offset 0 MB (Integrity: OK)
[WASM] Iteration 100 | Dirtied 0.40 MB @ offset 39 MB (Integrity: OK)
[WASM] Iteration 200 | Dirtied 0.40 MB @ offset 79 MB (Integrity: OK)
[WASM] Iteration 300 | Dirtied 0.40 MB @ offset 119 MB (Integrity: OK)
[WASM] Iteration 400 | Dirtied 0.40 MB @ offset 159 MB (Integrity: OK)
[LM] Client connected. Migration is initiated (1785162261522.533447 ms)...
[LM/Checkpoint] Server waiting for membrane connection on port 8011...
[LM/Checkpoint] Membrane channel connected on port 8011
[LM/Checkpoint] Sync all to frame at opcode=10 (next=41)
CHECK: frame 0x5555d0a3c9e0, frame->ip 65
[LM/Checkpoint] Memory snapshot captured after 10.546387 ms
[LM/Checkpoint] Phase 1.1: Sending state metadata...
[LM/Checkpoint] Memory metadata transmitted after 0.036377 ms
[LM/Checkpoint] Phase 1.2: Sending initial bulk memory (256 MB)...
[LM/Checkpoint] Main interpreter thread halted for 0.040000 ms
[WASM] Iteration 500 | Dirtied 0.40 MB @ offset 199 MB (Integrity: OK)
[WASM] Iteration 600 | Dirtied 0.40 MB @ offset 239 MB (Integrity: OK)
[LM/Checkpoint] Linear memory transmitted after 2304.851807 ms
[LM/Checkpoint] Wrote stack and shadow stack frames to stream (frame count: 7, frame offset: 2888)
[LM/Checkpoint] Frames transmitted after 0.019287 ms
[LM/Checkpoint] Capturing the UDP state took 0.002000 ms (fd: 0, port: 0)
[LM/Checkpoint] Initial full linear memory handover duration 107.129000 ms
[LM/Checkpoint] Flushing 0 bytes of buffered membrane events...
[LM/Checkpoint] Received 0xEOF_RECONSTRUCT, halting execution for final handover (1785162263886.731201 ms)...
[LM/Checkpoint] Migration server completed its tasks
[LM/Checkpoint] Initial membrane chunk transmitted after 41.717285 ms
[LM/Checkpoint] Trying to converge membrane replay log...
[LM/Checkpoint] Converged naturally! Lag: 35 events (10.529053 ms).
[LM/Checkpoint] Migration client completed its tasks
[LM/Checkpoint] Migration completed in 2387.881348 ms
[LM/Checkpoint] Live migration completed at 1785162263924.731445 ms.
[LM/Checkpoint] Closing migration connections...
[LM/Checkpoint] Closed all migration connections!
