[LM] Starting migration server on port 8010 in background...
[LM] Server waiting for connection on port 8010...
[WASM] Options: Allocating 256 MB | Rate: 130 MB/s | Step: 10 ms (1.30 MB/iter)
[WASM] Writing initial test patterns to all 256 MB of pages...
[WASM] Memory initialized. Starting loop with 130 MB updates per second...
[WASM] Iteration 0 | Dirtied 1.30 MB @ offset 0 MB (Integrity: OK)
[WASM] Iteration 100 | Dirtied 1.30 MB @ offset 129 MB (Integrity: OK)
[WASM] Iteration 200 | Dirtied 1.30 MB @ offset 5 MB (Integrity: OK)
[WASM] Iteration 300 | Dirtied 1.30 MB @ offset 135 MB (Integrity: OK)
[WASM] Iteration 400 | Dirtied 1.30 MB @ offset 10 MB (Integrity: OK)
[WASM] Iteration 500 | Dirtied 1.30 MB @ offset 140 MB (Integrity: OK)
[LM] Client connected. Migration is initiated (1785163492358.564453 ms)...
[LM] Phase 1: Sending initial bulk memory (256 MB)...
[WASM] Iteration 600 | Dirtied 1.30 MB @ offset 15 MB (Integrity: OK)
[WASM] Iteration 700 | Dirtied 1.30 MB @ offset 145 MB (Integrity: OK)
[LM] Initial pre-copy of bulk memory completed. Took 2311.055176 ms
[LM] Phase 1.5: Starting incremental pre-copy...
[WASM] Iteration 800 | Dirtied 1.30 MB @ offset 21 MB (Integrity: OK)
[WASM] Iteration 900 | Dirtied 1.30 MB @ offset 151 MB (Integrity: OK)
[LM] Number of dirty cards transmitted: 521632
[LM] Pre-copy Iteration 1: Sent 267075584 bytes.
[WASM] Iteration 1000 | Dirtied 1.30 MB @ offset 26 MB (Integrity: OK)
[WASM] Iteration 1100 | Dirtied 1.30 MB @ offset 156 MB (Integrity: OK)
[LM] Number of dirty cards transmitted: 521631
[LM] Pre-copy Iteration 2: Sent 267075072 bytes.
[WASM] Iteration 1200 | Dirtied 1.30 MB @ offset 31 MB (Integrity: OK)
[WASM] Iteration 1300 | Dirtied 1.30 MB @ offset 161 MB (Integrity: OK)
[WASM] Iteration 1400 | Dirtied 1.30 MB @ offset 37 MB (Integrity: OK)
[LM] Number of dirty cards transmitted: 521836
[LM] Pre-copy Iteration 3: Sent 267180032 bytes.
[WASM] Iteration 1500 | Dirtied 1.30 MB @ offset 167 MB (Integrity: OK)
[WASM] Iteration 1600 | Dirtied 1.30 MB @ offset 42 MB (Integrity: OK)
[LM] Number of dirty cards transmitted: 521632
[LM] Pre-copy Iteration 4: Sent 267075584 bytes.
[WASM] Iteration 1700 | Dirtied 1.30 MB @ offset 172 MB (Integrity: OK)
[WASM] Iteration 1800 | Dirtied 1.30 MB @ offset 47 MB (Integrity: OK)
[LM] Number of dirty cards transmitted: 521631
[LM] Pre-copy Iteration 5: Sent 267075072 bytes.
[WASM] Iteration 1900 | Dirtied 1.30 MB @ offset 177 MB (Integrity: OK)
[WASM] Iteration 2000 | Dirtied 1.30 MB @ offset 52 MB (Integrity: OK)
[LM] Number of dirty cards transmitted: 521632
[LM] Pre-copy Iteration 6: Sent 267075584 bytes.
[WASM] Iteration 2100 | Dirtied 1.30 MB @ offset 182 MB (Integrity: OK)
[WASM] Iteration 2200 | Dirtied 1.30 MB @ offset 58 MB (Integrity: OK)
[WASM] Iteration 2300 | Dirtied 1.30 MB @ offset 188 MB (Integrity: OK)
[LM] Number of dirty cards transmitted: 521631
[LM] Pre-copy Iteration 7: Sent 267075072 bytes.
[WASM] Iteration 2400 | Dirtied 1.30 MB @ offset 63 MB (Integrity: OK)
[WASM] Iteration 2500 | Dirtied 1.30 MB @ offset 193 MB (Integrity: OK)
[LM] Number of dirty cards transmitted: 521632
[LM] Pre-copy Iteration 8: Sent 267075584 bytes.
[WASM] Iteration 2600 | Dirtied 1.30 MB @ offset 68 MB (Integrity: OK)
[WASM] Iteration 2700 | Dirtied 1.30 MB @ offset 198 MB (Integrity: OK)
[LM] Number of dirty cards transmitted: 521836
[LM] Pre-copy Iteration 9: Sent 267180032 bytes.
[WASM] Iteration 2800 | Dirtied 1.30 MB @ offset 74 MB (Integrity: OK)
[WASM] Iteration 2900 | Dirtied 1.30 MB @ offset 204 MB (Integrity: OK)
[WASM] Iteration 3000 | Dirtied 1.30 MB @ offset 79 MB (Integrity: OK)
[LM] Number of dirty cards transmitted: 521632
[LM] Pre-copy Iteration 10: Sent 267075584 bytes.
[WASM] Iteration 3100 | Dirtied 1.30 MB @ offset 209 MB (Integrity: OK)
[WASM] Iteration 3200 | Dirtied 1.30 MB @ offset 84 MB (Integrity: OK)
[LM] Number of dirty cards transmitted: 521631
[LM] Pre-copy Iteration 11: Sent 267075072 bytes.
[WASM] Iteration 3300 | Dirtied 1.30 MB @ offset 214 MB (Integrity: OK)
[WASM] Iteration 3400 | Dirtied 1.30 MB @ offset 90 MB (Integrity: OK)
[LM] Number of dirty cards transmitted: 521632
[LM] Pre-copy Iteration 12: Sent 267075584 bytes.
[WASM] Iteration 3500 | Dirtied 1.30 MB @ offset 220 MB (Integrity: OK)
[WASM] Iteration 3600 | Dirtied 1.30 MB @ offset 95 MB (Integrity: OK)
[WASM] Iteration 3700 | Dirtied 1.30 MB @ offset 225 MB (Integrity: OK)
