[LM] Connecting to migration server 192.168.10.11:8010...
[LM/Restore] Connected to migration server 192.168.10.11:8010
[LM/Restore] Membrane channel connected to 192.168.10.11:8011
[LM/Restore] State metadata loaded
[LM/Restore] Had to enlarge linear memory for migration
[LM/Restore] Linear memory loaded
[LM/Restore] Stack and shadow stack metadata loaded (frame count: 7, frame offset: 2888)
[LM/Restore] State restored
[LM/Restore] Initial state has been reconstructed (1785162154181.188965 ms).
[LM/Restore] Enter membrane replay mode (1785162154181.212646 ms)...
[LM/Checkpoint] Migration server completed its tasks (1785162154188.486328 ms)
[LM/Checkpoint] Migration client completed its tasks (1785162154188.496826 ms)
[LM/Restore] State restoration complete (1785162154188.513916 ms).
[LM] Starting migration server on port 8010 in background...
[LM] Migration server started (1785162154188.587402 ms).
[LM/Restore] Re-entering interpreter loop...
[LM/Resume] exec_env=0x5556640571e0 cur_frame=0x55566405c9e0 module_inst=0x555664055a80 function=0x555664056400 prev_frame=0x55566405c8d4 ip=0x7fff83b131f8 (offset=14, is_import=0) 1785162154188.598145 ms
[LM/Resume] New function array base=0x555664055ef0 count=88
[LM/Resume] Took 0.007000 ms to restore application
[LM/Resume] Resuming bytecode function (1785162154188.605957)
[LM] Server waiting for connection on port 8010...
[LM/Restore] Closed side sock fd 5
[LM/Restore] Live migration restored at 1785162154226.373535 ms
[WASM] Iteration 800 | Dirtied 0.30 MB @ offset 239 MB (Integrity: OK)
[WASM] Iteration 900 | Dirtied 0.30 MB @ offset 14 MB (Integrity: OK)
[WASM] Iteration 1000 | Dirtied 0.30 MB @ offset 44 MB (Integrity: OK)
[WASM] Iteration 1100 | Dirtied 0.30 MB @ offset 74 MB (Integrity: OK)
[WASM] Iteration 1200 | Dirtied 0.30 MB @ offset 104 MB (Integrity: OK)
[WASM] Iteration 1300 | Dirtied 0.30 MB @ offset 134 MB (Integrity: OK)
[WASM] Iteration 1400 | Dirtied 0.30 MB @ offset 164 MB (Integrity: OK)
[WASM] Iteration 1500 | Dirtied 0.30 MB @ offset 194 MB (Integrity: OK)
[WASM] Iteration 1600 | Dirtied 0.30 MB @ offset 224 MB (Integrity: OK)
[WASM] Iteration 1700 | Dirtied 0.30 MB @ offset 254 MB (Integrity: OK)
[WASM] Iteration 1800 | Dirtied 0.30 MB @ offset 28 MB (Integrity: OK)
[WASM] Iteration 1900 | Dirtied 0.30 MB @ offset 58 MB (Integrity: OK)
[WASM] Iteration 2000 | Dirtied 0.30 MB @ offset 88 MB (Integrity: OK)
[WASM] Iteration 2100 | Dirtied 0.30 MB @ offset 118 MB (Integrity: OK)
[WASM] Iteration 2200 | Dirtied 0.30 MB @ offset 148 MB (Integrity: OK)
[WASM] Iteration 2300 | Dirtied 0.30 MB @ offset 178 MB (Integrity: OK)
[WASM] Iteration 2400 | Dirtied 0.30 MB @ offset 208 MB (Integrity: OK)
[WASM] Iteration 2500 | Dirtied 0.30 MB @ offset 238 MB (Integrity: OK)
[WASM] Iteration 2600 | Dirtied 0.30 MB @ offset 12 MB (Integrity: OK)
[WASM] Iteration 2700 | Dirtied 0.30 MB @ offset 42 MB (Integrity: OK)
[WASM] Iteration 2800 | Dirtied 0.30 MB @ offset 72 MB (Integrity: OK)
[WASM] Iteration 2900 | Dirtied 0.30 MB @ offset 102 MB (Integrity: OK)
[WASM] Iteration 3000 | Dirtied 0.30 MB @ offset 132 MB (Integrity: OK)
[WASM] Iteration 3100 | Dirtied 0.30 MB @ offset 162 MB (Integrity: OK)
[WASM] Iteration 3200 | Dirtied 0.30 MB @ offset 192 MB (Integrity: OK)
[WASM] Iteration 3300 | Dirtied 0.30 MB @ offset 222 MB (Integrity: OK)
[WASM] Iteration 3400 | Dirtied 0.30 MB @ offset 252 MB (Integrity: OK)
[WASM] Iteration 3500 | Dirtied 0.30 MB @ offset 27 MB (Integrity: OK)
[WASM] Iteration 3600 | Dirtied 0.30 MB @ offset 57 MB (Integrity: OK)
[WASM] Iteration 3700 | Dirtied 0.30 MB @ offset 87 MB (Integrity: OK)
