[LM] Connecting to migration server 192.168.10.11:8010...
[LM Client] Receiving pre-copy chunk...
[LM Client] Receiving pre-copy chunk...
[LM Client] Receiving pre-copy chunk...
[LM Client] Receiving pre-copy chunk...
[LM Client] Receiving pre-copy chunk...
[LM Client] Receiving pre-copy chunk...
[LM Client] Receiving pre-copy chunk...
[LM Client] Receiving pre-copy chunk...
[LM Client] Receiving pre-copy chunk...
[LM Client] Receiving pre-copy chunk...
[LM Client] Receiving pre-copy chunk...
[LM Client] Receiving pre-copy chunk...
[LM Client] Receiving pre-copy chunk...
[LM Client] Receiving pre-copy chunk...
[LM Client] Receiving pre-copy chunk...
[LM Client] Receiving pre-copy chunk...
[LM Client] Receiving pre-copy chunk...
[LM Client] Receiving pre-copy chunk...
[LM Client] Receiving pre-copy chunk...
[LM Client] Receiving pre-copy chunk...
[LM Client] Receiving pre-copy chunk...
[LM Client] Receiving pre-copy chunk...
[LM Client] Receiving pre-copy chunk...
[LM Client] Receiving pre-copy chunk...
[LM Client] Receiving pre-copy chunk...
[LM Client] Receiving pre-copy chunk...
[LM Client] Receiving pre-copy chunk...
[LM Client] Receiving pre-copy chunk...
[LM Client] Receiving pre-copy chunk...
[LM Client] Receiving pre-copy chunk...
[LM Client] Receiving pre-copy chunk...
[LM Client] Receiving pre-copy chunk...
[LM Client] Receiving pre-copy chunk...
[LM Client] Receiving pre-copy chunk...
[LM Client] Receiving pre-copy chunk...
[LM Client] Receiving pre-copy chunk...
[LM Client] Receiving pre-copy chunk...
[LM Client] Receiving pre-copy chunk...
[LM Client] Receiving pre-copy chunk...
[LM Client] Receiving pre-copy chunk...
[LM Client] Receiving pre-copy chunk...
[LM Client] Receiving pre-copy chunk...
[LM Client] Receiving pre-copy chunk...
[LM Client] Receiving pre-copy chunk...
[LM Client] Receiving pre-copy chunk...
[LM Client] Receiving pre-copy chunk...
[LM Client] Receiving pre-copy chunk...
[LM Client] Receiving pre-copy chunk...
[LM Client] Receiving pre-copy chunk...
[LM Client] Receiving pre-copy chunk...
[LM Client] Receiving pre-copy chunk...
[LM Client] Receiving pre-copy chunk...
[LM Client] Receiving pre-copy chunk...
[LM Client] Receiving pre-copy chunk...
[LM Client] Receiving pre-copy chunk...
[LM Client] Receiving pre-copy chunk...
[LM Client] Receiving pre-copy chunk...
[LM Client] Receiving pre-copy chunk...
[LM Client] Receiving pre-copy chunk...
[LM Client] Receiving pre-copy chunk...
[LM Client] Receiving pre-copy chunk...
[LM Client] Receiving pre-copy chunk...
[LM Client] Receiving pre-copy chunk...
[LM Client] Receiving pre-copy chunk...
[LM Client] Receiving pre-copy chunk...
[LM Client] Receiving pre-copy chunk...
[LM Client] Receiving pre-copy chunk...
[LM Client] Receiving pre-copy chunk...
[LM Client] Receiving pre-copy chunk...
[LM Client] Receiving pre-copy chunk...
[LM Client] Receiving pre-copy chunk...
[LM Client] Receiving pre-copy chunk...
[LM Client] Receiving pre-copy chunk...
[LM Client] Receiving pre-copy chunk...
[LM Client] Receiving pre-copy chunk...
[LM Client] Receiving pre-copy chunk...
[LM Client] Receiving pre-copy chunk...
[LM Client] Receiving pre-copy chunk...
[LM Client] Receiving pre-copy chunk...
[LM Client] Receiving pre-copy chunk...
[LM Client] Receiving pre-copy chunk...
[LM Client] Receiving pre-copy chunk...
[LM Client] Receiving pre-copy chunk...
[LM Client] Receiving pre-copy chunk...
[LM Client] Receiving pre-copy chunk...
[LM Client] Receiving pre-copy chunk...
[LM Client] Receiving pre-copy chunk...
[LM Client] Receiving pre-copy chunk...
[LM Client] Receiving pre-copy chunk...
[LM Client] Receiving pre-copy chunk...
[LM Client] Receiving pre-copy chunk...
[LM Client] Receiving pre-copy chunk...
[LM Client] Receiving pre-copy chunk...
[LM Client] Receiving pre-copy chunk...
[LM Client] Receiving pre-copy chunk...
[LM Client] Receiving pre-copy chunk...
[LM Client] Receiving pre-copy chunk...
[LM Client] Receiving pre-copy chunk...
[LM Client] Receiving pre-copy chunk...
[LM Client] Receiving pre-copy chunk...
[LM Client] Pre-copy complete. Proceeding to final handover.
Frame - IP: 14, function_index: 27, func: 0x5555f8d4a400
  frame->ip: 0x7fff8cd431f8
END

Frame - IP: 317, function_index: 17, func: 0x5555f8d4a220
  frame->ip: 0x7fff8cd43003
END

Frame - IP: 75, function_index: 18, func: 0x5555f8d4a250
  frame->ip: 0x7fff8cd43070
END

Frame - IP: 2891, function_index: 10, func: 0x5555f8d4a0d0
  frame->ip: 0x7fff8cd40e87
END

Frame - IP: 114, function_index: 20, func: 0x5555f8d4a2b0
  frame->ip: 0x7fff8cd43116
END

Frame - IP: 52, function_index: 9, func: 0x5555f8d4a0a0
  frame->ip: 0x7fff8cd4029b
END

[LM Client] Migration successfully completed.
[LM] State received and restored.
[LM] Starting migration server on port 8010 in background...
[LM] Re-entering interpreter loop...
[LM/Resume] exec_env=0x5555f8d4b1e0 cur_frame=0x5555f8d4c9c0 module_inst=0x5555f8d49a80 function=0x5555f8d4a400 prev_frame=0x5555f8d4c8b4 ip=0x7fff8cd431f8 (offset=14)
[LM/Resume] new function array base=0x5555f8d49ef0 count=88
[LM/Resume] Took 0.008000 ms to restore application
[LM/Restore] Live migration restored at 1785165718554.898193 ms
[LM] Server waiting for connection on port 8010...
[WASM] Iteration 11000 | Dirtied 1.10 MB @ offset 119 MB (Integrity: OK)
[WASM] Iteration 11100 | Dirtied 1.10 MB @ offset 229 MB (Integrity: OK)
[WASM] Iteration 11200 | Dirtied 1.10 MB @ offset 84 MB (Integrity: OK)
[WASM] Iteration 11300 | Dirtied 1.10 MB @ offset 194 MB (Integrity: OK)
[WASM] Iteration 11400 | Dirtied 1.10 MB @ offset 49 MB (Integrity: OK)
[WASM] Iteration 11500 | Dirtied 1.10 MB @ offset 159 MB (Integrity: OK)
[WASM] Iteration 11600 | Dirtied 1.10 MB @ offset 14 MB (Integrity: OK)
[WASM] Iteration 11700 | Dirtied 1.10 MB @ offset 124 MB (Integrity: OK)
[WASM] Iteration 11800 | Dirtied 1.10 MB @ offset 234 MB (Integrity: OK)
[WASM] Iteration 11900 | Dirtied 1.10 MB @ offset 90 MB (Integrity: OK)
[WASM] Iteration 12000 | Dirtied 1.10 MB @ offset 200 MB (Integrity: OK)
[WASM] Iteration 12100 | Dirtied 1.10 MB @ offset 55 MB (Integrity: OK)
[WASM] Iteration 12200 | Dirtied 1.10 MB @ offset 165 MB (Integrity: OK)
[WASM] Iteration 12300 | Dirtied 1.10 MB @ offset 20 MB (Integrity: OK)
[WASM] Iteration 12400 | Dirtied 1.10 MB @ offset 130 MB (Integrity: OK)
[WASM] Iteration 12500 | Dirtied 1.10 MB @ offset 240 MB (Integrity: OK)
[WASM] Iteration 12600 | Dirtied 1.10 MB @ offset 95 MB (Integrity: OK)
