[LM] Connecting to migration server 192.168.10.11:8010...
[LM Client] Receiving pre-copy chunk...
[LM Client] Receiving pre-copy chunk...
[LM Client] Receiving pre-copy chunk...
[LM Client] Receiving pre-copy chunk...
[LM Client] Receiving pre-copy chunk...
[LM Client] Pre-copy complete. Proceeding to final handover.
Frame - IP: 14, function_index: 27, func: 0x55555bcfa400
  frame->ip: 0x7fff5c0e31f8
END

Frame - IP: 317, function_index: 17, func: 0x55555bcfa220
  frame->ip: 0x7fff5c0e3003
END

Frame - IP: 75, function_index: 18, func: 0x55555bcfa250
  frame->ip: 0x7fff5c0e3070
END

Frame - IP: 2891, function_index: 10, func: 0x55555bcfa0d0
  frame->ip: 0x7fff5c0e0e87
END

Frame - IP: 114, function_index: 20, func: 0x55555bcfa2b0
  frame->ip: 0x7fff5c0e3116
END

Frame - IP: 52, function_index: 9, func: 0x55555bcfa0a0
  frame->ip: 0x7fff5c0e029b
END

[LM Client] Migration successfully completed.
[LM] State received and restored.
[LM] Starting migration server on port 8010 in background...
[LM] Re-entering interpreter loop...
[LM/Resume] exec_env=0x55555bcfb1e0 cur_frame=0x55555bcfc9c0 module_inst=0x55555bcf9a80 function=0x55555bcfa400 prev_frame=0x55555bcfc8b4 ip=0x7fff5c0e31f8 (offset=14)
[LM/Resume] new function array base=0x55555bcf9ef0 count=88
[LM/Resume] Took 0.005000 ms to restore application
[LM/Restore] Live migration restored at 1785162431931.218262 ms
[LM] Server waiting for connection on port 8010...
[WASM] Iteration 1000 | Dirtied 0.50 MB @ offset 244 MB (Integrity: OK)
[WASM] Iteration 1100 | Dirtied 0.50 MB @ offset 39 MB (Integrity: OK)
[WASM] Iteration 1200 | Dirtied 0.50 MB @ offset 89 MB (Integrity: OK)
[WASM] Iteration 1300 | Dirtied 0.50 MB @ offset 139 MB (Integrity: OK)
[WASM] Iteration 1400 | Dirtied 0.50 MB @ offset 189 MB (Integrity: OK)
[WASM] Iteration 1500 | Dirtied 0.50 MB @ offset 239 MB (Integrity: OK)
[WASM] Iteration 1600 | Dirtied 0.50 MB @ offset 33 MB (Integrity: OK)
[WASM] Iteration 1700 | Dirtied 0.50 MB @ offset 83 MB (Integrity: OK)
[WASM] Iteration 1800 | Dirtied 0.50 MB @ offset 133 MB (Integrity: OK)
[WASM] Iteration 1900 | Dirtied 0.50 MB @ offset 183 MB (Integrity: OK)
[WASM] Iteration 2000 | Dirtied 0.50 MB @ offset 233 MB (Integrity: OK)
[WASM] Iteration 2100 | Dirtied 0.50 MB @ offset 28 MB (Integrity: OK)
[WASM] Iteration 2200 | Dirtied 0.50 MB @ offset 78 MB (Integrity: OK)
[WASM] Iteration 2300 | Dirtied 0.50 MB @ offset 128 MB (Integrity: OK)
[WASM] Iteration 2400 | Dirtied 0.50 MB @ offset 178 MB (Integrity: OK)
[WASM] Iteration 2500 | Dirtied 0.50 MB @ offset 228 MB (Integrity: OK)
[WASM] Iteration 2600 | Dirtied 0.50 MB @ offset 22 MB (Integrity: OK)
[WASM] Iteration 2700 | Dirtied 0.50 MB @ offset 72 MB (Integrity: OK)
[WASM] Iteration 2800 | Dirtied 0.50 MB @ offset 122 MB (Integrity: OK)
[WASM] Iteration 2900 | Dirtied 0.50 MB @ offset 172 MB (Integrity: OK)
[WASM] Iteration 3000 | Dirtied 0.50 MB @ offset 222 MB (Integrity: OK)
[WASM] Iteration 3100 | Dirtied 0.50 MB @ offset 17 MB (Integrity: OK)
[WASM] Iteration 3200 | Dirtied 0.50 MB @ offset 67 MB (Integrity: OK)
[WASM] Iteration 3300 | Dirtied 0.50 MB @ offset 117 MB (Integrity: OK)
[WASM] Iteration 3400 | Dirtied 0.50 MB @ offset 167 MB (Integrity: OK)
[WASM] Iteration 3500 | Dirtied 0.50 MB @ offset 217 MB (Integrity: OK)
[WASM] Iteration 3600 | Dirtied 0.50 MB @ offset 11 MB (Integrity: OK)
[WASM] Iteration 3700 | Dirtied 0.50 MB @ offset 61 MB (Integrity: OK)
