[LM] Connecting to migration server 192.168.10.11:8010...
[LM/Restore] Connected to migration server 192.168.10.11:8010
[LM/Restore] Membrane channel connected to 192.168.10.11:8011
[LM/Restore] State metadata loaded
[LM/Restore] Had to enlarge linear memory for migration
[LM/Restore] Linear memory loaded
[LM/Restore] Stack and shadow stack metadata loaded (frame count: 7, frame offset: 2888)
[LM/Restore] State restored
[LM/Restore] Initial state has been reconstructed (1785162375652.325684 ms).
[LM/Restore] Enter membrane replay mode (1785162375652.351562 ms)...
[LM/Checkpoint] Migration server completed its tasks (1785162375659.495605 ms)
[LM/Checkpoint] Migration client completed its tasks (1785162375659.503662 ms)
[LM/Restore] State restoration complete (1785162375659.520752 ms).
[LM] Starting migration server on port 8010 in background...
[LM] Migration server started (1785162375659.594238 ms).
[LM/Restore] Re-entering interpreter loop...
[LM/Resume] exec_env=0x5555b7fe71e0 cur_frame=0x5555b7fec9e0 module_inst=0x5555b7fe5a80 function=0x5555b7fe6400 prev_frame=0x5555b7fec8d4 ip=0x7ffefddd31f8 (offset=14, is_import=0) 1785162375659.604248 ms
[LM/Resume] New function array base=0x5555b7fe5ef0 count=88
[LM/Resume] Took 0.008000 ms to restore application
[LM/Resume] Resuming bytecode function (1785162375659.611572)
[LM] Server waiting for connection on port 8010...
[LM/Restore] Closed side sock fd 5
[LM/Restore] Live migration restored at 1785162375699.310059 ms
[WASM] Iteration 800 | Dirtied 0.50 MB @ offset 144 MB (Integrity: OK)
[WASM] Iteration 900 | Dirtied 0.50 MB @ offset 194 MB (Integrity: OK)
[WASM] Iteration 1000 | Dirtied 0.50 MB @ offset 244 MB (Integrity: OK)
[WASM] Iteration 1100 | Dirtied 0.50 MB @ offset 39 MB (Integrity: OK)
[WASM] Iteration 1200 | Dirtied 0.50 MB @ offset 89 MB (Integrity: OK)
[WASM] Iteration 1300 | Dirtied 0.50 MB @ offset 139 MB (Integrity: OK)
[WASM] Iteration 1400 | Dirtied 0.50 MB @ offset 189 MB (Integrity: OK)
[WASM] Iteration 1500 | Dirtied 0.50 MB @ offset 239 MB (Integrity: OK)
[WASM] Iteration 1600 | Dirtied 0.50 MB @ offset 33 MB (Integrity: OK)
[WASM] Iteration 1700 | Dirtied 0.50 MB @ offset 83 MB (Integrity: OK)
[WASM] Iteration 1800 | Dirtied 0.50 MB @ offset 133 MB (Integrity: OK)
[WASM] Iteration 1900 | Dirtied 0.50 MB @ offset 183 MB (Integrity: OK)
[WASM] Iteration 2000 | Dirtied 0.50 MB @ offset 233 MB (Integrity: OK)
[WASM] Iteration 2100 | Dirtied 0.50 MB @ offset 28 MB (Integrity: OK)
[WASM] Iteration 2200 | Dirtied 0.50 MB @ offset 78 MB (Integrity: OK)
[WASM] Iteration 2300 | Dirtied 0.50 MB @ offset 128 MB (Integrity: OK)
[WASM] Iteration 2400 | Dirtied 0.50 MB @ offset 178 MB (Integrity: OK)
[WASM] Iteration 2500 | Dirtied 0.50 MB @ offset 228 MB (Integrity: OK)
[WASM] Iteration 2600 | Dirtied 0.50 MB @ offset 22 MB (Integrity: OK)
[WASM] Iteration 2700 | Dirtied 0.50 MB @ offset 72 MB (Integrity: OK)
[WASM] Iteration 2800 | Dirtied 0.50 MB @ offset 122 MB (Integrity: OK)
[WASM] Iteration 2900 | Dirtied 0.50 MB @ offset 172 MB (Integrity: OK)
[WASM] Iteration 3000 | Dirtied 0.50 MB @ offset 222 MB (Integrity: OK)
[WASM] Iteration 3100 | Dirtied 0.50 MB @ offset 17 MB (Integrity: OK)
[WASM] Iteration 3200 | Dirtied 0.50 MB @ offset 67 MB (Integrity: OK)
[WASM] Iteration 3300 | Dirtied 0.50 MB @ offset 117 MB (Integrity: OK)
[WASM] Iteration 3400 | Dirtied 0.50 MB @ offset 167 MB (Integrity: OK)
[WASM] Iteration 3500 | Dirtied 0.50 MB @ offset 217 MB (Integrity: OK)
[WASM] Iteration 3600 | Dirtied 0.50 MB @ offset 11 MB (Integrity: OK)
