[LM] Connecting to migration server 192.168.10.11:8010...
[LM Client] Receiving pre-copy chunk...
[LM Client] Receiving pre-copy chunk...
[LM Client] Receiving pre-copy chunk...
[LM Client] Receiving pre-copy chunk...
[LM Client] Receiving pre-copy chunk...
[LM Client] Receiving pre-copy chunk...
[LM Client] Receiving pre-copy chunk...
[LM Client] Receiving pre-copy chunk...
[LM Client] Receiving pre-copy chunk...
[LM Client] Receiving pre-copy chunk...
[LM Client] Pre-copy complete. Proceeding to final handover.
Frame - IP: 14, function_index: 27, func: 0x55558712a400
  frame->ip: 0x7ffef69931f8
END

Frame - IP: 317, function_index: 17, func: 0x55558712a220
  frame->ip: 0x7ffef6993003
END

Frame - IP: 75, function_index: 18, func: 0x55558712a250
  frame->ip: 0x7ffef6993070
END

Frame - IP: 2891, function_index: 10, func: 0x55558712a0d0
  frame->ip: 0x7ffef6990e87
END

Frame - IP: 114, function_index: 20, func: 0x55558712a2b0
  frame->ip: 0x7ffef6993116
END

Frame - IP: 52, function_index: 9, func: 0x55558712a0a0
  frame->ip: 0x7ffef699029b
END

[LM Client] Migration successfully completed.
[LM] State received and restored.
[LM] Starting migration server on port 8010 in background...
[LM] Re-entering interpreter loop...
[LM/Resume] exec_env=0x55558712b1e0 cur_frame=0x55558712c9c0 module_inst=0x555587129a80 function=0x55558712a400 prev_frame=0x55558712c8b4 ip=0x7ffef69931f8 (offset=14)
[LM/Resume] new function array base=0x555587129ef0 count=88
[LM/Resume] Took 0.007000 ms to restore application
[LM/Restore] Live migration restored at 1785162771411.806641 ms
[LM] Server waiting for connection on port 8010...
[WASM] Iteration 1300 | Dirtied 0.80 MB @ offset 19 MB (Integrity: OK)
[WASM] Iteration 1400 | Dirtied 0.80 MB @ offset 99 MB (Integrity: OK)
[WASM] Iteration 1500 | Dirtied 0.80 MB @ offset 179 MB (Integrity: OK)
[WASM] Iteration 1600 | Dirtied 0.80 MB @ offset 3 MB (Integrity: OK)
[WASM] Iteration 1700 | Dirtied 0.80 MB @ offset 83 MB (Integrity: OK)
[WASM] Iteration 1800 | Dirtied 0.80 MB @ offset 163 MB (Integrity: OK)
[WASM] Iteration 1900 | Dirtied 0.80 MB @ offset 243 MB (Integrity: OK)
[WASM] Iteration 2000 | Dirtied 0.80 MB @ offset 68 MB (Integrity: OK)
[WASM] Iteration 2100 | Dirtied 0.80 MB @ offset 148 MB (Integrity: OK)
[WASM] Iteration 2200 | Dirtied 0.80 MB @ offset 228 MB (Integrity: OK)
[WASM] Iteration 2300 | Dirtied 0.80 MB @ offset 53 MB (Integrity: OK)
[WASM] Iteration 2400 | Dirtied 0.80 MB @ offset 133 MB (Integrity: OK)
[WASM] Iteration 2500 | Dirtied 0.80 MB @ offset 213 MB (Integrity: OK)
[WASM] Iteration 2600 | Dirtied 0.80 MB @ offset 38 MB (Integrity: OK)
[WASM] Iteration 2700 | Dirtied 0.80 MB @ offset 118 MB (Integrity: OK)
[WASM] Iteration 2800 | Dirtied 0.80 MB @ offset 198 MB (Integrity: OK)
[WASM] Iteration 2900 | Dirtied 0.80 MB @ offset 23 MB (Integrity: OK)
[WASM] Iteration 3000 | Dirtied 0.80 MB @ offset 103 MB (Integrity: OK)
[WASM] Iteration 3100 | Dirtied 0.80 MB @ offset 183 MB (Integrity: OK)
[WASM] Iteration 3200 | Dirtied 0.80 MB @ offset 7 MB (Integrity: OK)
[WASM] Iteration 3300 | Dirtied 0.80 MB @ offset 87 MB (Integrity: OK)
[WASM] Iteration 3400 | Dirtied 0.80 MB @ offset 167 MB (Integrity: OK)
[WASM] Iteration 3500 | Dirtied 0.80 MB @ offset 247 MB (Integrity: OK)
[WASM] Iteration 3600 | Dirtied 0.80 MB @ offset 72 MB (Integrity: OK)
[WASM] Iteration 3700 | Dirtied 0.80 MB @ offset 152 MB (Integrity: OK)
[WASM] Iteration 3800 | Dirtied 0.80 MB @ offset 232 MB (Integrity: OK)
