[LM] Connecting to migration server 192.168.10.11:8010...
[LM Client] Receiving pre-copy chunk...
[LM Client] Receiving pre-copy chunk...
[LM Client] Receiving pre-copy chunk...
[LM Client] Receiving pre-copy chunk...
[LM Client] Receiving pre-copy chunk...
[LM Client] Receiving pre-copy chunk...
[LM Client] Pre-copy complete. Proceeding to final handover.
Frame - IP: 14, function_index: 27, func: 0x5555d75f2400
  frame->ip: 0x7fffb08631f8
END

Frame - IP: 317, function_index: 17, func: 0x5555d75f2220
  frame->ip: 0x7fffb0863003
END

Frame - IP: 75, function_index: 18, func: 0x5555d75f2250
  frame->ip: 0x7fffb0863070
END

Frame - IP: 2891, function_index: 10, func: 0x5555d75f20d0
  frame->ip: 0x7fffb0860e87
END

Frame - IP: 114, function_index: 20, func: 0x5555d75f22b0
  frame->ip: 0x7fffb0863116
END

Frame - IP: 52, function_index: 9, func: 0x5555d75f20a0
  frame->ip: 0x7fffb086029b
END

[LM Client] Migration successfully completed.
[LM] State received and restored.
[LM] Starting migration server on port 8010 in background...
[LM] Re-entering interpreter loop...
[LM/Resume] exec_env=0x5555d75f31e0 cur_frame=0x5555d75f49c0 module_inst=0x5555d75f1a80 function=0x5555d75f2400 prev_frame=0x5555d75f48b4 ip=0x7fffb08631f8 (offset=14)
[LM/Resume] new function array base=0x5555d75f1ef0 count=88
[LM/Resume] Took 0.006000 ms to restore application
[LM/Restore] Live migration restored at 1785162546587.496826 ms
[LM] Server waiting for connection on port 8010...
[WASM] Iteration 1000 | Dirtied 0.60 MB @ offset 89 MB (Integrity: OK)
[WASM] Iteration 1100 | Dirtied 0.60 MB @ offset 149 MB (Integrity: OK)
[WASM] Iteration 1200 | Dirtied 0.60 MB @ offset 209 MB (Integrity: OK)
[WASM] Iteration 1300 | Dirtied 0.60 MB @ offset 13 MB (Integrity: OK)
[WASM] Iteration 1400 | Dirtied 0.60 MB @ offset 73 MB (Integrity: OK)
[WASM] Iteration 1500 | Dirtied 0.60 MB @ offset 133 MB (Integrity: OK)
[WASM] Iteration 1600 | Dirtied 0.60 MB @ offset 193 MB (Integrity: OK)
[WASM] Iteration 1700 | Dirtied 0.60 MB @ offset 253 MB (Integrity: OK)
[WASM] Iteration 1800 | Dirtied 0.60 MB @ offset 58 MB (Integrity: OK)
[WASM] Iteration 1900 | Dirtied 0.60 MB @ offset 118 MB (Integrity: OK)
[WASM] Iteration 2000 | Dirtied 0.60 MB @ offset 178 MB (Integrity: OK)
[WASM] Iteration 2100 | Dirtied 0.60 MB @ offset 238 MB (Integrity: OK)
[WASM] Iteration 2200 | Dirtied 0.60 MB @ offset 42 MB (Integrity: OK)
[WASM] Iteration 2300 | Dirtied 0.60 MB @ offset 102 MB (Integrity: OK)
[WASM] Iteration 2400 | Dirtied 0.60 MB @ offset 162 MB (Integrity: OK)
[WASM] Iteration 2500 | Dirtied 0.60 MB @ offset 222 MB (Integrity: OK)
[WASM] Iteration 2600 | Dirtied 0.60 MB @ offset 27 MB (Integrity: OK)
[WASM] Iteration 2700 | Dirtied 0.60 MB @ offset 87 MB (Integrity: OK)
[WASM] Iteration 2800 | Dirtied 0.60 MB @ offset 147 MB (Integrity: OK)
[WASM] Iteration 2900 | Dirtied 0.60 MB @ offset 207 MB (Integrity: OK)
[WASM] Iteration 3000 | Dirtied 0.60 MB @ offset 12 MB (Integrity: OK)
[WASM] Iteration 3100 | Dirtied 0.60 MB @ offset 72 MB (Integrity: OK)
[WASM] Iteration 3200 | Dirtied 0.60 MB @ offset 132 MB (Integrity: OK)
[WASM] Iteration 3300 | Dirtied 0.60 MB @ offset 192 MB (Integrity: OK)
[WASM] Iteration 3400 | Dirtied 0.60 MB @ offset 252 MB (Integrity: OK)
[WASM] Iteration 3500 | Dirtied 0.60 MB @ offset 56 MB (Integrity: OK)
[WASM] Iteration 3600 | Dirtied 0.60 MB @ offset 116 MB (Integrity: OK)
