[LM] Connecting to migration server 192.168.10.11:8010...
[LM/Restore] Connected to migration server 192.168.10.11:8010
[LM/Restore] Membrane channel connected to 192.168.10.11:8011
[LM/Restore] State metadata loaded
[LM/Restore] Had to enlarge linear memory for migration
[LM/Restore] Linear memory loaded
[LM/Restore] Stack and shadow stack metadata loaded (frame count: 7, frame offset: 2888)
[LM/Restore] State restored
[LM/Restore] Initial state has been reconstructed (1785165034574.798096 ms).
[LM/Restore] Enter membrane replay mode (1785165034574.822998 ms)...
[LM/Checkpoint] Migration server completed its tasks (1785165034582.007568 ms)
[LM/Checkpoint] Migration client completed its tasks (1785165034582.017334 ms)
[LM/Restore] State restoration complete (1785165034582.039307 ms).
[LM] Starting migration server on port 8010 in background...
[LM] Migration server started (1785165034582.112061 ms).
[LM/Restore] Re-entering interpreter loop...
[LM/Resume] exec_env=0x55560b77b1e0 cur_frame=0x55560b7809e0 module_inst=0x55560b779a80 function=0x55560b77a400 prev_frame=0x55560b7808d4 ip=0x7ffec4cf31f8 (offset=14, is_import=0) 1785165034582.125000 ms
[LM/Resume] New function array base=0x55560b779ef0 count=88
[LM/Resume] Took 0.008000 ms to restore application
[LM/Resume] Resuming bytecode function (1785165034582.132568)
[LM] Server waiting for connection on port 8010...
[LM/Restore] Closed side sock fd 5
[LM/Restore] Live migration restored at 1785165034625.632324 ms
[WASM] Iteration 900 | Dirtied 1.00 MB @ offset 135 MB (Integrity: OK)
[WASM] Iteration 1000 | Dirtied 1.00 MB @ offset 235 MB (Integrity: OK)
[WASM] Iteration 1100 | Dirtied 1.00 MB @ offset 80 MB (Integrity: OK)
[WASM] Iteration 1200 | Dirtied 1.00 MB @ offset 180 MB (Integrity: OK)
[WASM] Iteration 1300 | Dirtied 1.00 MB @ offset 25 MB (Integrity: OK)
[WASM] Iteration 1400 | Dirtied 1.00 MB @ offset 125 MB (Integrity: OK)
[WASM] Iteration 1500 | Dirtied 1.00 MB @ offset 225 MB (Integrity: OK)
[WASM] Iteration 1600 | Dirtied 1.00 MB @ offset 70 MB (Integrity: OK)
[WASM] Iteration 1700 | Dirtied 1.00 MB @ offset 170 MB (Integrity: OK)
[WASM] Iteration 1800 | Dirtied 1.00 MB @ offset 15 MB (Integrity: OK)
[WASM] Iteration 1900 | Dirtied 1.00 MB @ offset 115 MB (Integrity: OK)
[WASM] Iteration 2000 | Dirtied 1.00 MB @ offset 215 MB (Integrity: OK)
[WASM] Iteration 2100 | Dirtied 1.00 MB @ offset 60 MB (Integrity: OK)
[WASM] Iteration 2200 | Dirtied 1.00 MB @ offset 160 MB (Integrity: OK)
[WASM] Iteration 2300 | Dirtied 1.00 MB @ offset 5 MB (Integrity: OK)
[WASM] Iteration 2400 | Dirtied 1.00 MB @ offset 105 MB (Integrity: OK)
[WASM] Iteration 2500 | Dirtied 1.00 MB @ offset 205 MB (Integrity: OK)
[WASM] Iteration 2600 | Dirtied 1.00 MB @ offset 50 MB (Integrity: OK)
[WASM] Iteration 2700 | Dirtied 1.00 MB @ offset 150 MB (Integrity: OK)
[WASM] Iteration 2800 | Dirtied 1.00 MB @ offset 250 MB (Integrity: OK)
[WASM] Iteration 2900 | Dirtied 1.00 MB @ offset 95 MB (Integrity: OK)
[WASM] Iteration 3000 | Dirtied 1.00 MB @ offset 195 MB (Integrity: OK)
[WASM] Iteration 3100 | Dirtied 1.00 MB @ offset 40 MB (Integrity: OK)
[WASM] Iteration 3200 | Dirtied 1.00 MB @ offset 140 MB (Integrity: OK)
[WASM] Iteration 3300 | Dirtied 1.00 MB @ offset 240 MB (Integrity: OK)
[WASM] Iteration 3400 | Dirtied 1.00 MB @ offset 85 MB (Integrity: OK)
[WASM] Iteration 3500 | Dirtied 1.00 MB @ offset 185 MB (Integrity: OK)
[WASM] Iteration 3600 | Dirtied 1.00 MB @ offset 30 MB (Integrity: OK)
[WASM] Iteration 3700 | Dirtied 1.00 MB @ offset 130 MB (Integrity: OK)
[WASM] Iteration 3800 | Dirtied 1.00 MB @ offset 230 MB (Integrity: OK)
[WASM] Iteration 3900 | Dirtied 1.00 MB @ offset 75 MB (Integrity: OK)
[WASM] Iteration 4000 | Dirtied 1.00 MB @ offset 175 MB (Integrity: OK)
[WASM] Iteration 4100 | Dirtied 1.00 MB @ offset 20 MB (Integrity: OK)
[WASM] Iteration 4200 | Dirtied 1.00 MB @ offset 120 MB (Integrity: OK)
[WASM] Iteration 4300 | Dirtied 1.00 MB @ offset 220 MB (Integrity: OK)
[WASM] Iteration 4400 | Dirtied 1.00 MB @ offset 65 MB (Integrity: OK)
[WASM] Iteration 4500 | Dirtied 1.00 MB @ offset 165 MB (Integrity: OK)
[WASM] Iteration 4600 | Dirtied 1.00 MB @ offset 10 MB (Integrity: OK)
[WASM] Iteration 4700 | Dirtied 1.00 MB @ offset 110 MB (Integrity: OK)
[WASM] Iteration 4800 | Dirtied 1.00 MB @ offset 210 MB (Integrity: OK)
[WASM] Iteration 4900 | Dirtied 1.00 MB @ offset 55 MB (Integrity: OK)
[WASM] Iteration 5000 | Dirtied 1.00 MB @ offset 155 MB (Integrity: OK)
[WASM] Iteration 5100 | Dirtied 1.00 MB @ offset 0 MB (Integrity: OK)
[WASM] Iteration 5200 | Dirtied 1.00 MB @ offset 100 MB (Integrity: OK)
[WASM] Iteration 5300 | Dirtied 1.00 MB @ offset 200 MB (Integrity: OK)
[WASM] Iteration 5400 | Dirtied 1.00 MB @ offset 45 MB (Integrity: OK)
[WASM] Iteration 5500 | Dirtied 1.00 MB @ offset 145 MB (Integrity: OK)
[WASM] Iteration 5600 | Dirtied 1.00 MB @ offset 245 MB (Integrity: OK)
[WASM] Iteration 5700 | Dirtied 1.00 MB @ offset 90 MB (Integrity: OK)
[WASM] Iteration 5800 | Dirtied 1.00 MB @ offset 190 MB (Integrity: OK)
[WASM] Iteration 5900 | Dirtied 1.00 MB @ offset 35 MB (Integrity: OK)
[WASM] Iteration 6000 | Dirtied 1.00 MB @ offset 135 MB (Integrity: OK)
[WASM] Iteration 6100 | Dirtied 1.00 MB @ offset 235 MB (Integrity: OK)
[WASM] Iteration 6200 | Dirtied 1.00 MB @ offset 80 MB (Integrity: OK)
[WASM] Iteration 6300 | Dirtied 1.00 MB @ offset 180 MB (Integrity: OK)
[WASM] Iteration 6400 | Dirtied 1.00 MB @ offset 25 MB (Integrity: OK)
[WASM] Iteration 6500 | Dirtied 1.00 MB @ offset 125 MB (Integrity: OK)
[WASM] Iteration 6600 | Dirtied 1.00 MB @ offset 225 MB (Integrity: OK)
[WASM] Iteration 6700 | Dirtied 1.00 MB @ offset 70 MB (Integrity: OK)
