[LM] Connecting to migration server 192.168.10.11:8010...
[LM Client] Receiving pre-copy chunk...
[LM Client] Receiving pre-copy chunk...
[LM Client] Receiving pre-copy chunk...
[LM Client] Receiving pre-copy chunk...
[LM Client] Receiving pre-copy chunk...
[LM Client] Receiving pre-copy chunk...
[LM Client] Receiving pre-copy chunk...
[LM Client] Receiving pre-copy chunk...
[LM Client] Receiving pre-copy chunk...
[LM Client] Receiving pre-copy chunk...
[LM Client] Receiving pre-copy chunk...
[LM Client] Receiving pre-copy chunk...
[LM Client] Receiving pre-copy chunk...
[LM Client] Receiving pre-copy chunk...
[LM Client] Receiving pre-copy chunk...
[LM Client] Receiving pre-copy chunk...
[LM Client] Pre-copy complete. Proceeding to final handover.
Frame - IP: 14, function_index: 27, func: 0x5555b7baa400
  frame->ip: 0x7fff4a4331f8
END

Frame - IP: 317, function_index: 17, func: 0x5555b7baa220
  frame->ip: 0x7fff4a433003
END

Frame - IP: 75, function_index: 18, func: 0x5555b7baa250
  frame->ip: 0x7fff4a433070
END

Frame - IP: 2891, function_index: 10, func: 0x5555b7baa0d0
  frame->ip: 0x7fff4a430e87
END

Frame - IP: 114, function_index: 20, func: 0x5555b7baa2b0
  frame->ip: 0x7fff4a433116
END

Frame - IP: 52, function_index: 9, func: 0x5555b7baa0a0
  frame->ip: 0x7fff4a43029b
END

[LM Client] Migration successfully completed.
[LM] State received and restored.
[LM] Starting migration server on port 8010 in background...
[LM] Re-entering interpreter loop...
[LM/Resume] exec_env=0x5555b7bab1e0 cur_frame=0x5555b7bac9c0 module_inst=0x5555b7ba9a80 function=0x5555b7baa400 prev_frame=0x5555b7bac8b4 ip=0x7fff4a4331f8 (offset=14)
[LM/Resume] new function array base=0x5555b7ba9ef0 count=88
[LM/Resume] Took 0.009000 ms to restore application
[LM/Restore] Live migration restored at 1785162896247.567627 ms
[LM] Server waiting for connection on port 8010...
[WASM] Iteration 2000 | Dirtied 0.90 MB @ offset 14 MB (Integrity: OK)
[WASM] Iteration 2100 | Dirtied 0.90 MB @ offset 104 MB (Integrity: OK)
[WASM] Iteration 2200 | Dirtied 0.90 MB @ offset 194 MB (Integrity: OK)
[WASM] Iteration 2300 | Dirtied 0.90 MB @ offset 29 MB (Integrity: OK)
[WASM] Iteration 2400 | Dirtied 0.90 MB @ offset 119 MB (Integrity: OK)
[WASM] Iteration 2500 | Dirtied 0.90 MB @ offset 209 MB (Integrity: OK)
[WASM] Iteration 2600 | Dirtied 0.90 MB @ offset 44 MB (Integrity: OK)
[WASM] Iteration 2700 | Dirtied 0.90 MB @ offset 134 MB (Integrity: OK)
[WASM] Iteration 2800 | Dirtied 0.90 MB @ offset 224 MB (Integrity: OK)
[WASM] Iteration 2900 | Dirtied 0.90 MB @ offset 58 MB (Integrity: OK)
[WASM] Iteration 3000 | Dirtied 0.90 MB @ offset 148 MB (Integrity: OK)
[WASM] Iteration 3100 | Dirtied 0.90 MB @ offset 238 MB (Integrity: OK)
[WASM] Iteration 3200 | Dirtied 0.90 MB @ offset 73 MB (Integrity: OK)
[WASM] Iteration 3300 | Dirtied 0.90 MB @ offset 163 MB (Integrity: OK)
[WASM] Iteration 3400 | Dirtied 0.90 MB @ offset 253 MB (Integrity: OK)
[WASM] Iteration 3500 | Dirtied 0.90 MB @ offset 88 MB (Integrity: OK)
[WASM] Iteration 3600 | Dirtied 0.90 MB @ offset 178 MB (Integrity: OK)
