[LM] Connecting to migration server 192.168.10.11:8010...
[LM/Restore] Connected to migration server 192.168.10.11:8010
[LM/Restore] Membrane channel connected to 192.168.10.11:8011
[LM/Restore] State metadata loaded
[LM/Restore] Had to enlarge linear memory for migration
[LM/Restore] Linear memory loaded
[LM/Restore] Stack and shadow stack metadata loaded (frame count: 7, frame offset: 2888)
[LM/Restore] State restored
[LM/Restore] Initial state has been reconstructed (1785162039490.009766 ms).
[LM/Restore] Enter membrane replay mode (1785162039490.037354 ms)...
[LM/Checkpoint] Migration server completed its tasks (1785162039497.170410 ms)
[LM/Checkpoint] Migration client completed its tasks (1785162039497.179443 ms)
[LM/Restore] State restoration complete (1785162039497.196045 ms).
[LM] Starting migration server on port 8010 in background...
[LM] Migration server started (1785162039497.277344 ms).
[LM/Restore] Re-entering interpreter loop...
[LM/Resume] exec_env=0x55566f9f71e0 cur_frame=0x55566f9fc9e0 module_inst=0x55566f9f5a80 function=0x55566f9f6400 prev_frame=0x55566f9fc8d4 ip=0x7ffef58231f8 (offset=14, is_import=0) 1785162039497.289062 ms
[LM/Resume] New function array base=0x55566f9f5ef0 count=88
[LM/Resume] Took 0.007000 ms to restore application
[LM/Resume] Resuming bytecode function (1785162039497.297119)
[LM] Server waiting for connection on port 8010...
[LM/Restore] Closed side sock fd 5
[LM/Restore] Live migration restored at 1785162039535.188721 ms
[WASM] Iteration 800 | Dirtied 0.20 MB @ offset 159 MB (Integrity: OK)
[WASM] Iteration 900 | Dirtied 0.20 MB @ offset 179 MB (Integrity: OK)
[WASM] Iteration 1000 | Dirtied 0.20 MB @ offset 199 MB (Integrity: OK)
[WASM] Iteration 1100 | Dirtied 0.20 MB @ offset 219 MB (Integrity: OK)
[WASM] Iteration 1200 | Dirtied 0.20 MB @ offset 239 MB (Integrity: OK)
[WASM] Iteration 1300 | Dirtied 0.20 MB @ offset 4 MB (Integrity: OK)
[WASM] Iteration 1400 | Dirtied 0.20 MB @ offset 24 MB (Integrity: OK)
[WASM] Iteration 1500 | Dirtied 0.20 MB @ offset 44 MB (Integrity: OK)
[WASM] Iteration 1600 | Dirtied 0.20 MB @ offset 64 MB (Integrity: OK)
[WASM] Iteration 1700 | Dirtied 0.20 MB @ offset 84 MB (Integrity: OK)
[WASM] Iteration 1800 | Dirtied 0.20 MB @ offset 104 MB (Integrity: OK)
[WASM] Iteration 1900 | Dirtied 0.20 MB @ offset 124 MB (Integrity: OK)
[WASM] Iteration 2000 | Dirtied 0.20 MB @ offset 144 MB (Integrity: OK)
[WASM] Iteration 2100 | Dirtied 0.20 MB @ offset 164 MB (Integrity: OK)
[WASM] Iteration 2200 | Dirtied 0.20 MB @ offset 184 MB (Integrity: OK)
[WASM] Iteration 2300 | Dirtied 0.20 MB @ offset 204 MB (Integrity: OK)
[WASM] Iteration 2400 | Dirtied 0.20 MB @ offset 224 MB (Integrity: OK)
[WASM] Iteration 2500 | Dirtied 0.20 MB @ offset 244 MB (Integrity: OK)
[WASM] Iteration 2600 | Dirtied 0.20 MB @ offset 8 MB (Integrity: OK)
[WASM] Iteration 2700 | Dirtied 0.20 MB @ offset 28 MB (Integrity: OK)
[WASM] Iteration 2800 | Dirtied 0.20 MB @ offset 48 MB (Integrity: OK)
[WASM] Iteration 2900 | Dirtied 0.20 MB @ offset 68 MB (Integrity: OK)
[WASM] Iteration 3000 | Dirtied 0.20 MB @ offset 88 MB (Integrity: OK)
[WASM] Iteration 3100 | Dirtied 0.20 MB @ offset 108 MB (Integrity: OK)
[WASM] Iteration 3200 | Dirtied 0.20 MB @ offset 128 MB (Integrity: OK)
[WASM] Iteration 3300 | Dirtied 0.20 MB @ offset 148 MB (Integrity: OK)
[WASM] Iteration 3400 | Dirtied 0.20 MB @ offset 168 MB (Integrity: OK)
[WASM] Iteration 3500 | Dirtied 0.20 MB @ offset 188 MB (Integrity: OK)
[WASM] Iteration 3600 | Dirtied 0.20 MB @ offset 208 MB (Integrity: OK)
