[LM] Connecting to migration server 192.168.10.11:8010...
[LM Client] Receiving pre-copy chunk...
[LM Client] Receiving pre-copy chunk...
[LM Client] Pre-copy complete. Proceeding to final handover.
Frame - IP: 14, function_index: 27, func: 0x5555a58b2400
  frame->ip: 0x7ffee82331f8
END

Frame - IP: 317, function_index: 17, func: 0x5555a58b2220
  frame->ip: 0x7ffee8233003
END

Frame - IP: 75, function_index: 18, func: 0x5555a58b2250
  frame->ip: 0x7ffee8233070
END

Frame - IP: 2891, function_index: 10, func: 0x5555a58b20d0
  frame->ip: 0x7ffee8230e87
END

Frame - IP: 114, function_index: 20, func: 0x5555a58b22b0
  frame->ip: 0x7ffee8233116
END

Frame - IP: 52, function_index: 9, func: 0x5555a58b20a0
  frame->ip: 0x7ffee823029b
END

[LM Client] Migration successfully completed.
[LM] State received and restored.
[LM] Starting migration server on port 8010 in background...
[LM] Re-entering interpreter loop...
[LM/Resume] exec_env=0x5555a58b31e0 cur_frame=0x5555a58b49c0 module_inst=0x5555a58b1a80 function=0x5555a58b2400 prev_frame=0x5555a58b48b4 ip=0x7ffee82331f8 (offset=14)
[LM/Resume] new function array base=0x5555a58b1ef0 count=88
[LM/Resume] Took 0.009000 ms to restore application
[LM/Restore] Live migration restored at 1785162098289.661377 ms
[LM] Server waiting for connection on port 8010...
[WASM] Iteration 900 | Dirtied 0.20 MB @ offset 179 MB (Integrity: OK)
[WASM] Iteration 1000 | Dirtied 0.20 MB @ offset 199 MB (Integrity: OK)
[WASM] Iteration 1100 | Dirtied 0.20 MB @ offset 219 MB (Integrity: OK)
[WASM] Iteration 1200 | Dirtied 0.20 MB @ offset 239 MB (Integrity: OK)
[WASM] Iteration 1300 | Dirtied 0.20 MB @ offset 4 MB (Integrity: OK)
[WASM] Iteration 1400 | Dirtied 0.20 MB @ offset 24 MB (Integrity: OK)
[WASM] Iteration 1500 | Dirtied 0.20 MB @ offset 44 MB (Integrity: OK)
[WASM] Iteration 1600 | Dirtied 0.20 MB @ offset 64 MB (Integrity: OK)
[WASM] Iteration 1700 | Dirtied 0.20 MB @ offset 84 MB (Integrity: OK)
[WASM] Iteration 1800 | Dirtied 0.20 MB @ offset 104 MB (Integrity: OK)
[WASM] Iteration 1900 | Dirtied 0.20 MB @ offset 124 MB (Integrity: OK)
[WASM] Iteration 2000 | Dirtied 0.20 MB @ offset 144 MB (Integrity: OK)
[WASM] Iteration 2100 | Dirtied 0.20 MB @ offset 164 MB (Integrity: OK)
[WASM] Iteration 2200 | Dirtied 0.20 MB @ offset 184 MB (Integrity: OK)
[WASM] Iteration 2300 | Dirtied 0.20 MB @ offset 204 MB (Integrity: OK)
[WASM] Iteration 2400 | Dirtied 0.20 MB @ offset 224 MB (Integrity: OK)
[WASM] Iteration 2500 | Dirtied 0.20 MB @ offset 244 MB (Integrity: OK)
[WASM] Iteration 2600 | Dirtied 0.20 MB @ offset 8 MB (Integrity: OK)
[WASM] Iteration 2700 | Dirtied 0.20 MB @ offset 28 MB (Integrity: OK)
[WASM] Iteration 2800 | Dirtied 0.20 MB @ offset 48 MB (Integrity: OK)
[WASM] Iteration 2900 | Dirtied 0.20 MB @ offset 68 MB (Integrity: OK)
[WASM] Iteration 3000 | Dirtied 0.20 MB @ offset 88 MB (Integrity: OK)
[WASM] Iteration 3100 | Dirtied 0.20 MB @ offset 108 MB (Integrity: OK)
[WASM] Iteration 3200 | Dirtied 0.20 MB @ offset 128 MB (Integrity: OK)
[WASM] Iteration 3300 | Dirtied 0.20 MB @ offset 148 MB (Integrity: OK)
[WASM] Iteration 3400 | Dirtied 0.20 MB @ offset 168 MB (Integrity: OK)
[WASM] Iteration 3500 | Dirtied 0.20 MB @ offset 188 MB (Integrity: OK)
[WASM] Iteration 3600 | Dirtied 0.20 MB @ offset 208 MB (Integrity: OK)
[WASM] Iteration 3700 | Dirtied 0.20 MB @ offset 228 MB (Integrity: OK)
[WASM] Iteration 3800 | Dirtied 0.20 MB @ offset 248 MB (Integrity: OK)
