[LM] Connecting to migration server 192.168.10.11:8010...
[LM/Restore] Connected to migration server 192.168.10.11:8010
[LM/Restore] Membrane channel connected to 192.168.10.11:8011
[LM/Restore] State metadata loaded
[LM/Restore] Had to enlarge linear memory for migration
[LM/Restore] Linear memory loaded
[LM/Restore] Stack and shadow stack metadata loaded (frame count: 7, frame offset: 2888)
[LM/Restore] State restored
[LM/Restore] Initial state has been reconstructed (1785676183282.100586 ms).
[LM/Restore] Enter membrane replay mode (1785676183282.123779 ms)...
[LM/Checkpoint] Migration server completed its tasks (1785676183289.349609 ms)
[LM/Checkpoint] Migration client completed its tasks (1785676183289.358643 ms)
[LM/Restore] State restoration complete (1785676183289.375732 ms).
[LM] Starting migration server on port 8010 in background...
[LM] Migration server started (1785676183289.455322 ms).
[LM/Restore] Re-entering interpreter loop...
[LM/Resume] exec_env=0x55558c08f1c0 cur_frame=0x55558c0949c0 module_inst=0x55558c08da80 function=0x55558c08e400 prev_frame=0x55558c0948b4 ip=0x7fff2c6431f8 (offset=14, is_import=0) 1785676183289.464355 ms
[LM/Resume] New function array base=0x55558c08def0 count=88
[LM/Resume] Took 0.006000 ms to restore application
[LM/Resume] Resuming bytecode function (1785676183289.471680)
[LM] Server waiting for connection on port 8010...
[LM/Restore] Closed side sock fd 5
[LM/Restore] Live migration restored at 1785676183329.431885 ms
[WASM] Iteration 800 | Dirtied 0.80 MB @ offset 129 MB (Integrity: OK)
[WASM] Iteration 900 | Dirtied 0.80 MB @ offset 209 MB (Integrity: OK)
[WASM] Iteration 1000 | Dirtied 0.80 MB @ offset 34 MB (Integrity: OK)
[WASM] Iteration 1100 | Dirtied 0.80 MB @ offset 114 MB (Integrity: OK)
