[LM] Connecting to migration server 192.168.10.11:8010...
[LM/Restore] Connected to migration server 192.168.10.11:8010
[LM/Restore] Membrane channel connected to 192.168.10.11:8011
[LM/Restore] State metadata loaded
[LM/Restore] Had to enlarge linear memory for migration
[LM/Restore] Linear memory loaded
[LM/Restore] Stack and shadow stack metadata loaded (frame count: 7, frame offset: 2888)
[LM/Restore] State restored
[LM/Restore] Initial state has been reconstructed (1785675123983.526123 ms).
[LM/Restore] Enter membrane replay mode (1785675123983.550781 ms)...
[LM/Checkpoint] Migration server completed its tasks (1785675123990.857910 ms)
[LM/Checkpoint] Migration client completed its tasks (1785675123990.865967 ms)
[LM/Restore] State restoration complete (1785675123990.883301 ms).
[LM] Starting migration server on port 8010 in background...
[LM] Migration server started (1785675123990.958008 ms).
[LM/Restore] Re-entering interpreter loop...
[LM/Resume] exec_env=0x55559d1e71c0 cur_frame=0x55559d1ec9c0 module_inst=0x55559d1e5a80 function=0x55559d1e6400 prev_frame=0x55559d1ec8b4 ip=0x7ffec5e331f8 (offset=14, is_import=0) 1785675123990.967285 ms
[LM/Resume] New function array base=0x55559d1e5ef0 count=88
[LM/Resume] Took 0.007000 ms to restore application
[LM/Resume] Resuming bytecode function (1785675123990.974365)
[LM] Server waiting for connection on port 8010...
[LM/Restore] Closed side sock fd 5
[LM/Restore] Live migration restored at 1785675124028.770752 ms
[WASM] Iteration 700 | Dirtied 0.30 MB @ offset 209 MB (Integrity: OK)
[WASM] Iteration 800 | Dirtied 0.30 MB @ offset 239 MB (Integrity: OK)
[WASM] Iteration 900 | Dirtied 0.30 MB @ offset 14 MB (Integrity: OK)
[WASM] Iteration 1000 | Dirtied 0.30 MB @ offset 44 MB (Integrity: OK)
