[LM] Connecting to migration server 192.168.10.11:8010...
[LM/Restore] Connected to migration server 192.168.10.11:8010
[LM/Restore] Membrane channel connected to 192.168.10.11:8011
[LM/Restore] State metadata loaded
[LM/Restore] Had to enlarge linear memory for migration
[LM/Restore] Linear memory loaded
[LM/Restore] Stack and shadow stack metadata loaded (frame count: 7, frame offset: 2888)
[LM/Restore] State restored
[LM/Restore] Initial state has been reconstructed (1785674971276.348633 ms).
[LM/Restore] Enter membrane replay mode (1785674971276.375488 ms)...
[LM/Checkpoint] Migration server completed its tasks (1785674971283.902832 ms)
[LM/Checkpoint] Migration client completed its tasks (1785674971283.915039 ms)
[LM/Restore] State restoration complete (1785674971283.935303 ms).
[LM] Starting migration server on port 8010 in background...
[LM] Migration server started (1785674971284.025146 ms).
[LM/Restore] Re-entering interpreter loop...
[LM/Resume] exec_env=0x5555d0e1b1c0 cur_frame=0x5555d0e209c0 module_inst=0x5555d0e19a80 function=0x5555d0e1a400 prev_frame=0x5555d0e208b4 ip=0x7fffabdb31f8 (offset=14, is_import=0) 1785674971284.036377 ms
[LM/Resume] New function array base=0x5555d0e19ef0 count=88
[LM/Resume] Took 0.009000 ms to restore application
[LM/Resume] Resuming bytecode function (1785674971284.046143)
[LM] Server waiting for connection on port 8010...
[LM/Restore] Closed side sock fd 5
[LM/Restore] Live migration restored at 1785674971321.595459 ms
[WASM] Iteration 1000 | Dirtied 0.20 MB @ offset 199 MB (Integrity: OK)
[WASM] Iteration 1100 | Dirtied 0.20 MB @ offset 219 MB (Integrity: OK)
[WASM] Iteration 1200 | Dirtied 0.20 MB @ offset 239 MB (Integrity: OK)
[WASM] Iteration 1300 | Dirtied 0.20 MB @ offset 4 MB (Integrity: OK)
[WASM] Iteration 1400 | Dirtied 0.20 MB @ offset 24 MB (Integrity: OK)
