[LM] Connecting to migration server 192.168.10.11:8010...
[LM/Restore] Connected to migration server 192.168.10.11:8010
[LM/Restore] Membrane channel connected to 192.168.10.11:8011
[LM/Restore] State metadata loaded
[LM/Restore] Had to enlarge linear memory for migration
[LM/Restore] Linear memory loaded
[LM/Restore] Stack and shadow stack metadata loaded (frame count: 7, frame offset: 2888)
[LM/Restore] State restored
[LM/Restore] Initial state has been reconstructed (1785675928018.551270 ms).
[LM/Restore] Enter membrane replay mode (1785675928018.574707 ms)...
[LM/Checkpoint] Migration server completed its tasks (1785675928025.904785 ms)
[LM/Checkpoint] Migration client completed its tasks (1785675928025.913574 ms)
[LM/Restore] State restoration complete (1785675928025.931396 ms).
[LM] Starting migration server on port 8010 in background...
[LM] Migration server started (1785675928026.015869 ms).
[LM/Restore] Re-entering interpreter loop...
[LM/Resume] exec_env=0x5556891d31c0 cur_frame=0x5556891d89c0 module_inst=0x5556891d1a80 function=0x5556891d2400 prev_frame=0x5556891d88b4 ip=0x7fff036a31f8 (offset=14, is_import=0) 1785675928026.030762 ms
[LM/Resume] New function array base=0x5556891d1ef0 count=88
[LM/Resume] Took 0.007000 ms to restore application
[LM/Resume] Resuming bytecode function (1785675928026.038330)
[LM] Server waiting for connection on port 8010...
[LM/Restore] Closed side sock fd 5
[LM/Restore] Live migration restored at 1785675928065.676758 ms
[WASM] Iteration 700 | Dirtied 0.70 MB @ offset 234 MB (Integrity: OK)
[WASM] Iteration 800 | Dirtied 0.70 MB @ offset 49 MB (Integrity: OK)
[WASM] Iteration 900 | Dirtied 0.70 MB @ offset 119 MB (Integrity: OK)
[WASM] Iteration 1000 | Dirtied 0.70 MB @ offset 189 MB (Integrity: OK)
[WASM] Iteration 1100 | Dirtied 0.70 MB @ offset 4 MB (Integrity: OK)
