[LM] Starting migration server on port 8010 in background...
[LM] Migration server started (1785674833897.832031 ms).
[LM] Server waiting for connection on port 8010...
[WASM] Options: Allocating 256 MB | Rate: 10 MB/s | Step: 10 ms (0.10 MB/iter)
[WASM] Writing initial test patterns to all 256 MB of pages...
[WASM] Memory initialized. Starting loop with 10 MB updates per second...
[WASM] Iteration 0 | Dirtied 0.10 MB @ offset 0 MB (Integrity: OK)
[WASM] Iteration 100 | Dirtied 0.10 MB @ offset 9 MB (Integrity: OK)
[WASM] Iteration 200 | Dirtied 0.10 MB @ offset 19 MB (Integrity: OK)
[WASM] Iteration 300 | Dirtied 0.10 MB @ offset 29 MB (Integrity: OK)
[WASM] Iteration 400 | Dirtied 0.10 MB @ offset 39 MB (Integrity: OK)
[WASM] Iteration 500 | Dirtied 0.10 MB @ offset 49 MB (Integrity: OK)
[LM] Client connected. Migration is initiated (1785674839119.919678 ms)...
[LM/Checkpoint] Server waiting for membrane connection on port 8011...
[LM/Checkpoint] Membrane channel connected on port 8011
[LM/Checkpoint] Sync all to frame at opcode=10 (next=41)
CHECK: frame 0x5555b10649c0, frame->ip 65
[LM/Checkpoint] Memory snapshot captured after 4.226074 ms
[LM/Checkpoint] Phase 1.1: Sending state metadata...
[LM/Checkpoint] Memory metadata transmitted after 0.036621 ms
[LM/Checkpoint] Phase 1.2: Sending initial bulk memory (256 MB)...
[LM/Checkpoint] Main interpreter thread halted for 0.144000 ms
[WASM] Iteration 600 | Dirtied 0.10 MB @ offset 59 MB (Integrity: OK)
[WASM] Iteration 700 | Dirtied 0.10 MB @ offset 69 MB (Integrity: OK)
[LM/Checkpoint] Linear memory transmitted after 2315.562256 ms
[LM/Checkpoint] Wrote stack and shadow stack frames to stream (frame count: 7, frame offset: 2888)
[LM/Checkpoint] Frames transmitted after 0.009033 ms
[LM/Checkpoint] Capturing the UDP state took 0.002000 ms (fd: 0, port: 0)
[LM/Checkpoint] Initial full linear memory handover duration 88.457000 ms
[LM/Checkpoint] Flushing 0 bytes of buffered membrane events...
[LM/Checkpoint] Received 0xEOF_RECONSTRUCT, halting execution for final handover (1785674841485.256836 ms)...
[LM/Checkpoint] Migration server completed its tasks
[LM/Checkpoint] Initial membrane chunk transmitted after 37.921387 ms
[LM/Checkpoint] Trying to converge membrane replay log...
[LM/Checkpoint] Converged naturally! Lag: 37 events (10.523193 ms).
[LM/Checkpoint] Migration client completed its tasks
[LM/Checkpoint] Migration completed in 2388.455078 ms
[LM/Checkpoint] Live migration completed at 1785674841523.047852 ms.
[LM/Checkpoint] Closing migration connections...
[LM/Checkpoint] Closed all migration connections!
