[LM] Connecting to migration server 192.168.10.11:8010...
[LM/Restore] Connected to migration server 192.168.10.11:8010
[LM/Restore] Membrane channel connected to 192.168.10.11:8011
[LM/Restore] State metadata loaded
[LM/Restore] Had to enlarge linear memory for migration
[LM/Restore] Linear memory loaded
[LM/Restore] Stack and shadow stack metadata loaded (frame count: 7, frame offset: 2888)
[LM/Restore] State restored
[LM/Restore] Initial state has been reconstructed (1785675700387.530273 ms).
[LM/Restore] Enter membrane replay mode (1785675700387.554932 ms)...
[LM/Checkpoint] Migration server completed its tasks (1785675700394.879395 ms)
[LM/Checkpoint] Migration client completed its tasks (1785675700394.887939 ms)
[LM/Restore] State restoration complete (1785675700394.904785 ms).
[LM] Starting migration server on port 8010 in background...
[LM] Migration server started (1785675700394.984863 ms).
[LM/Restore] Re-entering interpreter loop...
[LM/Resume] exec_env=0x5555d39131c0 cur_frame=0x5555d39189c0 module_inst=0x5555d3911a80 function=0x5555d3912400 prev_frame=0x5555d39188b4 ip=0x7ffed42c31f8 (offset=14, is_import=0) 1785675700394.996826 ms
[LM/Resume] New function array base=0x5555d3911ef0 count=88
[LM/Resume] Took 0.009000 ms to restore application
[LM/Resume] Resuming bytecode function (1785675700395.005615)
[LM] Server waiting for connection on port 8010...
[LM/Restore] Closed side sock fd 5
[LM/Restore] Live migration restored at 1785675700433.017090 ms
[WASM] Iteration 900 | Dirtied 0.60 MB @ offset 29 MB (Integrity: OK)
[WASM] Iteration 1000 | Dirtied 0.60 MB @ offset 89 MB (Integrity: OK)
[WASM] Iteration 1100 | Dirtied 0.60 MB @ offset 149 MB (Integrity: OK)
