[LM] Connecting to migration server 192.168.10.11:8010...
[LM/Restore] Connected to migration server 192.168.10.11:8010
[LM/Restore] Membrane channel connected to 192.168.10.11:8011
[LM/Restore] State metadata loaded
[LM/Restore] Had to enlarge linear memory for migration
[LM/Restore] Linear memory loaded
[LM/Restore] Stack and shadow stack metadata loaded (frame count: 7, frame offset: 2888)
[LM/Restore] State restored
[LM/Restore] Initial state has been reconstructed (1785675295447.772949 ms).
[LM/Restore] Enter membrane replay mode (1785675295447.795654 ms)...
[LM/Checkpoint] Migration server completed its tasks (1785675295454.987793 ms)
[LM/Checkpoint] Migration client completed its tasks (1785675295454.998535 ms)
[LM/Restore] State restoration complete (1785675295455.017578 ms).
[LM] Starting migration server on port 8010 in background...
[LM] Migration server started (1785675295455.092773 ms).
[LM/Restore] Re-entering interpreter loop...
[LM/Resume] exec_env=0x55562056b1c0 cur_frame=0x5556205709c0 module_inst=0x555620569a80 function=0x55562056a400 prev_frame=0x5556205708b4 ip=0x7fff382d31f8 (offset=14, is_import=0) 1785675295455.101562 ms
[LM/Resume] New function array base=0x555620569ef0 count=88
[LM/Resume] Took 0.007000 ms to restore application
[LM/Resume] Resuming bytecode function (1785675295455.109619)
[LM] Server waiting for connection on port 8010...
[LM/Restore] Closed side sock fd 5
[LM/Restore] Live migration restored at 1785675295493.179443 ms
[WASM] Iteration 800 | Dirtied 0.40 MB @ offset 64 MB (Integrity: OK)
[WASM] Iteration 900 | Dirtied 0.40 MB @ offset 104 MB (Integrity: OK)
[WASM] Iteration 1000 | Dirtied 0.40 MB @ offset 144 MB (Integrity: OK)
[WASM] Iteration 1100 | Dirtied 0.40 MB @ offset 184 MB (Integrity: OK)
[WASM] Iteration 1200 | Dirtied 0.40 MB @ offset 224 MB (Integrity: OK)
[WASM] Iteration 1300 | Dirtied 0.40 MB @ offset 8 MB (Integrity: OK)
[WASM] Iteration 1400 | Dirtied 0.40 MB @ offset 48 MB (Integrity: OK)
