[LM] Starting migration server on port 8010 in background...
[LM] Migration server started (1785677807869.938232 ms).
[LM] Server waiting for connection on port 8010...
[WASM] Options: Allocating 256 MB | Rate: 140 MB/s | Step: 10 ms (1.40 MB/iter)
[WASM] Writing initial test patterns to all 256 MB of pages...
[WASM] Memory initialized. Starting loop with 140 MB updates per second...
[WASM] Iteration 0 | Dirtied 1.40 MB @ offset 0 MB (Integrity: OK)
[WASM] Iteration 100 | Dirtied 1.40 MB @ offset 139 MB (Integrity: OK)
[WASM] Iteration 200 | Dirtied 1.40 MB @ offset 25 MB (Integrity: OK)
[WASM] Iteration 300 | Dirtied 1.40 MB @ offset 165 MB (Integrity: OK)
[WASM] Iteration 400 | Dirtied 1.40 MB @ offset 50 MB (Integrity: OK)
[WASM] Iteration 500 | Dirtied 1.40 MB @ offset 190 MB (Integrity: OK)
[WASM] Iteration 600 | Dirtied 1.40 MB @ offset 76 MB (Integrity: OK)
[LM] Client connected. Migration is initiated (1785677815094.820068 ms)...
[LM/Checkpoint] Server waiting for membrane connection on port 8011...
[WASM] Iteration 700 | Dirtied 1.40 MB @ offset 216 MB (Integrity: OK)
[LM/Checkpoint] Membrane channel connected on port 8011
[LM/Checkpoint] Sync all to frame at opcode=10 (next=41)
CHECK: frame 0x5556284909c0, frame->ip 65
[LM/Checkpoint] Memory snapshot captured after 7.396240 ms
[LM/Checkpoint] Phase 1.1: Sending state metadata...
[LM/Checkpoint] Memory metadata transmitted after 0.036865 ms
[LM/Checkpoint] Phase 1.2: Sending initial bulk memory (256 MB)...
[LM/Checkpoint] Main interpreter thread halted for 1.016000 ms
[WASM] Iteration 800 | Dirtied 1.40 MB @ offset 101 MB (Integrity: OK)
[WASM] Iteration 900 | Dirtied 1.40 MB @ offset 241 MB (Integrity: OK)
[LM/Checkpoint] Linear memory transmitted after 2315.740234 ms
[LM/Checkpoint] Wrote stack and shadow stack frames to stream (frame count: 7, frame offset: 2888)
[LM/Checkpoint] Frames transmitted after 0.023193 ms
[LM/Checkpoint] Capturing the UDP state took 0.003000 ms (fd: 0, port: 0)
[LM/Checkpoint] Initial full linear memory handover duration 144.754000 ms
[LM/Checkpoint] Flushing 0 bytes of buffered membrane events...
[LM/Checkpoint] Received 0xEOF_RECONSTRUCT, halting execution for final handover (1785677817456.022461 ms)...
[LM/Checkpoint] Migration server completed its tasks
[LM/Checkpoint] Initial membrane chunk transmitted after 30.836182 ms
[LM/Checkpoint] Trying to converge membrane replay log...
[LM/Checkpoint] Converged naturally! Lag: 33 events (24.946777 ms).
[LM/Checkpoint] Migration client completed its tasks
[LM/Checkpoint] Migration completed in 2399.177734 ms
[LM/Checkpoint] Live migration completed at 1785677817508.575195 ms.
[LM/Checkpoint] Closing migration connections...
[LM/Checkpoint] Closed all migration connections!
