[LM] Connecting to migration server 192.168.10.11:8010...
[LM/Restore] Connected to migration server 192.168.10.11:8010
[LM/Restore] Membrane channel connected to 192.168.10.11:8011
[LM/Restore] State metadata loaded
[LM/Restore] Had to enlarge linear memory for migration
[LM/Restore] Linear memory loaded
[LM/Restore] Stack and shadow stack metadata loaded (frame count: 7, frame offset: 2888)
[LM/Restore] State restored
[LM/Restore] Initial state has been reconstructed (1785677817479.389160 ms).
[LM/Restore] Enter membrane replay mode (1785677817479.416016 ms)...
[LM/Checkpoint] Migration server completed its tasks (1785677817486.551514 ms)
[LM/Checkpoint] Migration client completed its tasks (1785677817486.560059 ms)
[LM/Restore] State restoration complete (1785677817486.579102 ms).
[LM] Starting migration server on port 8010 in background...
[LM] Migration server started (1785677817486.654053 ms).
[LM/Restore] Re-entering interpreter loop...
[LM/Resume] exec_env=0x5555e8aa71c0 cur_frame=0x5555e8aac9c0 module_inst=0x5555e8aa5a80 function=0x5555e8aa6400 prev_frame=0x5555e8aac8b4 ip=0x7fff594631f8 (offset=14, is_import=0) 1785677817486.668213 ms
[LM/Resume] New function array base=0x5555e8aa5ef0 count=88
[LM/Resume] Took 0.009000 ms to restore application
[LM/Resume] Resuming bytecode function (1785677817486.677490)
[LM] Server waiting for connection on port 8010...
[LM/Restore] Closed side sock fd 5
[LM/Restore] Live migration restored at 1785677817539.010010 ms
[WASM] Iteration 1000 | Dirtied 1.40 MB @ offset 126 MB (Integrity: OK)
[WASM] Iteration 1100 | Dirtied 1.40 MB @ offset 12 MB (Integrity: OK)
[WASM] Iteration 1200 | Dirtied 1.40 MB @ offset 152 MB (Integrity: OK)
[WASM] Iteration 1300 | Dirtied 1.40 MB @ offset 37 MB (Integrity: OK)
[WASM] Iteration 1400 | Dirtied 1.40 MB @ offset 177 MB (Integrity: OK)
