[LM] Starting migration server on port 8010 in background...
[LM] Migration server started (1785677595539.435791 ms).
[LM] Server waiting for connection on port 8010...
[WASM] Options: Allocating 256 MB | Rate: 130 MB/s | Step: 10 ms (1.30 MB/iter)
[WASM] Writing initial test patterns to all 256 MB of pages...
[WASM] Memory initialized. Starting loop with 130 MB updates per second...
[WASM] Iteration 0 | Dirtied 1.30 MB @ offset 0 MB (Integrity: OK)
[WASM] Iteration 100 | Dirtied 1.30 MB @ offset 129 MB (Integrity: OK)
[WASM] Iteration 200 | Dirtied 1.30 MB @ offset 5 MB (Integrity: OK)
[WASM] Iteration 300 | Dirtied 1.30 MB @ offset 135 MB (Integrity: OK)
[WASM] Iteration 400 | Dirtied 1.30 MB @ offset 10 MB (Integrity: OK)
[LM] Client connected. Migration is initiated (1785677599699.142822 ms)...
[LM/Checkpoint] Server waiting for membrane connection on port 8011...
[LM/Checkpoint] Membrane channel connected on port 8011
[LM/Checkpoint] Sync all to frame at opcode=10 (next=41)
CHECK: frame 0x5556659149c0, frame->ip 65
[LM/Checkpoint] Memory snapshot captured after 7.376221 ms
[LM/Checkpoint] Phase 1.1: Sending state metadata...
[LM/Checkpoint] Memory metadata transmitted after 0.024658 ms
[LM/Checkpoint] Phase 1.2: Sending initial bulk memory (256 MB)...
[LM/Checkpoint] Main interpreter thread halted for 0.989000 ms
[WASM] Iteration 500 | Dirtied 1.30 MB @ offset 140 MB (Integrity: OK)
[WASM] Iteration 600 | Dirtied 1.30 MB @ offset 15 MB (Integrity: OK)
[LM/Checkpoint] Linear memory transmitted after 2308.482910 ms
[LM/Checkpoint] Wrote stack and shadow stack frames to stream (frame count: 7, frame offset: 2888)
[LM/Checkpoint] Frames transmitted after 0.020996 ms
[LM/Checkpoint] Capturing the UDP state took 0.002000 ms (fd: 0, port: 0)
[LM/Checkpoint] Initial full linear memory handover duration 133.153000 ms
[LM/Checkpoint] Flushing 0 bytes of buffered membrane events...
[LM/Checkpoint] Received 0xEOF_RECONSTRUCT, halting execution for final handover (1785677602060.390625 ms)...
[LM/Checkpoint] Migration server completed its tasks
[LM/Checkpoint] Initial membrane chunk transmitted after 37.792725 ms
[LM/Checkpoint] Trying to converge membrane replay log...
[LM/Checkpoint] Converged naturally! Lag: 33 events (22.738770 ms).
[LM/Checkpoint] Migration client completed its tasks
[LM/Checkpoint] Migration completed in 2396.621826 ms
[LM/Checkpoint] Live migration completed at 1785677602110.473145 ms.
[LM/Checkpoint] Closing migration connections...
[LM/Checkpoint] Closed all migration connections!
