[LM] Connecting to migration server 192.168.10.11:8010...
[LM/Restore] Connected to migration server 192.168.10.11:8010
[LM/Restore] Membrane channel connected to 192.168.10.11:8011
[LM/Restore] State metadata loaded
[LM/Restore] Had to enlarge linear memory for migration
[LM/Restore] Linear memory loaded
[LM/Restore] Stack and shadow stack metadata loaded (frame count: 7, frame offset: 2888)
[LM/Restore] State restored
[LM/Restore] Initial state has been reconstructed (1785677395264.951416 ms).
[LM/Restore] Enter membrane replay mode (1785677395264.984863 ms)...
[LM/Checkpoint] Migration server completed its tasks (1785677395272.163574 ms)
[LM/Checkpoint] Migration client completed its tasks (1785677395272.173828 ms)
[LM/Restore] State restoration complete (1785677395272.193604 ms).
[LM] Starting migration server on port 8010 in background...
[LM] Migration server started (1785677395272.270264 ms).
[LM/Restore] Re-entering interpreter loop...
[LM/Resume] exec_env=0x5555fd8531c0 cur_frame=0x5555fd8589c0 module_inst=0x5555fd851a80 function=0x5555fd852400 prev_frame=0x5555fd8588b4 ip=0x7fff147b31f8 (offset=14, is_import=0) 1785677395272.282959 ms
[LM/Resume] New function array base=0x5555fd851ef0 count=88
[LM/Resume] Took 0.009000 ms to restore application
[LM/Resume] Resuming bytecode function (1785677395272.291260)
[LM] Server waiting for connection on port 8010...
[LM/Restore] Closed side sock fd 5
[LM/Restore] Live migration restored at 1785677395319.230469 ms
[WASM] Iteration 900 | Dirtied 1.20 MB @ offset 60 MB (Integrity: OK)
[WASM] Iteration 1000 | Dirtied 1.20 MB @ offset 180 MB (Integrity: OK)
[WASM] Iteration 1100 | Dirtied 1.20 MB @ offset 45 MB (Integrity: OK)
[WASM] Iteration 1200 | Dirtied 1.20 MB @ offset 165 MB (Integrity: OK)
