[LM] Connecting to migration server 192.168.10.11:8010...
[LM/Restore] Connected to migration server 192.168.10.11:8010
[LM/Restore] Membrane channel connected to 192.168.10.11:8011
[LM/Restore] State metadata loaded
[LM/Restore] Had to enlarge linear memory for migration
[LM/Restore] Linear memory loaded
[LM/Restore] Stack and shadow stack metadata loaded (frame count: 7, frame offset: 2888)
[LM/Restore] State restored
[LM/Restore] Initial state has been reconstructed (1785681040935.630615 ms).
[LM/Restore] Enter membrane replay mode (1785681040935.653809 ms)...
[LM/Checkpoint] Migration server completed its tasks (1785681040942.802246 ms)
[LM/Checkpoint] Migration client completed its tasks (1785681040942.812256 ms)
[LM/Restore] State restoration complete (1785681040942.829834 ms).
[LM] Starting migration server on port 8010 in background...
[LM] Migration server started (1785681040942.903564 ms).
[LM/Restore] Re-entering interpreter loop...
[LM/Resume] exec_env=0x555640e071c0 cur_frame=0x555640e0c9c0 module_inst=0x555640e05a80 function=0x555640e06400 prev_frame=0x555640e0c8b4 ip=0x7fff80e131f8 (offset=14, is_import=0) 1785681040942.916016 ms
[LM/Resume] New function array base=0x555640e05ef0 count=88
[LM/Resume] Took 0.007000 ms to restore application
[LM/Resume] Resuming bytecode function (1785681040942.924072)
[LM] Server waiting for connection on port 8010...
[LM/Restore] Closed side sock fd 5
[LM/Restore] Live migration restored at 1785681040995.080566 ms
[WASM] Iteration 800 | Dirtied 1.40 MB @ offset 101 MB (Integrity: OK)
[WASM] Iteration 900 | Dirtied 1.40 MB @ offset 241 MB (Integrity: OK)
[WASM] Iteration 1000 | Dirtied 1.40 MB @ offset 126 MB (Integrity: OK)
