[LM] Connecting to migration server 192.168.10.11:8010...
[LM/Restore] Connected to migration server 192.168.10.11:8010
[LM/Restore] Membrane channel connected to 192.168.10.11:8011
[LM/Restore] State metadata loaded
[LM/Restore] Had to enlarge linear memory for migration
[LM/Restore] Linear memory loaded
[LM/Restore] Stack and shadow stack metadata loaded (frame count: 7, frame offset: 2888)
[LM/Restore] State restored
[LM/Restore] Initial state has been reconstructed (1785678339525.762451 ms).
[LM/Restore] Enter membrane replay mode (1785678339525.785889 ms)...
[LM/Checkpoint] Migration server completed its tasks (1785678339532.887695 ms)
[LM/Checkpoint] Migration client completed its tasks (1785678339532.898193 ms)
[LM/Restore] State restoration complete (1785678339532.916748 ms).
[LM] Starting migration server on port 8010 in background...
[LM] Migration server started (1785678339532.993652 ms).
[LM/Restore] Re-entering interpreter loop...
[LM/Resume] exec_env=0x5555b93771c0 cur_frame=0x5555b937c9c0 module_inst=0x5555b9375a80 function=0x5555b9376400 prev_frame=0x5555b937c8b4 ip=0x7fff676e31f8 (offset=14, is_import=0) 1785678339533.008301 ms
[LM/Resume] New function array base=0x5555b9375ef0 count=88
[LM/Resume] Took 0.009000 ms to restore application
[LM/Resume] Resuming bytecode function (1785678339533.018311)
[LM] Server waiting for connection on port 8010...
[LM/Restore] Closed side sock fd 5
[LM/Restore] Live migration restored at 1785678339570.999756 ms
[WASM] Iteration 1000 | Dirtied 0.30 MB @ offset 44 MB (Integrity: OK)
[WASM] Iteration 1100 | Dirtied 0.30 MB @ offset 74 MB (Integrity: OK)
[WASM] Iteration 1200 | Dirtied 0.30 MB @ offset 104 MB (Integrity: OK)
[WASM] Iteration 1300 | Dirtied 0.30 MB @ offset 134 MB (Integrity: OK)
[WASM] Iteration 1400 | Dirtied 0.30 MB @ offset 164 MB (Integrity: OK)
