[LM] Connecting to migration server 192.168.10.11:8010...
[LM/Restore] Connected to migration server 192.168.10.11:8010
[LM/Restore] Membrane channel connected to 192.168.10.11:8011
[LM/Restore] State metadata loaded
[LM/Restore] Had to enlarge linear memory for migration
[LM/Restore] Linear memory loaded
[LM/Restore] Stack and shadow stack metadata loaded (frame count: 7, frame offset: 2888)
[LM/Restore] State restored
[LM/Restore] Initial state has been reconstructed (1785678920189.552734 ms).
[LM/Restore] Enter membrane replay mode (1785678920189.588867 ms)...
[LM/Checkpoint] Migration server completed its tasks (1785678920196.616455 ms)
[LM/Checkpoint] Migration client completed its tasks (1785678920196.625244 ms)
[LM/Restore] State restoration complete (1785678920196.642578 ms).
[LM] Starting migration server on port 8010 in background...
[LM] Migration server started (1785678920196.725098 ms).
[LM/Restore] Re-entering interpreter loop...
[LM/Resume] exec_env=0x55566ce071c0 cur_frame=0x55566ce0c9c0 module_inst=0x55566ce05a80 function=0x55566ce06400 prev_frame=0x55566ce0c8b4 ip=0x7ffec18c31f8 (offset=14, is_import=0) 1785678920196.735840 ms
[LM/Resume] New function array base=0x55566ce05ef0 count=88
[LM/Resume] Took 0.006000 ms to restore application
[LM/Resume] Resuming bytecode function (1785678920196.743652)
[LM] Server waiting for connection on port 8010...
[LM/Restore] Closed side sock fd 5
[LM/Restore] Live migration restored at 1785678920234.601318 ms
[WASM] Iteration 700 | Dirtied 0.60 MB @ offset 164 MB (Integrity: OK)
[WASM] Iteration 800 | Dirtied 0.60 MB @ offset 224 MB (Integrity: OK)
[WASM] Iteration 900 | Dirtied 0.60 MB @ offset 29 MB (Integrity: OK)
[WASM] Iteration 1000 | Dirtied 0.60 MB @ offset 89 MB (Integrity: OK)
