[LM] Connecting to migration server 192.168.10.11:8010...
[LM/Restore] Connected to migration server 192.168.10.11:8010
[LM/Restore] Membrane channel connected to 192.168.10.11:8011
[LM/Restore] State metadata loaded
[LM/Restore] Had to enlarge linear memory for migration
[LM/Restore] Linear memory loaded
[LM/Restore] Stack and shadow stack metadata loaded (frame count: 7, frame offset: 2888)
[LM/Restore] State restored
[LM/Restore] Initial state has been reconstructed (1785679683844.642578 ms).
[LM/Restore] Enter membrane replay mode (1785679683844.674561 ms)...
[LM/Checkpoint] Migration server completed its tasks (1785679683851.965820 ms)
[LM/Checkpoint] Migration client completed its tasks (1785679683851.976318 ms)
[LM/Restore] State restoration complete (1785679683851.993408 ms).
[LM] Starting migration server on port 8010 in background...
[LM] Migration server started (1785679683852.067383 ms).
[LM/Restore] Re-entering interpreter loop...
[LM/Resume] exec_env=0x5555934671c0 cur_frame=0x55559346c9c0 module_inst=0x555593465a80 function=0x555593466400 prev_frame=0x55559346c8b4 ip=0x7fffb9d531f8 (offset=14, is_import=0) 1785679683852.078613 ms
[LM/Resume] New function array base=0x555593465ef0 count=88
[LM/Resume] Took 0.009000 ms to restore application
[LM/Resume] Resuming bytecode function (1785679683852.087158)
[LM] Server waiting for connection on port 8010...
[LM/Restore] Closed side sock fd 5
[LM/Restore] Live migration restored at 1785679683892.175781 ms
[WASM] Iteration 800 | Dirtied 0.90 MB @ offset 209 MB (Integrity: OK)
[WASM] Iteration 900 | Dirtied 0.90 MB @ offset 44 MB (Integrity: OK)
[WASM] Iteration 1000 | Dirtied 0.90 MB @ offset 134 MB (Integrity: OK)
[WASM] Iteration 1100 | Dirtied 0.90 MB @ offset 224 MB (Integrity: OK)
