[LM] Connecting to migration server 192.168.10.11:8010...
[LM/Restore] Connected to migration server 192.168.10.11:8010
[LM/Restore] Membrane channel connected to 192.168.10.11:8011
[LM/Restore] State metadata loaded
[LM/Restore] Had to enlarge linear memory for migration
[LM/Restore] Linear memory loaded
[LM/Restore] Stack and shadow stack metadata loaded (frame count: 7, frame offset: 2888)
[LM/Restore] State restored
[LM/Restore] Initial state has been reconstructed (1785678517577.093018 ms).
[LM/Restore] Enter membrane replay mode (1785678517577.118164 ms)...
[LM/Checkpoint] Migration server completed its tasks (1785678517584.236816 ms)
[LM/Checkpoint] Migration client completed its tasks (1785678517584.246338 ms)
[LM/Restore] State restoration complete (1785678517584.263916 ms).
[LM] Starting migration server on port 8010 in background...
[LM] Migration server started (1785678517584.337158 ms).
[LM/Restore] Re-entering interpreter loop...
[LM/Resume] exec_env=0x55564ee771c0 cur_frame=0x55564ee7c9c0 module_inst=0x55564ee75a80 function=0x55564ee76400 prev_frame=0x55564ee7c8b4 ip=0x7ffed3a831f8 (offset=14, is_import=0) 1785678517584.346191 ms
[LM/Resume] New function array base=0x55564ee75ef0 count=88
[LM/Resume] Took 0.008000 ms to restore application
[LM/Resume] Resuming bytecode function (1785678517584.353760)
[LM] Server waiting for connection on port 8010...
[LM/Restore] Closed side sock fd 5
[LM/Restore] Live migration restored at 1785678517622.333008 ms
[WASM] Iteration 800 | Dirtied 0.40 MB @ offset 64 MB (Integrity: OK)
[WASM] Iteration 900 | Dirtied 0.40 MB @ offset 104 MB (Integrity: OK)
[WASM] Iteration 1000 | Dirtied 0.40 MB @ offset 144 MB (Integrity: OK)
[WASM] Iteration 1100 | Dirtied 0.40 MB @ offset 184 MB (Integrity: OK)
[WASM] Iteration 1200 | Dirtied 0.40 MB @ offset 224 MB (Integrity: OK)
