[LM] Connecting to migration server 192.168.10.11:8010...
[LM/Restore] Connected to migration server 192.168.10.11:8010
[LM/Restore] Membrane channel connected to 192.168.10.11:8011
[LM/Restore] State metadata loaded
[LM/Restore] Had to enlarge linear memory for migration
[LM/Restore] Linear memory loaded
[LM/Restore] Stack and shadow stack metadata loaded (frame count: 5, frame offset: 2456)
[LM/Restore] State restored
[LM/Restore] Initial state has been reconstructed (1785680289633.250977 ms).
[LM/Restore] Enter membrane replay mode (1785680289633.276367 ms)...
[LM/Checkpoint] Migration server completed its tasks (1785680289640.342285 ms)
[LM/Checkpoint] Migration client completed its tasks (1785680289640.354492 ms)
[LM/Restore] State restoration complete (1785680289640.371826 ms).
[LM] Starting migration server on port 8010 in background...
[LM] Migration server started (1785680289640.444092 ms).
[LM/Restore] Re-entering interpreter loop...
[LM/Resume] exec_env=0x55567768f1c0 cur_frame=0x555677694810 module_inst=0x55567768da80 function=0x55567768edc0 prev_frame=0x55567769409c ip=0x7fff6fe17e63 (offset=18, is_import=0) 1785680289640.455078 ms
[LM/Resume] New function array base=0x55567768def0 count=88
[LM/Resume] Took 0.009000 ms to restore application
[LM/Resume] Resuming bytecode function (1785680289640.464600)
[LM] Server waiting for connection on port 8010...
[LM/Restore] Closed side sock fd 5
[LM/Restore] Live migration restored at 1785680289685.734863 ms
[WASM] Iteration 800 | Dirtied 1.10 MB @ offset 115 MB (Integrity: OK)
[WASM] Iteration 900 | Dirtied 1.10 MB @ offset 225 MB (Integrity: OK)
[WASM] Iteration 1000 | Dirtied 1.10 MB @ offset 80 MB (Integrity: OK)
