[LM] Connecting to migration server 192.168.10.11:8010...
[LM/Restore] Connected to migration server 192.168.10.11:8010
[LM/Restore] Membrane channel connected to 192.168.10.11:8011
[LM/Restore] State metadata loaded
[LM/Restore] Had to enlarge linear memory for migration
[LM/Restore] Linear memory loaded
[LM/Restore] Stack and shadow stack metadata loaded (frame count: 7, frame offset: 2888)
[LM/Restore] State restored
[LM/Restore] Initial state has been reconstructed (1785678181590.901855 ms).
[LM/Restore] Enter membrane replay mode (1785678181590.927246 ms)...
[LM/Checkpoint] Migration server completed its tasks (1785678181598.407227 ms)
[LM/Checkpoint] Migration client completed its tasks (1785678181598.416504 ms)
[LM/Restore] State restoration complete (1785678181598.436035 ms).
[LM] Starting migration server on port 8010 in background...
[LM] Migration server started (1785678181598.518799 ms).
[LM/Restore] Re-entering interpreter loop...
[LM/Resume] exec_env=0x5555d144f1c0 cur_frame=0x5555d14549c0 module_inst=0x5555d144da80 function=0x5555d144e400 prev_frame=0x5555d14548b4 ip=0x7ffface031f8 (offset=14, is_import=0) 1785678181598.528564 ms
[LM/Resume] New function array base=0x5555d144def0 count=88
[LM/Resume] Took 0.007000 ms to restore application
[LM/Resume] Resuming bytecode function (1785678181598.536865)
[LM] Server waiting for connection on port 8010...
[LM/Restore] Closed side sock fd 5
[LM/Restore] Live migration restored at 1785678181636.531738 ms
[WASM] Iteration 800 | Dirtied 0.20 MB @ offset 159 MB (Integrity: OK)
[WASM] Iteration 900 | Dirtied 0.20 MB @ offset 179 MB (Integrity: OK)
[WASM] Iteration 1000 | Dirtied 0.20 MB @ offset 199 MB (Integrity: OK)
[WASM] Iteration 1100 | Dirtied 0.20 MB @ offset 219 MB (Integrity: OK)
[WASM] Iteration 1200 | Dirtied 0.20 MB @ offset 239 MB (Integrity: OK)
[WASM] Iteration 1300 | Dirtied 0.20 MB @ offset 4 MB (Integrity: OK)
