[LM] Connecting to migration server 192.168.10.11:8010...
[LM/Restore] Connected to migration server 192.168.10.11:8010
[LM/Restore] Membrane channel connected to 192.168.10.11:8011
[LM/Restore] State metadata loaded
[LM/Restore] Had to enlarge linear memory for migration
[LM/Restore] Linear memory loaded
[LM/Restore] Stack and shadow stack metadata loaded (frame count: 7, frame offset: 2888)
[LM/Restore] State restored
[LM/Restore] Initial state has been reconstructed (1785680822686.474609 ms).
[LM/Restore] Enter membrane replay mode (1785680822686.512939 ms)...
[LM/Checkpoint] Migration server completed its tasks (1785680822693.652588 ms)
[LM/Checkpoint] Migration client completed its tasks (1785680822693.660889 ms)
[LM/Restore] State restoration complete (1785680822693.678955 ms).
[LM] Starting migration server on port 8010 in background...
[LM] Migration server started (1785680822693.753418 ms).
[LM/Restore] Re-entering interpreter loop...
[LM/Resume] exec_env=0x55566d8cf1c0 cur_frame=0x55566d8d49c0 module_inst=0x55566d8cda80 function=0x55566d8ce400 prev_frame=0x55566d8d48b4 ip=0x7fff787c31f8 (offset=14, is_import=0) 1785680822693.762695 ms
[LM/Resume] New function array base=0x55566d8cdef0 count=88
[LM/Resume] Took 0.007000 ms to restore application
[LM/Resume] Resuming bytecode function (1785680822693.770020)
[LM] Server waiting for connection on port 8010...
[LM/Restore] Closed side sock fd 5
[LM/Restore] Live migration restored at 1785680822743.369629 ms
[WASM] Iteration 700 | Dirtied 1.30 MB @ offset 145 MB (Integrity: OK)
[WASM] Iteration 800 | Dirtied 1.30 MB @ offset 21 MB (Integrity: OK)
[WASM] Iteration 900 | Dirtied 1.30 MB @ offset 151 MB (Integrity: OK)
[WASM] Iteration 1000 | Dirtied 1.30 MB @ offset 26 MB (Integrity: OK)
