[LM] Connecting to migration server 192.168.10.11:8010...
[LM/Restore] Connected to migration server 192.168.10.11:8010
[LM/Restore] Membrane channel connected to 192.168.10.11:8011
[LM/Restore] State metadata loaded
[LM/Restore] Had to enlarge linear memory for migration
[LM/Restore] Linear memory loaded
[LM/Restore] Stack and shadow stack metadata loaded (frame count: 7, frame offset: 2888)
[LM/Restore] State restored
[LM/Restore] Initial state has been reconstructed (1785678047965.210449 ms).
[LM/Restore] Enter membrane replay mode (1785678047965.245361 ms)...
[LM/Checkpoint] Migration server completed its tasks (1785678047972.471436 ms)
[LM/Checkpoint] Migration client completed its tasks (1785678047972.482422 ms)
[LM/Restore] State restoration complete (1785678047972.507080 ms).
[LM] Starting migration server on port 8010 in background...
[LM] Migration server started (1785678047972.586670 ms).
[LM/Restore] Re-entering interpreter loop...
[LM/Resume] exec_env=0x5555c08c71c0 cur_frame=0x5555c08cc9c0 module_inst=0x5555c08c5a80 function=0x5555c08c6400 prev_frame=0x5555c08cc8b4 ip=0x7fff6c5e31f8 (offset=14, is_import=0) 1785678047972.595215 ms
[LM/Resume] New function array base=0x5555c08c5ef0 count=88
[LM/Resume] Took 0.006000 ms to restore application
[LM/Resume] Resuming bytecode function (1785678047972.602783)
[LM] Server waiting for connection on port 8010...
[LM/Restore] Closed side sock fd 5
[LM/Restore] Live migration restored at 1785678048010.251953 ms
[WASM] Iteration 1000 | Dirtied 0.10 MB @ offset 99 MB (Integrity: OK)
[WASM] Iteration 1100 | Dirtied 0.10 MB @ offset 109 MB (Integrity: OK)
[WASM] Iteration 1200 | Dirtied 0.10 MB @ offset 119 MB (Integrity: OK)
[WASM] Iteration 1300 | Dirtied 0.10 MB @ offset 129 MB (Integrity: OK)
