[LM] Connecting to migration server 192.168.10.11:8010...
[LM/Restore] Connected to migration server 192.168.10.11:8010
[LM/Restore] Membrane channel connected to 192.168.10.11:8011
[LM/Restore] State metadata loaded
[LM/Restore] Had to enlarge linear memory for migration
[LM/Restore] Linear memory loaded
[LM/Restore] Stack and shadow stack metadata loaded (frame count: 7, frame offset: 2888)
[LM/Restore] State restored
[LM/Restore] Initial state has been reconstructed (1785679150545.526367 ms).
[LM/Restore] Enter membrane replay mode (1785679150545.550781 ms)...
[LM/Checkpoint] Migration server completed its tasks (1785679150552.967773 ms)
[LM/Checkpoint] Migration client completed its tasks (1785679150552.976318 ms)
[LM/Restore] State restoration complete (1785679150552.993652 ms).
[LM] Starting migration server on port 8010 in background...
[LM] Migration server started (1785679150553.076660 ms).
[LM/Restore] Re-entering interpreter loop...
[LM/Resume] exec_env=0x5556842d31c0 cur_frame=0x5556842d89c0 module_inst=0x5556842d1a80 function=0x5556842d2400 prev_frame=0x5556842d88b4 ip=0x7ffeffe031f8 (offset=14, is_import=0) 1785679150553.086426 ms
[LM/Resume] New function array base=0x5556842d1ef0 count=88
[LM/Resume] Took 0.008000 ms to restore application
[LM/Resume] Resuming bytecode function (1785679150553.094727)
[LM] Server waiting for connection on port 8010...
[LM/Restore] Closed side sock fd 5
[LM/Restore] Live migration restored at 1785679150593.688965 ms
[WASM] Iteration 800 | Dirtied 0.70 MB @ offset 49 MB (Integrity: OK)
[WASM] Iteration 900 | Dirtied 0.70 MB @ offset 119 MB (Integrity: OK)
[WASM] Iteration 1000 | Dirtied 0.70 MB @ offset 189 MB (Integrity: OK)
[WASM] Iteration 1100 | Dirtied 0.70 MB @ offset 4 MB (Integrity: OK)
