[LM] Connecting to migration server 192.168.10.11:8010...
[LM/Restore] Connected to migration server 192.168.10.11:8010
[LM/Restore] Membrane channel connected to 192.168.10.11:8011
[LM/Restore] State metadata loaded
[LM/Restore] Had to enlarge linear memory for migration
[LM/Restore] Linear memory loaded
[LM/Restore] Stack and shadow stack metadata loaded (frame count: 7, frame offset: 2888)
[LM/Restore] State restored
[LM/Restore] Initial state has been reconstructed (1785678712002.236084 ms).
[LM/Restore] Enter membrane replay mode (1785678712002.261963 ms)...
[LM/Checkpoint] Migration server completed its tasks (1785678712009.438232 ms)
[LM/Checkpoint] Migration client completed its tasks (1785678712009.447021 ms)
[LM/Restore] State restoration complete (1785678712009.464111 ms).
[LM] Starting migration server on port 8010 in background...
[LM] Migration server started (1785678712009.542480 ms).
[LM/Restore] Re-entering interpreter loop...
[LM/Resume] exec_env=0x5555c124b1c0 cur_frame=0x5555c12509c0 module_inst=0x5555c1249a80 function=0x5555c124a400 prev_frame=0x5555c12508b4 ip=0x7ffec17c31f8 (offset=14, is_import=0) 1785678712009.551758 ms
[LM/Resume] New function array base=0x5555c1249ef0 count=88
[LM/Resume] Took 0.006000 ms to restore application
[LM/Resume] Resuming bytecode function (1785678712009.558594)
[LM] Server waiting for connection on port 8010...
[LM/Restore] Closed side sock fd 5
[LM/Restore] Live migration restored at 1785678712047.442871 ms
[WASM] Iteration 800 | Dirtied 0.50 MB @ offset 144 MB (Integrity: OK)
[WASM] Iteration 900 | Dirtied 0.50 MB @ offset 194 MB (Integrity: OK)
[WASM] Iteration 1000 | Dirtied 0.50 MB @ offset 244 MB (Integrity: OK)
