[LM] Connecting to migration server 192.168.10.11:8010...
[LM/Restore] Connected to migration server 192.168.10.11:8010
[LM/Restore] Membrane channel connected to 192.168.10.11:8011
[LM/Restore] State metadata loaded
[LM/Restore] Had to enlarge linear memory for migration
[LM/Restore] Linear memory loaded
[LM/Restore] Stack and shadow stack metadata loaded (frame count: 7, frame offset: 2888)
[LM/Restore] State restored
[LM/Restore] Initial state has been reconstructed (1785683185360.709229 ms).
[LM/Restore] Enter membrane replay mode (1785683185360.733154 ms)...
[LM/Checkpoint] Migration server completed its tasks (1785683185368.056396 ms)
[LM/Checkpoint] Migration client completed its tasks (1785683185368.064697 ms)
[LM/Restore] State restoration complete (1785683185368.082764 ms).
[LM] Starting migration server on port 8010 in background...
[LM] Migration server started (1785683185368.162598 ms).
[LM/Restore] Re-entering interpreter loop...
[LM/Resume] exec_env=0x5555cf9731c0 cur_frame=0x5555cf9789c0 module_inst=0x5555cf971a80 function=0x5555cf972400 prev_frame=0x5555cf9788b4 ip=0x7ffec63231f8 (offset=14, is_import=0) 1785683185368.172363 ms
[LM/Resume] New function array base=0x5555cf971ef0 count=88
[LM/Resume] Took 0.007000 ms to restore application
[LM/Resume] Resuming bytecode function (1785683185368.179688)
[LM] Server waiting for connection on port 8010...
[LM/Restore] Closed side sock fd 5
[LM/Restore] Live migration restored at 1785683185411.666504 ms
[WASM] Iteration 700 | Dirtied 1.00 MB @ offset 190 MB (Integrity: OK)
[WASM] Iteration 800 | Dirtied 1.00 MB @ offset 35 MB (Integrity: OK)
[WASM] Iteration 900 | Dirtied 1.00 MB @ offset 135 MB (Integrity: OK)
[WASM] Iteration 1000 | Dirtied 1.00 MB @ offset 235 MB (Integrity: OK)
