[LM] Starting migration server on port 8010 in background...
[LM] Migration server started (1785681914841.832520 ms).
[LM] Server waiting for connection on port 8010...
[WASM] Options: Allocating 256 MB | Rate: 50 MB/s | Step: 10 ms (0.50 MB/iter)
[WASM] Writing initial test patterns to all 256 MB of pages...
[WASM] Memory initialized. Starting loop with 50 MB updates per second...
[WASM] Iteration 0 | Dirtied 0.50 MB @ offset 0 MB (Integrity: OK)
[WASM] Iteration 100 | Dirtied 0.50 MB @ offset 50 MB (Integrity: OK)
[WASM] Iteration 200 | Dirtied 0.50 MB @ offset 100 MB (Integrity: OK)
[WASM] Iteration 300 | Dirtied 0.50 MB @ offset 150 MB (Integrity: OK)
[WASM] Iteration 400 | Dirtied 0.50 MB @ offset 200 MB (Integrity: OK)
[WASM] Iteration 500 | Dirtied 0.50 MB @ offset 250 MB (Integrity: OK)
[LM] Client connected. Migration is initiated (1785681920012.935059 ms)...
[LM/Checkpoint] Server waiting for membrane connection on port 8011...
[LM/Checkpoint] Membrane channel connected on port 8011
[LM/Checkpoint] Sync all to frame at opcode=10 (next=41)
CHECK: frame 0x5555c90ec9c0, frame->ip 65
[LM/Checkpoint] Memory snapshot captured after 10.545898 ms
[LM/Checkpoint] Phase 1.1: Sending state metadata...
[LM/Checkpoint] Memory metadata transmitted after 0.034912 ms
[LM/Checkpoint] Phase 1.2: Sending initial bulk memory (256 MB)...
[LM/Checkpoint] Main interpreter thread halted for 0.044000 ms
[WASM] Iteration 600 | Dirtied 0.50 MB @ offset 44 MB (Integrity: OK)
[WASM] Iteration 700 | Dirtied 0.50 MB @ offset 94 MB (Integrity: OK)
[LM/Checkpoint] Linear memory transmitted after 2317.839844 ms
[LM/Checkpoint] Wrote stack and shadow stack frames to stream (frame count: 7, frame offset: 2888)
[LM/Checkpoint] Frames transmitted after 0.018311 ms
[LM/Checkpoint] Capturing the UDP state took 0.002000 ms (fd: 0, port: 0)
[LM/Checkpoint] Initial full linear memory handover duration 111.127000 ms
[LM/Checkpoint] Flushing 0 bytes of buffered membrane events...
[LM/Checkpoint] Received 0xEOF_RECONSTRUCT, halting execution for final handover (1785681922377.842529 ms)...
[LM/Checkpoint] Migration server completed its tasks
[LM/Checkpoint] Initial membrane chunk transmitted after 29.092773 ms
[LM/Checkpoint] Trying to converge membrane replay log...
[LM/Checkpoint] Converged naturally! Lag: 35 events (10.542236 ms).
[LM/Checkpoint] Migration client completed its tasks
[LM/Checkpoint] Migration completed in 2388.254883 ms
[LM/Checkpoint] Live migration completed at 1785681922415.795654 ms.
[LM/Checkpoint] Closing migration connections...
[LM/Checkpoint] Closed all migration connections!
