[LM] Connecting to migration server 192.168.10.11:8010...
[LM/Restore] Connected to migration server 192.168.10.11:8010
[LM/Restore] Membrane channel connected to 192.168.10.11:8011
[LM/Restore] State metadata loaded
[LM/Restore] Had to enlarge linear memory for migration
[LM/Restore] Linear memory loaded
[LM/Restore] Stack and shadow stack metadata loaded (frame count: 7, frame offset: 2888)
[LM/Restore] State restored
[LM/Restore] Initial state has been reconstructed (1785683495749.380127 ms).
[LM/Restore] Enter membrane replay mode (1785683495749.403076 ms)...
[LM/Checkpoint] Migration server completed its tasks (1785683495756.974365 ms)
[LM/Checkpoint] Migration client completed its tasks (1785683495756.984619 ms)
[LM/Restore] State restoration complete (1785683495757.002686 ms).
[LM] Starting migration server on port 8010 in background...
[LM] Migration server started (1785683495757.082520 ms).
[LM/Restore] Re-entering interpreter loop...
[LM/Resume] exec_env=0x55556d25b1c0 cur_frame=0x55556d2609c0 module_inst=0x55556d259a80 function=0x55556d25a400 prev_frame=0x55556d2608b4 ip=0x7fff69f131f8 (offset=14, is_import=0) 1785683495757.092529 ms
[LM/Resume] New function array base=0x55556d259ef0 count=88
[LM/Resume] Took 0.007000 ms to restore application
[LM/Resume] Resuming bytecode function (1785683495757.099854)
[LM] Server waiting for connection on port 8010...
[LM/Restore] Closed side sock fd 5
[LM/Restore] Live migration restored at 1785683495802.741699 ms
[WASM] Iteration 700 | Dirtied 1.10 MB @ offset 5 MB (Integrity: OK)
[WASM] Iteration 800 | Dirtied 1.10 MB @ offset 115 MB (Integrity: OK)
[WASM] Iteration 900 | Dirtied 1.10 MB @ offset 225 MB (Integrity: OK)
[WASM] Iteration 1000 | Dirtied 1.10 MB @ offset 80 MB (Integrity: OK)
