[LM] Starting migration server on port 8010 in background...
[LM] Migration server started (1785681721946.165527 ms).
[LM] Server waiting for connection on port 8010...
[WASM] Options: Allocating 256 MB | Rate: 40 MB/s | Step: 10 ms (0.40 MB/iter)
[WASM] Writing initial test patterns to all 256 MB of pages...
[WASM] Memory initialized. Starting loop with 40 MB updates per second...
[WASM] Iteration 0 | Dirtied 0.40 MB @ offset 0 MB (Integrity: OK)
[WASM] Iteration 100 | Dirtied 0.40 MB @ offset 39 MB (Integrity: OK)
[WASM] Iteration 200 | Dirtied 0.40 MB @ offset 79 MB (Integrity: OK)
[WASM] Iteration 300 | Dirtied 0.40 MB @ offset 119 MB (Integrity: OK)
[WASM] Iteration 400 | Dirtied 0.40 MB @ offset 159 MB (Integrity: OK)
[WASM] Iteration 500 | Dirtied 0.40 MB @ offset 199 MB (Integrity: OK)
[WASM] Iteration 600 | Dirtied 0.40 MB @ offset 239 MB (Integrity: OK)
[LM] Client connected. Migration is initiated (1785681728106.297852 ms)...
[LM/Checkpoint] Server waiting for membrane connection on port 8011...
[LM/Checkpoint] Membrane channel connected on port 8011
[LM/Checkpoint] Sync all to frame at opcode=10 (next=41)
CHECK: frame 0x5555b47109c0, frame->ip 65
[LM/Checkpoint] Memory snapshot captured after 7.390137 ms
[LM/Checkpoint] Phase 1.1: Sending state metadata...
[LM/Checkpoint] Memory metadata transmitted after 0.040771 ms
[LM/Checkpoint] Phase 1.2: Sending initial bulk memory (256 MB)...
[LM/Checkpoint] Main interpreter thread halted for 0.945000 ms
[WASM] Iteration 700 | Dirtied 0.40 MB @ offset 24 MB (Integrity: OK)
[WASM] Iteration 800 | Dirtied 0.40 MB @ offset 64 MB (Integrity: OK)
[LM/Checkpoint] Linear memory transmitted after 2315.470459 ms
[LM/Checkpoint] Wrote stack and shadow stack frames to stream (frame count: 7, frame offset: 2888)
[LM/Checkpoint] Frames transmitted after 0.008789 ms
[LM/Checkpoint] Capturing the UDP state took 0.002000 ms (fd: 0, port: 0)
[LM/Checkpoint] Initial full linear memory handover duration 100.737000 ms
[LM/Checkpoint] Flushing 0 bytes of buffered membrane events...
[LM/Checkpoint] Received 0xEOF_RECONSTRUCT, halting execution for final handover (1785681730469.004150 ms)...
[LM/Checkpoint] Migration server completed its tasks
[LM/Checkpoint] Initial membrane chunk transmitted after 32.644775 ms
[LM/Checkpoint] Trying to converge membrane replay log...
[LM/Checkpoint] Converged naturally! Lag: 35 events (10.529785 ms).
[LM/Checkpoint] Migration client completed its tasks
[LM/Checkpoint] Migration completed in 2386.262939 ms
[LM/Checkpoint] Live migration completed at 1785681730507.160400 ms.
[LM/Checkpoint] Closing migration connections...
[LM/Checkpoint] Closed all migration connections!
