[LM] Connecting to migration server 192.168.10.11:8010...
[LM/Restore] Connected to migration server 192.168.10.11:8010
[LM/Restore] Membrane channel connected to 192.168.10.11:8011
[LM/Restore] State metadata loaded
[LM/Restore] Had to enlarge linear memory for migration
[LM/Restore] Linear memory loaded
[LM/Restore] Stack and shadow stack metadata loaded (frame count: 7, frame offset: 2888)
[LM/Restore] State restored
[LM/Restore] Initial state has been reconstructed (1785681556977.819824 ms).
[LM/Restore] Enter membrane replay mode (1785681556977.853760 ms)...
[LM/Checkpoint] Migration server completed its tasks (1785681556984.797119 ms)
[LM/Checkpoint] Migration client completed its tasks (1785681556984.807373 ms)
[LM/Restore] State restoration complete (1785681556984.825928 ms).
[LM] Starting migration server on port 8010 in background...
[LM] Migration server started (1785681556984.903809 ms).
[LM/Restore] Re-entering interpreter loop...
[LM/Resume] exec_env=0x5555c093b1c0 cur_frame=0x5555c09409c0 module_inst=0x5555c0939a80 function=0x5555c093a400 prev_frame=0x5555c09408b4 ip=0x7fff104731f8 (offset=14, is_import=0) 1785681556984.917725 ms
[LM/Resume] New function array base=0x5555c0939ef0 count=88
[LM/Resume] Took 0.008000 ms to restore application
[LM/Resume] Resuming bytecode function (1785681556984.926514)
[LM] Server waiting for connection on port 8010...
[LM/Restore] Closed side sock fd 5
[LM/Restore] Live migration restored at 1785681557022.678467 ms
[WASM] Iteration 1000 | Dirtied 0.30 MB @ offset 44 MB (Integrity: OK)
[WASM] Iteration 1100 | Dirtied 0.30 MB @ offset 74 MB (Integrity: OK)
[WASM] Iteration 1200 | Dirtied 0.30 MB @ offset 104 MB (Integrity: OK)
[WASM] Iteration 1300 | Dirtied 0.30 MB @ offset 134 MB (Integrity: OK)
