[LM] Connecting to migration server 192.168.10.11:8010...
[LM/Restore] Connected to migration server 192.168.10.11:8010
[LM/Restore] Membrane channel connected to 192.168.10.11:8011
[LM/Restore] State metadata loaded
[LM/Restore] Had to enlarge linear memory for migration
[LM/Restore] Linear memory loaded
[LM/Restore] Stack and shadow stack metadata loaded (frame count: 7, frame offset: 2888)
[LM/Restore] State restored
[LM/Restore] Initial state has been reconstructed (1785682131107.908936 ms).
[LM/Restore] Enter membrane replay mode (1785682131107.934082 ms)...
[LM/Checkpoint] Migration server completed its tasks (1785682131115.248535 ms)
[LM/Checkpoint] Migration client completed its tasks (1785682131115.256592 ms)
[LM/Restore] State restoration complete (1785682131115.274414 ms).
[LM] Starting migration server on port 8010 in background...
[LM] Migration server started (1785682131115.357910 ms).
[LM/Restore] Re-entering interpreter loop...
[LM/Resume] exec_env=0x55558b7c71c0 cur_frame=0x55558b7cc9c0 module_inst=0x55558b7c5a80 function=0x55558b7c6400 prev_frame=0x55558b7cc8b4 ip=0x7fff764c31f8 (offset=14, is_import=0) 1785682131115.369385 ms
[LM/Resume] New function array base=0x55558b7c5ef0 count=88
[LM/Resume] Took 0.008000 ms to restore application
[LM/Resume] Resuming bytecode function (1785682131115.378174)
[LM] Server waiting for connection on port 8010...
[LM/Restore] Closed side sock fd 5
[LM/Restore] Live migration restored at 1785682131153.107422 ms
[WASM] Iteration 1000 | Dirtied 0.60 MB @ offset 89 MB (Integrity: OK)
[WASM] Iteration 1100 | Dirtied 0.60 MB @ offset 149 MB (Integrity: OK)
[WASM] Iteration 1200 | Dirtied 0.60 MB @ offset 209 MB (Integrity: OK)
[WASM] Iteration 1300 | Dirtied 0.60 MB @ offset 13 MB (Integrity: OK)
[WASM] Iteration 1400 | Dirtied 0.60 MB @ offset 73 MB (Integrity: OK)
