[LM] Connecting to migration server 192.168.10.11:8010...
[LM/Restore] Connected to migration server 192.168.10.11:8010
[LM/Restore] Membrane channel connected to 192.168.10.11:8011
[LM/Restore] State metadata loaded
[LM/Restore] Had to enlarge linear memory for migration
[LM/Restore] Linear memory loaded
[LM/Restore] Stack and shadow stack metadata loaded (frame count: 7, frame offset: 2888)
[LM/Restore] State restored
[LM/Restore] Initial state has been reconstructed (1785682620312.119873 ms).
[LM/Restore] Enter membrane replay mode (1785682620312.145508 ms)...
[LM/Checkpoint] Migration server completed its tasks (1785682620319.493896 ms)
[LM/Checkpoint] Migration client completed its tasks (1785682620319.504883 ms)
[LM/Restore] State restoration complete (1785682620319.521484 ms).
[LM] Starting migration server on port 8010 in background...
[LM] Migration server started (1785682620319.595703 ms).
[LM/Restore] Re-entering interpreter loop...
[LM/Resume] exec_env=0x555658b931c0 cur_frame=0x555658b989c0 module_inst=0x555658b91a80 function=0x555658b92400 prev_frame=0x555658b988b4 ip=0x7fff5fcd31f8 (offset=14, is_import=0) 1785682620319.608398 ms
[LM/Resume] New function array base=0x555658b91ef0 count=88
[LM/Resume] Took 0.008000 ms to restore application
[LM/Resume] Resuming bytecode function (1785682620319.617432)
[LM] Server waiting for connection on port 8010...
[LM/Restore] Closed side sock fd 5
[LM/Restore] Live migration restored at 1785682620357.631104 ms
[WASM] Iteration 900 | Dirtied 0.80 MB @ offset 209 MB (Integrity: OK)
[WASM] Iteration 1000 | Dirtied 0.80 MB @ offset 34 MB (Integrity: OK)
[WASM] Iteration 1100 | Dirtied 0.80 MB @ offset 114 MB (Integrity: OK)
[WASM] Iteration 1200 | Dirtied 0.80 MB @ offset 194 MB (Integrity: OK)
[WASM] Iteration 1300 | Dirtied 0.80 MB @ offset 19 MB (Integrity: OK)
[WASM] Iteration 1400 | Dirtied 0.80 MB @ offset 99 MB (Integrity: OK)
