[LM] Connecting to migration server 192.168.10.11:8010...
[LM/Restore] Connected to migration server 192.168.10.11:8010
[LM/Restore] Membrane channel connected to 192.168.10.11:8011
[LM/Restore] State metadata loaded
[LM/Restore] Had to enlarge linear memory for migration
[LM/Restore] Linear memory loaded
[LM/Restore] Stack and shadow stack metadata loaded (frame count: 7, frame offset: 2888)
[LM/Restore] State restored
[LM/Restore] Initial state has been reconstructed (1785682896392.010498 ms).
[LM/Restore] Enter membrane replay mode (1785682896392.036133 ms)...
[LM/Checkpoint] Migration server completed its tasks (1785682896399.199219 ms)
[LM/Checkpoint] Migration client completed its tasks (1785682896399.207764 ms)
[LM/Restore] State restoration complete (1785682896399.224121 ms).
[LM] Starting migration server on port 8010 in background...
[LM] Migration server started (1785682896399.303223 ms).
[LM/Restore] Re-entering interpreter loop...
[LM/Resume] exec_env=0x5555e06e31c0 cur_frame=0x5555e06e89c0 module_inst=0x5555e06e1a80 function=0x5555e06e2400 prev_frame=0x5555e06e88b4 ip=0x7fff0c5231f8 (offset=14, is_import=0) 1785682896399.312500 ms
[LM/Resume] New function array base=0x5555e06e1ef0 count=88
[LM/Resume] Took 0.007000 ms to restore application
[LM/Resume] Resuming bytecode function (1785682896399.319824)
[LM] Server waiting for connection on port 8010...
[LM/Restore] Closed side sock fd 5
[LM/Restore] Live migration restored at 1785682896439.321289 ms
[WASM] Iteration 1000 | Dirtied 0.90 MB @ offset 134 MB (Integrity: OK)
[WASM] Iteration 1100 | Dirtied 0.90 MB @ offset 224 MB (Integrity: OK)
[WASM] Iteration 1200 | Dirtied 0.90 MB @ offset 59 MB (Integrity: OK)
