[LM] Connecting to migration server 192.168.10.11:8010...
[LM/Restore] Connected to migration server 192.168.10.11:8010
[LM/Restore] Membrane channel connected to 192.168.10.11:8011
[LM/Restore] State metadata loaded
[LM/Restore] Had to enlarge linear memory for migration
[LM/Restore] Linear memory loaded
[LM/Restore] Stack and shadow stack metadata loaded (frame count: 7, frame offset: 2888)
[LM/Restore] State restored
[LM/Restore] Initial state has been reconstructed (1785681403340.820801 ms).
[LM/Restore] Enter membrane replay mode (1785681403340.845215 ms)...
[LM/Checkpoint] Migration server completed its tasks (1785681403347.947998 ms)
[LM/Checkpoint] Migration client completed its tasks (1785681403347.958496 ms)
[LM/Restore] State restoration complete (1785681403347.976807 ms).
[LM] Starting migration server on port 8010 in background...
[LM] Migration server started (1785681403348.057129 ms).
[LM/Restore] Re-entering interpreter loop...
[LM/Resume] exec_env=0x55558d3871c0 cur_frame=0x55558d38c9c0 module_inst=0x55558d385a80 function=0x55558d386400 prev_frame=0x55558d38c8b4 ip=0x7fffb29031f8 (offset=14, is_import=0) 1785681403348.069092 ms
[LM/Resume] New function array base=0x55558d385ef0 count=88
[LM/Resume] Took 0.008000 ms to restore application
[LM/Resume] Resuming bytecode function (1785681403348.076904)
[LM] Server waiting for connection on port 8010...
[LM/Restore] Closed side sock fd 5
[LM/Restore] Live migration restored at 1785681403385.843506 ms
[WASM] Iteration 1000 | Dirtied 0.20 MB @ offset 199 MB (Integrity: OK)
[WASM] Iteration 1100 | Dirtied 0.20 MB @ offset 219 MB (Integrity: OK)
[WASM] Iteration 1200 | Dirtied 0.20 MB @ offset 239 MB (Integrity: OK)
[WASM] Iteration 1300 | Dirtied 0.20 MB @ offset 4 MB (Integrity: OK)
[WASM] Iteration 1400 | Dirtied 0.20 MB @ offset 24 MB (Integrity: OK)
