[LM] Connecting to migration server 192.168.10.11:8010...
[LM/Restore] Connected to migration server 192.168.10.11:8010
[LM/Restore] Membrane channel connected to 192.168.10.11:8011
[LM/Restore] State metadata loaded
[LM/Restore] Had to enlarge linear memory for migration
[LM/Restore] Linear memory loaded
[LM/Restore] Stack and shadow stack metadata loaded (frame count: 7, frame offset: 2888)
[LM/Restore] State restored
[LM/Restore] Initial state has been reconstructed (1785684025942.003174 ms).
[LM/Restore] Enter membrane replay mode (1785684025942.037598 ms)...
[LM/Checkpoint] Migration server completed its tasks (1785684025949.360596 ms)
[LM/Checkpoint] Migration client completed its tasks (1785684025949.369385 ms)
[LM/Restore] State restoration complete (1785684025949.386230 ms).
[LM] Starting migration server on port 8010 in background...
[LM] Migration server started (1785684025949.460205 ms).
[LM/Restore] Re-entering interpreter loop...
[LM/Resume] exec_env=0x5555dca971c0 cur_frame=0x5555dca9c9c0 module_inst=0x5555dca95a80 function=0x5555dca96400 prev_frame=0x5555dca9c8b4 ip=0x7fff5d6431f8 (offset=14, is_import=0) 1785684025949.470215 ms
[LM/Resume] New function array base=0x5555dca95ef0 count=88
[LM/Resume] Took 0.007000 ms to restore application
[LM/Resume] Resuming bytecode function (1785684025949.477539)
[LM] Server waiting for connection on port 8010...
[LM/Restore] Closed side sock fd 5
[LM/Restore] Live migration restored at 1785684025999.028320 ms
[WASM] Iteration 700 | Dirtied 1.30 MB @ offset 145 MB (Integrity: OK)
[WASM] Iteration 800 | Dirtied 1.30 MB @ offset 21 MB (Integrity: OK)
[WASM] Iteration 900 | Dirtied 1.30 MB @ offset 151 MB (Integrity: OK)
[WASM] Iteration 1000 | Dirtied 1.30 MB @ offset 26 MB (Integrity: OK)
