[LM] Connecting to migration server 192.168.10.11:8010...
[LM/Restore] Connected to migration server 192.168.10.11:8010
[LM/Restore] Membrane channel connected to 192.168.10.11:8011
[LM/Restore] State metadata loaded
[LM/Restore] Had to enlarge linear memory for migration
[LM/Restore] Linear memory loaded
[LM/Restore] Stack and shadow stack metadata loaded (frame count: 7, frame offset: 2888)
[LM/Restore] State restored
[LM/Restore] Initial state has been reconstructed (1785683826224.849854 ms).
[LM/Restore] Enter membrane replay mode (1785683826224.875488 ms)...
[LM/Checkpoint] Migration server completed its tasks (1785683826232.105957 ms)
[LM/Checkpoint] Migration client completed its tasks (1785683826232.114746 ms)
[LM/Restore] State restoration complete (1785683826232.132812 ms).
[LM] Starting migration server on port 8010 in background...
[LM] Migration server started (1785683826232.216553 ms).
[LM/Restore] Re-entering interpreter loop...
[LM/Resume] exec_env=0x55565811b1c0 cur_frame=0x5556581209c0 module_inst=0x555658119a80 function=0x55565811a400 prev_frame=0x5556581208b4 ip=0x7fff3a4f31f8 (offset=14, is_import=0) 1785683826232.226074 ms
[LM/Resume] New function array base=0x555658119ef0 count=88
[LM/Resume] Took 0.007000 ms to restore application
[LM/Resume] Resuming bytecode function (1785683826232.233398)
[LM] Server waiting for connection on port 8010...
[LM/Restore] Closed side sock fd 5
[LM/Restore] Live migration restored at 1785683826280.188965 ms
[WASM] Iteration 800 | Dirtied 1.20 MB @ offset 195 MB (Integrity: OK)
[WASM] Iteration 900 | Dirtied 1.20 MB @ offset 60 MB (Integrity: OK)
[WASM] Iteration 1000 | Dirtied 1.20 MB @ offset 180 MB (Integrity: OK)
