[LM] Connecting to migration server 192.168.10.11:8010...
[LM/Restore] Connected to migration server 192.168.10.11:8010
[LM/Restore] Membrane channel connected to 192.168.10.11:8011
[LM/Restore] State metadata loaded
[LM/Restore] Had to enlarge linear memory for migration
[LM/Restore] Linear memory loaded
[LM/Restore] Stack and shadow stack metadata loaded (frame count: 7, frame offset: 2888)
[LM/Restore] State restored
[LM/Restore] Initial state has been reconstructed (1785681266729.790039 ms).
[LM/Restore] Enter membrane replay mode (1785681266729.815186 ms)...
[LM/Checkpoint] Migration server completed its tasks (1785681266736.943604 ms)
[LM/Checkpoint] Migration client completed its tasks (1785681266736.953369 ms)
[LM/Restore] State restoration complete (1785681266736.970947 ms).
[LM] Starting migration server on port 8010 in background...
[LM] Migration server started (1785681266737.044678 ms).
[LM/Restore] Re-entering interpreter loop...
[LM/Resume] exec_env=0x5555d231f1c0 cur_frame=0x5555d23249c0 module_inst=0x5555d231da80 function=0x5555d231e400 prev_frame=0x5555d23248b4 ip=0x7fff217631f8 (offset=14, is_import=0) 1785681266737.059814 ms
[LM/Resume] New function array base=0x5555d231def0 count=88
[LM/Resume] Took 0.009000 ms to restore application
[LM/Resume] Resuming bytecode function (1785681266737.069580)
[LM] Server waiting for connection on port 8010...
[LM/Restore] Closed side sock fd 5
[LM/Restore] Live migration restored at 1785681266774.922363 ms
[WASM] Iteration 1000 | Dirtied 0.10 MB @ offset 99 MB (Integrity: OK)
[WASM] Iteration 1100 | Dirtied 0.10 MB @ offset 109 MB (Integrity: OK)
[WASM] Iteration 1200 | Dirtied 0.10 MB @ offset 119 MB (Integrity: OK)
[WASM] Iteration 1300 | Dirtied 0.10 MB @ offset 129 MB (Integrity: OK)
