[LM] Starting migration server on port 8010 in background...
[LM] Server waiting for connection on port 8010...
[WASM] Options: Allocating 256 MB | Rate: 110 MB/s | Step: 10 ms (1.10 MB/iter)
[WASM] Writing initial test patterns to all 256 MB of pages...
[WASM] Memory initialized. Starting loop with 110 MB updates per second...
[WASM] Iteration 0 | Dirtied 1.10 MB @ offset 0 MB (Integrity: OK)
[WASM] Iteration 100 | Dirtied 1.10 MB @ offset 109 MB (Integrity: OK)
[WASM] Iteration 200 | Dirtied 1.10 MB @ offset 219 MB (Integrity: OK)
[WASM] Iteration 300 | Dirtied 1.10 MB @ offset 75 MB (Integrity: OK)
[WASM] Iteration 400 | Dirtied 1.10 MB @ offset 185 MB (Integrity: OK)
[WASM] Iteration 500 | Dirtied 1.10 MB @ offset 40 MB (Integrity: OK)
[LM] Client connected. Migration is initiated (1785677087620.390381 ms)...
[LM] Phase 1: Sending initial bulk memory (256 MB)...
[WASM] Iteration 600 | Dirtied 1.10 MB @ offset 150 MB (Integrity: OK)
[WASM] Iteration 700 | Dirtied 1.10 MB @ offset 5 MB (Integrity: OK)
[LM] Initial pre-copy of bulk memory completed. Took 2315.034668 ms
[LM] Phase 1.5: Starting incremental pre-copy...
[WASM] Iteration 800 | Dirtied 1.10 MB @ offset 115 MB (Integrity: OK)
[WASM] Iteration 900 | Dirtied 1.10 MB @ offset 225 MB (Integrity: OK)
[LM] Number of dirty cards transmitted: 509139
[LM] Pre-copy Iteration 1: Sent 260679168 bytes.
[WASM] Iteration 1000 | Dirtied 1.10 MB @ offset 80 MB (Integrity: OK)
[WASM] Iteration 1100 | Dirtied 1.10 MB @ offset 190 MB (Integrity: OK)
[LM] Number of dirty cards transmitted: 495623
[LM] Pre-copy Iteration 2: Sent 253758976 bytes.
[WASM] Iteration 1200 | Dirtied 1.10 MB @ offset 45 MB (Integrity: OK)
[WASM] Iteration 1300 | Dirtied 1.10 MB @ offset 155 MB (Integrity: OK)
[LM] Number of dirty cards transmitted: 484359
[LM] Pre-copy Iteration 3: Sent 247991808 bytes.
[WASM] Iteration 1400 | Dirtied 1.10 MB @ offset 10 MB (Integrity: OK)
[WASM] Iteration 1500 | Dirtied 1.10 MB @ offset 120 MB (Integrity: OK)
[LM] Number of dirty cards transmitted: 468588
[LM] Pre-copy Iteration 4: Sent 239917056 bytes.
[WASM] Iteration 1600 | Dirtied 1.10 MB @ offset 230 MB (Integrity: OK)
[WASM] Iteration 1700 | Dirtied 1.10 MB @ offset 85 MB (Integrity: OK)
[LM] Number of dirty cards transmitted: 459578
[LM] Pre-copy Iteration 5: Sent 235303936 bytes.
[WASM] Iteration 1800 | Dirtied 1.10 MB @ offset 195 MB (Integrity: OK)
[WASM] Iteration 1900 | Dirtied 1.10 MB @ offset 50 MB (Integrity: OK)
[LM] Number of dirty cards transmitted: 446061
[LM] Pre-copy Iteration 6: Sent 228383232 bytes.
[WASM] Iteration 2000 | Dirtied 1.10 MB @ offset 160 MB (Integrity: OK)
[WASM] Iteration 2100 | Dirtied 1.10 MB @ offset 15 MB (Integrity: OK)
[LM] Number of dirty cards transmitted: 434798
[LM] Pre-copy Iteration 7: Sent 222616576 bytes.
[WASM] Iteration 2200 | Dirtied 1.10 MB @ offset 125 MB (Integrity: OK)
[WASM] Iteration 2300 | Dirtied 1.10 MB @ offset 235 MB (Integrity: OK)
[LM] Number of dirty cards transmitted: 421280
[LM] Pre-copy Iteration 8: Sent 215695360 bytes.
[WASM] Iteration 2400 | Dirtied 1.10 MB @ offset 90 MB (Integrity: OK)
[WASM] Iteration 2500 | Dirtied 1.10 MB @ offset 200 MB (Integrity: OK)
[LM] Number of dirty cards transmitted: 410017
[LM] Pre-copy Iteration 9: Sent 209928704 bytes.
[WASM] Iteration 2600 | Dirtied 1.10 MB @ offset 56 MB (Integrity: OK)
[LM] Number of dirty cards transmitted: 398752
[LM] Pre-copy Iteration 10: Sent 204161024 bytes.
[WASM] Iteration 2700 | Dirtied 1.10 MB @ offset 166 MB (Integrity: OK)
[WASM] Iteration 2800 | Dirtied 1.10 MB @ offset 21 MB (Integrity: OK)
[LM] Number of dirty cards transmitted: 387489
[LM] Pre-copy Iteration 11: Sent 198394368 bytes.
[WASM] Iteration 2900 | Dirtied 1.10 MB @ offset 131 MB (Integrity: OK)
[WASM] Iteration 3000 | Dirtied 1.10 MB @ offset 241 MB (Integrity: OK)
[LM] Number of dirty cards transmitted: 376225
[LM] Pre-copy Iteration 12: Sent 192627200 bytes.
[WASM] Iteration 3100 | Dirtied 1.10 MB @ offset 96 MB (Integrity: OK)
[WASM] Iteration 3200 | Dirtied 1.10 MB @ offset 206 MB (Integrity: OK)
[LM] Number of dirty cards transmitted: 364959
[LM] Pre-copy Iteration 13: Sent 186859008 bytes.
[WASM] Iteration 3300 | Dirtied 1.10 MB @ offset 61 MB (Integrity: OK)
[WASM] Iteration 3400 | Dirtied 1.10 MB @ offset 171 MB (Integrity: OK)
[LM] Number of dirty cards transmitted: 484358
[LM] Pre-copy Iteration 14: Sent 247991296 bytes.
[WASM] Iteration 3500 | Dirtied 1.10 MB @ offset 26 MB (Integrity: OK)
[WASM] Iteration 3600 | Dirtied 1.10 MB @ offset 136 MB (Integrity: OK)
[WASM] Iteration 3700 | Dirtied 1.10 MB @ offset 246 MB (Integrity: OK)
[LM] Number of dirty cards transmitted: 523680
[LM] Pre-copy Iteration 15: Sent 268124160 bytes.
[WASM] Iteration 3800 | Dirtied 1.10 MB @ offset 101 MB (Integrity: OK)
[WASM] Iteration 3900 | Dirtied 1.10 MB @ offset 211 MB (Integrity: OK)
[LM] Number of dirty cards transmitted: 522041
[LM] Pre-copy Iteration 16: Sent 267284992 bytes.
[WASM] Iteration 4000 | Dirtied 1.10 MB @ offset 66 MB (Integrity: OK)
[WASM] Iteration 4100 | Dirtied 1.10 MB @ offset 176 MB (Integrity: OK)
[LM] Number of dirty cards transmitted: 506886
[LM] Pre-copy Iteration 17: Sent 259525632 bytes.
[WASM] Iteration 4200 | Dirtied 1.10 MB @ offset 31 MB (Integrity: OK)
[WASM] Iteration 4300 | Dirtied 1.10 MB @ offset 141 MB (Integrity: OK)
[LM] Number of dirty cards transmitted: 493370
[LM] Pre-copy Iteration 18: Sent 252605440 bytes.
[WASM] Iteration 4400 | Dirtied 1.10 MB @ offset 251 MB (Integrity: OK)
[WASM] Iteration 4500 | Dirtied 1.10 MB @ offset 106 MB (Integrity: OK)
[LM] Number of dirty cards transmitted: 479852
[LM] Pre-copy Iteration 19: Sent 245684224 bytes.
[WASM] Iteration 4600 | Dirtied 1.10 MB @ offset 216 MB (Integrity: OK)
[WASM] Iteration 4700 | Dirtied 1.10 MB @ offset 71 MB (Integrity: OK)
[LM] Number of dirty cards transmitted: 470842
[LM] Pre-copy Iteration 20: Sent 241071104 bytes.
[WASM] Iteration 4800 | Dirtied 1.10 MB @ offset 181 MB (Integrity: OK)
[WASM] Iteration 4900 | Dirtied 1.10 MB @ offset 37 MB (Integrity: OK)
[LM] Number of dirty cards transmitted: 457325
[LM] Pre-copy Iteration 21: Sent 234150400 bytes.
[WASM] Iteration 5000 | Dirtied 1.10 MB @ offset 147 MB (Integrity: OK)
[WASM] Iteration 5100 | Dirtied 1.10 MB @ offset 2 MB (Integrity: OK)
[LM] Number of dirty cards transmitted: 446062
[LM] Pre-copy Iteration 22: Sent 228383744 bytes.
[WASM] Iteration 5200 | Dirtied 1.10 MB @ offset 112 MB (Integrity: OK)
[WASM] Iteration 5300 | Dirtied 1.10 MB @ offset 222 MB (Integrity: OK)
[LM] Number of dirty cards transmitted: 448315
[LM] Pre-copy Iteration 23: Sent 229537280 bytes.
[WASM] Iteration 5400 | Dirtied 1.10 MB @ offset 77 MB (Integrity: OK)
[WASM] Iteration 5500 | Dirtied 1.10 MB @ offset 187 MB (Integrity: OK)
[WASM] Iteration 5600 | Dirtied 1.10 MB @ offset 42 MB (Integrity: OK)
[LM] Number of dirty cards transmitted: 457325
[LM] Pre-copy Iteration 24: Sent 234150400 bytes.
[WASM] Iteration 5700 | Dirtied 1.10 MB @ offset 152 MB (Integrity: OK)
[WASM] Iteration 5800 | Dirtied 1.10 MB @ offset 7 MB (Integrity: OK)
[WASM] Iteration 5900 | Dirtied 1.10 MB @ offset 117 MB (Integrity: OK)
[LM] Number of dirty cards transmitted: 522041
[LM] Pre-copy Iteration 25: Sent 267284992 bytes.
[WASM] Iteration 6000 | Dirtied 1.10 MB @ offset 227 MB (Integrity: OK)
[WASM] Iteration 6100 | Dirtied 1.10 MB @ offset 82 MB (Integrity: OK)
[LM] Number of dirty cards transmitted: 522041
[LM] Pre-copy Iteration 26: Sent 267284992 bytes.
[WASM] Iteration 6200 | Dirtied 1.10 MB @ offset 192 MB (Integrity: OK)
[WASM] Iteration 6300 | Dirtied 1.10 MB @ offset 47 MB (Integrity: OK)
[LM] Number of dirty cards transmitted: 522042
[LM] Pre-copy Iteration 27: Sent 267285504 bytes.
[WASM] Iteration 6400 | Dirtied 1.10 MB @ offset 157 MB (Integrity: OK)
[WASM] Iteration 6500 | Dirtied 1.10 MB @ offset 12 MB (Integrity: OK)
[WASM] Iteration 6600 | Dirtied 1.10 MB @ offset 122 MB (Integrity: OK)
[LM] Number of dirty cards transmitted: 506887
[LM] Pre-copy Iteration 28: Sent 259526144 bytes.
[WASM] Iteration 6700 | Dirtied 1.10 MB @ offset 232 MB (Integrity: OK)
[WASM] Iteration 6800 | Dirtied 1.10 MB @ offset 87 MB (Integrity: OK)
[LM] Number of dirty cards transmitted: 491117
[LM] Pre-copy Iteration 29: Sent 251451904 bytes.
[WASM] Iteration 6900 | Dirtied 1.10 MB @ offset 197 MB (Integrity: OK)
[WASM] Iteration 7000 | Dirtied 1.10 MB @ offset 52 MB (Integrity: OK)
[LM] Number of dirty cards transmitted: 477601
[LM] Pre-copy Iteration 30: Sent 244531712 bytes.
[WASM] Iteration 7100 | Dirtied 1.10 MB @ offset 162 MB (Integrity: OK)
[WASM] Iteration 7200 | Dirtied 1.10 MB @ offset 18 MB (Integrity: OK)
[LM] Number of dirty cards transmitted: 466336
[LM] Pre-copy Iteration 31: Sent 238764032 bytes.
[WASM] Iteration 7300 | Dirtied 1.10 MB @ offset 128 MB (Integrity: OK)
[WASM] Iteration 7400 | Dirtied 1.10 MB @ offset 238 MB (Integrity: OK)
[LM] Number of dirty cards transmitted: 452819
[LM] Pre-copy Iteration 32: Sent 231843328 bytes.
[WASM] Iteration 7500 | Dirtied 1.10 MB @ offset 93 MB (Integrity: OK)
[WASM] Iteration 7600 | Dirtied 1.10 MB @ offset 203 MB (Integrity: OK)
[LM] Number of dirty cards transmitted: 441557
[LM] Pre-copy Iteration 33: Sent 226077184 bytes.
[WASM] Iteration 7700 | Dirtied 1.10 MB @ offset 58 MB (Integrity: OK)
[WASM] Iteration 7800 | Dirtied 1.10 MB @ offset 168 MB (Integrity: OK)
[LM] Number of dirty cards transmitted: 428038
[LM] Pre-copy Iteration 34: Sent 219155456 bytes.
[WASM] Iteration 7900 | Dirtied 1.10 MB @ offset 23 MB (Integrity: OK)
[LM] Number of dirty cards transmitted: 416774
[LM] Pre-copy Iteration 35: Sent 213388288 bytes.
[WASM] Iteration 8000 | Dirtied 1.10 MB @ offset 133 MB (Integrity: OK)
[WASM] Iteration 8100 | Dirtied 1.10 MB @ offset 243 MB (Integrity: OK)
[LM] Number of dirty cards transmitted: 405512
[LM] Pre-copy Iteration 36: Sent 207622144 bytes.
[WASM] Iteration 8200 | Dirtied 1.10 MB @ offset 98 MB (Integrity: OK)
[WASM] Iteration 8300 | Dirtied 1.10 MB @ offset 208 MB (Integrity: OK)
[LM] Number of dirty cards transmitted: 391994
[LM] Pre-copy Iteration 37: Sent 200700928 bytes.
[WASM] Iteration 8400 | Dirtied 1.10 MB @ offset 63 MB (Integrity: OK)
[LM] Number of dirty cards transmitted: 382981
[LM] Pre-copy Iteration 38: Sent 196086272 bytes.
[WASM] Iteration 8500 | Dirtied 1.10 MB @ offset 173 MB (Integrity: OK)
[WASM] Iteration 8600 | Dirtied 1.10 MB @ offset 28 MB (Integrity: OK)
[LM] Number of dirty cards transmitted: 373972
[LM] Pre-copy Iteration 39: Sent 191473664 bytes.
[WASM] Iteration 8700 | Dirtied 1.10 MB @ offset 138 MB (Integrity: OK)
[WASM] Iteration 8800 | Dirtied 1.10 MB @ offset 248 MB (Integrity: OK)
[LM] Number of dirty cards transmitted: 362709
[LM] Pre-copy Iteration 40: Sent 185707008 bytes.
[WASM] Iteration 8900 | Dirtied 1.10 MB @ offset 103 MB (Integrity: OK)
[LM] Number of dirty cards transmitted: 351444
[LM] Pre-copy Iteration 41: Sent 179939328 bytes.
[WASM] Iteration 9000 | Dirtied 1.10 MB @ offset 213 MB (Integrity: OK)
[WASM] Iteration 9100 | Dirtied 1.10 MB @ offset 68 MB (Integrity: OK)
[LM] Number of dirty cards transmitted: 342431
[LM] Pre-copy Iteration 42: Sent 175324672 bytes.
[WASM] Iteration 9200 | Dirtied 1.10 MB @ offset 178 MB (Integrity: OK)
[LM] Number of dirty cards transmitted: 331169
[LM] Pre-copy Iteration 43: Sent 169558528 bytes.
[WASM] Iteration 9300 | Dirtied 1.10 MB @ offset 33 MB (Integrity: OK)
[LM] Number of dirty cards transmitted: 324409
[LM] Pre-copy Iteration 44: Sent 166097408 bytes.
[WASM] Iteration 9400 | Dirtied 1.10 MB @ offset 143 MB (Integrity: OK)
[WASM] Iteration 9500 | Dirtied 1.10 MB @ offset 253 MB (Integrity: OK)
[LM] Number of dirty cards transmitted: 315399
[LM] Pre-copy Iteration 45: Sent 161484288 bytes.
[WASM] Iteration 9600 | Dirtied 1.10 MB @ offset 109 MB (Integrity: OK)
[LM] Number of dirty cards transmitted: 306388
[LM] Pre-copy Iteration 46: Sent 156870656 bytes.
[WASM] Iteration 9700 | Dirtied 1.10 MB @ offset 219 MB (Integrity: OK)
[LM] Number of dirty cards transmitted: 297376
[LM] Pre-copy Iteration 47: Sent 152256512 bytes.
[WASM] Iteration 9800 | Dirtied 1.10 MB @ offset 74 MB (Integrity: OK)
[WASM] Iteration 9900 | Dirtied 1.10 MB @ offset 184 MB (Integrity: OK)
[LM] Number of dirty cards transmitted: 288366
[LM] Pre-copy Iteration 48: Sent 147643392 bytes.
[WASM] Iteration 10000 | Dirtied 1.10 MB @ offset 39 MB (Integrity: OK)
[LM] Number of dirty cards transmitted: 281606
[LM] Pre-copy Iteration 49: Sent 144182272 bytes.
[WASM] Iteration 10100 | Dirtied 1.10 MB @ offset 149 MB (Integrity: OK)
[LM] Number of dirty cards transmitted: 270344
[LM] Pre-copy Iteration 50: Sent 138416128 bytes.
[WASM] Iteration 10200 | Dirtied 1.10 MB @ offset 4 MB (Integrity: OK)
[LM] Number of dirty cards transmitted: 263584
[LM] Pre-copy Iteration 51: Sent 134955008 bytes.
[WASM] Iteration 10300 | Dirtied 1.10 MB @ offset 114 MB (Integrity: OK)
[LM] Number of dirty cards transmitted: 254574
[LM] Pre-copy Iteration 52: Sent 130341888 bytes.
[WASM] Iteration 10400 | Dirtied 1.10 MB @ offset 224 MB (Integrity: OK)
[LM] Number of dirty cards transmitted: 247814
[LM] Pre-copy Iteration 53: Sent 126880768 bytes.
[WASM] Iteration 10500 | Dirtied 1.10 MB @ offset 79 MB (Integrity: OK)
[LM] Number of dirty cards transmitted: 243310
[LM] Pre-copy Iteration 54: Sent 124574720 bytes.
[WASM] Iteration 10600 | Dirtied 1.10 MB @ offset 189 MB (Integrity: OK)
[LM] Number of dirty cards transmitted: 236550
[LM] Pre-copy Iteration 55: Sent 121113600 bytes.
[WASM] Iteration 10700 | Dirtied 1.10 MB @ offset 44 MB (Integrity: OK)
[LM] Number of dirty cards transmitted: 229793
[LM] Pre-copy Iteration 56: Sent 117654016 bytes.
[WASM] Iteration 10800 | Dirtied 1.10 MB @ offset 154 MB (Integrity: OK)
[LM] Number of dirty cards transmitted: 220780
[LM] Pre-copy Iteration 57: Sent 113039360 bytes.
[WASM] Iteration 10900 | Dirtied 1.10 MB @ offset 9 MB (Integrity: OK)
[LM] Number of dirty cards transmitted: 214023
[LM] Pre-copy Iteration 58: Sent 109579776 bytes.
[WASM] Iteration 11000 | Dirtied 1.10 MB @ offset 119 MB (Integrity: OK)
[LM] Number of dirty cards transmitted: 209518
[LM] Pre-copy Iteration 59: Sent 107273216 bytes.
[WASM] Iteration 11100 | Dirtied 1.10 MB @ offset 229 MB (Integrity: OK)
[LM] Number of dirty cards transmitted: 202758
[LM] Pre-copy Iteration 60: Sent 103812096 bytes.
[WASM] Iteration 11200 | Dirtied 1.10 MB @ offset 84 MB (Integrity: OK)
[LM] Number of dirty cards transmitted: 198255
[LM] Pre-copy Iteration 61: Sent 101506560 bytes.
[WASM] Iteration 11300 | Dirtied 1.10 MB @ offset 194 MB (Integrity: OK)
[LM] Number of dirty cards transmitted: 191495
[LM] Pre-copy Iteration 62: Sent 98045440 bytes.
[WASM] Iteration 11400 | Dirtied 1.10 MB @ offset 49 MB (Integrity: OK)
[LM] Number of dirty cards transmitted: 189241
[LM] Pre-copy Iteration 63: Sent 96891392 bytes.
[LM] Number of dirty cards transmitted: 182485
[LM] Pre-copy Iteration 64: Sent 93432320 bytes.
[WASM] Iteration 11500 | Dirtied 1.10 MB @ offset 159 MB (Integrity: OK)
[LM] Number of dirty cards transmitted: 177975
[LM] Pre-copy Iteration 65: Sent 91123200 bytes.
[WASM] Iteration 11600 | Dirtied 1.10 MB @ offset 14 MB (Integrity: OK)
[LM] Number of dirty cards transmitted: 173472
[LM] Pre-copy Iteration 66: Sent 88817664 bytes.
[WASM] Iteration 11700 | Dirtied 1.10 MB @ offset 124 MB (Integrity: OK)
[LM] Number of dirty cards transmitted: 166715
[LM] Pre-copy Iteration 67: Sent 85358080 bytes.
