[LM] Starting migration server on port 8010 in background...
[LM] Server waiting for connection on port 8010...
[WASM] Options: Allocating 256 MB | Rate: 40 MB/s | Step: 10 ms (0.40 MB/iter)
[WASM] Writing initial test patterns to all 256 MB of pages...
[WASM] Memory initialized. Starting loop with 40 MB updates per second...
[WASM] Iteration 0 | Dirtied 0.40 MB @ offset 0 MB (Integrity: OK)
[WASM] Iteration 100 | Dirtied 0.40 MB @ offset 39 MB (Integrity: OK)
[WASM] Iteration 200 | Dirtied 0.40 MB @ offset 79 MB (Integrity: OK)
[WASM] Iteration 300 | Dirtied 0.40 MB @ offset 119 MB (Integrity: OK)
[WASM] Iteration 400 | Dirtied 0.40 MB @ offset 159 MB (Integrity: OK)
[LM] Client connected. Migration is initiated (1785678544982.000488 ms)...
[LM] Phase 1: Sending initial bulk memory (256 MB)...
[WASM] Iteration 500 | Dirtied 0.40 MB @ offset 199 MB (Integrity: OK)
[WASM] Iteration 600 | Dirtied 0.40 MB @ offset 239 MB (Integrity: OK)
[LM] Initial pre-copy of bulk memory completed. Took 2321.264160 ms
[LM] Phase 1.5: Starting incremental pre-copy...
[WASM] Iteration 700 | Dirtied 0.40 MB @ offset 24 MB (Integrity: OK)
[LM] Number of dirty cards transmitted: 187604
[LM] Pre-copy Iteration 1: Sent 96053248 bytes.
[LM] Number of dirty cards transmitted: 70459
[LM] Pre-copy Iteration 2: Sent 36075008 bytes.
[LM] Number of dirty cards transmitted: 25400
[LM] Pre-copy Iteration 3: Sent 13004800 bytes.
[LM] Number of dirty cards transmitted: 9017
[LM] Pre-copy Iteration 4: Sent 4616704 bytes.
[LM] Pre-copy threshold reached. Moving to final handover.
[LM] Incremental pre-copy completed. Took 1330.510986 ms
[LM] Bulk + Precopy duration 681.334000 ms
[LM] Received 0xEOF_RECONSTRUCT, halting execution for final handover...
[LM/Checkpoint] Migration triggered! Dumping state...
[LM/Checkpoint] State synced to frame structures.
[LM] Phase 2: Sending final dirty pages and context...
[LM] Number of dirty cards transmitted: 5739
[LM] Send final dirty pages took 14.912000 ms
[LM] Checkpoint dirty state took 0.063000 ms
[LM/Checkpoint] Live migration completed at 1785678548689.388428 ms. Migration took 3707.387939 ms
[LM/Checkpoint] Took 15.147000 ms to checkpoint application
