[LM] Starting migration server on port 8010 in background...
[LM] Server waiting for connection on port 8010...
[WASM] Options: Allocating 256 MB | Rate: 20 MB/s | Step: 10 ms (0.20 MB/iter)
[WASM] Writing initial test patterns to all 256 MB of pages...
[WASM] Memory initialized. Starting loop with 20 MB updates per second...
[WASM] Iteration 0 | Dirtied 0.20 MB @ offset 0 MB (Integrity: OK)
[WASM] Iteration 100 | Dirtied 0.20 MB @ offset 19 MB (Integrity: OK)
[WASM] Iteration 200 | Dirtied 0.20 MB @ offset 39 MB (Integrity: OK)
[WASM] Iteration 300 | Dirtied 0.20 MB @ offset 59 MB (Integrity: OK)
[WASM] Iteration 400 | Dirtied 0.20 MB @ offset 79 MB (Integrity: OK)
[LM] Client connected. Migration is initiated (1785678211060.733887 ms)...
[LM] Phase 1: Sending initial bulk memory (256 MB)...
[WASM] Iteration 500 | Dirtied 0.20 MB @ offset 99 MB (Integrity: OK)
[WASM] Iteration 600 | Dirtied 0.20 MB @ offset 119 MB (Integrity: OK)
[LM] Initial pre-copy of bulk memory completed. Took 2310.492432 ms
[LM] Phase 1.5: Starting incremental pre-copy...
[LM] Number of dirty cards transmitted: 93395
[LM] Pre-copy Iteration 1: Sent 47818240 bytes.
[LM] Number of dirty cards transmitted: 16799
[LM] Pre-copy Iteration 2: Sent 8601088 bytes.
[LM] Pre-copy threshold reached. Moving to final handover.
[LM] Incremental pre-copy completed. Took 480.254883 ms
[LM] Bulk + Precopy duration 246.899000 ms
[LM] Received 0xEOF_RECONSTRUCT, halting execution for final handover...
[LM/Checkpoint] Migration triggered! Dumping state...
[LM/Checkpoint] State synced to frame structures.
[LM] Phase 2: Sending final dirty pages and context...
[LM] Number of dirty cards transmitted: 4101
[LM] Send final dirty pages took 11.727000 ms
[LM] Checkpoint dirty state took 0.098000 ms
[LM/Checkpoint] Live migration completed at 1785678213900.471436 ms. Migration took 2839.737549 ms
[LM/Checkpoint] Took 11.991000 ms to checkpoint application
