[LM] Starting migration server on port 8010 in background...
[LM] Server waiting for connection on port 8010...
[WASM] Options: Allocating 256 MB | Rate: 110 MB/s | Step: 10 ms (1.10 MB/iter)
[WASM] Writing initial test patterns to all 256 MB of pages...
[WASM] Memory initialized. Starting loop with 110 MB updates per second...
[WASM] Iteration 0 | Dirtied 1.10 MB @ offset 0 MB (Integrity: OK)
[WASM] Iteration 100 | Dirtied 1.10 MB @ offset 109 MB (Integrity: OK)
[WASM] Iteration 200 | Dirtied 1.10 MB @ offset 219 MB (Integrity: OK)
[WASM] Iteration 300 | Dirtied 1.10 MB @ offset 75 MB (Integrity: OK)
[WASM] Iteration 400 | Dirtied 1.10 MB @ offset 185 MB (Integrity: OK)
[LM] Client connected. Migration is initiated (1785680314107.979736 ms)...
[LM] Phase 1: Sending initial bulk memory (256 MB)...
[WASM] Iteration 500 | Dirtied 1.10 MB @ offset 40 MB (Integrity: OK)
[WASM] Iteration 600 | Dirtied 1.10 MB @ offset 150 MB (Integrity: OK)
[LM] Initial pre-copy of bulk memory completed. Took 2306.921387 ms
[LM] Phase 1.5: Starting incremental pre-copy...
[WASM] Iteration 700 | Dirtied 1.10 MB @ offset 5 MB (Integrity: OK)
[WASM] Iteration 800 | Dirtied 1.10 MB @ offset 115 MB (Integrity: OK)
[LM] Number of dirty cards transmitted: 509139
[LM] Pre-copy Iteration 1: Sent 260679168 bytes.
[WASM] Iteration 900 | Dirtied 1.10 MB @ offset 225 MB (Integrity: OK)
[WASM] Iteration 1000 | Dirtied 1.10 MB @ offset 80 MB (Integrity: OK)
[WASM] Iteration 1100 | Dirtied 1.10 MB @ offset 190 MB (Integrity: OK)
[WASM] Iteration 1200 | Dirtied 1.10 MB @ offset 45 MB (Integrity: OK)
[LM] Number of dirty cards transmitted: 522041
[LM] Pre-copy Iteration 2: Sent 267284992 bytes.
[WASM] Iteration 1300 | Dirtied 1.10 MB @ offset 155 MB (Integrity: OK)
[WASM] Iteration 1400 | Dirtied 1.10 MB @ offset 10 MB (Integrity: OK)
[WASM] Iteration 1500 | Dirtied 1.10 MB @ offset 120 MB (Integrity: OK)
[LM] Number of dirty cards transmitted: 522656
[LM] Pre-copy Iteration 3: Sent 267599872 bytes.
[WASM] Iteration 1600 | Dirtied 1.10 MB @ offset 230 MB (Integrity: OK)
[WASM] Iteration 1700 | Dirtied 1.10 MB @ offset 85 MB (Integrity: OK)
[LM] Number of dirty cards transmitted: 522041
[LM] Pre-copy Iteration 4: Sent 267284992 bytes.
[WASM] Iteration 1800 | Dirtied 1.10 MB @ offset 195 MB (Integrity: OK)
[WASM] Iteration 1900 | Dirtied 1.10 MB @ offset 50 MB (Integrity: OK)
[LM] Number of dirty cards transmitted: 511392
[LM] Pre-copy Iteration 5: Sent 261832704 bytes.
[WASM] Iteration 2000 | Dirtied 1.10 MB @ offset 160 MB (Integrity: OK)
[WASM] Iteration 2100 | Dirtied 1.10 MB @ offset 15 MB (Integrity: OK)
[WASM] Iteration 2200 | Dirtied 1.10 MB @ offset 125 MB (Integrity: OK)
[LM] Number of dirty cards transmitted: 506888
[LM] Pre-copy Iteration 6: Sent 259526656 bytes.
[WASM] Iteration 2300 | Dirtied 1.10 MB @ offset 235 MB (Integrity: OK)
[WASM] Iteration 2400 | Dirtied 1.10 MB @ offset 90 MB (Integrity: OK)
[LM] Number of dirty cards transmitted: 522041
[LM] Pre-copy Iteration 7: Sent 267284992 bytes.
[WASM] Iteration 2500 | Dirtied 1.10 MB @ offset 200 MB (Integrity: OK)
[WASM] Iteration 2600 | Dirtied 1.10 MB @ offset 56 MB (Integrity: OK)
[LM] Number of dirty cards transmitted: 506888
[LM] Pre-copy Iteration 8: Sent 259526656 bytes.
[WASM] Iteration 2700 | Dirtied 1.10 MB @ offset 166 MB (Integrity: OK)
[WASM] Iteration 2800 | Dirtied 1.10 MB @ offset 21 MB (Integrity: OK)
[LM] Number of dirty cards transmitted: 495623
[LM] Pre-copy Iteration 9: Sent 253758976 bytes.
[WASM] Iteration 2900 | Dirtied 1.10 MB @ offset 131 MB (Integrity: OK)
[WASM] Iteration 3000 | Dirtied 1.10 MB @ offset 241 MB (Integrity: OK)
[LM] Number of dirty cards transmitted: 482106
[LM] Pre-copy Iteration 10: Sent 246838272 bytes.
[WASM] Iteration 3100 | Dirtied 1.10 MB @ offset 96 MB (Integrity: OK)
[WASM] Iteration 3200 | Dirtied 1.10 MB @ offset 206 MB (Integrity: OK)
[LM] Number of dirty cards transmitted: 466336
[LM] Pre-copy Iteration 11: Sent 238764032 bytes.
[WASM] Iteration 3300 | Dirtied 1.10 MB @ offset 61 MB (Integrity: OK)
[WASM] Iteration 3400 | Dirtied 1.10 MB @ offset 171 MB (Integrity: OK)
[LM] Number of dirty cards transmitted: 455072
[LM] Pre-copy Iteration 12: Sent 232996864 bytes.
[WASM] Iteration 3500 | Dirtied 1.10 MB @ offset 26 MB (Integrity: OK)
[WASM] Iteration 3600 | Dirtied 1.10 MB @ offset 136 MB (Integrity: OK)
[LM] Number of dirty cards transmitted: 443808
[LM] Pre-copy Iteration 13: Sent 227229696 bytes.
[WASM] Iteration 3700 | Dirtied 1.10 MB @ offset 246 MB (Integrity: OK)
[WASM] Iteration 3800 | Dirtied 1.10 MB @ offset 101 MB (Integrity: OK)
[LM] Number of dirty cards transmitted: 430292
[LM] Pre-copy Iteration 14: Sent 220309504 bytes.
[WASM] Iteration 3900 | Dirtied 1.10 MB @ offset 211 MB (Integrity: OK)
[WASM] Iteration 4000 | Dirtied 1.10 MB @ offset 66 MB (Integrity: OK)
[LM] Number of dirty cards transmitted: 419028
[LM] Pre-copy Iteration 15: Sent 214542336 bytes.
[WASM] Iteration 4100 | Dirtied 1.10 MB @ offset 176 MB (Integrity: OK)
[WASM] Iteration 4200 | Dirtied 1.10 MB @ offset 31 MB (Integrity: OK)
[LM] Number of dirty cards transmitted: 407764
[LM] Pre-copy Iteration 16: Sent 208775168 bytes.
[WASM] Iteration 4300 | Dirtied 1.10 MB @ offset 141 MB (Integrity: OK)
[LM] Number of dirty cards transmitted: 396499
[LM] Pre-copy Iteration 17: Sent 203007488 bytes.
[WASM] Iteration 4400 | Dirtied 1.10 MB @ offset 251 MB (Integrity: OK)
[WASM] Iteration 4500 | Dirtied 1.10 MB @ offset 106 MB (Integrity: OK)
[LM] Number of dirty cards transmitted: 385235
[LM] Pre-copy Iteration 18: Sent 197240320 bytes.
[WASM] Iteration 4600 | Dirtied 1.10 MB @ offset 216 MB (Integrity: OK)
[WASM] Iteration 4700 | Dirtied 1.10 MB @ offset 71 MB (Integrity: OK)
[LM] Number of dirty cards transmitted: 373971
[LM] Pre-copy Iteration 19: Sent 191473152 bytes.
[WASM] Iteration 4800 | Dirtied 1.10 MB @ offset 181 MB (Integrity: OK)
[LM] Number of dirty cards transmitted: 362709
[LM] Pre-copy Iteration 20: Sent 185707008 bytes.
[WASM] Iteration 4900 | Dirtied 1.10 MB @ offset 37 MB (Integrity: OK)
[WASM] Iteration 5000 | Dirtied 1.10 MB @ offset 147 MB (Integrity: OK)
[LM] Number of dirty cards transmitted: 353695
[LM] Pre-copy Iteration 21: Sent 181091840 bytes.
[WASM] Iteration 5100 | Dirtied 1.10 MB @ offset 2 MB (Integrity: OK)
[LM] Number of dirty cards transmitted: 344686
[LM] Pre-copy Iteration 22: Sent 176479232 bytes.
[WASM] Iteration 5200 | Dirtied 1.10 MB @ offset 112 MB (Integrity: OK)
[WASM] Iteration 5300 | Dirtied 1.10 MB @ offset 222 MB (Integrity: OK)
[LM] Number of dirty cards transmitted: 333422
[LM] Pre-copy Iteration 23: Sent 170712064 bytes.
[WASM] Iteration 5400 | Dirtied 1.10 MB @ offset 77 MB (Integrity: OK)
[LM] Number of dirty cards transmitted: 324409
[LM] Pre-copy Iteration 24: Sent 166097408 bytes.
[WASM] Iteration 5500 | Dirtied 1.10 MB @ offset 187 MB (Integrity: OK)
[LM] Number of dirty cards transmitted: 315399
[LM] Pre-copy Iteration 25: Sent 161484288 bytes.
[WASM] Iteration 5600 | Dirtied 1.10 MB @ offset 42 MB (Integrity: OK)
[WASM] Iteration 5700 | Dirtied 1.10 MB @ offset 152 MB (Integrity: OK)
[LM] Number of dirty cards transmitted: 306388
[LM] Pre-copy Iteration 26: Sent 156870656 bytes.
[WASM] Iteration 5800 | Dirtied 1.10 MB @ offset 7 MB (Integrity: OK)
[LM] Number of dirty cards transmitted: 299629
[LM] Pre-copy Iteration 27: Sent 153410048 bytes.
[WASM] Iteration 5900 | Dirtied 1.10 MB @ offset 117 MB (Integrity: OK)
[LM] Number of dirty cards transmitted: 290618
[LM] Pre-copy Iteration 28: Sent 148796416 bytes.
[WASM] Iteration 6000 | Dirtied 1.10 MB @ offset 227 MB (Integrity: OK)
[LM] Number of dirty cards transmitted: 283859
[LM] Pre-copy Iteration 29: Sent 145335808 bytes.
[WASM] Iteration 6100 | Dirtied 1.10 MB @ offset 82 MB (Integrity: OK)
[WASM] Iteration 6200 | Dirtied 1.10 MB @ offset 192 MB (Integrity: OK)
[LM] Number of dirty cards transmitted: 274850
[LM] Pre-copy Iteration 30: Sent 140723200 bytes.
[WASM] Iteration 6300 | Dirtied 1.10 MB @ offset 47 MB (Integrity: OK)
[LM] Number of dirty cards transmitted: 265837
[LM] Pre-copy Iteration 31: Sent 136108544 bytes.
[WASM] Iteration 6400 | Dirtied 1.10 MB @ offset 157 MB (Integrity: OK)
[LM] Number of dirty cards transmitted: 261332
[LM] Pre-copy Iteration 32: Sent 133801984 bytes.
[WASM] Iteration 6500 | Dirtied 1.10 MB @ offset 12 MB (Integrity: OK)
[LM] Number of dirty cards transmitted: 268089
[LM] Pre-copy Iteration 33: Sent 137261568 bytes.
[WASM] Iteration 6600 | Dirtied 1.10 MB @ offset 122 MB (Integrity: OK)
[WASM] Iteration 6700 | Dirtied 1.10 MB @ offset 232 MB (Integrity: OK)
[LM] Number of dirty cards transmitted: 324411
[LM] Pre-copy Iteration 34: Sent 166098432 bytes.
[WASM] Iteration 6800 | Dirtied 1.10 MB @ offset 87 MB (Integrity: OK)
[WASM] Iteration 6900 | Dirtied 1.10 MB @ offset 197 MB (Integrity: OK)
[LM] Number of dirty cards transmitted: 362707
[LM] Pre-copy Iteration 35: Sent 185705984 bytes.
[WASM] Iteration 7000 | Dirtied 1.10 MB @ offset 52 MB (Integrity: OK)
[LM] Number of dirty cards transmitted: 355949
[LM] Pre-copy Iteration 36: Sent 182245888 bytes.
[WASM] Iteration 7100 | Dirtied 1.10 MB @ offset 162 MB (Integrity: OK)
[WASM] Iteration 7200 | Dirtied 1.10 MB @ offset 18 MB (Integrity: OK)
[LM] Number of dirty cards transmitted: 344686
[LM] Pre-copy Iteration 37: Sent 176479232 bytes.
[WASM] Iteration 7300 | Dirtied 1.10 MB @ offset 128 MB (Integrity: OK)
[LM] Number of dirty cards transmitted: 335673
[LM] Pre-copy Iteration 38: Sent 171864576 bytes.
[WASM] Iteration 7400 | Dirtied 1.10 MB @ offset 238 MB (Integrity: OK)
[LM] Number of dirty cards transmitted: 324409
[LM] Pre-copy Iteration 39: Sent 166097408 bytes.
[WASM] Iteration 7500 | Dirtied 1.10 MB @ offset 93 MB (Integrity: OK)
[WASM] Iteration 7600 | Dirtied 1.10 MB @ offset 203 MB (Integrity: OK)
[LM] Number of dirty cards transmitted: 317654
[LM] Pre-copy Iteration 40: Sent 162638848 bytes.
[WASM] Iteration 7700 | Dirtied 1.10 MB @ offset 58 MB (Integrity: OK)
[LM] Number of dirty cards transmitted: 308639
[LM] Pre-copy Iteration 41: Sent 158023168 bytes.
[WASM] Iteration 7800 | Dirtied 1.10 MB @ offset 168 MB (Integrity: OK)
[LM] Number of dirty cards transmitted: 299629
[LM] Pre-copy Iteration 42: Sent 153410048 bytes.
[WASM] Iteration 7900 | Dirtied 1.10 MB @ offset 23 MB (Integrity: OK)
[WASM] Iteration 8000 | Dirtied 1.10 MB @ offset 133 MB (Integrity: OK)
[LM] Number of dirty cards transmitted: 290619
[LM] Pre-copy Iteration 43: Sent 148796928 bytes.
[WASM] Iteration 8100 | Dirtied 1.10 MB @ offset 243 MB (Integrity: OK)
[LM] Number of dirty cards transmitted: 283859
[LM] Pre-copy Iteration 44: Sent 145335808 bytes.
[WASM] Iteration 8200 | Dirtied 1.10 MB @ offset 98 MB (Integrity: OK)
[LM] Number of dirty cards transmitted: 274849
[LM] Pre-copy Iteration 45: Sent 140722688 bytes.
[WASM] Iteration 8300 | Dirtied 1.10 MB @ offset 208 MB (Integrity: OK)
[LM] Number of dirty cards transmitted: 268089
[LM] Pre-copy Iteration 46: Sent 137261568 bytes.
[WASM] Iteration 8400 | Dirtied 1.10 MB @ offset 63 MB (Integrity: OK)
[LM] Number of dirty cards transmitted: 261333
[LM] Pre-copy Iteration 47: Sent 133802496 bytes.
[WASM] Iteration 8500 | Dirtied 1.10 MB @ offset 173 MB (Integrity: OK)
[WASM] Iteration 8600 | Dirtied 1.10 MB @ offset 28 MB (Integrity: OK)
[LM] Number of dirty cards transmitted: 252319
[LM] Pre-copy Iteration 48: Sent 129187328 bytes.
[WASM] Iteration 8700 | Dirtied 1.10 MB @ offset 138 MB (Integrity: OK)
[LM] Number of dirty cards transmitted: 247817
[LM] Pre-copy Iteration 49: Sent 126882304 bytes.
[WASM] Iteration 8800 | Dirtied 1.10 MB @ offset 248 MB (Integrity: OK)
[LM] Number of dirty cards transmitted: 241055
[LM] Pre-copy Iteration 50: Sent 123420160 bytes.
[WASM] Iteration 8900 | Dirtied 1.10 MB @ offset 103 MB (Integrity: OK)
[LM] Number of dirty cards transmitted: 236552
[LM] Pre-copy Iteration 51: Sent 121114624 bytes.
[WASM] Iteration 9000 | Dirtied 1.10 MB @ offset 213 MB (Integrity: OK)
[LM] Number of dirty cards transmitted: 227540
[LM] Pre-copy Iteration 52: Sent 116500480 bytes.
[WASM] Iteration 9100 | Dirtied 1.10 MB @ offset 68 MB (Integrity: OK)
[LM] Number of dirty cards transmitted: 220780
[LM] Pre-copy Iteration 53: Sent 113039360 bytes.
[WASM] Iteration 9200 | Dirtied 1.10 MB @ offset 178 MB (Integrity: OK)
[LM] Number of dirty cards transmitted: 216276
[LM] Pre-copy Iteration 54: Sent 110733312 bytes.
[LM] Number of dirty cards transmitted: 211769
[LM] Pre-copy Iteration 55: Sent 108425728 bytes.
[WASM] Iteration 9300 | Dirtied 1.10 MB @ offset 33 MB (Integrity: OK)
[LM] Number of dirty cards transmitted: 205011
[LM] Pre-copy Iteration 56: Sent 104965632 bytes.
[WASM] Iteration 9400 | Dirtied 1.10 MB @ offset 143 MB (Integrity: OK)
[LM] Number of dirty cards transmitted: 198253
[LM] Pre-copy Iteration 57: Sent 101505536 bytes.
[WASM] Iteration 9500 | Dirtied 1.10 MB @ offset 253 MB (Integrity: OK)
[LM] Number of dirty cards transmitted: 193747
[LM] Pre-copy Iteration 58: Sent 99198464 bytes.
[WASM] Iteration 9600 | Dirtied 1.10 MB @ offset 109 MB (Integrity: OK)
[LM] Number of dirty cards transmitted: 189243
[LM] Pre-copy Iteration 59: Sent 96892416 bytes.
[WASM] Iteration 9700 | Dirtied 1.10 MB @ offset 219 MB (Integrity: OK)
[LM] Number of dirty cards transmitted: 184735
[LM] Pre-copy Iteration 60: Sent 94584320 bytes.
[LM] Number of dirty cards transmitted: 177978
[LM] Pre-copy Iteration 61: Sent 91124736 bytes.
[WASM] Iteration 9800 | Dirtied 1.10 MB @ offset 74 MB (Integrity: OK)
[LM] Number of dirty cards transmitted: 171219
[LM] Pre-copy Iteration 62: Sent 87664128 bytes.
[WASM] Iteration 9900 | Dirtied 1.10 MB @ offset 184 MB (Integrity: OK)
[LM] Number of dirty cards transmitted: 168966
[LM] Pre-copy Iteration 63: Sent 86510592 bytes.
[WASM] Iteration 10000 | Dirtied 1.10 MB @ offset 39 MB (Integrity: OK)
[LM] Number of dirty cards transmitted: 164461
[LM] Pre-copy Iteration 64: Sent 84204032 bytes.
[LM] Number of dirty cards transmitted: 157705
[LM] Pre-copy Iteration 65: Sent 80744960 bytes.
[WASM] Iteration 10100 | Dirtied 1.10 MB @ offset 149 MB (Integrity: OK)
[LM] Number of dirty cards transmitted: 153195
[LM] Pre-copy Iteration 66: Sent 78435840 bytes.
[WASM] Iteration 10200 | Dirtied 1.10 MB @ offset 4 MB (Integrity: OK)
[LM] Number of dirty cards transmitted: 148691
[LM] Pre-copy Iteration 67: Sent 76129792 bytes.
[LM] Number of dirty cards transmitted: 144187
[LM] Pre-copy Iteration 68: Sent 73823744 bytes.
[WASM] Iteration 10300 | Dirtied 1.10 MB @ offset 114 MB (Integrity: OK)
[LM] Number of dirty cards transmitted: 141931
[LM] Pre-copy Iteration 69: Sent 72668672 bytes.
[LM] Number of dirty cards transmitted: 139680
[LM] Pre-copy Iteration 70: Sent 71516160 bytes.
[WASM] Iteration 10400 | Dirtied 1.10 MB @ offset 224 MB (Integrity: OK)
[LM] Number of dirty cards transmitted: 132920
[LM] Pre-copy Iteration 71: Sent 68055040 bytes.
[WASM] Iteration 10500 | Dirtied 1.10 MB @ offset 79 MB (Integrity: OK)
[LM] Number of dirty cards transmitted: 130670
[LM] Pre-copy Iteration 72: Sent 66903040 bytes.
[LM] Number of dirty cards transmitted: 126164
[LM] Pre-copy Iteration 73: Sent 64595968 bytes.
[WASM] Iteration 10600 | Dirtied 1.10 MB @ offset 189 MB (Integrity: OK)
[LM] Number of dirty cards transmitted: 123908
[LM] Pre-copy Iteration 74: Sent 63440896 bytes.
[LM] Number of dirty cards transmitted: 119405
[LM] Pre-copy Iteration 75: Sent 61135360 bytes.
[WASM] Iteration 10700 | Dirtied 1.10 MB @ offset 44 MB (Integrity: OK)
[LM] Number of dirty cards transmitted: 114899
[LM] Pre-copy Iteration 76: Sent 58828288 bytes.
[LM] Number of dirty cards transmitted: 112647
[LM] Pre-copy Iteration 77: Sent 57675264 bytes.
[WASM] Iteration 10800 | Dirtied 1.10 MB @ offset 154 MB (Integrity: OK)
[LM] Number of dirty cards transmitted: 110392
[LM] Pre-copy Iteration 78: Sent 56520704 bytes.
[LM] Number of dirty cards transmitted: 105887
[LM] Pre-copy Iteration 79: Sent 54214144 bytes.
[LM] Number of dirty cards transmitted: 103634
[LM] Pre-copy Iteration 80: Sent 53060608 bytes.
[WASM] Iteration 10900 | Dirtied 1.10 MB @ offset 9 MB (Integrity: OK)
[LM] Number of dirty cards transmitted: 99129
[LM] Pre-copy Iteration 81: Sent 50754048 bytes.
[LM] Number of dirty cards transmitted: 96877
[LM] Pre-copy Iteration 82: Sent 49601024 bytes.
[WASM] Iteration 11000 | Dirtied 1.10 MB @ offset 119 MB (Integrity: OK)
[LM] Number of dirty cards transmitted: 94623
[LM] Pre-copy Iteration 83: Sent 48446976 bytes.
[LM] Number of dirty cards transmitted: 90118
[LM] Pre-copy Iteration 84: Sent 46140416 bytes.
[WASM] Iteration 11100 | Dirtied 1.10 MB @ offset 229 MB (Integrity: OK)
[LM] Number of dirty cards transmitted: 90117
[LM] Pre-copy Iteration 85: Sent 46139904 bytes.
[LM] Number of dirty cards transmitted: 85613
[LM] Pre-copy Iteration 86: Sent 43833856 bytes.
[LM] Number of dirty cards transmitted: 83360
[LM] Pre-copy Iteration 87: Sent 42680320 bytes.
[WASM] Iteration 11200 | Dirtied 1.10 MB @ offset 84 MB (Integrity: OK)
[LM] Number of dirty cards transmitted: 81106
[LM] Pre-copy Iteration 88: Sent 41526272 bytes.
[LM] Number of dirty cards transmitted: 78855
[LM] Pre-copy Iteration 89: Sent 40373760 bytes.
[LM] Number of dirty cards transmitted: 78852
[LM] Pre-copy Iteration 90: Sent 40372224 bytes.
[WASM] Iteration 11300 | Dirtied 1.10 MB @ offset 194 MB (Integrity: OK)
[LM] Number of dirty cards transmitted: 76600
[LM] Pre-copy Iteration 91: Sent 39219200 bytes.
[LM] Number of dirty cards transmitted: 72097
[LM] Pre-copy Iteration 92: Sent 36913664 bytes.
[LM] Number of dirty cards transmitted: 83358
[LM] Pre-copy Iteration 93: Sent 42679296 bytes.
[WASM] Iteration 11400 | Dirtied 1.10 MB @ offset 49 MB (Integrity: OK)
[LM] Number of dirty cards transmitted: 94624
[LM] Pre-copy Iteration 94: Sent 48447488 bytes.
[LM] Number of dirty cards transmitted: 101383
[LM] Pre-copy Iteration 95: Sent 51908096 bytes.
[WASM] Iteration 11500 | Dirtied 1.10 MB @ offset 159 MB (Integrity: OK)
[LM] Number of dirty cards transmitted: 105885
[LM] Pre-copy Iteration 96: Sent 54213120 bytes.
