[LM] Starting migration server on port 8010 in background...
[LM] Server waiting for connection on port 8010...
[WASM] Options: Allocating 256 MB | Rate: 100 MB/s | Step: 10 ms (1.00 MB/iter)
[WASM] Writing initial test patterns to all 256 MB of pages...
[WASM] Memory initialized. Starting loop with 100 MB updates per second...
[WASM] Iteration 0 | Dirtied 1.00 MB @ offset 0 MB (Integrity: OK)
[WASM] Iteration 100 | Dirtied 1.00 MB @ offset 100 MB (Integrity: OK)
[WASM] Iteration 200 | Dirtied 1.00 MB @ offset 200 MB (Integrity: OK)
[WASM] Iteration 300 | Dirtied 1.00 MB @ offset 45 MB (Integrity: OK)
[WASM] Iteration 400 | Dirtied 1.00 MB @ offset 145 MB (Integrity: OK)
[LM] Client connected. Migration is initiated (1785680005276.293701 ms)...
[LM] Phase 1: Sending initial bulk memory (256 MB)...
[WASM] Iteration 500 | Dirtied 1.00 MB @ offset 245 MB (Integrity: OK)
[WASM] Iteration 600 | Dirtied 1.00 MB @ offset 90 MB (Integrity: OK)
[LM] Initial pre-copy of bulk memory completed. Took 2314.886719 ms
[LM] Phase 1.5: Starting incremental pre-copy...
[WASM] Iteration 700 | Dirtied 1.00 MB @ offset 190 MB (Integrity: OK)
[WASM] Iteration 800 | Dirtied 1.00 MB @ offset 35 MB (Integrity: OK)
[LM] Number of dirty cards transmitted: 464904
[LM] Pre-copy Iteration 1: Sent 238030848 bytes.
[WASM] Iteration 900 | Dirtied 1.00 MB @ offset 135 MB (Integrity: OK)
[WASM] Iteration 1000 | Dirtied 1.00 MB @ offset 235 MB (Integrity: OK)
[LM] Number of dirty cards transmitted: 409607
[LM] Pre-copy Iteration 2: Sent 209718784 bytes.
[WASM] Iteration 1100 | Dirtied 1.00 MB @ offset 80 MB (Integrity: OK)
[LM] Number of dirty cards transmitted: 360455
[LM] Pre-copy Iteration 3: Sent 184552960 bytes.
[WASM] Iteration 1200 | Dirtied 1.00 MB @ offset 180 MB (Integrity: OK)
[WASM] Iteration 1300 | Dirtied 1.00 MB @ offset 25 MB (Integrity: OK)
[LM] Number of dirty cards transmitted: 319495
[LM] Pre-copy Iteration 4: Sent 163581440 bytes.
[WASM] Iteration 1400 | Dirtied 1.00 MB @ offset 125 MB (Integrity: OK)
[LM] Number of dirty cards transmitted: 282632
[LM] Pre-copy Iteration 5: Sent 144707584 bytes.
[WASM] Iteration 1500 | Dirtied 1.00 MB @ offset 225 MB (Integrity: OK)
[LM] Number of dirty cards transmitted: 249863
[LM] Pre-copy Iteration 6: Sent 127929856 bytes.
[WASM] Iteration 1600 | Dirtied 1.00 MB @ offset 70 MB (Integrity: OK)
[LM] Number of dirty cards transmitted: 221192
[LM] Pre-copy Iteration 7: Sent 113250304 bytes.
[WASM] Iteration 1700 | Dirtied 1.00 MB @ offset 170 MB (Integrity: OK)
[LM] Number of dirty cards transmitted: 196616
[LM] Pre-copy Iteration 8: Sent 100667392 bytes.
[LM] Number of dirty cards transmitted: 174087
[LM] Pre-copy Iteration 9: Sent 89132544 bytes.
[WASM] Iteration 1800 | Dirtied 1.00 MB @ offset 15 MB (Integrity: OK)
[LM] Number of dirty cards transmitted: 153605
[LM] Pre-copy Iteration 10: Sent 78645760 bytes.
[WASM] Iteration 1900 | Dirtied 1.00 MB @ offset 115 MB (Integrity: OK)
[LM] Number of dirty cards transmitted: 137224
[LM] Pre-copy Iteration 11: Sent 70258688 bytes.
[LM] Number of dirty cards transmitted: 120839
[LM] Pre-copy Iteration 12: Sent 61869568 bytes.
[WASM] Iteration 2000 | Dirtied 1.00 MB @ offset 215 MB (Integrity: OK)
[LM] Number of dirty cards transmitted: 106501
[LM] Pre-copy Iteration 13: Sent 54528512 bytes.
[LM] Number of dirty cards transmitted: 94216
[LM] Pre-copy Iteration 14: Sent 48238592 bytes.
[LM] Number of dirty cards transmitted: 83973
[LM] Pre-copy Iteration 15: Sent 42994176 bytes.
[WASM] Iteration 2100 | Dirtied 1.00 MB @ offset 60 MB (Integrity: OK)
[LM] Number of dirty cards transmitted: 73733
[LM] Pre-copy Iteration 16: Sent 37751296 bytes.
[LM] Number of dirty cards transmitted: 63496
[LM] Pre-copy Iteration 17: Sent 32509952 bytes.
[LM] Number of dirty cards transmitted: 57349
[LM] Pre-copy Iteration 18: Sent 29362688 bytes.
[LM] Number of dirty cards transmitted: 51204
[LM] Pre-copy Iteration 19: Sent 26216448 bytes.
[WASM] Iteration 2200 | Dirtied 1.00 MB @ offset 160 MB (Integrity: OK)
[LM] Number of dirty cards transmitted: 47109
[LM] Pre-copy Iteration 20: Sent 24119808 bytes.
[LM] Number of dirty cards transmitted: 40968
[LM] Pre-copy Iteration 21: Sent 20975616 bytes.
[LM] Number of dirty cards transmitted: 34821
[LM] Pre-copy Iteration 22: Sent 17828352 bytes.
[LM] Number of dirty cards transmitted: 32773
[LM] Pre-copy Iteration 23: Sent 16779776 bytes.
[LM] Number of dirty cards transmitted: 26629
[LM] Pre-copy Iteration 24: Sent 13634048 bytes.
[LM] Number of dirty cards transmitted: 24581
[LM] Pre-copy Iteration 25: Sent 12585472 bytes.
[LM] Number of dirty cards transmitted: 20485
[LM] Pre-copy Iteration 26: Sent 10488320 bytes.
[WASM] Iteration 2300 | Dirtied 1.00 MB @ offset 5 MB (Integrity: OK)
[LM] Number of dirty cards transmitted: 20485
[LM] Pre-copy Iteration 27: Sent 10488320 bytes.
[LM] Number of dirty cards transmitted: 16392
[LM] Pre-copy Iteration 28: Sent 8392704 bytes.
[LM] Pre-copy threshold reached. Moving to final handover.
[LM] Incremental pre-copy completed. Took 17116.205811 ms
[LM] Bulk + Precopy duration 5329.370000 ms
[LM] Received 0xEOF_RECONSTRUCT, halting execution for final handover...
[LM/Checkpoint] Migration triggered! Dumping state...
[LM/Checkpoint] State synced to frame structures.
[LM] Phase 2: Sending final dirty pages and context...
[LM] Number of dirty cards transmitted: 20485
[LM] Send final dirty pages took 33.791000 ms
[LM] Checkpoint dirty state took 0.052000 ms
[LM/Checkpoint] Live migration completed at 1785680024812.849121 ms. Migration took 19536.555420 ms
[LM/Checkpoint] Took 33.984000 ms to checkpoint application
