[LM] Starting migration server on port 8010 in background...
[LM] Server waiting for connection on port 8010...
[WASM] Options: Allocating 256 MB | Rate: 70 MB/s | Step: 10 ms (0.70 MB/iter)
[WASM] Writing initial test patterns to all 256 MB of pages...
[WASM] Memory initialized. Starting loop with 70 MB updates per second...
[WASM] Iteration 0 | Dirtied 0.70 MB @ offset 0 MB (Integrity: OK)
[WASM] Iteration 100 | Dirtied 0.70 MB @ offset 69 MB (Integrity: OK)
[WASM] Iteration 200 | Dirtied 0.70 MB @ offset 139 MB (Integrity: OK)
[WASM] Iteration 300 | Dirtied 0.70 MB @ offset 209 MB (Integrity: OK)
[WASM] Iteration 400 | Dirtied 0.70 MB @ offset 24 MB (Integrity: OK)
[WASM] Iteration 500 | Dirtied 0.70 MB @ offset 94 MB (Integrity: OK)
[LM] Client connected. Migration is initiated (1785682397469.060303 ms)...
[LM] Phase 1: Sending initial bulk memory (256 MB)...
[WASM] Iteration 600 | Dirtied 0.70 MB @ offset 164 MB (Integrity: OK)
[WASM] Iteration 700 | Dirtied 0.70 MB @ offset 234 MB (Integrity: OK)
[LM] Initial pre-copy of bulk memory completed. Took 2306.043945 ms
[LM] Phase 1.5: Starting incremental pre-copy...
[WASM] Iteration 800 | Dirtied 0.70 MB @ offset 49 MB (Integrity: OK)
[LM] Number of dirty cards transmitted: 325434
[LM] Pre-copy Iteration 1: Sent 166622208 bytes.
[WASM] Iteration 900 | Dirtied 0.70 MB @ offset 119 MB (Integrity: OK)
[LM] Number of dirty cards transmitted: 202144
[LM] Pre-copy Iteration 2: Sent 103497728 bytes.
[WASM] Iteration 1000 | Dirtied 0.70 MB @ offset 189 MB (Integrity: OK)
[LM] Number of dirty cards transmitted: 126163
[LM] Pre-copy Iteration 3: Sent 64595456 bytes.
[LM] Number of dirty cards transmitted: 77422
[LM] Pre-copy Iteration 4: Sent 39640064 bytes.
[LM] Number of dirty cards transmitted: 50181
[LM] Pre-copy Iteration 5: Sent 25692672 bytes.
[LM] Number of dirty cards transmitted: 30110
[LM] Pre-copy Iteration 6: Sent 15416320 bytes.
[LM] Number of dirty cards transmitted: 18642
[LM] Pre-copy Iteration 7: Sent 9544704 bytes.
[LM] Pre-copy threshold reached. Moving to final handover.
[LM] Incremental pre-copy completed. Took 3665.666992 ms
[LM] Bulk + Precopy duration 1206.974000 ms
[LM] Received 0xEOF_RECONSTRUCT, halting execution for final handover...
[LM/Checkpoint] Migration triggered! Dumping state...
[LM/Checkpoint] State synced to frame structures.
[LM] Phase 2: Sending final dirty pages and context...
[LM] Number of dirty cards transmitted: 15774
[LM] Send final dirty pages took 24.939000 ms
[LM] Checkpoint dirty state took 0.092000 ms
[LM/Checkpoint] Live migration completed at 1785682403521.177002 ms. Migration took 6052.116699 ms
[LM/Checkpoint] Took 25.174000 ms to checkpoint application
