[LM] Starting migration server on port 8010 in background...
[LM] Server waiting for connection on port 8010...
[WASM] Options: Allocating 256 MB | Rate: 20 MB/s | Step: 10 ms (0.20 MB/iter)
[WASM] Writing initial test patterns to all 256 MB of pages...
[WASM] Memory initialized. Starting loop with 20 MB updates per second...
[WASM] Iteration 0 | Dirtied 0.20 MB @ offset 0 MB (Integrity: OK)
[WASM] Iteration 100 | Dirtied 0.20 MB @ offset 19 MB (Integrity: OK)
[WASM] Iteration 200 | Dirtied 0.20 MB @ offset 39 MB (Integrity: OK)
[WASM] Iteration 300 | Dirtied 0.20 MB @ offset 59 MB (Integrity: OK)
[WASM] Iteration 400 | Dirtied 0.20 MB @ offset 79 MB (Integrity: OK)
[WASM] Iteration 500 | Dirtied 0.20 MB @ offset 99 MB (Integrity: OK)
[WASM] Iteration 600 | Dirtied 0.20 MB @ offset 119 MB (Integrity: OK)
[LM] Client connected. Migration is initiated (1785681433847.341553 ms)...
[LM] Phase 1: Sending initial bulk memory (256 MB)...
[WASM] Iteration 700 | Dirtied 0.20 MB @ offset 139 MB (Integrity: OK)
[WASM] Iteration 800 | Dirtied 0.20 MB @ offset 159 MB (Integrity: OK)
[LM] Initial pre-copy of bulk memory completed. Took 2318.405273 ms
[LM] Phase 1.5: Starting incremental pre-copy...
[LM] Number of dirty cards transmitted: 94214
[LM] Pre-copy Iteration 1: Sent 48237568 bytes.
[LM] Number of dirty cards transmitted: 16389
[LM] Pre-copy Iteration 2: Sent 8391168 bytes.
[LM] Pre-copy threshold reached. Moving to final handover.
[LM] Incremental pre-copy completed. Took 486.197021 ms
[LM] Bulk + Precopy duration 248.056000 ms
[LM] Received 0xEOF_RECONSTRUCT, halting execution for final handover...
[LM/Checkpoint] Migration triggered! Dumping state...
[LM/Checkpoint] State synced to frame structures.
[LM] Phase 2: Sending final dirty pages and context...
[LM] Number of dirty cards transmitted: 4101
[LM] Send final dirty pages took 10.929000 ms
[LM] Checkpoint dirty state took 0.097000 ms
[LM/Checkpoint] Live migration completed at 1785681436692.025635 ms. Migration took 2844.684326 ms
[LM/Checkpoint] Took 11.185000 ms to checkpoint application
