[LM] Starting migration server on port 8010 in background...
[LM] Server waiting for connection on port 8010...
[WASM] Options: Allocating 256 MB | Rate: 60 MB/s | Step: 10 ms (0.60 MB/iter)
[WASM] Writing initial test patterns to all 256 MB of pages...
[WASM] Memory initialized. Starting loop with 60 MB updates per second...
[WASM] Iteration 0 | Dirtied 0.60 MB @ offset 0 MB (Integrity: OK)
[WASM] Iteration 100 | Dirtied 0.60 MB @ offset 59 MB (Integrity: OK)
[WASM] Iteration 200 | Dirtied 0.60 MB @ offset 119 MB (Integrity: OK)
[WASM] Iteration 300 | Dirtied 0.60 MB @ offset 179 MB (Integrity: OK)
[WASM] Iteration 400 | Dirtied 0.60 MB @ offset 239 MB (Integrity: OK)
[LM] Client connected. Migration is initiated (1785682161608.641113 ms)...
[LM] Phase 1: Sending initial bulk memory (256 MB)...
[WASM] Iteration 500 | Dirtied 0.60 MB @ offset 44 MB (Integrity: OK)
[WASM] Iteration 600 | Dirtied 0.60 MB @ offset 104 MB (Integrity: OK)
[LM] Initial pre-copy of bulk memory completed. Took 2317.794434 ms
[LM] Phase 1.5: Starting incremental pre-copy...
[WASM] Iteration 700 | Dirtied 0.60 MB @ offset 164 MB (Integrity: OK)
[LM] Number of dirty cards transmitted: 280174
[LM] Pre-copy Iteration 1: Sent 143449088 bytes.
[WASM] Iteration 800 | Dirtied 0.60 MB @ offset 224 MB (Integrity: OK)
[LM] Number of dirty cards transmitted: 148690
[LM] Pre-copy Iteration 2: Sent 76129280 bytes.
[LM] Number of dirty cards transmitted: 78650
[LM] Pre-copy Iteration 3: Sent 40268800 bytes.
[LM] Number of dirty cards transmitted: 43014
[LM] Pre-copy Iteration 4: Sent 22023168 bytes.
[LM] Number of dirty cards transmitted: 22123
[LM] Pre-copy Iteration 5: Sent 11326976 bytes.
[LM] Number of dirty cards transmitted: 12293
[LM] Pre-copy Iteration 6: Sent 6294016 bytes.
[LM] Pre-copy threshold reached. Moving to final handover.
[LM] Incremental pre-copy completed. Took 2569.370361 ms
[LM] Bulk + Precopy duration 881.521000 ms
[LM] Received 0xEOF_RECONSTRUCT, halting execution for final handover...
[LM/Checkpoint] Migration triggered! Dumping state...
[LM/Checkpoint] State synced to frame structures.
[LM] Phase 2: Sending final dirty pages and context...
[LM] Number of dirty cards transmitted: 9836
[LM] Send final dirty pages took 22.010000 ms
[LM] Checkpoint dirty state took 0.055000 ms
[LM/Checkpoint] Live migration completed at 1785682166559.394531 ms. Migration took 4950.753662 ms
[LM/Checkpoint] Took 22.213000 ms to checkpoint application
