[LM] Connecting to migration server 192.168.10.11:8010...
[LM Client] Receiving pre-copy chunk...
[LM Client] Receiving pre-copy chunk...
[LM Client] Receiving pre-copy chunk...
[LM Client] Receiving pre-copy chunk...
[LM Client] Receiving pre-copy chunk...
[LM Client] Receiving pre-copy chunk...
[LM Client] Receiving pre-copy chunk...
[LM Client] Receiving pre-copy chunk...
[LM Client] Receiving pre-copy chunk...
[LM Client] Receiving pre-copy chunk...
[LM Client] Receiving pre-copy chunk...
[LM Client] Receiving pre-copy chunk...
[LM Client] Receiving pre-copy chunk...
[LM Client] Receiving pre-copy chunk...
[LM Client] Receiving pre-copy chunk...
[LM Client] Pre-copy complete. Proceeding to final handover.
Frame - IP: 14, function_index: 27, func: 0x5555ee3ca400
  frame->ip: 0x7fff743f31f8
END

Frame - IP: 317, function_index: 17, func: 0x5555ee3ca220
  frame->ip: 0x7fff743f3003
END

Frame - IP: 75, function_index: 18, func: 0x5555ee3ca250
  frame->ip: 0x7fff743f3070
END

Frame - IP: 2891, function_index: 10, func: 0x5555ee3ca0d0
  frame->ip: 0x7fff743f0e87
END

Frame - IP: 114, function_index: 20, func: 0x5555ee3ca2b0
  frame->ip: 0x7fff743f3116
END

Frame - IP: 52, function_index: 9, func: 0x5555ee3ca0a0
  frame->ip: 0x7fff743f029b
END

[LM Client] Migration successfully completed.
[LM] State received and restored.
[LM] Starting migration server on port 8010 in background...
[LM] Re-entering interpreter loop...
[LM/Resume] exec_env=0x5555ee3cb1c0 cur_frame=0x5555ee3cc9a0 module_inst=0x5555ee3c9a80 function=0x5555ee3ca400 prev_frame=0x5555ee3cc894 ip=0x7fff743f31f8 (offset=14)
[LM/Resume] new function array base=0x5555ee3c9ef0 count=88
[LM/Resume] Took 0.008000 ms to restore application
[LM/Restore] Live migration restored at 1785682932441.418945 ms
[LM] Server waiting for connection on port 8010...
[WASM] Iteration 1500 | Dirtied 0.90 MB @ offset 74 MB (Integrity: OK)
[WASM] Iteration 1600 | Dirtied 0.90 MB @ offset 164 MB (Integrity: OK)
[WASM] Iteration 1700 | Dirtied 0.90 MB @ offset 254 MB (Integrity: OK)
[WASM] Iteration 1800 | Dirtied 0.90 MB @ offset 89 MB (Integrity: OK)
[WASM] Iteration 1900 | Dirtied 0.90 MB @ offset 179 MB (Integrity: OK)
[WASM] Iteration 2000 | Dirtied 0.90 MB @ offset 14 MB (Integrity: OK)
[WASM] Iteration 2100 | Dirtied 0.90 MB @ offset 104 MB (Integrity: OK)
[WASM] Iteration 2200 | Dirtied 0.90 MB @ offset 194 MB (Integrity: OK)
[WASM] Iteration 2300 | Dirtied 0.90 MB @ offset 29 MB (Integrity: OK)
[WASM] Iteration 2400 | Dirtied 0.90 MB @ offset 119 MB (Integrity: OK)
[WASM] Iteration 2500 | Dirtied 0.90 MB @ offset 209 MB (Integrity: OK)
[WASM] Iteration 2600 | Dirtied 0.90 MB @ offset 44 MB (Integrity: OK)
[WASM] Iteration 2700 | Dirtied 0.90 MB @ offset 134 MB (Integrity: OK)
[WASM] Iteration 2800 | Dirtied 0.90 MB @ offset 224 MB (Integrity: OK)
[WASM] Iteration 2900 | Dirtied 0.90 MB @ offset 58 MB (Integrity: OK)
[WASM] Iteration 3000 | Dirtied 0.90 MB @ offset 148 MB (Integrity: OK)
[WASM] Iteration 3100 | Dirtied 0.90 MB @ offset 238 MB (Integrity: OK)
[WASM] Iteration 3200 | Dirtied 0.90 MB @ offset 73 MB (Integrity: OK)
[WASM] Iteration 3300 | Dirtied 0.90 MB @ offset 163 MB (Integrity: OK)
[WASM] Iteration 3400 | Dirtied 0.90 MB @ offset 253 MB (Integrity: OK)
[WASM] Iteration 3500 | Dirtied 0.90 MB @ offset 88 MB (Integrity: OK)
[WASM] Iteration 3600 | Dirtied 0.90 MB @ offset 178 MB (Integrity: OK)
[WASM] Iteration 3700 | Dirtied 0.90 MB @ offset 13 MB (Integrity: OK)
[WASM] Iteration 3800 | Dirtied 0.90 MB @ offset 103 MB (Integrity: OK)
[WASM] Iteration 3900 | Dirtied 0.90 MB @ offset 193 MB (Integrity: OK)
[WASM] Iteration 4000 | Dirtied 0.90 MB @ offset 28 MB (Integrity: OK)
[WASM] Iteration 4100 | Dirtied 0.90 MB @ offset 118 MB (Integrity: OK)
[WASM] Iteration 4200 | Dirtied 0.90 MB @ offset 208 MB (Integrity: OK)
[WASM] Iteration 4300 | Dirtied 0.90 MB @ offset 43 MB (Integrity: OK)
[WASM] Iteration 4400 | Dirtied 0.90 MB @ offset 133 MB (Integrity: OK)
[WASM] Iteration 4500 | Dirtied 0.90 MB @ offset 223 MB (Integrity: OK)
[WASM] Iteration 4600 | Dirtied 0.90 MB @ offset 58 MB (Integrity: OK)
[WASM] Iteration 4700 | Dirtied 0.90 MB @ offset 148 MB (Integrity: OK)
[WASM] Iteration 4800 | Dirtied 0.90 MB @ offset 238 MB (Integrity: OK)
[WASM] Iteration 4900 | Dirtied 0.90 MB @ offset 73 MB (Integrity: OK)
[WASM] Iteration 5000 | Dirtied 0.90 MB @ offset 163 MB (Integrity: OK)
[WASM] Iteration 5100 | Dirtied 0.90 MB @ offset 253 MB (Integrity: OK)
[WASM] Iteration 5200 | Dirtied 0.90 MB @ offset 88 MB (Integrity: OK)
[WASM] Iteration 5300 | Dirtied 0.90 MB @ offset 178 MB (Integrity: OK)
[WASM] Iteration 5400 | Dirtied 0.90 MB @ offset 13 MB (Integrity: OK)
[WASM] Iteration 5500 | Dirtied 0.90 MB @ offset 103 MB (Integrity: OK)
[WASM] Iteration 5600 | Dirtied 0.90 MB @ offset 193 MB (Integrity: OK)
[WASM] Iteration 5700 | Dirtied 0.90 MB @ offset 27 MB (Integrity: OK)
[WASM] Iteration 5800 | Dirtied 0.90 MB @ offset 117 MB (Integrity: OK)
[WASM] Iteration 5900 | Dirtied 0.90 MB @ offset 207 MB (Integrity: OK)
[WASM] Iteration 6000 | Dirtied 0.90 MB @ offset 42 MB (Integrity: OK)
[WASM] Iteration 6100 | Dirtied 0.90 MB @ offset 132 MB (Integrity: OK)
[WASM] Iteration 6200 | Dirtied 0.90 MB @ offset 222 MB (Integrity: OK)
[WASM] Iteration 6300 | Dirtied 0.90 MB @ offset 57 MB (Integrity: OK)
[WASM] Iteration 6400 | Dirtied 0.90 MB @ offset 147 MB (Integrity: OK)
[WASM] Iteration 6500 | Dirtied 0.90 MB @ offset 237 MB (Integrity: OK)
[WASM] Iteration 6600 | Dirtied 0.90 MB @ offset 72 MB (Integrity: OK)
[WASM] Iteration 6700 | Dirtied 0.90 MB @ offset 162 MB (Integrity: OK)
[WASM] Iteration 6800 | Dirtied 0.90 MB @ offset 252 MB (Integrity: OK)
[WASM] Iteration 6900 | Dirtied 0.90 MB @ offset 87 MB (Integrity: OK)
[WASM] Iteration 7000 | Dirtied 0.90 MB @ offset 177 MB (Integrity: OK)
[WASM] Iteration 7100 | Dirtied 0.90 MB @ offset 12 MB (Integrity: OK)
[WASM] Iteration 7200 | Dirtied 0.90 MB @ offset 102 MB (Integrity: OK)
[WASM] Iteration 7300 | Dirtied 0.90 MB @ offset 192 MB (Integrity: OK)
[WASM] Iteration 7400 | Dirtied 0.90 MB @ offset 27 MB (Integrity: OK)
[WASM] Iteration 7500 | Dirtied 0.90 MB @ offset 117 MB (Integrity: OK)
[WASM] Iteration 7600 | Dirtied 0.90 MB @ offset 207 MB (Integrity: OK)
[WASM] Iteration 7700 | Dirtied 0.90 MB @ offset 42 MB (Integrity: OK)
[WASM] Iteration 7800 | Dirtied 0.90 MB @ offset 132 MB (Integrity: OK)
[WASM] Iteration 7900 | Dirtied 0.90 MB @ offset 222 MB (Integrity: OK)
[WASM] Iteration 8000 | Dirtied 0.90 MB @ offset 57 MB (Integrity: OK)
[WASM] Iteration 8100 | Dirtied 0.90 MB @ offset 147 MB (Integrity: OK)
[WASM] Iteration 8200 | Dirtied 0.90 MB @ offset 237 MB (Integrity: OK)
[WASM] Iteration 8300 | Dirtied 0.90 MB @ offset 72 MB (Integrity: OK)
[WASM] Iteration 8400 | Dirtied 0.90 MB @ offset 162 MB (Integrity: OK)
[WASM] Iteration 8500 | Dirtied 0.90 MB @ offset 252 MB (Integrity: OK)
[WASM] Iteration 8600 | Dirtied 0.90 MB @ offset 86 MB (Integrity: OK)
[WASM] Iteration 8700 | Dirtied 0.90 MB @ offset 176 MB (Integrity: OK)
[WASM] Iteration 8800 | Dirtied 0.90 MB @ offset 11 MB (Integrity: OK)
[WASM] Iteration 8900 | Dirtied 0.90 MB @ offset 101 MB (Integrity: OK)
[WASM] Iteration 9000 | Dirtied 0.90 MB @ offset 191 MB (Integrity: OK)
[WASM] Iteration 9100 | Dirtied 0.90 MB @ offset 26 MB (Integrity: OK)
[WASM] Iteration 9200 | Dirtied 0.90 MB @ offset 116 MB (Integrity: OK)
[WASM] Iteration 9300 | Dirtied 0.90 MB @ offset 206 MB (Integrity: OK)
[WASM] Iteration 9400 | Dirtied 0.90 MB @ offset 41 MB (Integrity: OK)
[WASM] Iteration 9500 | Dirtied 0.90 MB @ offset 131 MB (Integrity: OK)
