[LM] Starting migration server on port 8010 in background...
[LM] Server waiting for connection on port 8010...
[WASM] Options: Allocating 256 MB | Rate: 90 MB/s | Step: 10 ms (0.90 MB/iter)
[WASM] Writing initial test patterns to all 256 MB of pages...
[WASM] Memory initialized. Starting loop with 90 MB updates per second...
[WASM] Iteration 0 | Dirtied 0.90 MB @ offset 0 MB (Integrity: OK)
[WASM] Iteration 100 | Dirtied 0.90 MB @ offset 89 MB (Integrity: OK)
[WASM] Iteration 200 | Dirtied 0.90 MB @ offset 179 MB (Integrity: OK)
[WASM] Iteration 300 | Dirtied 0.90 MB @ offset 14 MB (Integrity: OK)
[WASM] Iteration 400 | Dirtied 0.90 MB @ offset 104 MB (Integrity: OK)
[LM] Client connected. Migration is initiated (1785682921268.066406 ms)...
[LM] Phase 1: Sending initial bulk memory (256 MB)...
[WASM] Iteration 500 | Dirtied 0.90 MB @ offset 194 MB (Integrity: OK)
[WASM] Iteration 600 | Dirtied 0.90 MB @ offset 29 MB (Integrity: OK)
[LM] Initial pre-copy of bulk memory completed. Took 2314.212646 ms
[LM] Phase 1.5: Starting incremental pre-copy...
[WASM] Iteration 700 | Dirtied 0.90 MB @ offset 119 MB (Integrity: OK)
[WASM] Iteration 800 | Dirtied 0.90 MB @ offset 209 MB (Integrity: OK)
[LM] Number of dirty cards transmitted: 418413
[LM] Pre-copy Iteration 1: Sent 214227456 bytes.
[WASM] Iteration 900 | Dirtied 0.90 MB @ offset 44 MB (Integrity: OK)
[LM] Number of dirty cards transmitted: 331782
[LM] Pre-copy Iteration 2: Sent 169872384 bytes.
[WASM] Iteration 1000 | Dirtied 0.90 MB @ offset 134 MB (Integrity: OK)
[LM] Number of dirty cards transmitted: 263586
[LM] Pre-copy Iteration 3: Sent 134956032 bytes.
[WASM] Iteration 1100 | Dirtied 0.90 MB @ offset 224 MB (Integrity: OK)
[LM] Number of dirty cards transmitted: 211974
[LM] Pre-copy Iteration 4: Sent 108530688 bytes.
[WASM] Iteration 1200 | Dirtied 0.90 MB @ offset 59 MB (Integrity: OK)
[LM] Number of dirty cards transmitted: 167739
[LM] Pre-copy Iteration 5: Sent 85882368 bytes.
[LM] Number of dirty cards transmitted: 132717
[LM] Pre-copy Iteration 6: Sent 67951104 bytes.
[WASM] Iteration 1300 | Dirtied 0.90 MB @ offset 149 MB (Integrity: OK)
[LM] Number of dirty cards transmitted: 108753
[LM] Pre-copy Iteration 7: Sent 55681536 bytes.
[LM] Number of dirty cards transmitted: 84794
[LM] Pre-copy Iteration 8: Sent 43414528 bytes.
[WASM] Iteration 1400 | Dirtied 0.90 MB @ offset 239 MB (Integrity: OK)
[LM] Number of dirty cards transmitted: 68204
[LM] Pre-copy Iteration 9: Sent 34920448 bytes.
[LM] Number of dirty cards transmitted: 55303
[LM] Pre-copy Iteration 10: Sent 28315136 bytes.
[LM] Number of dirty cards transmitted: 44243
[LM] Pre-copy Iteration 11: Sent 22652416 bytes.
[LM] Number of dirty cards transmitted: 33182
[LM] Pre-copy Iteration 12: Sent 16989184 bytes.
[LM] Number of dirty cards transmitted: 25810
[LM] Pre-copy Iteration 13: Sent 13214720 bytes.
[LM] Number of dirty cards transmitted: 22124
[LM] Pre-copy Iteration 14: Sent 11327488 bytes.
[LM] Number of dirty cards transmitted: 14750
[LM] Pre-copy Iteration 15: Sent 7552000 bytes.
[LM] Pre-copy threshold reached. Moving to final handover.
[LM] Incremental pre-copy completed. Took 8734.045654 ms
[LM] Bulk + Precopy duration 2754.774000 ms
[LM] Received 0xEOF_RECONSTRUCT, halting execution for final handover...
[LM/Checkpoint] Migration triggered! Dumping state...
[LM/Checkpoint] State synced to frame structures.
[LM] Phase 2: Sending final dirty pages and context...
[LM] Number of dirty cards transmitted: 16594
[LM] Send final dirty pages took 29.245000 ms
[LM] Checkpoint dirty state took 0.057000 ms
[LM/Checkpoint] Live migration completed at 1785682932401.829834 ms. Migration took 11133.763428 ms
[LM/Checkpoint] Took 29.328000 ms to checkpoint application
