[LM] Starting migration server on port 8010 in background...
[LM] Server waiting for connection on port 8010...
[WASM] Options: Allocating 256 MB | Rate: 80 MB/s | Step: 10 ms (0.80 MB/iter)
[WASM] Writing initial test patterns to all 256 MB of pages...
[WASM] Memory initialized. Starting loop with 80 MB updates per second...
[WASM] Iteration 0 | Dirtied 0.80 MB @ offset 0 MB (Integrity: OK)
[WASM] Iteration 100 | Dirtied 0.80 MB @ offset 79 MB (Integrity: OK)
[WASM] Iteration 200 | Dirtied 0.80 MB @ offset 159 MB (Integrity: OK)
[WASM] Iteration 300 | Dirtied 0.80 MB @ offset 239 MB (Integrity: OK)
[WASM] Iteration 400 | Dirtied 0.80 MB @ offset 64 MB (Integrity: OK)
[WASM] Iteration 500 | Dirtied 0.80 MB @ offset 144 MB (Integrity: OK)
[LM] Client connected. Migration is initiated (1785682651847.253418 ms)...
[LM] Phase 1: Sending initial bulk memory (256 MB)...
[WASM] Iteration 600 | Dirtied 0.80 MB @ offset 224 MB (Integrity: OK)
[WASM] Iteration 700 | Dirtied 0.80 MB @ offset 49 MB (Integrity: OK)
[LM] Initial pre-copy of bulk memory completed. Took 2315.763916 ms
[LM] Phase 1.5: Starting incremental pre-copy...
[WASM] Iteration 800 | Dirtied 0.80 MB @ offset 129 MB (Integrity: OK)
[LM] Number of dirty cards transmitted: 373563
[LM] Pre-copy Iteration 1: Sent 191264256 bytes.
[WASM] Iteration 900 | Dirtied 0.80 MB @ offset 209 MB (Integrity: OK)
[WASM] Iteration 1000 | Dirtied 0.80 MB @ offset 34 MB (Integrity: OK)
[LM] Number of dirty cards transmitted: 265427
[LM] Pre-copy Iteration 2: Sent 135898624 bytes.
[LM] Number of dirty cards transmitted: 186784
[LM] Pre-copy Iteration 3: Sent 95633408 bytes.
[WASM] Iteration 1100 | Dirtied 0.80 MB @ offset 114 MB (Integrity: OK)
[LM] Number of dirty cards transmitted: 132716
[LM] Pre-copy Iteration 4: Sent 67950592 bytes.
[LM] Number of dirty cards transmitted: 95033
[LM] Pre-copy Iteration 5: Sent 48656896 bytes.
[WASM] Iteration 1200 | Dirtied 0.80 MB @ offset 194 MB (Integrity: OK)
[LM] Number of dirty cards transmitted: 67179
[LM] Pre-copy Iteration 6: Sent 34395648 bytes.
[LM] Number of dirty cards transmitted: 47521
[LM] Pre-copy Iteration 7: Sent 24330752 bytes.
[LM] Number of dirty cards transmitted: 34411
[LM] Pre-copy Iteration 8: Sent 17618432 bytes.
[LM] Number of dirty cards transmitted: 24581
[LM] Pre-copy Iteration 9: Sent 12585472 bytes.
[LM] Number of dirty cards transmitted: 16389
[LM] Pre-copy Iteration 10: Sent 8391168 bytes.
[LM] Pre-copy threshold reached. Moving to final handover.
[LM] Incremental pre-copy completed. Took 5485.950195 ms
[LM] Bulk + Precopy duration 1763.314000 ms
[LM] Received 0xEOF_RECONSTRUCT, halting execution for final handover...
[LM/Checkpoint] Migration triggered! Dumping state...
[LM/Checkpoint] State synced to frame structures.
[LM] Phase 2: Sending final dirty pages and context...
[LM] Number of dirty cards transmitted: 18027
[LM] Send final dirty pages took 28.370000 ms
[LM] Checkpoint dirty state took 0.089000 ms
[LM/Checkpoint] Live migration completed at 1785682659739.929443 ms. Migration took 7892.676025 ms
[LM/Checkpoint] Took 28.595000 ms to checkpoint application
